Copyright 1986-2022 Xilinx, Inc. All Rights Reserved. Copyright 2022-2023 Advanced Micro Devices, Inc. All Rights Reserved.
---------------------------------------------------------------------------------------------------------------------------------------------
| Tool Version : Vivado v.2023.1 (win64) Build 3865809 Sun May  7 15:05:29 MDT 2023
| Date         : Tue Feb 25 13:27:22 2025
| Host         : EEE-R343-01 running 64-bit major release  (build 9200)
| Command      : upgrade_ip
| Device       : xczu28dr-ffvg1517-2-e
---------------------------------------------------------------------------------------------------------------------------------------------

Upgrade Log for IP 'work_pls_zynq_ultra_ps_e_0_0'

1. Summary
----------

SUCCESS in the upgrade of work_pls_zynq_ultra_ps_e_0_0 (xilinx.com:ip:zynq_ultra_ps_e:3.5) from (Rev. 3)

2. Upgrade messages
-------------------

Set parameter PSU__GPIO_EMIO__PERIPHERAL__IO to value 95 (source 'default')
WARNING: upgrade cannot add parameter PSU__USE__USB3_0_HUB with default value 0 : a parameter called PSU__USE__USB3_0_HUB already exists in zynq_ultra_ps_e_v3_5
WARNING: upgrade cannot add parameter PSU__USE__USB3_1_HUB with default value 0 : a parameter called PSU__USE__USB3_1_HUB already exists in zynq_ultra_ps_e_v3_5
Set parameter PSU__PROTECTION__FPD_SEGMENTS to value SA:0xFD1A0000; SIZE:1280; UNIT:KB; RegionTZ:Secure; WrAllowed:Read/Write; subsystemId:PMU Firmware |  SA:0xFD000000; SIZE:64; UNIT:KB; RegionTZ:Secure; WrAllowed:Read/Write; subsystemId:PMU Firmware |  SA:0xFD010000; SIZE:64; UNIT:KB; RegionTZ:Secure; WrAllowed:Read/Write; subsystemId:PMU Firmware |  SA:0xFD020000; SIZE:64; UNIT:KB; RegionTZ:Secure; WrAllowed:Read/Write; subsystemId:PMU Firmware |  SA:0xFD030000; SIZE:64; UNIT:KB; RegionTZ:Secure; WrAllowed:Read/Write; subsystemId:PMU Firmware |  SA:0xFD040000; SIZE:64; UNIT:KB; RegionTZ:Secure; WrAllowed:Read/Write; subsystemId:PMU Firmware |  SA:0xFD050000; SIZE:64; UNIT:KB; RegionTZ:Secure; WrAllowed:Read/Write; subsystemId:PMU Firmware |  SA:0xFD610000; SIZE:512; UNIT:KB; RegionTZ:Secure; WrAllowed:Read/Write; subsystemId:PMU Firmware |  SA:0xFD5D0000; SIZE:64; UNIT:KB; RegionTZ:Secure; WrAllowed:Read/Write; subsystemId:PMU Firmware | SA:0xFD1A0000 ; SIZE:1280; UNIT:KB; RegionTZ:Secure ; WrAllowed:Read/Write; subsystemId:Secure Subsystem (source 'default')






Copyright 1986-2022 Xilinx, Inc. All Rights Reserved. Copyright 2022-2023 Advanced Micro Devices, Inc. All Rights Reserved.
---------------------------------------------------------------------------------------------------------------------------------------------
| Tool Version : Vivado v.2023.1 (win64) Build 3865809 Sun May  7 15:05:29 MDT 2023
| Date         : Tue Feb 25 13:27:22 2025
| Host         : EEE-R343-01 running 64-bit major release  (build 9200)
| Command      : upgrade_ip
| Device       : xczu28dr-ffvg1517-2-e
---------------------------------------------------------------------------------------------------------------------------------------------

Upgrade Log for IP 'work_pls_xlconstant_0_0'

1. Summary
----------

SUCCESS in the upgrade of work_pls_xlconstant_0_0 (xilinx.com:ip:xlconstant:1.1) from (Rev. 9) to (Rev. 7)






Copyright 1986-2022 Xilinx, Inc. All Rights Reserved. Copyright 2022-2023 Advanced Micro Devices, Inc. All Rights Reserved.
---------------------------------------------------------------------------------------------------------------------------------------------
| Tool Version : Vivado v.2023.1 (win64) Build 3865809 Sun May  7 15:05:29 MDT 2023
| Date         : Tue Feb 25 13:27:22 2025
| Host         : EEE-R343-01 running 64-bit major release  (build 9200)
| Command      : upgrade_ip
| Device       : xczu28dr-ffvg1517-2-e
---------------------------------------------------------------------------------------------------------------------------------------------

Upgrade Log for IP 'work_pls_usp_rf_data_converter_0_0'

1. Summary
----------

CAUTION (success, with warnings) in the upgrade of work_pls_usp_rf_data_converter_0_0 (xilinx.com:ip:usp_rf_data_converter:2.6) from (Rev. 9) to (Rev. 6)

After upgrade, an IP may have parameter differences compared to the original customization. Please review the parameters within the IP customization GUI to ensure proper functionality.

2. Customization warnings
-------------------------

Parameter 'SCD_SG_minus2' is no longer present on the upgraded IP 'work_pls_usp_rf_data_converter_0_0', and cannot be set to 'false'


3. Debug Commands
-----------------

  The following debug information can be passed to Vivado as Tcl commands,
in order to validate or debug the output of the upgrade flow.
  You may consult any warnings from within this upgrade, and alter or remove
the configuration parameter(s) which caused the warning; then execute the Tcl
commands, and use the IP Customization GUI to verify the IP configuration.

create_ip -vlnv xilinx.com:ip:usp_rf_data_converter:2.6 -user_name work_pls_usp_rf_data_converter_0_0
set_property -dict "\
  CONFIG.ADC0_Band {0} \
  CONFIG.ADC0_Clock_Dist {0} \
  CONFIG.ADC0_Clock_Source {0} \
  CONFIG.ADC0_Clock_Source_MX {0} \
  CONFIG.ADC0_Enable {1} \
  CONFIG.ADC0_Fabric_Freq {256.000} \
  CONFIG.ADC0_Link_Coupling {0} \
  CONFIG.ADC0_Multi_Tile_Sync {false} \
  CONFIG.ADC0_OBS_Fabric_Freq {0.0} \
  CONFIG.ADC0_Outclk_Freq {32.000} \
  CONFIG.ADC0_PLL_Enable {true} \
  CONFIG.ADC0_Refclk_Div {1} \
  CONFIG.ADC0_Refclk_Freq {208.271} \
  CONFIG.ADC0_Sampling_Rate {4.096} \
  CONFIG.ADC1_Band {0} \
  CONFIG.ADC1_Clock_Dist {0} \
  CONFIG.ADC1_Clock_Source {1} \
  CONFIG.ADC1_Clock_Source_MX {1} \
  CONFIG.ADC1_Enable {0} \
  CONFIG.ADC1_Fabric_Freq {0.0} \
  CONFIG.ADC1_Link_Coupling {0} \
  CONFIG.ADC1_Multi_Tile_Sync {false} \
  CONFIG.ADC1_OBS_Fabric_Freq {0.0} \
  CONFIG.ADC1_Outclk_Freq {15.625} \
  CONFIG.ADC1_PLL_Enable {false} \
  CONFIG.ADC1_Refclk_Div {1} \
  CONFIG.ADC1_Refclk_Freq {2000.000} \
  CONFIG.ADC1_Sampling_Rate {2.0} \
  CONFIG.ADC224_En {false} \
  CONFIG.ADC225_En {false} \
  CONFIG.ADC226_En {false} \
  CONFIG.ADC227_En {false} \
  CONFIG.ADC2_Band {0} \
  CONFIG.ADC2_Clock_Dist {0} \
  CONFIG.ADC2_Clock_Source {2} \
  CONFIG.ADC2_Clock_Source_MX {2} \
  CONFIG.ADC2_Enable {0} \
  CONFIG.ADC2_Fabric_Freq {0.0} \
  CONFIG.ADC2_Link_Coupling {0} \
  CONFIG.ADC2_Multi_Tile_Sync {false} \
  CONFIG.ADC2_OBS_Fabric_Freq {0.0} \
  CONFIG.ADC2_Outclk_Freq {15.625} \
  CONFIG.ADC2_PLL_Enable {false} \
  CONFIG.ADC2_Refclk_Div {1} \
  CONFIG.ADC2_Refclk_Freq {2000.000} \
  CONFIG.ADC2_Sampling_Rate {2.0} \
  CONFIG.ADC3_Band {0} \
  CONFIG.ADC3_Clock_Dist {0} \
  CONFIG.ADC3_Clock_Source {3} \
  CONFIG.ADC3_Clock_Source_MX {3} \
  CONFIG.ADC3_Enable {0} \
  CONFIG.ADC3_Fabric_Freq {0.0} \
  CONFIG.ADC3_Link_Coupling {0} \
  CONFIG.ADC3_Multi_Tile_Sync {false} \
  CONFIG.ADC3_OBS_Fabric_Freq {0.0} \
  CONFIG.ADC3_Outclk_Freq {15.625} \
  CONFIG.ADC3_PLL_Enable {false} \
  CONFIG.ADC3_Refclk_Div {1} \
  CONFIG.ADC3_Refclk_Freq {2000.000} \
  CONFIG.ADC3_Sampling_Rate {2.0} \
  CONFIG.ADC_Bypass_BG_Cal00 {false} \
  CONFIG.ADC_Bypass_BG_Cal01 {false} \
  CONFIG.ADC_Bypass_BG_Cal02 {false} \
  CONFIG.ADC_Bypass_BG_Cal03 {false} \
  CONFIG.ADC_Bypass_BG_Cal10 {false} \
  CONFIG.ADC_Bypass_BG_Cal11 {false} \
  CONFIG.ADC_Bypass_BG_Cal12 {false} \
  CONFIG.ADC_Bypass_BG_Cal13 {false} \
  CONFIG.ADC_Bypass_BG_Cal20 {false} \
  CONFIG.ADC_Bypass_BG_Cal21 {false} \
  CONFIG.ADC_Bypass_BG_Cal22 {false} \
  CONFIG.ADC_Bypass_BG_Cal23 {false} \
  CONFIG.ADC_Bypass_BG_Cal30 {false} \
  CONFIG.ADC_Bypass_BG_Cal31 {false} \
  CONFIG.ADC_Bypass_BG_Cal32 {false} \
  CONFIG.ADC_Bypass_BG_Cal33 {false} \
  CONFIG.ADC_CalOpt_Mode00 {1} \
  CONFIG.ADC_CalOpt_Mode01 {1} \
  CONFIG.ADC_CalOpt_Mode02 {1} \
  CONFIG.ADC_CalOpt_Mode03 {1} \
  CONFIG.ADC_CalOpt_Mode10 {1} \
  CONFIG.ADC_CalOpt_Mode11 {1} \
  CONFIG.ADC_CalOpt_Mode12 {1} \
  CONFIG.ADC_CalOpt_Mode13 {1} \
  CONFIG.ADC_CalOpt_Mode20 {1} \
  CONFIG.ADC_CalOpt_Mode21 {1} \
  CONFIG.ADC_CalOpt_Mode22 {1} \
  CONFIG.ADC_CalOpt_Mode23 {1} \
  CONFIG.ADC_CalOpt_Mode30 {1} \
  CONFIG.ADC_CalOpt_Mode31 {1} \
  CONFIG.ADC_CalOpt_Mode32 {1} \
  CONFIG.ADC_CalOpt_Mode33 {1} \
  CONFIG.ADC_Coarse_Mixer_Freq00 {0} \
  CONFIG.ADC_Coarse_Mixer_Freq01 {0} \
  CONFIG.ADC_Coarse_Mixer_Freq02 {0} \
  CONFIG.ADC_Coarse_Mixer_Freq03 {0} \
  CONFIG.ADC_Coarse_Mixer_Freq10 {0} \
  CONFIG.ADC_Coarse_Mixer_Freq11 {0} \
  CONFIG.ADC_Coarse_Mixer_Freq12 {0} \
  CONFIG.ADC_Coarse_Mixer_Freq13 {0} \
  CONFIG.ADC_Coarse_Mixer_Freq20 {0} \
  CONFIG.ADC_Coarse_Mixer_Freq21 {0} \
  CONFIG.ADC_Coarse_Mixer_Freq22 {0} \
  CONFIG.ADC_Coarse_Mixer_Freq23 {0} \
  CONFIG.ADC_Coarse_Mixer_Freq30 {0} \
  CONFIG.ADC_Coarse_Mixer_Freq31 {0} \
  CONFIG.ADC_Coarse_Mixer_Freq32 {0} \
  CONFIG.ADC_Coarse_Mixer_Freq33 {0} \
  CONFIG.ADC_DSA_RTS {false} \
  CONFIG.ADC_Data_Type00 {0} \
  CONFIG.ADC_Data_Type01 {0} \
  CONFIG.ADC_Data_Type02 {0} \
  CONFIG.ADC_Data_Type03 {0} \
  CONFIG.ADC_Data_Type10 {0} \
  CONFIG.ADC_Data_Type11 {0} \
  CONFIG.ADC_Data_Type12 {0} \
  CONFIG.ADC_Data_Type13 {0} \
  CONFIG.ADC_Data_Type20 {0} \
  CONFIG.ADC_Data_Type21 {0} \
  CONFIG.ADC_Data_Type22 {0} \
  CONFIG.ADC_Data_Type23 {0} \
  CONFIG.ADC_Data_Type30 {0} \
  CONFIG.ADC_Data_Type31 {0} \
  CONFIG.ADC_Data_Type32 {0} \
  CONFIG.ADC_Data_Type33 {0} \
  CONFIG.ADC_Data_Width00 {8} \
  CONFIG.ADC_Data_Width01 {8} \
  CONFIG.ADC_Data_Width02 {8} \
  CONFIG.ADC_Data_Width03 {8} \
  CONFIG.ADC_Data_Width10 {8} \
  CONFIG.ADC_Data_Width11 {8} \
  CONFIG.ADC_Data_Width12 {8} \
  CONFIG.ADC_Data_Width13 {8} \
  CONFIG.ADC_Data_Width20 {8} \
  CONFIG.ADC_Data_Width21 {8} \
  CONFIG.ADC_Data_Width22 {8} \
  CONFIG.ADC_Data_Width23 {8} \
  CONFIG.ADC_Data_Width30 {8} \
  CONFIG.ADC_Data_Width31 {8} \
  CONFIG.ADC_Data_Width32 {8} \
  CONFIG.ADC_Data_Width33 {8} \
  CONFIG.ADC_Debug {false} \
  CONFIG.ADC_Decimation_Mode00 {2} \
  CONFIG.ADC_Decimation_Mode01 {2} \
  CONFIG.ADC_Decimation_Mode02 {0} \
  CONFIG.ADC_Decimation_Mode03 {0} \
  CONFIG.ADC_Decimation_Mode10 {0} \
  CONFIG.ADC_Decimation_Mode11 {0} \
  CONFIG.ADC_Decimation_Mode12 {0} \
  CONFIG.ADC_Decimation_Mode13 {0} \
  CONFIG.ADC_Decimation_Mode20 {0} \
  CONFIG.ADC_Decimation_Mode21 {0} \
  CONFIG.ADC_Decimation_Mode22 {0} \
  CONFIG.ADC_Decimation_Mode23 {0} \
  CONFIG.ADC_Decimation_Mode30 {0} \
  CONFIG.ADC_Decimation_Mode31 {0} \
  CONFIG.ADC_Decimation_Mode32 {0} \
  CONFIG.ADC_Decimation_Mode33 {0} \
  CONFIG.ADC_Dither00 {true} \
  CONFIG.ADC_Dither01 {true} \
  CONFIG.ADC_Dither02 {true} \
  CONFIG.ADC_Dither03 {true} \
  CONFIG.ADC_Dither10 {true} \
  CONFIG.ADC_Dither11 {true} \
  CONFIG.ADC_Dither12 {true} \
  CONFIG.ADC_Dither13 {true} \
  CONFIG.ADC_Dither20 {true} \
  CONFIG.ADC_Dither21 {true} \
  CONFIG.ADC_Dither22 {true} \
  CONFIG.ADC_Dither23 {true} \
  CONFIG.ADC_Dither30 {true} \
  CONFIG.ADC_Dither31 {true} \
  CONFIG.ADC_Dither32 {true} \
  CONFIG.ADC_Dither33 {true} \
  CONFIG.ADC_MTS_Variable_Fabric_Width {false} \
  CONFIG.ADC_Mixer_Mode00 {2} \
  CONFIG.ADC_Mixer_Mode01 {2} \
  CONFIG.ADC_Mixer_Mode02 {2} \
  CONFIG.ADC_Mixer_Mode03 {2} \
  CONFIG.ADC_Mixer_Mode10 {2} \
  CONFIG.ADC_Mixer_Mode11 {2} \
  CONFIG.ADC_Mixer_Mode12 {2} \
  CONFIG.ADC_Mixer_Mode13 {2} \
  CONFIG.ADC_Mixer_Mode20 {2} \
  CONFIG.ADC_Mixer_Mode21 {2} \
  CONFIG.ADC_Mixer_Mode22 {2} \
  CONFIG.ADC_Mixer_Mode23 {2} \
  CONFIG.ADC_Mixer_Mode30 {2} \
  CONFIG.ADC_Mixer_Mode31 {2} \
  CONFIG.ADC_Mixer_Mode32 {2} \
  CONFIG.ADC_Mixer_Mode33 {2} \
  CONFIG.ADC_Mixer_Type00 {0} \
  CONFIG.ADC_Mixer_Type01 {0} \
  CONFIG.ADC_Mixer_Type02 {3} \
  CONFIG.ADC_Mixer_Type03 {3} \
  CONFIG.ADC_Mixer_Type10 {3} \
  CONFIG.ADC_Mixer_Type11 {3} \
  CONFIG.ADC_Mixer_Type12 {3} \
  CONFIG.ADC_Mixer_Type13 {3} \
  CONFIG.ADC_Mixer_Type20 {3} \
  CONFIG.ADC_Mixer_Type21 {3} \
  CONFIG.ADC_Mixer_Type22 {3} \
  CONFIG.ADC_Mixer_Type23 {3} \
  CONFIG.ADC_Mixer_Type30 {3} \
  CONFIG.ADC_Mixer_Type31 {3} \
  CONFIG.ADC_Mixer_Type32 {3} \
  CONFIG.ADC_Mixer_Type33 {3} \
  CONFIG.ADC_NCO_Freq00 {0.0} \
  CONFIG.ADC_NCO_Freq01 {0.0} \
  CONFIG.ADC_NCO_Freq02 {0.0} \
  CONFIG.ADC_NCO_Freq03 {0.0} \
  CONFIG.ADC_NCO_Freq10 {0.0} \
  CONFIG.ADC_NCO_Freq11 {0.0} \
  CONFIG.ADC_NCO_Freq12 {0.0} \
  CONFIG.ADC_NCO_Freq13 {0.0} \
  CONFIG.ADC_NCO_Freq20 {0.0} \
  CONFIG.ADC_NCO_Freq21 {0.0} \
  CONFIG.ADC_NCO_Freq22 {0.0} \
  CONFIG.ADC_NCO_Freq23 {0.0} \
  CONFIG.ADC_NCO_Freq30 {0.0} \
  CONFIG.ADC_NCO_Freq31 {0.0} \
  CONFIG.ADC_NCO_Freq32 {0.0} \
  CONFIG.ADC_NCO_Freq33 {0.0} \
  CONFIG.ADC_NCO_Phase00 {0} \
  CONFIG.ADC_NCO_Phase01 {0} \
  CONFIG.ADC_NCO_Phase02 {0} \
  CONFIG.ADC_NCO_Phase03 {0} \
  CONFIG.ADC_NCO_Phase10 {0} \
  CONFIG.ADC_NCO_Phase11 {0} \
  CONFIG.ADC_NCO_Phase12 {0} \
  CONFIG.ADC_NCO_Phase13 {0} \
  CONFIG.ADC_NCO_Phase20 {0} \
  CONFIG.ADC_NCO_Phase21 {0} \
  CONFIG.ADC_NCO_Phase22 {0} \
  CONFIG.ADC_NCO_Phase23 {0} \
  CONFIG.ADC_NCO_Phase30 {0} \
  CONFIG.ADC_NCO_Phase31 {0} \
  CONFIG.ADC_NCO_Phase32 {0} \
  CONFIG.ADC_NCO_Phase33 {0} \
  CONFIG.ADC_NCO_RTS {false} \
  CONFIG.ADC_Neg_Quadrature00 {false} \
  CONFIG.ADC_Neg_Quadrature01 {false} \
  CONFIG.ADC_Neg_Quadrature02 {false} \
  CONFIG.ADC_Neg_Quadrature03 {false} \
  CONFIG.ADC_Neg_Quadrature10 {false} \
  CONFIG.ADC_Neg_Quadrature11 {false} \
  CONFIG.ADC_Neg_Quadrature12 {false} \
  CONFIG.ADC_Neg_Quadrature13 {false} \
  CONFIG.ADC_Neg_Quadrature20 {false} \
  CONFIG.ADC_Neg_Quadrature21 {false} \
  CONFIG.ADC_Neg_Quadrature22 {false} \
  CONFIG.ADC_Neg_Quadrature23 {false} \
  CONFIG.ADC_Neg_Quadrature30 {false} \
  CONFIG.ADC_Neg_Quadrature31 {false} \
  CONFIG.ADC_Neg_Quadrature32 {false} \
  CONFIG.ADC_Neg_Quadrature33 {false} \
  CONFIG.ADC_Nyquist00 {0} \
  CONFIG.ADC_Nyquist01 {0} \
  CONFIG.ADC_Nyquist02 {0} \
  CONFIG.ADC_Nyquist03 {0} \
  CONFIG.ADC_Nyquist10 {0} \
  CONFIG.ADC_Nyquist11 {0} \
  CONFIG.ADC_Nyquist12 {0} \
  CONFIG.ADC_Nyquist13 {0} \
  CONFIG.ADC_Nyquist20 {0} \
  CONFIG.ADC_Nyquist21 {0} \
  CONFIG.ADC_Nyquist22 {0} \
  CONFIG.ADC_Nyquist23 {0} \
  CONFIG.ADC_Nyquist30 {0} \
  CONFIG.ADC_Nyquist31 {0} \
  CONFIG.ADC_Nyquist32 {0} \
  CONFIG.ADC_Nyquist33 {0} \
  CONFIG.ADC_OBS00 {false} \
  CONFIG.ADC_OBS01 {false} \
  CONFIG.ADC_OBS02 {false} \
  CONFIG.ADC_OBS03 {false} \
  CONFIG.ADC_OBS10 {false} \
  CONFIG.ADC_OBS11 {false} \
  CONFIG.ADC_OBS12 {false} \
  CONFIG.ADC_OBS13 {false} \
  CONFIG.ADC_OBS20 {false} \
  CONFIG.ADC_OBS21 {false} \
  CONFIG.ADC_OBS22 {false} \
  CONFIG.ADC_OBS23 {false} \
  CONFIG.ADC_OBS30 {false} \
  CONFIG.ADC_OBS31 {false} \
  CONFIG.ADC_OBS32 {false} \
  CONFIG.ADC_OBS33 {false} \
  CONFIG.ADC_OBS_Data_Width00 {8} \
  CONFIG.ADC_OBS_Data_Width01 {8} \
  CONFIG.ADC_OBS_Data_Width02 {8} \
  CONFIG.ADC_OBS_Data_Width03 {8} \
  CONFIG.ADC_OBS_Data_Width10 {8} \
  CONFIG.ADC_OBS_Data_Width11 {8} \
  CONFIG.ADC_OBS_Data_Width12 {8} \
  CONFIG.ADC_OBS_Data_Width13 {8} \
  CONFIG.ADC_OBS_Data_Width20 {8} \
  CONFIG.ADC_OBS_Data_Width21 {8} \
  CONFIG.ADC_OBS_Data_Width22 {8} \
  CONFIG.ADC_OBS_Data_Width23 {8} \
  CONFIG.ADC_OBS_Data_Width30 {8} \
  CONFIG.ADC_OBS_Data_Width31 {8} \
  CONFIG.ADC_OBS_Data_Width32 {8} \
  CONFIG.ADC_OBS_Data_Width33 {8} \
  CONFIG.ADC_OBS_Decimation_Mode00 {1} \
  CONFIG.ADC_OBS_Decimation_Mode01 {1} \
  CONFIG.ADC_OBS_Decimation_Mode02 {0} \
  CONFIG.ADC_OBS_Decimation_Mode03 {0} \
  CONFIG.ADC_OBS_Decimation_Mode10 {1} \
  CONFIG.ADC_OBS_Decimation_Mode11 {1} \
  CONFIG.ADC_OBS_Decimation_Mode12 {1} \
  CONFIG.ADC_OBS_Decimation_Mode13 {1} \
  CONFIG.ADC_OBS_Decimation_Mode20 {1} \
  CONFIG.ADC_OBS_Decimation_Mode21 {1} \
  CONFIG.ADC_OBS_Decimation_Mode22 {1} \
  CONFIG.ADC_OBS_Decimation_Mode23 {1} \
  CONFIG.ADC_OBS_Decimation_Mode30 {1} \
  CONFIG.ADC_OBS_Decimation_Mode31 {1} \
  CONFIG.ADC_OBS_Decimation_Mode32 {1} \
  CONFIG.ADC_OBS_Decimation_Mode33 {1} \
  CONFIG.ADC_RESERVED_1_00 {false} \
  CONFIG.ADC_RESERVED_1_01 {false} \
  CONFIG.ADC_RESERVED_1_02 {false} \
  CONFIG.ADC_RESERVED_1_03 {false} \
  CONFIG.ADC_RESERVED_1_10 {false} \
  CONFIG.ADC_RESERVED_1_11 {false} \
  CONFIG.ADC_RESERVED_1_12 {false} \
  CONFIG.ADC_RESERVED_1_13 {false} \
  CONFIG.ADC_RESERVED_1_20 {false} \
  CONFIG.ADC_RESERVED_1_21 {false} \
  CONFIG.ADC_RESERVED_1_22 {false} \
  CONFIG.ADC_RESERVED_1_23 {false} \
  CONFIG.ADC_RESERVED_1_30 {false} \
  CONFIG.ADC_RESERVED_1_31 {false} \
  CONFIG.ADC_RESERVED_1_32 {false} \
  CONFIG.ADC_RESERVED_1_33 {false} \
  CONFIG.ADC_RTS {false} \
  CONFIG.ADC_Slice00_Enable {true} \
  CONFIG.ADC_Slice01_Enable {true} \
  CONFIG.ADC_Slice02_Enable {false} \
  CONFIG.ADC_Slice03_Enable {false} \
  CONFIG.ADC_Slice10_Enable {false} \
  CONFIG.ADC_Slice11_Enable {false} \
  CONFIG.ADC_Slice12_Enable {false} \
  CONFIG.ADC_Slice13_Enable {false} \
  CONFIG.ADC_Slice20_Enable {false} \
  CONFIG.ADC_Slice21_Enable {false} \
  CONFIG.ADC_Slice22_Enable {false} \
  CONFIG.ADC_Slice23_Enable {false} \
  CONFIG.ADC_Slice30_Enable {false} \
  CONFIG.ADC_Slice31_Enable {false} \
  CONFIG.ADC_Slice32_Enable {false} \
  CONFIG.ADC_Slice33_Enable {false} \
  CONFIG.ADC_TDD_RTS00 {0} \
  CONFIG.ADC_TDD_RTS01 {0} \
  CONFIG.ADC_TDD_RTS02 {0} \
  CONFIG.ADC_TDD_RTS03 {0} \
  CONFIG.ADC_TDD_RTS10 {0} \
  CONFIG.ADC_TDD_RTS11 {0} \
  CONFIG.ADC_TDD_RTS12 {0} \
  CONFIG.ADC_TDD_RTS13 {0} \
  CONFIG.ADC_TDD_RTS20 {0} \
  CONFIG.ADC_TDD_RTS21 {0} \
  CONFIG.ADC_TDD_RTS22 {0} \
  CONFIG.ADC_TDD_RTS23 {0} \
  CONFIG.ADC_TDD_RTS30 {0} \
  CONFIG.ADC_TDD_RTS31 {0} \
  CONFIG.ADC_TDD_RTS32 {0} \
  CONFIG.ADC_TDD_RTS33 {0} \
  CONFIG.AMS_Factory_Var {0} \
  CONFIG.Analog_Detection {1} \
  CONFIG.Auto_Calibration_Freeze {false} \
  CONFIG.Axiclk_Freq {100.0} \
  CONFIG.Calibration_Freeze {false} \
  CONFIG.Calibration_Time {10} \
  CONFIG.Clock_Forwarding {false} \
  CONFIG.Component_Name {work_pls_usp_rf_data_converter_0_0} \
  CONFIG.Converter_Setup {1} \
  CONFIG.DAC0_Band {0} \
  CONFIG.DAC0_Clock_Dist {0} \
  CONFIG.DAC0_Clock_Source {4} \
  CONFIG.DAC0_Clock_Source_MX {4} \
  CONFIG.DAC0_Enable {1} \
  CONFIG.DAC0_Fabric_Freq {128.000} \
  CONFIG.DAC0_Link_Coupling {0} \
  CONFIG.DAC0_Multi_Tile_Sync {false} \
  CONFIG.DAC0_Outclk_Freq {128.000} \
  CONFIG.DAC0_PLL_Enable {true} \
  CONFIG.DAC0_Refclk_Div {1} \
  CONFIG.DAC0_Refclk_Freq {208.271} \
  CONFIG.DAC0_Sampling_Rate {4.096} \
  CONFIG.DAC0_VOP {20.0} \
  CONFIG.DAC1_Band {0} \
  CONFIG.DAC1_Clock_Dist {0} \
  CONFIG.DAC1_Clock_Source {5} \
  CONFIG.DAC1_Clock_Source_MX {5} \
  CONFIG.DAC1_Enable {0} \
  CONFIG.DAC1_Fabric_Freq {0.0} \
  CONFIG.DAC1_Link_Coupling {0} \
  CONFIG.DAC1_Multi_Tile_Sync {false} \
  CONFIG.DAC1_Outclk_Freq {50.000} \
  CONFIG.DAC1_PLL_Enable {false} \
  CONFIG.DAC1_Refclk_Div {1} \
  CONFIG.DAC1_Refclk_Freq {6400.000} \
  CONFIG.DAC1_Sampling_Rate {6.4} \
  CONFIG.DAC1_VOP {20.0} \
  CONFIG.DAC228_En {false} \
  CONFIG.DAC229_En {false} \
  CONFIG.DAC230_En {false} \
  CONFIG.DAC231_En {false} \
  CONFIG.DAC2_Band {0} \
  CONFIG.DAC2_Clock_Dist {0} \
  CONFIG.DAC2_Clock_Source {6} \
  CONFIG.DAC2_Clock_Source_MX {6} \
  CONFIG.DAC2_Enable {0} \
  CONFIG.DAC2_Fabric_Freq {0.0} \
  CONFIG.DAC2_Link_Coupling {0} \
  CONFIG.DAC2_Multi_Tile_Sync {false} \
  CONFIG.DAC2_Outclk_Freq {50.000} \
  CONFIG.DAC2_PLL_Enable {false} \
  CONFIG.DAC2_Refclk_Div {1} \
  CONFIG.DAC2_Refclk_Freq {6400.000} \
  CONFIG.DAC2_Sampling_Rate {6.4} \
  CONFIG.DAC2_VOP {20.0} \
  CONFIG.DAC3_Band {0} \
  CONFIG.DAC3_Clock_Dist {0} \
  CONFIG.DAC3_Clock_Source {7} \
  CONFIG.DAC3_Clock_Source_MX {7} \
  CONFIG.DAC3_Enable {0} \
  CONFIG.DAC3_Fabric_Freq {0.0} \
  CONFIG.DAC3_Link_Coupling {0} \
  CONFIG.DAC3_Multi_Tile_Sync {false} \
  CONFIG.DAC3_Outclk_Freq {50.000} \
  CONFIG.DAC3_PLL_Enable {false} \
  CONFIG.DAC3_Refclk_Div {1} \
  CONFIG.DAC3_Refclk_Freq {6400.000} \
  CONFIG.DAC3_Sampling_Rate {6.4} \
  CONFIG.DAC3_VOP {20.0} \
  CONFIG.DAC_Coarse_Mixer_Freq00 {0} \
  CONFIG.DAC_Coarse_Mixer_Freq01 {0} \
  CONFIG.DAC_Coarse_Mixer_Freq02 {0} \
  CONFIG.DAC_Coarse_Mixer_Freq03 {0} \
  CONFIG.DAC_Coarse_Mixer_Freq10 {0} \
  CONFIG.DAC_Coarse_Mixer_Freq11 {0} \
  CONFIG.DAC_Coarse_Mixer_Freq12 {0} \
  CONFIG.DAC_Coarse_Mixer_Freq13 {0} \
  CONFIG.DAC_Coarse_Mixer_Freq20 {0} \
  CONFIG.DAC_Coarse_Mixer_Freq21 {0} \
  CONFIG.DAC_Coarse_Mixer_Freq22 {0} \
  CONFIG.DAC_Coarse_Mixer_Freq23 {0} \
  CONFIG.DAC_Coarse_Mixer_Freq30 {0} \
  CONFIG.DAC_Coarse_Mixer_Freq31 {0} \
  CONFIG.DAC_Coarse_Mixer_Freq32 {0} \
  CONFIG.DAC_Coarse_Mixer_Freq33 {0} \
  CONFIG.DAC_Data_Type00 {0} \
  CONFIG.DAC_Data_Type01 {0} \
  CONFIG.DAC_Data_Type02 {0} \
  CONFIG.DAC_Data_Type03 {0} \
  CONFIG.DAC_Data_Type10 {0} \
  CONFIG.DAC_Data_Type11 {0} \
  CONFIG.DAC_Data_Type12 {0} \
  CONFIG.DAC_Data_Type13 {0} \
  CONFIG.DAC_Data_Type20 {0} \
  CONFIG.DAC_Data_Type21 {0} \
  CONFIG.DAC_Data_Type22 {0} \
  CONFIG.DAC_Data_Type23 {0} \
  CONFIG.DAC_Data_Type30 {0} \
  CONFIG.DAC_Data_Type31 {0} \
  CONFIG.DAC_Data_Type32 {0} \
  CONFIG.DAC_Data_Type33 {0} \
  CONFIG.DAC_Data_Width00 {16} \
  CONFIG.DAC_Data_Width01 {16} \
  CONFIG.DAC_Data_Width02 {16} \
  CONFIG.DAC_Data_Width03 {16} \
  CONFIG.DAC_Data_Width10 {16} \
  CONFIG.DAC_Data_Width11 {16} \
  CONFIG.DAC_Data_Width12 {16} \
  CONFIG.DAC_Data_Width13 {16} \
  CONFIG.DAC_Data_Width20 {16} \
  CONFIG.DAC_Data_Width21 {16} \
  CONFIG.DAC_Data_Width22 {16} \
  CONFIG.DAC_Data_Width23 {16} \
  CONFIG.DAC_Data_Width30 {16} \
  CONFIG.DAC_Data_Width31 {16} \
  CONFIG.DAC_Data_Width32 {16} \
  CONFIG.DAC_Data_Width33 {16} \
  CONFIG.DAC_Debug {false} \
  CONFIG.DAC_Decoder_Mode00 {0} \
  CONFIG.DAC_Decoder_Mode01 {0} \
  CONFIG.DAC_Decoder_Mode02 {0} \
  CONFIG.DAC_Decoder_Mode03 {0} \
  CONFIG.DAC_Decoder_Mode10 {0} \
  CONFIG.DAC_Decoder_Mode11 {0} \
  CONFIG.DAC_Decoder_Mode12 {0} \
  CONFIG.DAC_Decoder_Mode13 {0} \
  CONFIG.DAC_Decoder_Mode20 {0} \
  CONFIG.DAC_Decoder_Mode21 {0} \
  CONFIG.DAC_Decoder_Mode22 {0} \
  CONFIG.DAC_Decoder_Mode23 {0} \
  CONFIG.DAC_Decoder_Mode30 {0} \
  CONFIG.DAC_Decoder_Mode31 {0} \
  CONFIG.DAC_Decoder_Mode32 {0} \
  CONFIG.DAC_Decoder_Mode33 {0} \
  CONFIG.DAC_Interpolation_Mode00 {2} \
  CONFIG.DAC_Interpolation_Mode01 {0} \
  CONFIG.DAC_Interpolation_Mode02 {0} \
  CONFIG.DAC_Interpolation_Mode03 {0} \
  CONFIG.DAC_Interpolation_Mode10 {0} \
  CONFIG.DAC_Interpolation_Mode11 {0} \
  CONFIG.DAC_Interpolation_Mode12 {0} \
  CONFIG.DAC_Interpolation_Mode13 {0} \
  CONFIG.DAC_Interpolation_Mode20 {0} \
  CONFIG.DAC_Interpolation_Mode21 {0} \
  CONFIG.DAC_Interpolation_Mode22 {0} \
  CONFIG.DAC_Interpolation_Mode23 {0} \
  CONFIG.DAC_Interpolation_Mode30 {0} \
  CONFIG.DAC_Interpolation_Mode31 {0} \
  CONFIG.DAC_Interpolation_Mode32 {0} \
  CONFIG.DAC_Interpolation_Mode33 {0} \
  CONFIG.DAC_Invsinc_Ctrl00 {false} \
  CONFIG.DAC_Invsinc_Ctrl01 {false} \
  CONFIG.DAC_Invsinc_Ctrl02 {false} \
  CONFIG.DAC_Invsinc_Ctrl03 {false} \
  CONFIG.DAC_Invsinc_Ctrl10 {false} \
  CONFIG.DAC_Invsinc_Ctrl11 {false} \
  CONFIG.DAC_Invsinc_Ctrl12 {false} \
  CONFIG.DAC_Invsinc_Ctrl13 {false} \
  CONFIG.DAC_Invsinc_Ctrl20 {false} \
  CONFIG.DAC_Invsinc_Ctrl21 {false} \
  CONFIG.DAC_Invsinc_Ctrl22 {false} \
  CONFIG.DAC_Invsinc_Ctrl23 {false} \
  CONFIG.DAC_Invsinc_Ctrl30 {false} \
  CONFIG.DAC_Invsinc_Ctrl31 {false} \
  CONFIG.DAC_Invsinc_Ctrl32 {false} \
  CONFIG.DAC_Invsinc_Ctrl33 {false} \
  CONFIG.DAC_MTS_Variable_Fabric_Width {false} \
  CONFIG.DAC_Mixer_Mode00 {2} \
  CONFIG.DAC_Mixer_Mode01 {2} \
  CONFIG.DAC_Mixer_Mode02 {2} \
  CONFIG.DAC_Mixer_Mode03 {2} \
  CONFIG.DAC_Mixer_Mode10 {2} \
  CONFIG.DAC_Mixer_Mode11 {2} \
  CONFIG.DAC_Mixer_Mode12 {2} \
  CONFIG.DAC_Mixer_Mode13 {2} \
  CONFIG.DAC_Mixer_Mode20 {2} \
  CONFIG.DAC_Mixer_Mode21 {2} \
  CONFIG.DAC_Mixer_Mode22 {2} \
  CONFIG.DAC_Mixer_Mode23 {2} \
  CONFIG.DAC_Mixer_Mode30 {2} \
  CONFIG.DAC_Mixer_Mode31 {2} \
  CONFIG.DAC_Mixer_Mode32 {2} \
  CONFIG.DAC_Mixer_Mode33 {2} \
  CONFIG.DAC_Mixer_Type00 {0} \
  CONFIG.DAC_Mixer_Type01 {3} \
  CONFIG.DAC_Mixer_Type02 {3} \
  CONFIG.DAC_Mixer_Type03 {3} \
  CONFIG.DAC_Mixer_Type10 {3} \
  CONFIG.DAC_Mixer_Type11 {3} \
  CONFIG.DAC_Mixer_Type12 {3} \
  CONFIG.DAC_Mixer_Type13 {3} \
  CONFIG.DAC_Mixer_Type20 {3} \
  CONFIG.DAC_Mixer_Type21 {3} \
  CONFIG.DAC_Mixer_Type22 {3} \
  CONFIG.DAC_Mixer_Type23 {3} \
  CONFIG.DAC_Mixer_Type30 {3} \
  CONFIG.DAC_Mixer_Type31 {3} \
  CONFIG.DAC_Mixer_Type32 {3} \
  CONFIG.DAC_Mixer_Type33 {3} \
  CONFIG.DAC_Mode00 {0} \
  CONFIG.DAC_Mode01 {0} \
  CONFIG.DAC_Mode02 {0} \
  CONFIG.DAC_Mode03 {0} \
  CONFIG.DAC_Mode10 {0} \
  CONFIG.DAC_Mode11 {0} \
  CONFIG.DAC_Mode12 {0} \
  CONFIG.DAC_Mode13 {0} \
  CONFIG.DAC_Mode20 {0} \
  CONFIG.DAC_Mode21 {0} \
  CONFIG.DAC_Mode22 {0} \
  CONFIG.DAC_Mode23 {0} \
  CONFIG.DAC_Mode30 {0} \
  CONFIG.DAC_Mode31 {0} \
  CONFIG.DAC_Mode32 {0} \
  CONFIG.DAC_Mode33 {0} \
  CONFIG.DAC_NCO_Freq00 {0.0} \
  CONFIG.DAC_NCO_Freq01 {0.0} \
  CONFIG.DAC_NCO_Freq02 {0.0} \
  CONFIG.DAC_NCO_Freq03 {0.0} \
  CONFIG.DAC_NCO_Freq10 {0.0} \
  CONFIG.DAC_NCO_Freq11 {0.0} \
  CONFIG.DAC_NCO_Freq12 {0.0} \
  CONFIG.DAC_NCO_Freq13 {0.0} \
  CONFIG.DAC_NCO_Freq20 {0.0} \
  CONFIG.DAC_NCO_Freq21 {0.0} \
  CONFIG.DAC_NCO_Freq22 {0.0} \
  CONFIG.DAC_NCO_Freq23 {0.0} \
  CONFIG.DAC_NCO_Freq30 {0.0} \
  CONFIG.DAC_NCO_Freq31 {0.0} \
  CONFIG.DAC_NCO_Freq32 {0.0} \
  CONFIG.DAC_NCO_Freq33 {0.0} \
  CONFIG.DAC_NCO_Phase00 {0} \
  CONFIG.DAC_NCO_Phase01 {0} \
  CONFIG.DAC_NCO_Phase02 {0} \
  CONFIG.DAC_NCO_Phase03 {0} \
  CONFIG.DAC_NCO_Phase10 {0} \
  CONFIG.DAC_NCO_Phase11 {0} \
  CONFIG.DAC_NCO_Phase12 {0} \
  CONFIG.DAC_NCO_Phase13 {0} \
  CONFIG.DAC_NCO_Phase20 {0} \
  CONFIG.DAC_NCO_Phase21 {0} \
  CONFIG.DAC_NCO_Phase22 {0} \
  CONFIG.DAC_NCO_Phase23 {0} \
  CONFIG.DAC_NCO_Phase30 {0} \
  CONFIG.DAC_NCO_Phase31 {0} \
  CONFIG.DAC_NCO_Phase32 {0} \
  CONFIG.DAC_NCO_Phase33 {0} \
  CONFIG.DAC_NCO_RTS {false} \
  CONFIG.DAC_Neg_Quadrature00 {false} \
  CONFIG.DAC_Neg_Quadrature01 {false} \
  CONFIG.DAC_Neg_Quadrature02 {false} \
  CONFIG.DAC_Neg_Quadrature03 {false} \
  CONFIG.DAC_Neg_Quadrature10 {false} \
  CONFIG.DAC_Neg_Quadrature11 {false} \
  CONFIG.DAC_Neg_Quadrature12 {false} \
  CONFIG.DAC_Neg_Quadrature13 {false} \
  CONFIG.DAC_Neg_Quadrature20 {false} \
  CONFIG.DAC_Neg_Quadrature21 {false} \
  CONFIG.DAC_Neg_Quadrature22 {false} \
  CONFIG.DAC_Neg_Quadrature23 {false} \
  CONFIG.DAC_Neg_Quadrature30 {false} \
  CONFIG.DAC_Neg_Quadrature31 {false} \
  CONFIG.DAC_Neg_Quadrature32 {false} \
  CONFIG.DAC_Neg_Quadrature33 {false} \
  CONFIG.DAC_Nyquist00 {0} \
  CONFIG.DAC_Nyquist01 {0} \
  CONFIG.DAC_Nyquist02 {0} \
  CONFIG.DAC_Nyquist03 {0} \
  CONFIG.DAC_Nyquist10 {0} \
  CONFIG.DAC_Nyquist11 {0} \
  CONFIG.DAC_Nyquist12 {0} \
  CONFIG.DAC_Nyquist13 {0} \
  CONFIG.DAC_Nyquist20 {0} \
  CONFIG.DAC_Nyquist21 {0} \
  CONFIG.DAC_Nyquist22 {0} \
  CONFIG.DAC_Nyquist23 {0} \
  CONFIG.DAC_Nyquist30 {0} \
  CONFIG.DAC_Nyquist31 {0} \
  CONFIG.DAC_Nyquist32 {0} \
  CONFIG.DAC_Nyquist33 {0} \
  CONFIG.DAC_Output_Current {0} \
  CONFIG.DAC_RESERVED_1_00 {false} \
  CONFIG.DAC_RESERVED_1_01 {false} \
  CONFIG.DAC_RESERVED_1_02 {false} \
  CONFIG.DAC_RESERVED_1_03 {false} \
  CONFIG.DAC_RESERVED_1_10 {false} \
  CONFIG.DAC_RESERVED_1_11 {false} \
  CONFIG.DAC_RESERVED_1_12 {false} \
  CONFIG.DAC_RESERVED_1_13 {false} \
  CONFIG.DAC_RESERVED_1_20 {false} \
  CONFIG.DAC_RESERVED_1_21 {false} \
  CONFIG.DAC_RESERVED_1_22 {false} \
  CONFIG.DAC_RESERVED_1_23 {false} \
  CONFIG.DAC_RESERVED_1_30 {false} \
  CONFIG.DAC_RESERVED_1_31 {false} \
  CONFIG.DAC_RESERVED_1_32 {false} \
  CONFIG.DAC_RESERVED_1_33 {false} \
  CONFIG.DAC_RTS {false} \
  CONFIG.DAC_Slice00_Enable {true} \
  CONFIG.DAC_Slice01_Enable {false} \
  CONFIG.DAC_Slice02_Enable {false} \
  CONFIG.DAC_Slice03_Enable {false} \
  CONFIG.DAC_Slice10_Enable {false} \
  CONFIG.DAC_Slice11_Enable {false} \
  CONFIG.DAC_Slice12_Enable {false} \
  CONFIG.DAC_Slice13_Enable {false} \
  CONFIG.DAC_Slice20_Enable {false} \
  CONFIG.DAC_Slice21_Enable {false} \
  CONFIG.DAC_Slice22_Enable {false} \
  CONFIG.DAC_Slice23_Enable {false} \
  CONFIG.DAC_Slice30_Enable {false} \
  CONFIG.DAC_Slice31_Enable {false} \
  CONFIG.DAC_Slice32_Enable {false} \
  CONFIG.DAC_Slice33_Enable {false} \
  CONFIG.DAC_TDD_RTS00 {0} \
  CONFIG.DAC_TDD_RTS01 {0} \
  CONFIG.DAC_TDD_RTS02 {0} \
  CONFIG.DAC_TDD_RTS03 {0} \
  CONFIG.DAC_TDD_RTS10 {0} \
  CONFIG.DAC_TDD_RTS11 {0} \
  CONFIG.DAC_TDD_RTS12 {0} \
  CONFIG.DAC_TDD_RTS13 {0} \
  CONFIG.DAC_TDD_RTS20 {0} \
  CONFIG.DAC_TDD_RTS21 {0} \
  CONFIG.DAC_TDD_RTS22 {0} \
  CONFIG.DAC_TDD_RTS23 {0} \
  CONFIG.DAC_TDD_RTS30 {0} \
  CONFIG.DAC_TDD_RTS31 {0} \
  CONFIG.DAC_TDD_RTS32 {0} \
  CONFIG.DAC_TDD_RTS33 {0} \
  CONFIG.DAC_VOP_Mode {1} \
  CONFIG.DAC_VOP_RTS {false} \
  CONFIG.PL_Clock_Freq {100.0} \
  CONFIG.PRESET {None} \
  CONFIG.RESERVED_3 {110000} \
  CONFIG.RF_Analyzer {0} \
  CONFIG.Sysref_Source {1} \
  CONFIG.VNC_Include_Fs2_Change {true} \
  CONFIG.VNC_Include_OIS_Change {true} \
  CONFIG.VNC_Testing {false} \
  CONFIG.adc0_clk.CAN_DEBUG {false} \
  CONFIG.adc0_clk.FREQ_HZ {208271000.0} \
  CONFIG.clk_adc0.ASSOCIATED_BUSIF {} \
  CONFIG.clk_adc0.ASSOCIATED_PORT {} \
  CONFIG.clk_adc0.ASSOCIATED_RESET {} \
  CONFIG.clk_adc0.CLK_DOMAIN {work_pls_usp_rf_data_converter_0_0_clk_adc0} \
  CONFIG.clk_adc0.FREQ_HZ {32000000} \
  CONFIG.clk_adc0.FREQ_TOLERANCE_HZ {0} \
  CONFIG.clk_adc0.INSERT_VIP {0} \
  CONFIG.clk_adc0.PHASE {0.0} \
  CONFIG.clk_dac0.ASSOCIATED_BUSIF {} \
  CONFIG.clk_dac0.ASSOCIATED_PORT {} \
  CONFIG.clk_dac0.ASSOCIATED_RESET {} \
  CONFIG.clk_dac0.CLK_DOMAIN {work_pls_usp_rf_data_converter_0_0_clk_dac0} \
  CONFIG.clk_dac0.FREQ_HZ {128000000} \
  CONFIG.clk_dac0.FREQ_TOLERANCE_HZ {0} \
  CONFIG.clk_dac0.INSERT_VIP {0} \
  CONFIG.clk_dac0.PHASE {0.0} \
  CONFIG.dac0_clk.CAN_DEBUG {false} \
  CONFIG.dac0_clk.FREQ_HZ {208271000.0} \
  CONFIG.disable_bg_cal_en {1} \
  CONFIG.irq.PortWidth {1} \
  CONFIG.irq.SENSITIVITY {EDGE_RISING} \
  CONFIG.m00_axis.CLK_DOMAIN {work_pls_zynq_ultra_ps_e_0_0_pl_clk0} \
  CONFIG.m00_axis.FREQ_HZ {96968727} \
  CONFIG.m00_axis.HAS_TKEEP {0} \
  CONFIG.m00_axis.HAS_TLAST {0} \
  CONFIG.m00_axis.HAS_TREADY {1} \
  CONFIG.m00_axis.HAS_TSTRB {0} \
  CONFIG.m00_axis.INSERT_VIP {0} \
  CONFIG.m00_axis.LAYERED_METADATA {undef} \
  CONFIG.m00_axis.PHASE {0.0} \
  CONFIG.m00_axis.TDATA_NUM_BYTES {16} \
  CONFIG.m00_axis.TDEST_WIDTH {0} \
  CONFIG.m00_axis.TID_WIDTH {0} \
  CONFIG.m00_axis.TUSER_WIDTH {0} \
  CONFIG.m0_axis_aclk.ASSOCIATED_BUSIF {m00_axis:m01_axis:m02_axis:m03_axis} \
  CONFIG.m0_axis_aclk.ASSOCIATED_PORT {} \
  CONFIG.m0_axis_aclk.ASSOCIATED_RESET {m0_axis_aresetn} \
  CONFIG.m0_axis_aclk.CLK_DOMAIN {work_pls_zynq_ultra_ps_e_0_0_pl_clk0} \
  CONFIG.m0_axis_aclk.FREQ_HZ {96968727} \
  CONFIG.m0_axis_aclk.FREQ_TOLERANCE_HZ {0} \
  CONFIG.m0_axis_aclk.INSERT_VIP {0} \
  CONFIG.m0_axis_aclk.PHASE {0.0} \
  CONFIG.m0_axis_aresetn.INSERT_VIP {0} \
  CONFIG.m0_axis_aresetn.POLARITY {ACTIVE_LOW} \
  CONFIG.mADC_Band {0} \
  CONFIG.mADC_Bypass_BG_Cal00 {false} \
  CONFIG.mADC_Bypass_BG_Cal01 {false} \
  CONFIG.mADC_Bypass_BG_Cal02 {false} \
  CONFIG.mADC_Bypass_BG_Cal03 {false} \
  CONFIG.mADC_CalOpt_Mode00 {1} \
  CONFIG.mADC_CalOpt_Mode01 {1} \
  CONFIG.mADC_CalOpt_Mode02 {1} \
  CONFIG.mADC_CalOpt_Mode03 {1} \
  CONFIG.mADC_Coarse_Mixer_Freq00 {0} \
  CONFIG.mADC_Coarse_Mixer_Freq01 {0} \
  CONFIG.mADC_Coarse_Mixer_Freq02 {0} \
  CONFIG.mADC_Coarse_Mixer_Freq03 {0} \
  CONFIG.mADC_Data_Type00 {0} \
  CONFIG.mADC_Data_Type01 {0} \
  CONFIG.mADC_Data_Type02 {0} \
  CONFIG.mADC_Data_Type03 {0} \
  CONFIG.mADC_Data_Width00 {8} \
  CONFIG.mADC_Data_Width01 {8} \
  CONFIG.mADC_Data_Width02 {8} \
  CONFIG.mADC_Data_Width03 {8} \
  CONFIG.mADC_Decimation_Mode00 {0} \
  CONFIG.mADC_Decimation_Mode01 {0} \
  CONFIG.mADC_Decimation_Mode02 {0} \
  CONFIG.mADC_Decimation_Mode03 {0} \
  CONFIG.mADC_Dither00 {true} \
  CONFIG.mADC_Dither01 {true} \
  CONFIG.mADC_Dither02 {true} \
  CONFIG.mADC_Dither03 {true} \
  CONFIG.mADC_Enable {0} \
  CONFIG.mADC_Fabric_Freq {0.0} \
  CONFIG.mADC_Link_Coupling {0} \
  CONFIG.mADC_Mixer_Mode00 {2} \
  CONFIG.mADC_Mixer_Mode01 {2} \
  CONFIG.mADC_Mixer_Mode02 {2} \
  CONFIG.mADC_Mixer_Mode03 {2} \
  CONFIG.mADC_Mixer_Type00 {3} \
  CONFIG.mADC_Mixer_Type01 {3} \
  CONFIG.mADC_Mixer_Type02 {3} \
  CONFIG.mADC_Mixer_Type03 {3} \
  CONFIG.mADC_Multi_Tile_Sync {false} \
  CONFIG.mADC_NCO_Freq00 {0.0} \
  CONFIG.mADC_NCO_Freq01 {0.0} \
  CONFIG.mADC_NCO_Freq02 {0.0} \
  CONFIG.mADC_NCO_Freq03 {0.0} \
  CONFIG.mADC_NCO_Phase00 {0} \
  CONFIG.mADC_NCO_Phase01 {0} \
  CONFIG.mADC_NCO_Phase02 {0} \
  CONFIG.mADC_NCO_Phase03 {0} \
  CONFIG.mADC_Neg_Quadrature00 {false} \
  CONFIG.mADC_Neg_Quadrature01 {false} \
  CONFIG.mADC_Neg_Quadrature02 {false} \
  CONFIG.mADC_Neg_Quadrature03 {false} \
  CONFIG.mADC_Nyquist00 {0} \
  CONFIG.mADC_Nyquist01 {0} \
  CONFIG.mADC_Nyquist02 {0} \
  CONFIG.mADC_Nyquist03 {0} \
  CONFIG.mADC_OBS00 {false} \
  CONFIG.mADC_OBS01 {false} \
  CONFIG.mADC_OBS02 {false} \
  CONFIG.mADC_OBS03 {false} \
  CONFIG.mADC_Outclk_Freq {15.625} \
  CONFIG.mADC_PLL_Enable {false} \
  CONFIG.mADC_RESERVED_1_00 {false} \
  CONFIG.mADC_RESERVED_1_01 {false} \
  CONFIG.mADC_RESERVED_1_02 {false} \
  CONFIG.mADC_RESERVED_1_03 {false} \
  CONFIG.mADC_Refclk_Div {1} \
  CONFIG.mADC_Refclk_Freq {2000.000} \
  CONFIG.mADC_Sampling_Rate {2.0} \
  CONFIG.mADC_Slice00_Enable {false} \
  CONFIG.mADC_Slice01_Enable {false} \
  CONFIG.mADC_Slice02_Enable {false} \
  CONFIG.mADC_Slice03_Enable {false} \
  CONFIG.mADC_TDD_RTS00 {0} \
  CONFIG.mADC_TDD_RTS01 {0} \
  CONFIG.mADC_TDD_RTS02 {0} \
  CONFIG.mADC_TDD_RTS03 {0} \
  CONFIG.mDAC_Band {0} \
  CONFIG.mDAC_Coarse_Mixer_Freq00 {0} \
  CONFIG.mDAC_Coarse_Mixer_Freq01 {0} \
  CONFIG.mDAC_Coarse_Mixer_Freq02 {0} \
  CONFIG.mDAC_Coarse_Mixer_Freq03 {0} \
  CONFIG.mDAC_Data_Type00 {0} \
  CONFIG.mDAC_Data_Type01 {0} \
  CONFIG.mDAC_Data_Type02 {0} \
  CONFIG.mDAC_Data_Type03 {0} \
  CONFIG.mDAC_Data_Width00 {16} \
  CONFIG.mDAC_Data_Width01 {16} \
  CONFIG.mDAC_Data_Width02 {16} \
  CONFIG.mDAC_Data_Width03 {16} \
  CONFIG.mDAC_Decoder_Mode00 {0} \
  CONFIG.mDAC_Decoder_Mode01 {0} \
  CONFIG.mDAC_Decoder_Mode02 {0} \
  CONFIG.mDAC_Decoder_Mode03 {0} \
  CONFIG.mDAC_Enable {0} \
  CONFIG.mDAC_Fabric_Freq {0.0} \
  CONFIG.mDAC_Interpolation_Mode00 {0} \
  CONFIG.mDAC_Interpolation_Mode01 {0} \
  CONFIG.mDAC_Interpolation_Mode02 {0} \
  CONFIG.mDAC_Interpolation_Mode03 {0} \
  CONFIG.mDAC_Invsinc_Ctrl00 {false} \
  CONFIG.mDAC_Invsinc_Ctrl01 {false} \
  CONFIG.mDAC_Invsinc_Ctrl02 {false} \
  CONFIG.mDAC_Invsinc_Ctrl03 {false} \
  CONFIG.mDAC_Link_Coupling {0} \
  CONFIG.mDAC_Mixer_Mode00 {2} \
  CONFIG.mDAC_Mixer_Mode01 {2} \
  CONFIG.mDAC_Mixer_Mode02 {2} \
  CONFIG.mDAC_Mixer_Mode03 {2} \
  CONFIG.mDAC_Mixer_Type00 {3} \
  CONFIG.mDAC_Mixer_Type01 {3} \
  CONFIG.mDAC_Mixer_Type02 {3} \
  CONFIG.mDAC_Mixer_Type03 {3} \
  CONFIG.mDAC_Mode00 {0} \
  CONFIG.mDAC_Mode01 {0} \
  CONFIG.mDAC_Mode02 {0} \
  CONFIG.mDAC_Mode03 {0} \
  CONFIG.mDAC_Multi_Tile_Sync {false} \
  CONFIG.mDAC_NCO_Freq00 {0.0} \
  CONFIG.mDAC_NCO_Freq01 {0.0} \
  CONFIG.mDAC_NCO_Freq02 {0.0} \
  CONFIG.mDAC_NCO_Freq03 {0.0} \
  CONFIG.mDAC_NCO_Phase00 {0} \
  CONFIG.mDAC_NCO_Phase01 {0} \
  CONFIG.mDAC_NCO_Phase02 {0} \
  CONFIG.mDAC_NCO_Phase03 {0} \
  CONFIG.mDAC_Neg_Quadrature00 {false} \
  CONFIG.mDAC_Neg_Quadrature01 {false} \
  CONFIG.mDAC_Neg_Quadrature02 {false} \
  CONFIG.mDAC_Neg_Quadrature03 {false} \
  CONFIG.mDAC_Nyquist00 {0} \
  CONFIG.mDAC_Nyquist01 {0} \
  CONFIG.mDAC_Nyquist02 {0} \
  CONFIG.mDAC_Nyquist03 {0} \
  CONFIG.mDAC_Outclk_Freq {50.000} \
  CONFIG.mDAC_PLL_Enable {false} \
  CONFIG.mDAC_RESERVED_1_00 {false} \
  CONFIG.mDAC_RESERVED_1_01 {false} \
  CONFIG.mDAC_RESERVED_1_02 {false} \
  CONFIG.mDAC_RESERVED_1_03 {false} \
  CONFIG.mDAC_Refclk_Div {1} \
  CONFIG.mDAC_Refclk_Freq {6400.000} \
  CONFIG.mDAC_Sampling_Rate {6.4} \
  CONFIG.mDAC_Slice00_Enable {false} \
  CONFIG.mDAC_Slice01_Enable {false} \
  CONFIG.mDAC_Slice02_Enable {false} \
  CONFIG.mDAC_Slice03_Enable {false} \
  CONFIG.mDAC_TDD_RTS00 {0} \
  CONFIG.mDAC_TDD_RTS01 {0} \
  CONFIG.mDAC_TDD_RTS02 {0} \
  CONFIG.mDAC_TDD_RTS03 {0} \
  CONFIG.mDAC_VOP {20.0} \
  CONFIG.production_simulation {0} \
  CONFIG.s00_axis.CLK_DOMAIN {work_pls_zynq_ultra_ps_e_0_0_pl_clk0} \
  CONFIG.s00_axis.FREQ_HZ {96968727} \
  CONFIG.s00_axis.HAS_TKEEP {0} \
  CONFIG.s00_axis.HAS_TLAST {0} \
  CONFIG.s00_axis.HAS_TREADY {1} \
  CONFIG.s00_axis.HAS_TSTRB {0} \
  CONFIG.s00_axis.INSERT_VIP {0} \
  CONFIG.s00_axis.LAYERED_METADATA {undef} \
  CONFIG.s00_axis.PHASE {0.0} \
  CONFIG.s00_axis.TDATA_NUM_BYTES {32} \
  CONFIG.s00_axis.TDEST_WIDTH {0} \
  CONFIG.s00_axis.TID_WIDTH {0} \
  CONFIG.s00_axis.TUSER_WIDTH {0} \
  CONFIG.s0_axis_aclk.ASSOCIATED_BUSIF {s03_axis:s02_axis:s01_axis:s00_axis} \
  CONFIG.s0_axis_aclk.ASSOCIATED_PORT {} \
  CONFIG.s0_axis_aclk.ASSOCIATED_RESET {s0_axis_aresetn} \
  CONFIG.s0_axis_aclk.CLK_DOMAIN {work_pls_zynq_ultra_ps_e_0_0_pl_clk0} \
  CONFIG.s0_axis_aclk.FREQ_HZ {96968727} \
  CONFIG.s0_axis_aclk.FREQ_TOLERANCE_HZ {0} \
  CONFIG.s0_axis_aclk.INSERT_VIP {0} \
  CONFIG.s0_axis_aclk.PHASE {0.0} \
  CONFIG.s0_axis_aresetn.INSERT_VIP {0} \
  CONFIG.s0_axis_aresetn.POLARITY {ACTIVE_LOW} \
  CONFIG.s_axi.ADDR_WIDTH {18} \
  CONFIG.s_axi.ARUSER_WIDTH {0} \
  CONFIG.s_axi.AWUSER_WIDTH {0} \
  CONFIG.s_axi.BUSER_WIDTH {0} \
  CONFIG.s_axi.CLK_DOMAIN {work_pls_zynq_ultra_ps_e_0_0_pl_clk0} \
  CONFIG.s_axi.DATA_WIDTH {32} \
  CONFIG.s_axi.FREQ_HZ {96968727} \
  CONFIG.s_axi.HAS_BRESP {1} \
  CONFIG.s_axi.HAS_BURST {0} \
  CONFIG.s_axi.HAS_CACHE {0} \
  CONFIG.s_axi.HAS_LOCK {0} \
  CONFIG.s_axi.HAS_PROT {0} \
  CONFIG.s_axi.HAS_QOS {0} \
  CONFIG.s_axi.HAS_REGION {0} \
  CONFIG.s_axi.HAS_RRESP {1} \
  CONFIG.s_axi.HAS_WSTRB {1} \
  CONFIG.s_axi.ID_WIDTH {0} \
  CONFIG.s_axi.INSERT_VIP {0} \
  CONFIG.s_axi.MAX_BURST_LENGTH {1} \
  CONFIG.s_axi.NUM_READ_OUTSTANDING {2} \
  CONFIG.s_axi.NUM_READ_THREADS {1} \
  CONFIG.s_axi.NUM_WRITE_OUTSTANDING {2} \
  CONFIG.s_axi.NUM_WRITE_THREADS {1} \
  CONFIG.s_axi.PHASE {0.0} \
  CONFIG.s_axi.PROTOCOL {AXI4LITE} \
  CONFIG.s_axi.READ_WRITE_MODE {READ_WRITE} \
  CONFIG.s_axi.RUSER_BITS_PER_BYTE {0} \
  CONFIG.s_axi.RUSER_WIDTH {0} \
  CONFIG.s_axi.SUPPORTS_NARROW_BURST {0} \
  CONFIG.s_axi.WUSER_BITS_PER_BYTE {0} \
  CONFIG.s_axi.WUSER_WIDTH {0} \
  CONFIG.s_axi_aclk.ASSOCIATED_BUSIF {s_axi} \
  CONFIG.s_axi_aclk.ASSOCIATED_PORT {} \
  CONFIG.s_axi_aclk.ASSOCIATED_RESET {s_axi_aresetn} \
  CONFIG.s_axi_aclk.CLK_DOMAIN {work_pls_zynq_ultra_ps_e_0_0_pl_clk0} \
  CONFIG.s_axi_aclk.FREQ_HZ {96968727} \
  CONFIG.s_axi_aclk.FREQ_TOLERANCE_HZ {0} \
  CONFIG.s_axi_aclk.INSERT_VIP {0} \
  CONFIG.s_axi_aclk.PHASE {0.0} \
  CONFIG.s_axi_aresetn.INSERT_VIP {0} \
  CONFIG.s_axi_aresetn.POLARITY {ACTIVE_LOW} \
  CONFIG.tb_adc_fft {true} \
  CONFIG.tb_dac_fft {true} \
  CONFIG.use_bram {1} " [get_ips work_pls_usp_rf_data_converter_0_0]







Copyright 1986-2022 Xilinx, Inc. All Rights Reserved. Copyright 2022-2023 Advanced Micro Devices, Inc. All Rights Reserved.
---------------------------------------------------------------------------------------------------------------------------------------------
| Tool Version : Vivado v.2023.1 (win64) Build 3865809 Sun May  7 15:05:29 MDT 2023
| Date         : Tue Feb 25 13:27:22 2025
| Host         : EEE-R343-01 running 64-bit major release  (build 9200)
| Command      : upgrade_ip
| Device       : xczu28dr-ffvg1517-2-e
---------------------------------------------------------------------------------------------------------------------------------------------

Upgrade Log for IP 'work_pls_rst_ps8_0_96M_0'

1. Summary
----------

SUCCESS in the upgrade of work_pls_rst_ps8_0_96M_0 (xilinx.com:ip:proc_sys_reset:5.0) from (Rev. 15) to (Rev. 13)






Copyright 1986-2022 Xilinx, Inc. All Rights Reserved. Copyright 2022-2023 Advanced Micro Devices, Inc. All Rights Reserved.
---------------------------------------------------------------------------------------------------------------------------------------------
| Tool Version : Vivado v.2023.1 (win64) Build 3865809 Sun May  7 15:05:29 MDT 2023
| Date         : Tue Feb 25 13:27:22 2025
| Host         : EEE-R343-01 running 64-bit major release  (build 9200)
| Command      : upgrade_ip
| Device       : xczu28dr-ffvg1517-2-e
---------------------------------------------------------------------------------------------------------------------------------------------

Upgrade Log for IP 'work_pls_ps8_0_axi_periph_0'

1. Summary
----------

SUCCESS in the upgrade of work_pls_ps8_0_axi_periph_0 (xilinx.com:ip:axi_interconnect:2.1) from (Rev. 32) to (Rev. 29)






Copyright 1986-2022 Xilinx, Inc. All Rights Reserved. Copyright 2022-2023 Advanced Micro Devices, Inc. All Rights Reserved.
---------------------------------------------------------------------------------------------------------------------------------------------
| Tool Version : Vivado v.2023.1 (win64) Build 3865809 Sun May  7 15:05:29 MDT 2023
| Date         : Tue Feb 25 13:27:22 2025
| Host         : EEE-R343-01 running 64-bit major release  (build 9200)
| Command      : upgrade_ip
| Device       : xczu28dr-ffvg1517-2-e
---------------------------------------------------------------------------------------------------------------------------------------------

Upgrade Log for IP 'work_pls_axis_subset_converter_0'

1. Summary
----------

SUCCESS in the upgrade of work_pls_axis_subset_converter_0 (xilinx.com:ip:axis_subset_converter:1.1) from (Rev. 31) to (Rev. 28)






Copyright 1986-2022 Xilinx, Inc. All Rights Reserved. Copyright 2022-2023 Advanced Micro Devices, Inc. All Rights Reserved.
---------------------------------------------------------------------------------------------------------------------------------------------
| Tool Version : Vivado v.2023.1 (win64) Build 3865809 Sun May  7 15:05:29 MDT 2023
| Date         : Tue Feb 25 13:27:21 2025
| Host         : EEE-R343-01 running 64-bit major release  (build 9200)
| Command      : upgrade_ip
| Device       : xczu28dr-ffvg1517-2-e
---------------------------------------------------------------------------------------------------------------------------------------------

Upgrade Log for IP 'work_pls_axi_smc_0'

1. Summary
----------

SUCCESS in the upgrade of work_pls_axi_smc_0 (xilinx.com:ip:smartconnect:1.0) from (Rev. 23) to (Rev. 20)

After upgrade, an IP may have parameter and port differences compared to the original customization. Please review the parameters within the IP customization GUI to ensure proper functionality. Also, please review the updated IP instantiation template to ensure proper connectivity, and update your design if required.

2. Connection and Interface Information
---------------------------------------

Connection and Interface information can not be compared for deferred elaboration IPs.
work_pls_axi_smc_0 may have connection or interface changes.







Copyright 1986-2022 Xilinx, Inc. All Rights Reserved. Copyright 2022-2023 Advanced Micro Devices, Inc. All Rights Reserved.
---------------------------------------------------------------------------------------------------------------------------------------------
| Tool Version : Vivado v.2023.1 (win64) Build 3865809 Sun May  7 15:05:29 MDT 2023
| Date         : Tue Feb 25 13:27:21 2025
| Host         : EEE-R343-01 running 64-bit major release  (build 9200)
| Command      : upgrade_ip
| Device       : xczu28dr-ffvg1517-2-e
---------------------------------------------------------------------------------------------------------------------------------------------

Upgrade Log for IP 'work_pls_axi_fifo_mm_s_0'

1. Summary
----------

SUCCESS in the upgrade of work_pls_axi_fifo_mm_s_0 (xilinx.com:ip:axi_fifo_mm_s:4.3) from (Rev. 3)






Copyright 1986-2022 Xilinx, Inc. All Rights Reserved. Copyright 2022-2023 Advanced Micro Devices, Inc. All Rights Reserved.
---------------------------------------------------------------------------------------------------------------------------------------------
| Tool Version : Vivado v.2023.1 (win64) Build 3865809 Sun May  7 15:05:29 MDT 2023
| Date         : Tue Feb 25 13:27:21 2025
| Host         : EEE-R343-01 running 64-bit major release  (build 9200)
| Command      : upgrade_ip
| Device       : xczu28dr-ffvg1517-2-e
---------------------------------------------------------------------------------------------------------------------------------------------

Upgrade Log for IP 'work_pls_axi_dma_0'

1. Summary
----------

SUCCESS in the upgrade of work_pls_axi_dma_0 (xilinx.com:ip:axi_dma:7.1) from (Rev. 32) to (Rev. 29)






Copyright 1986-2022 Xilinx, Inc. All Rights Reserved. Copyright 2022-2023 Advanced Micro Devices, Inc. All Rights Reserved.
---------------------------------------------------------------------------------------------------------------------------------------------
| Tool Version : Vivado v.2023.1 (win64) Build 3865809 Sun May  7 15:05:29 MDT 2023
| Date         : Tue Feb 25 13:27:21 2025
| Host         : EEE-R343-01 running 64-bit major release  (build 9200)
| Command      : upgrade_ip
| Device       : xczu28dr-ffvg1517-2-e
---------------------------------------------------------------------------------------------------------------------------------------------

Upgrade Log for IP 'work_pls_Receiver_0_0'

1. Summary
----------

SUCCESS in the update of work_pls_Receiver_0_0 (strath.ac.uk:SysGen:Receiver:1.0 (Rev. 1)) to current project options.

