<<<<<<< HEAD
# Copyright (C) 1994-2023, Concept Engineering GmbH.
# All Rights Reserved.  Cmd=logfile.
# Nlview 7.7.1 2023-07-26 3bc4126617 VDI=43 GEI=38 GUI=JA:21.0
=======
# Copyright (C) 1994-2022, Concept Engineering GmbH.
# All Rights Reserved.  Cmd=logfile.
# Nlview 7.5.8 2022-09-21 7111 VDI=41 GEI=38 GUI=JA:10.0
>>>>>>> e251704ff3ef0a3fe3bdb3f1591de00b05952ff0
# License cookie [G|T|S|B|*] for HR="Xilinx Inc."
# -----------------------------------------------------------------------------
# property -colorscheme classic
# -----------------------------------------------------------------------------
property attrfontsize 8
property fillcolor1
#R #441133
property fillcolor5
#R #651b4d
property -colorscheme lightblue
property shadowstyle 1
property showpinname 5
property showcellname 1
property showattribute 1
property showinstname 1
property boxminwidth 40
property boxminheight 40
#CMD bind stroke-1 -action {}
#CMD bind stroke-nw-1 -action callback -echo_type line -echo_text {Zoom fit}
#CMD bind stroke-nw-1 -action zoom_fit -echo_type line -echo_text {Zoom fit}
#CMD bind stroke-ne-1 -action zoom_out -echo_type line -echo_text {Zoom -%z}
#CMD bind stroke-se-1 -action zoom_in -echo_type rectangle -autoscroll -echo_text {Zoom area}
#CMD bind stroke-sw-1 -action zoom_in2 -echo_type line -echo_text {Zoom +%z}
module new rfconverter -nosplit
#  * Current module is rfconverter 
load symbol TILE_SYMBOL v HIERBOX port a in
increment -const
load inst Tile_228 TILE_SYMBOL v -pg 1 -y 1 -x 300 -autohide -attr @cell Tile_228 -attr @name {} -attr @fillcolor #f9f7f7
attribute {pin Tile_228 a } -attr @name {}
attribute {hierPin Tile_228 a } -attr @name {}
load symbol s03 v HIERGEN port TX out attrdsp @name -cc 0 0 10
load inst DAC.Tile_228.DAC3.s03 s03 v -hier Tile_228 -pg 1 -y 2 -x 1 -resize 40 40 -autohide -attr @name {}
attribute {inst DAC.Tile_228.DAC3.s03 } -attr @fillcolor #aaa7a7
attribute {pin DAC.Tile_228.DAC3.s03 TX } -attr @name {}
load symbol DAC3mixer syn HIERGEN port LEFT_Q in.left.sq port LEFT_I in.left.sq port RIGHT_Q out.right.sq port RIGHT_I out.right.sq attrdsp @cell -lc 50 50 14
load inst DAC.Tile_228.DAC3.mixer DAC3mixer syn -hier Tile_228 -pg 1 -y 2 -x 11 -resize 80 80 -attr @cell Mixer -attr @name {}
attribute {inst DAC.Tile_228.DAC3.mixer } -attr @fillcolor #e2e0de
attribute {pin DAC.Tile_228.DAC3.mixer LEFT_Q} -attr @fillcolor #ffffff
attribute {pin DAC.Tile_228.DAC3.mixer LEFT_I} -attr @fillcolor #ffffff
attribute {pin DAC.Tile_228.DAC3.mixer RIGHT_Q} -attr @fillcolor #ffffff
attribute {pin DAC.Tile_228.DAC3.mixer RIGHT_I} -attr @fillcolor #ffffff
attribute {pin DAC.Tile_228.DAC3.mixer LEFT_Q} -attr @name Q
attribute {pin DAC.Tile_228.DAC3.mixer LEFT_I} -attr @name I
attribute {pin DAC.Tile_228.DAC3.mixer RIGHT_Q} -attr @name Q
attribute {pin DAC.Tile_228.DAC3.mixer RIGHT_I} -attr @name I
load symbol DAC30 syn HIERGEN port TX in
load inst DAC.Tile_228.DAC3 DAC30 syn -hier Tile_228 -pg 1 -y 2 -x 300 -resize 60 60 -attr @cell DAC3 -autohide
attribute {inst DAC.Tile_228.DAC3} -attr @fillcolor #e2e0de
attribute {inst DAC.Tile_228.DAC3} -attr @name {}
attribute {pin DAC.Tile_228.DAC3 TX } -attr @name {}
load symbol s02 v HIERGEN port TX out attrdsp @name -cc 0 0 10
load inst DAC.Tile_228.DAC2.s02 s02 v -hier Tile_228 -pg 1 -y 102 -x 1 -resize 40 40 -autohide -attr @name {}
attribute {inst DAC.Tile_228.DAC2.s02 } -attr @fillcolor #aaa7a7
attribute {pin DAC.Tile_228.DAC2.s02 TX } -attr @name {}
load symbol DAC2mixer syn HIERGEN port LEFT_Q in.left.sq port LEFT_I in.left.sq port RIGHT_Q out.right.sq port RIGHT_I out.right.sq attrdsp @cell -lc 50 50 14
load inst DAC.Tile_228.DAC2.mixer DAC2mixer syn -hier Tile_228 -pg 1 -y 102 -x 11 -resize 80 80 -attr @cell Mixer -attr @name {}
attribute {inst DAC.Tile_228.DAC2.mixer } -attr @fillcolor #e2e0de
attribute {pin DAC.Tile_228.DAC2.mixer LEFT_Q} -attr @fillcolor #ffffff
attribute {pin DAC.Tile_228.DAC2.mixer LEFT_I} -attr @fillcolor #ffffff
attribute {pin DAC.Tile_228.DAC2.mixer RIGHT_Q} -attr @fillcolor #ffffff
attribute {pin DAC.Tile_228.DAC2.mixer RIGHT_I} -attr @fillcolor #ffffff
attribute {pin DAC.Tile_228.DAC2.mixer LEFT_Q} -attr @name Q
attribute {pin DAC.Tile_228.DAC2.mixer LEFT_I} -attr @name I
attribute {pin DAC.Tile_228.DAC2.mixer RIGHT_Q} -attr @name Q
attribute {pin DAC.Tile_228.DAC2.mixer RIGHT_I} -attr @name I
load symbol DAC21 syn HIERGEN port TX in
load inst DAC.Tile_228.DAC2 DAC21 syn -hier Tile_228 -pg 1 -y 102 -x 300 -resize 60 60 -attr @cell DAC2 -autohide
attribute {inst DAC.Tile_228.DAC2} -attr @fillcolor #e2e0de
attribute {inst DAC.Tile_228.DAC2} -attr @name {}
attribute {pin DAC.Tile_228.DAC2 TX } -attr @name {}
load symbol s01 v HIERGEN port TX out attrdsp @name -cc 0 0 10
load inst DAC.Tile_228.DAC1.s01 s01 v -hier Tile_228 -pg 1 -y 202 -x 1 -resize 40 40 -autohide -attr @name {}
attribute {inst DAC.Tile_228.DAC1.s01 } -attr @fillcolor #aaa7a7
attribute {pin DAC.Tile_228.DAC1.s01 TX } -attr @name {}
load symbol DAC1mixer syn HIERGEN port LEFT_Q in.left.sq port LEFT_I in.left.sq port RIGHT_Q out.right.sq port RIGHT_I out.right.sq attrdsp @cell -lc 50 50 14
load inst DAC.Tile_228.DAC1.mixer DAC1mixer syn -hier Tile_228 -pg 1 -y 202 -x 11 -resize 80 80 -attr @cell Mixer -attr @name {}
attribute {inst DAC.Tile_228.DAC1.mixer } -attr @fillcolor #e2e0de
attribute {pin DAC.Tile_228.DAC1.mixer LEFT_Q} -attr @fillcolor #ffffff
attribute {pin DAC.Tile_228.DAC1.mixer LEFT_I} -attr @fillcolor #ffffff
attribute {pin DAC.Tile_228.DAC1.mixer RIGHT_Q} -attr @fillcolor #ffffff
attribute {pin DAC.Tile_228.DAC1.mixer RIGHT_I} -attr @fillcolor #ffffff
attribute {pin DAC.Tile_228.DAC1.mixer LEFT_Q} -attr @name Q
attribute {pin DAC.Tile_228.DAC1.mixer LEFT_I} -attr @name I
attribute {pin DAC.Tile_228.DAC1.mixer RIGHT_Q} -attr @name Q
attribute {pin DAC.Tile_228.DAC1.mixer RIGHT_I} -attr @name I
load symbol DAC12 syn HIERGEN port TX in
load inst DAC.Tile_228.DAC1 DAC12 syn -hier Tile_228 -pg 1 -y 202 -x 300 -resize 60 60 -attr @cell DAC1 -autohide
attribute {inst DAC.Tile_228.DAC1} -attr @fillcolor #e2e0de
attribute {inst DAC.Tile_228.DAC1} -attr @name {}
attribute {pin DAC.Tile_228.DAC1 TX } -attr @name {}
load symbol s00 v HIERGEN port TX out attrdsp @name -cc 0 0 10
load inst DAC.Tile_228.DAC0.s00 s00 v -hier Tile_228 -pg 1 -y 302 -x 1 -resize 40 40 -autohide -attr @name {}
attribute {inst DAC.Tile_228.DAC0.s00 } -attr @fillcolor #aaa7a7
attribute {pin DAC.Tile_228.DAC0.s00 TX } -attr @name {}
load symbol DAC0mixer syn HIERGEN port LEFT_Q in.left.sq port LEFT_I in.left.sq port RIGHT_Q out.right.sq port RIGHT_I out.right.sq attrdsp @cell -lc 50 50 14
load inst DAC.Tile_228.DAC0.mixer DAC0mixer syn -hier Tile_228 -pg 1 -y 302 -x 11 -resize 80 80 -attr @cell Mixer -attr @name {}
attribute {inst DAC.Tile_228.DAC0.mixer } -attr @fillcolor #e2e0de
attribute {pin DAC.Tile_228.DAC0.mixer LEFT_Q} -attr @fillcolor #ffffff
attribute {pin DAC.Tile_228.DAC0.mixer LEFT_I} -attr @fillcolor #ffffff
attribute {pin DAC.Tile_228.DAC0.mixer RIGHT_Q} -attr @fillcolor #ffffff
attribute {pin DAC.Tile_228.DAC0.mixer RIGHT_I} -attr @fillcolor #ffffff
attribute {pin DAC.Tile_228.DAC0.mixer LEFT_Q} -attr @name Q
attribute {pin DAC.Tile_228.DAC0.mixer LEFT_I} -attr @name I
attribute {pin DAC.Tile_228.DAC0.mixer RIGHT_Q} -attr @name Q
attribute {pin DAC.Tile_228.DAC0.mixer RIGHT_I} -attr @name I
load symbol DAC03 syn HIERGEN port TX in
load inst DAC.Tile_228.DAC0 DAC03 syn -hier Tile_228 -pg 1 -y 302 -x 300 -resize 60 60 -attr @cell DAC0 -autohide
attribute {inst DAC.Tile_228.DAC0} -attr @fillcolor #e2e0de
attribute {inst DAC.Tile_228.DAC0} -attr @name {}
attribute {pin DAC.Tile_228.DAC0 TX } -attr @name {}
load inst Tile_229 TILE_SYMBOL v -pg 1 -y 1 -x 300 -autohide -attr @cell Tile_229 -attr @name {} -attr @fillcolor #f9f7f7
attribute {pin Tile_229 a } -attr @name {}
attribute {hierPin Tile_229 a } -attr @name {}
load symbol s03 v HIERGEN port TX out attrdsp @name -cc 0 0 10
load inst DAC.Tile_229.DAC3.s03 s03 v -hier Tile_229 -pg 1 -y 2 -x 1 -resize 40 40 -autohide -attr @name {}
attribute {inst DAC.Tile_229.DAC3.s03 } -attr @fillcolor #aaa7a7
attribute {pin DAC.Tile_229.DAC3.s03 TX } -attr @name {}
load symbol DAC3mixer syn HIERGEN port LEFT_Q in.left.sq port LEFT_I in.left.sq port RIGHT_Q out.right.sq port RIGHT_I out.right.sq attrdsp @cell -lc 50 50 14
load inst DAC.Tile_229.DAC3.mixer DAC3mixer syn -hier Tile_229 -pg 1 -y 2 -x 11 -resize 80 80 -attr @cell Mixer -attr @name {}
attribute {inst DAC.Tile_229.DAC3.mixer } -attr @fillcolor #e2e0de
attribute {pin DAC.Tile_229.DAC3.mixer LEFT_Q} -attr @fillcolor #ffffff
attribute {pin DAC.Tile_229.DAC3.mixer LEFT_I} -attr @fillcolor #ffffff
attribute {pin DAC.Tile_229.DAC3.mixer RIGHT_Q} -attr @fillcolor #ffffff
attribute {pin DAC.Tile_229.DAC3.mixer RIGHT_I} -attr @fillcolor #ffffff
attribute {pin DAC.Tile_229.DAC3.mixer LEFT_Q} -attr @name Q
attribute {pin DAC.Tile_229.DAC3.mixer LEFT_I} -attr @name I
attribute {pin DAC.Tile_229.DAC3.mixer RIGHT_Q} -attr @name Q
attribute {pin DAC.Tile_229.DAC3.mixer RIGHT_I} -attr @name I
load symbol DAC34 syn HIERGEN port TX in
load inst DAC.Tile_229.DAC3 DAC34 syn -hier Tile_229 -pg 1 -y 2 -x 300 -resize 60 60 -attr @cell DAC3 -autohide
attribute {inst DAC.Tile_229.DAC3} -attr @fillcolor #e2e0de
attribute {inst DAC.Tile_229.DAC3} -attr @name {}
attribute {pin DAC.Tile_229.DAC3 TX } -attr @name {}
load symbol s02 v HIERGEN port TX out attrdsp @name -cc 0 0 10
load inst DAC.Tile_229.DAC2.s02 s02 v -hier Tile_229 -pg 1 -y 102 -x 1 -resize 40 40 -autohide -attr @name {}
attribute {inst DAC.Tile_229.DAC2.s02 } -attr @fillcolor #aaa7a7
attribute {pin DAC.Tile_229.DAC2.s02 TX } -attr @name {}
load symbol DAC2mixer syn HIERGEN port LEFT_Q in.left.sq port LEFT_I in.left.sq port RIGHT_Q out.right.sq port RIGHT_I out.right.sq attrdsp @cell -lc 50 50 14
load inst DAC.Tile_229.DAC2.mixer DAC2mixer syn -hier Tile_229 -pg 1 -y 102 -x 11 -resize 80 80 -attr @cell Mixer -attr @name {}
attribute {inst DAC.Tile_229.DAC2.mixer } -attr @fillcolor #e2e0de
attribute {pin DAC.Tile_229.DAC2.mixer LEFT_Q} -attr @fillcolor #ffffff
attribute {pin DAC.Tile_229.DAC2.mixer LEFT_I} -attr @fillcolor #ffffff
attribute {pin DAC.Tile_229.DAC2.mixer RIGHT_Q} -attr @fillcolor #ffffff
attribute {pin DAC.Tile_229.DAC2.mixer RIGHT_I} -attr @fillcolor #ffffff
attribute {pin DAC.Tile_229.DAC2.mixer LEFT_Q} -attr @name Q
attribute {pin DAC.Tile_229.DAC2.mixer LEFT_I} -attr @name I
attribute {pin DAC.Tile_229.DAC2.mixer RIGHT_Q} -attr @name Q
attribute {pin DAC.Tile_229.DAC2.mixer RIGHT_I} -attr @name I
load symbol DAC25 syn HIERGEN port TX in
load inst DAC.Tile_229.DAC2 DAC25 syn -hier Tile_229 -pg 1 -y 102 -x 300 -resize 60 60 -attr @cell DAC2 -autohide
attribute {inst DAC.Tile_229.DAC2} -attr @fillcolor #e2e0de
attribute {inst DAC.Tile_229.DAC2} -attr @name {}
attribute {pin DAC.Tile_229.DAC2 TX } -attr @name {}
load symbol s01 v HIERGEN port TX out attrdsp @name -cc 0 0 10
load inst DAC.Tile_229.DAC1.s01 s01 v -hier Tile_229 -pg 1 -y 202 -x 1 -resize 40 40 -autohide -attr @name {}
attribute {inst DAC.Tile_229.DAC1.s01 } -attr @fillcolor #aaa7a7
attribute {pin DAC.Tile_229.DAC1.s01 TX } -attr @name {}
load symbol DAC1mixer syn HIERGEN port LEFT_Q in.left.sq port LEFT_I in.left.sq port RIGHT_Q out.right.sq port RIGHT_I out.right.sq attrdsp @cell -lc 50 50 14
load inst DAC.Tile_229.DAC1.mixer DAC1mixer syn -hier Tile_229 -pg 1 -y 202 -x 11 -resize 80 80 -attr @cell Mixer -attr @name {}
attribute {inst DAC.Tile_229.DAC1.mixer } -attr @fillcolor #e2e0de
attribute {pin DAC.Tile_229.DAC1.mixer LEFT_Q} -attr @fillcolor #ffffff
attribute {pin DAC.Tile_229.DAC1.mixer LEFT_I} -attr @fillcolor #ffffff
attribute {pin DAC.Tile_229.DAC1.mixer RIGHT_Q} -attr @fillcolor #ffffff
attribute {pin DAC.Tile_229.DAC1.mixer RIGHT_I} -attr @fillcolor #ffffff
attribute {pin DAC.Tile_229.DAC1.mixer LEFT_Q} -attr @name Q
attribute {pin DAC.Tile_229.DAC1.mixer LEFT_I} -attr @name I
attribute {pin DAC.Tile_229.DAC1.mixer RIGHT_Q} -attr @name Q
attribute {pin DAC.Tile_229.DAC1.mixer RIGHT_I} -attr @name I
load symbol DAC16 syn HIERGEN port TX in
load inst DAC.Tile_229.DAC1 DAC16 syn -hier Tile_229 -pg 1 -y 202 -x 300 -resize 60 60 -attr @cell DAC1 -autohide
attribute {inst DAC.Tile_229.DAC1} -attr @fillcolor #e2e0de
attribute {inst DAC.Tile_229.DAC1} -attr @name {}
attribute {pin DAC.Tile_229.DAC1 TX } -attr @name {}
load symbol s00 v HIERGEN port TX out attrdsp @name -cc 0 0 10
load inst DAC.Tile_229.DAC0.s00 s00 v -hier Tile_229 -pg 1 -y 302 -x 1 -resize 40 40 -autohide -attr @name {}
attribute {inst DAC.Tile_229.DAC0.s00 } -attr @fillcolor #aaa7a7
attribute {pin DAC.Tile_229.DAC0.s00 TX } -attr @name {}
load symbol DAC0mixer syn HIERGEN port LEFT_Q in.left.sq port LEFT_I in.left.sq port RIGHT_Q out.right.sq port RIGHT_I out.right.sq attrdsp @cell -lc 50 50 14
load inst DAC.Tile_229.DAC0.mixer DAC0mixer syn -hier Tile_229 -pg 1 -y 302 -x 11 -resize 80 80 -attr @cell Mixer -attr @name {}
attribute {inst DAC.Tile_229.DAC0.mixer } -attr @fillcolor #e2e0de
attribute {pin DAC.Tile_229.DAC0.mixer LEFT_Q} -attr @fillcolor #ffffff
attribute {pin DAC.Tile_229.DAC0.mixer LEFT_I} -attr @fillcolor #ffffff
attribute {pin DAC.Tile_229.DAC0.mixer RIGHT_Q} -attr @fillcolor #ffffff
attribute {pin DAC.Tile_229.DAC0.mixer RIGHT_I} -attr @fillcolor #ffffff
attribute {pin DAC.Tile_229.DAC0.mixer LEFT_Q} -attr @name Q
attribute {pin DAC.Tile_229.DAC0.mixer LEFT_I} -attr @name I
attribute {pin DAC.Tile_229.DAC0.mixer RIGHT_Q} -attr @name Q
attribute {pin DAC.Tile_229.DAC0.mixer RIGHT_I} -attr @name I
load symbol DAC07 syn HIERGEN port TX in
load inst DAC.Tile_229.DAC0 DAC07 syn -hier Tile_229 -pg 1 -y 302 -x 300 -resize 60 60 -attr @cell DAC0 -autohide
attribute {inst DAC.Tile_229.DAC0} -attr @fillcolor #e2e0de
attribute {inst DAC.Tile_229.DAC0} -attr @name {}
attribute {pin DAC.Tile_229.DAC0 TX } -attr @name {}
show
<<<<<<< HEAD
# Starting Split Pages                                                  178.00
# NoSplit 26 Comps, 0 Nets 0 NetBundles                                 178.00
# End of Split Pages                                                    178.00
# Generating Regions for Page 1:   26 Comps,    0 Nets                  178.00
# Analyze                                                               178.00
# Levelize                                                              178.00
# End of LevelAssign mode=I, 4 Levels, 12 Comps, limit=30000            178.00
# Nets                                                                  178.00
# Place                                                                 178.00
# PlaceNets                                                             178.00
# SpaceY                                                                178.00
# Track                                                                 178.00
# SpaceX                                                                178.00
# Wire                                                                  178.00
# End of Wire: 0 nets, 0 ch, wire: 0-->0 (0 with wbits)                 178.00
# End of doGenerate                                                     178.00
# Analyze                                                               178.00
# Levelize                                                              178.00
# End of LevelAssign mode=I, 4 Levels, 12 Comps, limit=30000            178.00
# Nets                                                                  178.00
# Place                                                                 178.00
# PlaceNets                                                             178.00
# SpaceY                                                                178.00
# Track                                                                 178.00
# SpaceX                                                                178.00
# Wire                                                                  178.00
# End of Wire: 0 nets, 0 ch, wire: 0-->0 (0 with wbits)                 178.00
# End of doGenerate                                                     178.00
# Analyze                                                               178.00
# Levelize                                                              178.00
# End of LevelAssign mode=I, 2 Levels, 2 Comps, limit=30000             178.00
# Nets                                                                  178.00
# Place                                                                 178.00
# PlaceNets                                                             178.00
# SpaceY                                                                178.00
# Track                                                                 178.00
# SpaceX                                                                178.00
# Wire                                                                  178.00
# End of Wire: 0 nets, 0 ch, wire: 0-->0 (0 with wbits)                 178.00
# End of doGenerate                                                     178.00
# End of Generating Regions for Page 1                                  178.00
=======
# Starting Split Pages                                                  244.97
# NoSplit 26 Comps, 0 Nets 0 NetBundles                                 244.97
# End of Split Pages                                                    244.97
# Generating Regions for Page 1:   26 Comps,    0 Nets                  244.97
# Analyze                                                               244.97
# Levelize                                                              244.97
# End of LevelAssign mode=I, 4 Levels, 12 Comps, limit=30000            244.97
# Nets                                                                  244.97
# Place                                                                 244.97
# PlaceNets                                                             244.97
# SpaceY                                                                244.97
# Track                                                                 244.97
# SpaceX                                                                244.97
# Wire                                                                  244.97
# End of Wire: 0 nets, 0 ch, wire: 0-->0 (0 with wbits)                 244.97
# End of doGenerate                                                     244.97
# Analyze                                                               244.97
# Levelize                                                              244.97
# End of LevelAssign mode=I, 4 Levels, 12 Comps, limit=30000            244.97
# Nets                                                                  244.97
# Place                                                                 244.97
# PlaceNets                                                             244.97
# SpaceY                                                                244.97
# Track                                                                 244.97
# SpaceX                                                                244.97
# Wire                                                                  244.97
# End of Wire: 0 nets, 0 ch, wire: 0-->0 (0 with wbits)                 244.97
# End of doGenerate                                                     244.97
# Analyze                                                               244.97
# Levelize                                                              244.97
# End of LevelAssign mode=I, 2 Levels, 2 Comps, limit=30000             244.97
# Nets                                                                  244.97
# Place                                                                 244.97
# PlaceNets                                                             244.97
# SpaceY                                                                244.97
# Track                                                                 244.97
# SpaceX                                                                244.97
# Wire                                                                  244.97
# End of Wire: 0 nets, 0 ch, wire: 0-->0 (0 with wbits)                 244.97
# End of doGenerate                                                     244.97
# End of Generating Regions for Page 1                                  244.97
>>>>>>> e251704ff3ef0a3fe3bdb3f1591de00b05952ff0
scrollpos 108 340
zoom -x 0 -y 0 0.5
scrollpos 68 213
#R 0.5
#CMD scrollpos 0 0
scrollpos 0 0
module new rfconverter -nosplit
#  * Current module is rfconverter 
load symbol TILE_SYMBOL v HIERBOX port a in
increment -const
load inst Tile_228 TILE_SYMBOL v -pg 1 -y 1 -x 300 -autohide -attr @cell Tile_228 -attr @name {} -attr @fillcolor #f9f7f7
attribute {pin Tile_228 a } -attr @name {}
attribute {hierPin Tile_228 a } -attr @name {}
load symbol s03 v HIERGEN port TX out attrdsp @name -cc 0 0 10
load inst DAC.Tile_228.DAC3.s03 s03 v -hier Tile_228 -pg 1 -y 2 -x 1 -resize 40 40 -autohide -attr @name {}
attribute {inst DAC.Tile_228.DAC3.s03 } -attr @fillcolor #aaa7a7
attribute {pin DAC.Tile_228.DAC3.s03 TX } -attr @name {}
load symbol DAC3mixer syn HIERGEN port LEFT_Q in.left.sq port LEFT_I in.left.sq port RIGHT_Q out.right.sq port RIGHT_I out.right.sq attrdsp @cell -lc 50 50 14
load inst DAC.Tile_228.DAC3.mixer DAC3mixer syn -hier Tile_228 -pg 1 -y 2 -x 11 -resize 80 80 -attr @cell Mixer -attr @name {}
attribute {inst DAC.Tile_228.DAC3.mixer } -attr @fillcolor #e2e0de
attribute {pin DAC.Tile_228.DAC3.mixer LEFT_Q} -attr @fillcolor #ffffff
attribute {pin DAC.Tile_228.DAC3.mixer LEFT_I} -attr @fillcolor #ffffff
attribute {pin DAC.Tile_228.DAC3.mixer RIGHT_Q} -attr @fillcolor #ffffff
attribute {pin DAC.Tile_228.DAC3.mixer RIGHT_I} -attr @fillcolor #ffffff
attribute {pin DAC.Tile_228.DAC3.mixer LEFT_Q} -attr @name Q
attribute {pin DAC.Tile_228.DAC3.mixer LEFT_I} -attr @name I
attribute {pin DAC.Tile_228.DAC3.mixer RIGHT_Q} -attr @name Q
attribute {pin DAC.Tile_228.DAC3.mixer RIGHT_I} -attr @name I
load symbol DAC30 syn HIERGEN port TX in
load inst DAC.Tile_228.DAC3 DAC30 syn -hier Tile_228 -pg 1 -y 2 -x 300 -resize 60 60 -attr @cell DAC3 -autohide
attribute {inst DAC.Tile_228.DAC3} -attr @fillcolor #e2e0de
attribute {inst DAC.Tile_228.DAC3} -attr @name {}
attribute {pin DAC.Tile_228.DAC3 TX } -attr @name {}
load symbol s02 v HIERGEN port TX out attrdsp @name -cc 0 0 10
load inst DAC.Tile_228.DAC2.s02 s02 v -hier Tile_228 -pg 1 -y 102 -x 1 -resize 40 40 -autohide -attr @name {}
attribute {inst DAC.Tile_228.DAC2.s02 } -attr @fillcolor #aaa7a7
attribute {pin DAC.Tile_228.DAC2.s02 TX } -attr @name {}
load symbol DAC2mixer syn HIERGEN port LEFT_Q in.left.sq port LEFT_I in.left.sq port RIGHT_Q out.right.sq port RIGHT_I out.right.sq attrdsp @cell -lc 50 50 14
load inst DAC.Tile_228.DAC2.mixer DAC2mixer syn -hier Tile_228 -pg 1 -y 102 -x 11 -resize 80 80 -attr @cell Mixer -attr @name {}
attribute {inst DAC.Tile_228.DAC2.mixer } -attr @fillcolor #e2e0de
attribute {pin DAC.Tile_228.DAC2.mixer LEFT_Q} -attr @fillcolor #ffffff
attribute {pin DAC.Tile_228.DAC2.mixer LEFT_I} -attr @fillcolor #ffffff
attribute {pin DAC.Tile_228.DAC2.mixer RIGHT_Q} -attr @fillcolor #ffffff
attribute {pin DAC.Tile_228.DAC2.mixer RIGHT_I} -attr @fillcolor #ffffff
attribute {pin DAC.Tile_228.DAC2.mixer LEFT_Q} -attr @name Q
attribute {pin DAC.Tile_228.DAC2.mixer LEFT_I} -attr @name I
attribute {pin DAC.Tile_228.DAC2.mixer RIGHT_Q} -attr @name Q
attribute {pin DAC.Tile_228.DAC2.mixer RIGHT_I} -attr @name I
load symbol DAC21 syn HIERGEN port TX in
load inst DAC.Tile_228.DAC2 DAC21 syn -hier Tile_228 -pg 1 -y 102 -x 300 -resize 60 60 -attr @cell DAC2 -autohide
attribute {inst DAC.Tile_228.DAC2} -attr @fillcolor #e2e0de
attribute {inst DAC.Tile_228.DAC2} -attr @name {}
attribute {pin DAC.Tile_228.DAC2 TX } -attr @name {}
load symbol s01 v HIERGEN port TX out attrdsp @name -cc 0 0 10
load inst DAC.Tile_228.DAC1.s01 s01 v -hier Tile_228 -pg 1 -y 202 -x 1 -resize 40 40 -autohide -attr @name {}
attribute {inst DAC.Tile_228.DAC1.s01 } -attr @fillcolor #aaa7a7
attribute {pin DAC.Tile_228.DAC1.s01 TX } -attr @name {}
load symbol DAC1mixer syn HIERGEN port LEFT_Q in.left.sq port LEFT_I in.left.sq port RIGHT_Q out.right.sq port RIGHT_I out.right.sq attrdsp @cell -lc 50 50 14
load inst DAC.Tile_228.DAC1.mixer DAC1mixer syn -hier Tile_228 -pg 1 -y 202 -x 11 -resize 80 80 -attr @cell Mixer -attr @name {}
attribute {inst DAC.Tile_228.DAC1.mixer } -attr @fillcolor #e2e0de
attribute {pin DAC.Tile_228.DAC1.mixer LEFT_Q} -attr @fillcolor #ffffff
attribute {pin DAC.Tile_228.DAC1.mixer LEFT_I} -attr @fillcolor #ffffff
attribute {pin DAC.Tile_228.DAC1.mixer RIGHT_Q} -attr @fillcolor #ffffff
attribute {pin DAC.Tile_228.DAC1.mixer RIGHT_I} -attr @fillcolor #ffffff
attribute {pin DAC.Tile_228.DAC1.mixer LEFT_Q} -attr @name Q
attribute {pin DAC.Tile_228.DAC1.mixer LEFT_I} -attr @name I
attribute {pin DAC.Tile_228.DAC1.mixer RIGHT_Q} -attr @name Q
attribute {pin DAC.Tile_228.DAC1.mixer RIGHT_I} -attr @name I
load symbol DAC12 syn HIERGEN port TX in
load inst DAC.Tile_228.DAC1 DAC12 syn -hier Tile_228 -pg 1 -y 202 -x 300 -resize 60 60 -attr @cell DAC1 -autohide
attribute {inst DAC.Tile_228.DAC1} -attr @fillcolor #e2e0de
attribute {inst DAC.Tile_228.DAC1} -attr @name {}
attribute {pin DAC.Tile_228.DAC1 TX } -attr @name {}
load symbol s00 v HIERGEN port TX out attrdsp @name -cc 0 0 10
load inst DAC.Tile_228.DAC0.s00 s00 v -hier Tile_228 -pg 1 -y 302 -x 1 -resize 40 40 -autohide -attr @name {}
attribute {inst DAC.Tile_228.DAC0.s00 } -attr @fillcolor #aaa7a7
attribute {pin DAC.Tile_228.DAC0.s00 TX } -attr @name {}
load symbol DAC0mixer syn HIERGEN port LEFT_Q in.left.sq port LEFT_I in.left.sq port RIGHT_Q out.right.sq port RIGHT_I out.right.sq attrdsp @cell -lc 50 50 14
load inst DAC.Tile_228.DAC0.mixer DAC0mixer syn -hier Tile_228 -pg 1 -y 302 -x 11 -resize 80 80 -attr @cell Mixer -attr @name {}
attribute {inst DAC.Tile_228.DAC0.mixer } -attr @fillcolor #e2e0de
attribute {pin DAC.Tile_228.DAC0.mixer LEFT_Q} -attr @fillcolor #ffffff
attribute {pin DAC.Tile_228.DAC0.mixer LEFT_I} -attr @fillcolor #ffffff
attribute {pin DAC.Tile_228.DAC0.mixer RIGHT_Q} -attr @fillcolor #ffffff
attribute {pin DAC.Tile_228.DAC0.mixer RIGHT_I} -attr @fillcolor #ffffff
attribute {pin DAC.Tile_228.DAC0.mixer LEFT_Q} -attr @name Q
attribute {pin DAC.Tile_228.DAC0.mixer LEFT_I} -attr @name I
attribute {pin DAC.Tile_228.DAC0.mixer RIGHT_Q} -attr @name Q
attribute {pin DAC.Tile_228.DAC0.mixer RIGHT_I} -attr @name I
load symbol DAC03 syn HIERGEN port TX in
load inst DAC.Tile_228.DAC0 DAC03 syn -hier Tile_228 -pg 1 -y 302 -x 300 -resize 60 60 -attr @cell DAC0 -autohide
attribute {inst DAC.Tile_228.DAC0} -attr @fillcolor #e2e0de
attribute {inst DAC.Tile_228.DAC0} -attr @name {}
attribute {pin DAC.Tile_228.DAC0 TX } -attr @name {}
load inst Tile_229 TILE_SYMBOL v -pg 1 -y 1 -x 300 -autohide -attr @cell Tile_229 -attr @name {} -attr @fillcolor #f9f7f7
attribute {pin Tile_229 a } -attr @name {}
attribute {hierPin Tile_229 a } -attr @name {}
load symbol s03 v HIERGEN port TX out attrdsp @name -cc 0 0 10
load inst DAC.Tile_229.DAC3.s03 s03 v -hier Tile_229 -pg 1 -y 2 -x 1 -resize 40 40 -autohide -attr @name {}
attribute {inst DAC.Tile_229.DAC3.s03 } -attr @fillcolor #aaa7a7
attribute {pin DAC.Tile_229.DAC3.s03 TX } -attr @name {}
load symbol DAC3mixer syn HIERGEN port LEFT_Q in.left.sq port LEFT_I in.left.sq port RIGHT_Q out.right.sq port RIGHT_I out.right.sq attrdsp @cell -lc 50 50 14
load inst DAC.Tile_229.DAC3.mixer DAC3mixer syn -hier Tile_229 -pg 1 -y 2 -x 11 -resize 80 80 -attr @cell Mixer -attr @name {}
attribute {inst DAC.Tile_229.DAC3.mixer } -attr @fillcolor #e2e0de
attribute {pin DAC.Tile_229.DAC3.mixer LEFT_Q} -attr @fillcolor #ffffff
attribute {pin DAC.Tile_229.DAC3.mixer LEFT_I} -attr @fillcolor #ffffff
attribute {pin DAC.Tile_229.DAC3.mixer RIGHT_Q} -attr @fillcolor #ffffff
attribute {pin DAC.Tile_229.DAC3.mixer RIGHT_I} -attr @fillcolor #ffffff
attribute {pin DAC.Tile_229.DAC3.mixer LEFT_Q} -attr @name Q
attribute {pin DAC.Tile_229.DAC3.mixer LEFT_I} -attr @name I
attribute {pin DAC.Tile_229.DAC3.mixer RIGHT_Q} -attr @name Q
attribute {pin DAC.Tile_229.DAC3.mixer RIGHT_I} -attr @name I
load symbol DAC34 syn HIERGEN port TX in
load inst DAC.Tile_229.DAC3 DAC34 syn -hier Tile_229 -pg 1 -y 2 -x 300 -resize 60 60 -attr @cell DAC3 -autohide
attribute {inst DAC.Tile_229.DAC3} -attr @fillcolor #e2e0de
attribute {inst DAC.Tile_229.DAC3} -attr @name {}
attribute {pin DAC.Tile_229.DAC3 TX } -attr @name {}
load symbol s02 v HIERGEN port TX out attrdsp @name -cc 0 0 10
load inst DAC.Tile_229.DAC2.s02 s02 v -hier Tile_229 -pg 1 -y 102 -x 1 -resize 40 40 -autohide -attr @name {}
attribute {inst DAC.Tile_229.DAC2.s02 } -attr @fillcolor #aaa7a7
attribute {pin DAC.Tile_229.DAC2.s02 TX } -attr @name {}
load symbol DAC2mixer syn HIERGEN port LEFT_Q in.left.sq port LEFT_I in.left.sq port RIGHT_Q out.right.sq port RIGHT_I out.right.sq attrdsp @cell -lc 50 50 14
load inst DAC.Tile_229.DAC2.mixer DAC2mixer syn -hier Tile_229 -pg 1 -y 102 -x 11 -resize 80 80 -attr @cell Mixer -attr @name {}
attribute {inst DAC.Tile_229.DAC2.mixer } -attr @fillcolor #e2e0de
attribute {pin DAC.Tile_229.DAC2.mixer LEFT_Q} -attr @fillcolor #ffffff
attribute {pin DAC.Tile_229.DAC2.mixer LEFT_I} -attr @fillcolor #ffffff
attribute {pin DAC.Tile_229.DAC2.mixer RIGHT_Q} -attr @fillcolor #ffffff
attribute {pin DAC.Tile_229.DAC2.mixer RIGHT_I} -attr @fillcolor #ffffff
attribute {pin DAC.Tile_229.DAC2.mixer LEFT_Q} -attr @name Q
attribute {pin DAC.Tile_229.DAC2.mixer LEFT_I} -attr @name I
attribute {pin DAC.Tile_229.DAC2.mixer RIGHT_Q} -attr @name Q
attribute {pin DAC.Tile_229.DAC2.mixer RIGHT_I} -attr @name I
load symbol DAC25 syn HIERGEN port TX in
load inst DAC.Tile_229.DAC2 DAC25 syn -hier Tile_229 -pg 1 -y 102 -x 300 -resize 60 60 -attr @cell DAC2 -autohide
attribute {inst DAC.Tile_229.DAC2} -attr @fillcolor #e2e0de
attribute {inst DAC.Tile_229.DAC2} -attr @name {}
attribute {pin DAC.Tile_229.DAC2 TX } -attr @name {}
load symbol s01 v HIERGEN port TX out attrdsp @name -cc 0 0 10
load inst DAC.Tile_229.DAC1.s01 s01 v -hier Tile_229 -pg 1 -y 202 -x 1 -resize 40 40 -autohide -attr @name {}
attribute {inst DAC.Tile_229.DAC1.s01 } -attr @fillcolor #aaa7a7
attribute {pin DAC.Tile_229.DAC1.s01 TX } -attr @name {}
load symbol DAC1mixer syn HIERGEN port LEFT_Q in.left.sq port LEFT_I in.left.sq port RIGHT_Q out.right.sq port RIGHT_I out.right.sq attrdsp @cell -lc 50 50 14
load inst DAC.Tile_229.DAC1.mixer DAC1mixer syn -hier Tile_229 -pg 1 -y 202 -x 11 -resize 80 80 -attr @cell Mixer -attr @name {}
attribute {inst DAC.Tile_229.DAC1.mixer } -attr @fillcolor #e2e0de
attribute {pin DAC.Tile_229.DAC1.mixer LEFT_Q} -attr @fillcolor #ffffff
attribute {pin DAC.Tile_229.DAC1.mixer LEFT_I} -attr @fillcolor #ffffff
attribute {pin DAC.Tile_229.DAC1.mixer RIGHT_Q} -attr @fillcolor #ffffff
attribute {pin DAC.Tile_229.DAC1.mixer RIGHT_I} -attr @fillcolor #ffffff
attribute {pin DAC.Tile_229.DAC1.mixer LEFT_Q} -attr @name Q
attribute {pin DAC.Tile_229.DAC1.mixer LEFT_I} -attr @name I
attribute {pin DAC.Tile_229.DAC1.mixer RIGHT_Q} -attr @name Q
attribute {pin DAC.Tile_229.DAC1.mixer RIGHT_I} -attr @name I
load symbol DAC16 syn HIERGEN port TX in
load inst DAC.Tile_229.DAC1 DAC16 syn -hier Tile_229 -pg 1 -y 202 -x 300 -resize 60 60 -attr @cell DAC1 -autohide
attribute {inst DAC.Tile_229.DAC1} -attr @fillcolor #e2e0de
attribute {inst DAC.Tile_229.DAC1} -attr @name {}
attribute {pin DAC.Tile_229.DAC1 TX } -attr @name {}
load symbol s00 v HIERGEN port TX out attrdsp @name -cc 0 0 10
load inst DAC.Tile_229.DAC0.s00 s00 v -hier Tile_229 -pg 1 -y 302 -x 1 -resize 40 40 -autohide -attr @name {}
attribute {inst DAC.Tile_229.DAC0.s00 } -attr @fillcolor #aaa7a7
attribute {pin DAC.Tile_229.DAC0.s00 TX } -attr @name {}
load symbol DAC0mixer syn HIERGEN port LEFT_Q in.left.sq port LEFT_I in.left.sq port RIGHT_Q out.right.sq port RIGHT_I out.right.sq attrdsp @cell -lc 50 50 14
load inst DAC.Tile_229.DAC0.mixer DAC0mixer syn -hier Tile_229 -pg 1 -y 302 -x 11 -resize 80 80 -attr @cell Mixer -attr @name {}
attribute {inst DAC.Tile_229.DAC0.mixer } -attr @fillcolor #e2e0de
attribute {pin DAC.Tile_229.DAC0.mixer LEFT_Q} -attr @fillcolor #ffffff
attribute {pin DAC.Tile_229.DAC0.mixer LEFT_I} -attr @fillcolor #ffffff
attribute {pin DAC.Tile_229.DAC0.mixer RIGHT_Q} -attr @fillcolor #ffffff
attribute {pin DAC.Tile_229.DAC0.mixer RIGHT_I} -attr @fillcolor #ffffff
attribute {pin DAC.Tile_229.DAC0.mixer LEFT_Q} -attr @name Q
attribute {pin DAC.Tile_229.DAC0.mixer LEFT_I} -attr @name I
attribute {pin DAC.Tile_229.DAC0.mixer RIGHT_Q} -attr @name Q
attribute {pin DAC.Tile_229.DAC0.mixer RIGHT_I} -attr @name I
load symbol DAC07 syn HIERGEN port TX in
load inst DAC.Tile_229.DAC0 DAC07 syn -hier Tile_229 -pg 1 -y 302 -x 300 -resize 60 60 -attr @cell DAC0 -autohide
attribute {inst DAC.Tile_229.DAC0} -attr @fillcolor #e2e0de
attribute {inst DAC.Tile_229.DAC0} -attr @name {}
attribute {pin DAC.Tile_229.DAC0 TX } -attr @name {}
show
<<<<<<< HEAD
# Starting Split Pages                                                  178.00
# NoSplit 26 Comps, 0 Nets 0 NetBundles                                 178.00
# End of Split Pages                                                    178.00
# Generating Regions for Page 1:   26 Comps,    0 Nets                  178.00
# Analyze                                                               178.00
# Levelize                                                              178.00
# End of LevelAssign mode=I, 4 Levels, 12 Comps, limit=30000            178.00
# Nets                                                                  178.00
# Place                                                                 178.00
# PlaceNets                                                             178.00
# SpaceY                                                                178.00
# Track                                                                 178.00
# SpaceX                                                                178.00
# Wire                                                                  178.00
# End of Wire: 0 nets, 0 ch, wire: 0-->0 (0 with wbits)                 178.00
# End of doGenerate                                                     178.00
# Analyze                                                               178.00
# Levelize                                                              178.00
# End of LevelAssign mode=I, 4 Levels, 12 Comps, limit=30000            178.00
# Nets                                                                  178.00
# Place                                                                 178.00
# PlaceNets                                                             178.00
# SpaceY                                                                178.00
# Track                                                                 178.00
# SpaceX                                                                178.00
# Wire                                                                  178.00
# End of Wire: 0 nets, 0 ch, wire: 0-->0 (0 with wbits)                 178.00
# End of doGenerate                                                     178.00
# Analyze                                                               178.00
# Levelize                                                              178.00
# End of LevelAssign mode=I, 2 Levels, 2 Comps, limit=30000             178.00
# Nets                                                                  178.00
# Place                                                                 178.00
# PlaceNets                                                             178.00
# SpaceY                                                                178.00
# Track                                                                 178.00
# SpaceX                                                                178.00
# Wire                                                                  178.00
# End of Wire: 0 nets, 0 ch, wire: 0-->0 (0 with wbits)                 178.00
# End of doGenerate                                                     178.00
# End of Generating Regions for Page 1                                  178.00
=======
# Starting Split Pages                                                  244.97
# NoSplit 26 Comps, 0 Nets 0 NetBundles                                 244.97
# End of Split Pages                                                    244.97
# Generating Regions for Page 1:   26 Comps,    0 Nets                  244.97
# Analyze                                                               244.97
# Levelize                                                              244.97
# End of LevelAssign mode=I, 4 Levels, 12 Comps, limit=30000            244.97
# Nets                                                                  244.97
# Place                                                                 244.97
# PlaceNets                                                             244.97
# SpaceY                                                                244.97
# Track                                                                 244.97
# SpaceX                                                                244.97
# Wire                                                                  244.97
# End of Wire: 0 nets, 0 ch, wire: 0-->0 (0 with wbits)                 244.97
# End of doGenerate                                                     244.97
# Analyze                                                               244.97
# Levelize                                                              244.97
# End of LevelAssign mode=I, 4 Levels, 12 Comps, limit=30000            244.97
# Nets                                                                  244.97
# Place                                                                 244.97
# PlaceNets                                                             244.97
# SpaceY                                                                244.97
# Track                                                                 244.97
# SpaceX                                                                244.97
# Wire                                                                  244.97
# End of Wire: 0 nets, 0 ch, wire: 0-->0 (0 with wbits)                 244.97
# End of doGenerate                                                     244.97
# Analyze                                                               244.97
# Levelize                                                              244.97
# End of LevelAssign mode=I, 2 Levels, 2 Comps, limit=30000             244.97
# Nets                                                                  244.97
# Place                                                                 244.97
# PlaceNets                                                             244.97
# SpaceY                                                                244.97
# Track                                                                 244.97
# SpaceX                                                                244.97
# Wire                                                                  244.97
# End of Wire: 0 nets, 0 ch, wire: 0-->0 (0 with wbits)                 244.97
# End of doGenerate                                                     244.97
# End of Generating Regions for Page 1                                  244.97
>>>>>>> e251704ff3ef0a3fe3bdb3f1591de00b05952ff0
scrollpos 108 340
zoom -x 0 -y 0 0.5
scrollpos 68 213
#R 0.5
#CMD scrollpos 0 0
scrollpos 0 0
attribute {inst DAC.Tile_228.DAC0} -attr @fillcolor #e2e0de
attribute {inst DAC.Tile_228.DAC0.mixer } -attr @fillcolor #e2e0de
attribute {inst DAC.Tile_228.DAC0.s00} -attr @name Real
attribute {inst DAC.Tile_228.DAC1} -attr @fillcolor #e2e0de
attribute {inst DAC.Tile_228.DAC1.mixer } -attr @fillcolor #e2e0de
attribute {inst DAC.Tile_228.DAC1.s01} -attr @name Real
attribute {inst DAC.Tile_228.DAC2} -attr @fillcolor #e2e0de
attribute {inst DAC.Tile_228.DAC2.mixer } -attr @fillcolor #e2e0de
attribute {inst DAC.Tile_228.DAC2.s02} -attr @name Real
attribute {inst DAC.Tile_228.DAC3} -attr @fillcolor #e2e0de
attribute {inst DAC.Tile_228.DAC3.mixer } -attr @fillcolor #e2e0de
attribute {inst DAC.Tile_228.DAC3.s03} -attr @name Real
attribute {inst DAC.Tile_229.DAC0} -attr @fillcolor #e2e0de
attribute {inst DAC.Tile_229.DAC0.mixer } -attr @fillcolor #e2e0de
attribute {inst DAC.Tile_229.DAC0.s00} -attr @name Real
attribute {inst DAC.Tile_229.DAC1} -attr @fillcolor #e2e0de
attribute {inst DAC.Tile_229.DAC1.mixer } -attr @fillcolor #e2e0de
attribute {inst DAC.Tile_229.DAC1.s01} -attr @name Real
attribute {inst DAC.Tile_229.DAC2} -attr @fillcolor #e2e0de
attribute {inst DAC.Tile_229.DAC2.mixer } -attr @fillcolor #e2e0de
attribute {inst DAC.Tile_229.DAC2.s02} -attr @name Real
attribute {inst DAC.Tile_229.DAC3} -attr @fillcolor #e2e0de
attribute {inst DAC.Tile_229.DAC3.mixer } -attr @fillcolor #e2e0de
attribute {inst DAC.Tile_229.DAC3.s03} -attr @name Real
increment -const
load net net.DAC.Tile_228.DAC0.mixer.Tile_228.DAC0 -pin DAC.Tile_228.DAC0.mixer RIGHT_I -pin DAC.Tile_228.DAC0 TX
attribute {inst DAC.Tile_228.DAC0} -attr @fillcolor #a7c491
increment -const
load net net.DAC.Tile_228.DAC0.mixer.Tile_228.DAC0.s00 -pin DAC.Tile_228.DAC0.s00 TX -pin DAC.Tile_228.DAC0.mixer LEFT_I
attribute {inst DAC.Tile_228.DAC0.s00} -attr @name Real
show
<<<<<<< HEAD
# Starting Split Pages                                                  178.00
# NoSplit 26 Comps, 2 Nets 0 NetBundles                                 178.00
# End of Split Pages                                                    178.00
# Generating Regions for Page 1:   26 Comps,    2 Nets                  178.00
# Analyze                                                               178.00
# Levelize                                                              178.00
# End of LevelAssign mode=I, 4 Levels, 12 Comps, limit=30000            178.00
# Nets                                                                  178.00
# Place                                                                 178.00
# PlaceNets                                                             178.00
# SpaceY                                                                178.00
# Track                                                                 178.00
# SpaceX                                                                178.00
# Wire                                                                  178.00
# End of Wire: 0 nets, 0 ch, wire: 0-->0 (0 with wbits)                 178.00
# End of doGenerate                                                     178.00
# Analyze                                                               178.00
# Levelize                                                              178.00
# End of LevelAssign mode=I, 4 Levels, 12 Comps, limit=30000            178.00
# Nets                                                                  178.00
# Place                                                                 178.00
# PlaceNets                                                             178.00
# SpaceY                                                                178.00
# Track                                                                 178.00
# SpaceX                                                                178.00
# Wire                                                                  178.00
# End of Wire: 2 nets, 2 ch, wire: 8-->8 (0 with wbits)                 178.00
# End of doGenerate                                                     178.00
# Analyze                                                               178.00
# Levelize                                                              178.00
# End of LevelAssign mode=I, 2 Levels, 2 Comps, limit=30000             178.00
# Nets                                                                  178.00
# Place                                                                 178.00
# PlaceNets                                                             178.00
# SpaceY                                                                178.00
# Track                                                                 178.00
# SpaceX                                                                178.00
# Wire                                                                  178.00
# End of Wire: 0 nets, 0 ch, wire: 0-->0 (0 with wbits)                 178.00
# End of doGenerate                                                     178.00
# End of Generating Regions for Page 1                                  178.00
#CMD scrollpos -100 -30
scrollpos -100 -30
fullfit
scrollpos -250 -330
fullfit
scrollpos -137 -43
scrollpos -137 -43
scrollpos -142 -44
=======
# Starting Split Pages                                                  245.00
# NoSplit 26 Comps, 2 Nets 0 NetBundles                                 245.00
# End of Split Pages                                                    245.00
# Generating Regions for Page 1:   26 Comps,    2 Nets                  245.00
# Analyze                                                               245.00
# Levelize                                                              245.00
# End of LevelAssign mode=I, 4 Levels, 12 Comps, limit=30000            245.00
# Nets                                                                  245.00
# Place                                                                 245.00
# PlaceNets                                                             245.00
# SpaceY                                                                245.00
# Track                                                                 245.00
# SpaceX                                                                245.00
# Wire                                                                  245.00
# End of Wire: 0 nets, 0 ch, wire: 0-->0 (0 with wbits)                 245.00
# End of doGenerate                                                     245.00
# Analyze                                                               245.00
# Levelize                                                              245.00
# End of LevelAssign mode=I, 4 Levels, 12 Comps, limit=30000            245.00
# Nets                                                                  245.00
# Place                                                                 245.00
# PlaceNets                                                             245.00
# SpaceY                                                                245.00
# Track                                                                 245.00
# SpaceX                                                                245.00
# Wire                                                                  245.00
# End of Wire: 2 nets, 2 ch, wire: 8-->8 (0 with wbits)                 245.00
# End of doGenerate                                                     245.00
# Analyze                                                               245.00
# Levelize                                                              245.00
# End of LevelAssign mode=I, 2 Levels, 2 Comps, limit=30000             245.00
# Nets                                                                  245.00
# Place                                                                 245.00
# PlaceNets                                                             245.00
# SpaceY                                                                245.00
# Track                                                                 245.00
# SpaceX                                                                245.00
# Wire                                                                  245.00
# End of Wire: 0 nets, 0 ch, wire: 0-->0 (0 with wbits)                 245.00
# End of doGenerate                                                     245.00
# End of Generating Regions for Page 1                                  245.00
#CMD scrollpos -100 -30
scrollpos -100 -30
>>>>>>> e251704ff3ef0a3fe3bdb3f1591de00b05952ff0
