Copyright 1986-2022 Xilinx, Inc. All Rights Reserved. Copyright 2022-2024 Advanced Micro Devices, Inc. All Rights Reserved.
---------------------------------------------------------------------------------------------------------------------------------------------
| Tool Version : Vivado v.2024.1 (win64) Build 5076996 Wed May 22 18:37:14 MDT 2024
| Date         : Tue Mar 11 15:27:41 2025
| Host         : EEE-R446-35 running 64-bit major release  (build 9200)
| Command      : report_utilization -file PYNQ_Design_wrapper_utilization_synth.rpt -pb PYNQ_Design_wrapper_utilization_synth.pb
| Design       : PYNQ_Design_wrapper
| Device       : xczu28dr-ffvg1517-2-e
| Speed File   : -2
| Design State : Synthesized
---------------------------------------------------------------------------------------------------------------------------------------------

Utilization Design Information

Table of Contents
-----------------
1. CLB Logic
1.1 Summary of Registers by Type
2. BLOCKRAM
3. ARITHMETIC
4. I/O
5. CLOCK
6. ADVANCED
7. CONFIGURATION
8. Primitives
9. Black Boxes
10. Instantiated Netlists

1. CLB Logic
------------

+----------------------------+-------+-------+------------+-----------+-------+
|          Site Type         |  Used | Fixed | Prohibited | Available | Util% |
+----------------------------+-------+-------+------------+-----------+-------+
| CLB LUTs*                  | 12872 |     0 |          0 |    425280 |  3.03 |
|   LUT as Logic             |  9741 |     0 |          0 |    425280 |  2.29 |
|   LUT as Memory            |  3131 |     0 |          0 |    213600 |  1.47 |
|     LUT as Distributed RAM |   590 |     0 |            |           |       |
|     LUT as Shift Register  |  2541 |     0 |            |           |       |
| CLB Registers              | 17573 |     0 |          0 |    850560 |  2.07 |
|   Register as Flip Flop    | 17573 |     0 |          0 |    850560 |  2.07 |
|   Register as Latch        |     0 |     0 |          0 |    850560 |  0.00 |
| CARRY8                     |   121 |     0 |          0 |     53160 |  0.23 |
| F7 Muxes                   |    80 |     0 |          0 |    212640 |  0.04 |
| F8 Muxes                   |     0 |     0 |          0 |    106320 |  0.00 |
| F9 Muxes                   |     0 |     0 |          0 |     53160 |  0.00 |
+----------------------------+-------+-------+------------+-----------+-------+
* Warning! The Final LUT count, after physical optimizations and full implementation, is typically lower. Run opt_design after synthesis, if not already completed, for a more realistic count.
Warning! LUT value is adjusted to account for LUT combining.
Warning! For any ECO changes, please run place_design if there are unplaced instances


1.1 Summary of Registers by Type
--------------------------------

+-------+--------------+-------------+--------------+
| Total | Clock Enable | Synchronous | Asynchronous |
+-------+--------------+-------------+--------------+
| 0     |            _ |           - |            - |
| 0     |            _ |           - |          Set |
| 0     |            _ |           - |        Reset |
| 0     |            _ |         Set |            - |
| 0     |            _ |       Reset |            - |
| 0     |          Yes |           - |            - |
| 0     |          Yes |           - |          Set |
| 81    |          Yes |           - |        Reset |
| 558   |          Yes |         Set |            - |
| 16934 |          Yes |       Reset |            - |
+-------+--------------+-------------+--------------+


2. BLOCKRAM
-----------

+-------------------+------+-------+------------+-----------+-------+
|     Site Type     | Used | Fixed | Prohibited | Available | Util% |
+-------------------+------+-------+------------+-----------+-------+
| Block RAM Tile    |   21 |     0 |          0 |      1080 |  1.94 |
|   RAMB36/FIFO*    |   15 |     0 |          0 |      1080 |  1.39 |
|     RAMB36E2 only |   15 |       |            |           |       |
|   RAMB18          |   12 |     0 |          0 |      2160 |  0.56 |
|     RAMB18E2 only |   12 |       |            |           |       |
| URAM              |    0 |     0 |          0 |        80 |  0.00 |
+-------------------+------+-------+------------+-----------+-------+
* Note: Each Block RAM Tile only has one FIFO logic available and therefore can accommodate only one FIFO36E2 or one FIFO18E2. However, if a FIFO18E2 occupies a Block RAM Tile, that tile can still accommodate a RAMB18E2


3. ARITHMETIC
-------------

+----------------+------+-------+------------+-----------+-------+
|    Site Type   | Used | Fixed | Prohibited | Available | Util% |
+----------------+------+-------+------------+-----------+-------+
| DSPs           |   53 |     0 |          0 |      4272 |  1.24 |
|   DSP48E2 only |   53 |       |            |           |       |
+----------------+------+-------+------------+-----------+-------+


4. I/O
------

+------------+------+-------+------------+-----------+--------+
|  Site Type | Used | Fixed | Prohibited | Available |  Util% |
+------------+------+-------+------------+-----------+--------+
| Bonded IOB |    0 |     0 |          0 |       347 |   0.00 |
| HSADC      |    4 |     0 |          0 |         4 | 100.00 |
| HSDAC      |    2 |     0 |          0 |         4 |  50.00 |
+------------+------+-------+------------+-----------+--------+


5. CLOCK
--------

+------------+------+-------+------------+-----------+-------+
|  Site Type | Used | Fixed | Prohibited | Available | Util% |
+------------+------+-------+------------+-----------+-------+
| BUFGCE     |    1 |     0 |          0 |       216 |  0.46 |
| BUFGCE_DIV |    0 |     0 |          0 |        32 |  0.00 |
| BUFG_GT    |    2 |     0 |          0 |       312 |  0.64 |
| BUFG_PS    |    1 |     0 |          0 |        72 |  1.39 |
| BUFGCTRL*  |    0 |     0 |          0 |        64 |  0.00 |
| PLL        |    0 |     0 |          0 |        16 |  0.00 |
| MMCM       |    1 |     0 |          0 |         8 | 12.50 |
+------------+------+-------+------------+-----------+-------+
* Note: Each used BUFGCTRL counts as two GLOBAL CLOCK BUFFERs. This table does not include global clocking resources, only buffer cell usage. See the Clock Utilization Report (report_clock_utilization) for detailed accounting of global clocking resource availability.


6. ADVANCED
-----------

+-----------------+------+-------+------------+-----------+--------+
|    Site Type    | Used | Fixed | Prohibited | Available |  Util% |
+-----------------+------+-------+------------+-----------+--------+
| CMACE4          |    0 |     0 |          0 |         2 |   0.00 |
| FE              |    0 |     0 |          0 |         8 |   0.00 |
| GTYE4_CHANNEL   |    0 |     0 |          0 |        16 |   0.00 |
| GTYE4_COMMON    |    0 |     0 |          0 |         4 |   0.00 |
| HSADC           |    4 |     0 |          0 |         4 | 100.00 |
| HSDAC           |    2 |     0 |          0 |         4 |  50.00 |
| ILKNE4          |    0 |     0 |          0 |         1 |   0.00 |
| OBUFDS_GTE4     |    0 |     0 |          0 |         8 |   0.00 |
| OBUFDS_GTE4_ADV |    0 |     0 |          0 |         8 |   0.00 |
| PCIE40E4        |    0 |     0 |          0 |         2 |   0.00 |
| PS8             |    1 |     0 |          0 |         1 | 100.00 |
| SYSMONE4        |    0 |     0 |          0 |         1 |   0.00 |
+-----------------+------+-------+------------+-----------+--------+


7. CONFIGURATION
----------------

+-------------+------+-------+------------+-----------+-------+
|  Site Type  | Used | Fixed | Prohibited | Available | Util% |
+-------------+------+-------+------------+-----------+-------+
| BSCANE2     |    0 |     0 |          0 |         4 |  0.00 |
| DNA_PORTE2  |    0 |     0 |          0 |         1 |  0.00 |
| EFUSE_USR   |    0 |     0 |          0 |         1 |  0.00 |
| FRAME_ECCE4 |    0 |     0 |          0 |         1 |  0.00 |
| ICAPE3      |    0 |     0 |          0 |         2 |  0.00 |
| MASTER_JTAG |    0 |     0 |          0 |         1 |  0.00 |
| STARTUPE3   |    0 |     0 |          0 |         1 |  0.00 |
+-------------+------+-------+------------+-----------+-------+


8. Primitives
-------------

+--------------+-------+---------------------+
|   Ref Name   |  Used | Functional Category |
+--------------+-------+---------------------+
| FDRE         | 16934 |            Register |
| LUT6         |  3714 |                 CLB |
| LUT3         |  2261 |                 CLB |
| LUT5         |  1973 |                 CLB |
| LUT4         |  1915 |                 CLB |
| SRL16E       |  1621 |                 CLB |
| LUT2         |  1533 |                 CLB |
| SRLC32E      |  1068 |                 CLB |
| RAMD32       |  1030 |                 CLB |
| LUT1         |   681 |                 CLB |
| FDSE         |   558 |            Register |
| RAMS32       |   148 |                 CLB |
| CARRY8       |   121 |                 CLB |
| FDCE         |    81 |            Register |
| MUXF7        |    80 |                 CLB |
| DSP48E2      |    53 |          Arithmetic |
| RAMB36E2     |    15 |            BLOCKRAM |
| RAMB18E2     |    12 |            BLOCKRAM |
| SRLC16E      |     4 |                 CLB |
| HSADC        |     4 |            Advanced |
| HSDAC        |     2 |            Advanced |
| BUFG_GT_SYNC |     2 |               Clock |
| BUFG_GT      |     2 |               Clock |
| PS8          |     1 |            Advanced |
| MMCME4_ADV   |     1 |               Clock |
| BUFG_PS      |     1 |               Clock |
| BUFGCE       |     1 |               Clock |
+--------------+-------+---------------------+


9. Black Boxes
--------------

+------------+------+
|  Ref Name  | Used |
+------------+------+
| dbg_hub_CV |    1 |
+------------+------+


10. Instantiated Netlists
-------------------------

+----------+------+
| Ref Name | Used |
+----------+------+


