Copyright 1986-2022 Xilinx, Inc. All Rights Reserved. Copyright 2022-2024 Advanced Micro Devices, Inc. All Rights Reserved.
---------------------------------------------------------------------------------------------------------------------------------------------
| Tool Version : Vivado v.2024.1 (win64) Build 5076996 Wed May 22 18:37:14 MDT 2024
| Date         : Sun Feb  2 20:47:10 2025
| Host         : EEE-R448-01 running 64-bit major release  (build 9200)
| Command      : report_drc -file helloworld_wrapper_drc_opted.rpt -pb helloworld_wrapper_drc_opted.pb -rpx helloworld_wrapper_drc_opted.rpx
| Design       : helloworld_wrapper
| Device       : xczu28dr-ffvg1517-2-e
| Speed File   : -2
| Design State : Synthesized
---------------------------------------------------------------------------------------------------------------------------------------------

Report DRC

Table of Contents
-----------------
1. REPORT SUMMARY
2. REPORT DETAILS

1. REPORT SUMMARY
-----------------
            Netlist: netlist
          Floorplan: design_1
      Design limits: <entire design considered>
           Ruledeck: default
             Max violations: <unlimited>
             Violations found: 3
+-----------+----------+--------------------------------------+------------+
| Rule      | Severity | Description                          | Violations |
+-----------+----------+--------------------------------------+------------+
| REQP-1935 | Warning  | RAMB36E2_nochange_collision_advisory | 1          |
| REQP-1677 | Advisory | enum_USE_MULT_NONE_connects_CEM_GND  | 1          |
| REQP-1679 | Advisory | enum_MREG_0_connects_CEM_GND         | 1          |
+-----------+----------+--------------------------------------+------------+

2. REPORT DETAILS
-----------------
REQP-1935#1 Warning
RAMB36E2_nochange_collision_advisory  
Synchronous clocking is detected for BRAM (helloworld_i/axi_fifo_mm_s/U0/COMP_IPIC2AXI_S/grxd.COMP_RX_FIFO/gfifo_gen.COMP_AXIS_FG_FIFO/COMP_FIFO/xpm_fifo_base_inst/gen_sdpram.xpm_memory_base_inst/gen_wr_a.gen_word_narrow.mem_reg) in SDP mode with NO_CHANGE write-mode. This is the preferred mode for best power characteristics. However, NO_CHANGE may exhibit address collisions if the same address appears on both read and write ports resulting in unknown or corrupted read data. It is suggested to confirm via simulation that an address collision never occurs and if so it is suggested to try and avoid this situation. If address collisions cannot be avoided, the write-mode may be set to READ_FIRST which guarantees that the read data is the prior contents of the memory at the cost of additional power in the design. See the FPGA Memory Resources User Guide for additional information.
Related violations: <none>

REQP-1677#1 Advisory
enum_USE_MULT_NONE_connects_CEM_GND  
helloworld_i/Receiver_0/U0/sin_wave_demodulate_struct/dut/algorithm/fir_compiler_7_2/sin_wave_demodulate_fir_compiler_v7_2_i0_instance/U0/i_synth/g_single_rate.i_single_rate/g_op_paths[0].g_combine.i_ext_mult/g_two_col_comb.i_gen_upper_bits/i_add_accum/g_dsp48.g_dsp48e2.i_dsp48e2: When the DSP48E2 USE_MULT attribute is set to NONE, the CEM input pin should be tied to GND to save power.
Related violations: <none>

REQP-1679#1 Advisory
enum_MREG_0_connects_CEM_GND  
helloworld_i/Receiver_0/U0/sin_wave_demodulate_struct/dut/algorithm/fir_compiler_7_2/sin_wave_demodulate_fir_compiler_v7_2_i0_instance/U0/i_synth/g_single_rate.i_single_rate/g_op_paths[0].g_combine.i_ext_mult/g_two_col_comb.i_gen_upper_bits/i_add_accum/g_dsp48.g_dsp48e2.i_dsp48e2: When the DSP48E2 MREG attribute is set to 0, the CEM input pin should be tied to GND to save power.
Related violations: <none>


