#-----------------------------------------------------------
# Vivado v2024.1 (64-bit)
# SW Build 5076996 on Wed May 22 18:37:14 MDT 2024
# IP Build 5075265 on Wed May 22 21:45:21 MDT 2024
# SharedData Build 5076995 on Wed May 22 18:29:18 MDT 2024
# Start of session at: Thu Mar 27 14:38:02 2025
# Process ID: 4572
# Current directory: C:/Users/clb20123/Documents/FO-RFSoC-4YP/RFX_files/demod_16_bit/netlist/ip/16_bit_demod/src
# Command line: vivado.exe -mode batch -source ProjectGeneration.tcl -notrace
# Log file: C:/Users/clb20123/Documents/FO-RFSoC-4YP/RFX_files/demod_16_bit/netlist/ip/16_bit_demod/src/vivado.log
# Journal file: C:/Users/clb20123/Documents/FO-RFSoC-4YP/RFX_files/demod_16_bit/netlist/ip/16_bit_demod/src\vivado.jou
# Running On        :EEE-R448-32
# Platform          :Windows Server 2016 or Windows 10
# Operating System  :19045
# Processor Detail  :Intel(R) Core(TM) i5-7500 CPU @ 3.40GHz
# CPU Frequency     :3408 MHz
# CPU Physical cores:4
# CPU Logical cores :4
# Host memory       :8459 MB
# Swap memory       :10866 MB
# Total Virtual     :19325 MB
# Available Virtual :2760 MB
#-----------------------------------------------------------
source ProjectGeneration.tcl -notrace
