
*** Running vivado
    with args -log design_1_wrapper.vds -m64 -product Vivado -mode batch -messageDb vivado.pb -notrace -source design_1_wrapper.tcl



****** Vivado v2024.1 (64-bit)
  **** SW Build 5076996 on Wed May 22 18:37:14 MDT 2024
  **** IP Build 5075265 on Wed May 22 21:45:21 MDT 2024
  **** SharedData Build 5076995 on Wed May 22 18:29:18 MDT 2024
  **** Start of session at: Thu Feb 27 22:24:18 2025
    ** Copyright 1986-2022 Xilinx, Inc. All Rights Reserved.
    ** Copyright 2022-2024 Advanced Micro Devices, Inc. All Rights Reserved.

source design_1_wrapper.tcl -notrace
create_project: Time (s): cpu = 00:00:05 ; elapsed = 00:00:05 . Memory (MB): peak = 627.785 ; gain = 200.797
INFO: [IP_Flow 19-234] Refreshing IP repositories
INFO: [IP_Flow 19-1700] Loaded user IP repository 'c:/Users/clb20123/Documents/FO-RFSoC-4YP/RFX_files/demod_enable/netlist/ip'.
INFO: [IP_Flow 19-1700] Loaded user IP repository 'c:/Users/clb20123/Documents/FO-RFSoC-4YP/RFX_files/mod_enable/netlist/ip'.
INFO: [IP_Flow 19-2313] Loaded Vivado IP repository 'C:/Xilinx/Vivado/2024.1/data/ip'.
add_files: Time (s): cpu = 00:00:03 ; elapsed = 00:00:15 . Memory (MB): peak = 690.977 ; gain = 45.355
Command: read_checkpoint -auto_incremental -incremental C:/Users/clb20123/Documents/FO-RFSoC-4YP/2x2_files/pray/pray.srcs/utils_1/imports/synth_1/design_1_wrapper.dcp
INFO: [Vivado 12-5825] Read reference checkpoint from C:/Users/clb20123/Documents/FO-RFSoC-4YP/2x2_files/pray/pray.srcs/utils_1/imports/synth_1/design_1_wrapper.dcp for incremental synthesis
INFO: [Vivado 12-7989] Please ensure there are no constraint changes
Command: synth_design -top design_1_wrapper -part xczu28dr-ffvg1517-2-e
Starting synth_design
Attempting to get a license for feature 'Synthesis' and/or device 'xczu28dr'
INFO: [Common 17-349] Got license for feature 'Synthesis' and/or device 'xczu28dr'
INFO: [Common 17-1540] The version limit for your license is '2024.10' and has expired for new software. A version limit expiration means that, although you may be able to continue to use the current version of tools or IP with this license, you will not be eligible for new releases.
INFO: [Device 21-403] Loading part xczu28dr-ffvg1517-2-e
INFO: [Designutils 20-5440] No compile time benefit to using incremental synthesis; A full resynthesis will be run
INFO: [Designutils 20-4379] Flow is switching to default flow due to incremental criteria not met. If you would like to alter this behaviour and have the flow terminate instead, please set the following parameter config_implementation {autoIncr.Synth.RejectBehavior Terminate}
INFO: [Synth 8-7079] Multithreading enabled for synth_design using a maximum of 2 processes.
INFO: [Synth 8-7078] Launching helper process for spawning children vivado processes
INFO: [Synth 8-7075] Helper process launched with PID 19300
---------------------------------------------------------------------------------
Starting RTL Elaboration : Time (s): cpu = 00:00:03 ; elapsed = 00:00:03 . Memory (MB): peak = 2203.770 ; gain = 383.688
---------------------------------------------------------------------------------
INFO: [Synth 8-638] synthesizing module 'design_1_wrapper' [c:/Users/clb20123/Documents/FO-RFSoC-4YP/2x2_files/pray/pray.gen/sources_1/bd/design_1/hdl/design_1_wrapper.vhd:30]
INFO: [Synth 8-3491] module 'design_1' declared at 'c:/Users/clb20123/Documents/FO-RFSoC-4YP/2x2_files/pray/pray.gen/sources_1/bd/design_1/synth/design_1.vhd:1063' bound to instance 'design_1_i' of component 'design_1' [c:/Users/clb20123/Documents/FO-RFSoC-4YP/2x2_files/pray/pray.gen/sources_1/bd/design_1/hdl/design_1_wrapper.vhd:46]
INFO: [Synth 8-638] synthesizing module 'design_1' [c:/Users/clb20123/Documents/FO-RFSoC-4YP/2x2_files/pray/pray.gen/sources_1/bd/design_1/synth/design_1.vhd:1082]
INFO: [Synth 8-3491] module 'design_1_DUT_data_in_0_0' declared at 'C:/Users/clb20123/Documents/FO-RFSoC-4YP/2x2_files/pray/pray.runs/synth_1/.Xil/Vivado-8960-EEE-R446-02/realtime/design_1_DUT_data_in_0_0_stub.vhdl:6' bound to instance 'DUT_data_in_0' of component 'design_1_DUT_data_in_0_0' [c:/Users/clb20123/Documents/FO-RFSoC-4YP/2x2_files/pray/pray.gen/sources_1/bd/design_1/synth/design_1.vhd:1609]
INFO: [Synth 8-638] synthesizing module 'design_1_DUT_data_in_0_0' [C:/Users/clb20123/Documents/FO-RFSoC-4YP/2x2_files/pray/pray.runs/synth_1/.Xil/Vivado-8960-EEE-R446-02/realtime/design_1_DUT_data_in_0_0_stub.vhdl:22]
INFO: [Synth 8-3491] module 'design_1_DUT_receiver_0_0' declared at 'C:/Users/clb20123/Documents/FO-RFSoC-4YP/2x2_files/pray/pray.runs/synth_1/.Xil/Vivado-8960-EEE-R446-02/realtime/design_1_DUT_receiver_0_0_stub.vhdl:6' bound to instance 'DUT_receiver_0' of component 'design_1_DUT_receiver_0_0' [c:/Users/clb20123/Documents/FO-RFSoC-4YP/2x2_files/pray/pray.gen/sources_1/bd/design_1/synth/design_1.vhd:1622]
INFO: [Synth 8-638] synthesizing module 'design_1_DUT_receiver_0_0' [C:/Users/clb20123/Documents/FO-RFSoC-4YP/2x2_files/pray/pray.runs/synth_1/.Xil/Vivado-8960-EEE-R446-02/realtime/design_1_DUT_receiver_0_0_stub.vhdl:22]
WARNING: [Synth 8-5640] Port 'axi_dma_tstvec' is missing in component declaration [c:/Users/clb20123/Documents/FO-RFSoC-4YP/2x2_files/pray/pray.gen/sources_1/bd/design_1/synth/design_1.vhd:1243]
INFO: [Synth 8-3491] module 'design_1_axi_dma_1' declared at 'C:/Users/clb20123/Documents/FO-RFSoC-4YP/2x2_files/pray/pray.runs/synth_1/.Xil/Vivado-8960-EEE-R446-02/realtime/design_1_axi_dma_1_stub.vhdl:6' bound to instance 'axi_dma' of component 'design_1_axi_dma_1' [c:/Users/clb20123/Documents/FO-RFSoC-4YP/2x2_files/pray/pray.gen/sources_1/bd/design_1/synth/design_1.vhd:1635]
INFO: [Synth 8-638] synthesizing module 'design_1_axi_dma_1' [C:/Users/clb20123/Documents/FO-RFSoC-4YP/2x2_files/pray/pray.runs/synth_1/.Xil/Vivado-8960-EEE-R446-02/realtime/design_1_axi_dma_1_stub.vhdl:76]
INFO: [Synth 8-3491] module 'design_1_axi_smc_1' declared at 'C:/Users/clb20123/Documents/FO-RFSoC-4YP/2x2_files/pray/pray.runs/synth_1/.Xil/Vivado-8960-EEE-R446-02/realtime/design_1_axi_smc_1_stub.vhdl:6' bound to instance 'axi_smc' of component 'design_1_axi_smc_1' [c:/Users/clb20123/Documents/FO-RFSoC-4YP/2x2_files/pray/pray.gen/sources_1/bd/design_1/synth/design_1.vhd:1701]
INFO: [Synth 8-638] synthesizing module 'design_1_axi_smc_1' [C:/Users/clb20123/Documents/FO-RFSoC-4YP/2x2_files/pray/pray.runs/synth_1/.Xil/Vivado-8960-EEE-R446-02/realtime/design_1_axi_smc_1_stub.vhdl:80]
INFO: [Synth 8-638] synthesizing module 'design_1_ps8_0_axi_periph_2' [c:/Users/clb20123/Documents/FO-RFSoC-4YP/2x2_files/pray/pray.gen/sources_1/bd/design_1/synth/design_1.vhd:610]
INFO: [Synth 8-638] synthesizing module 'm00_couplers_imp_QJIMLI' [c:/Users/clb20123/Documents/FO-RFSoC-4YP/2x2_files/pray/pray.gen/sources_1/bd/design_1/synth/design_1.vhd:56]
INFO: [Synth 8-256] done synthesizing module 'm00_couplers_imp_QJIMLI' (0#1) [c:/Users/clb20123/Documents/FO-RFSoC-4YP/2x2_files/pray/pray.gen/sources_1/bd/design_1/synth/design_1.vhd:56]
INFO: [Synth 8-638] synthesizing module 'm01_couplers_imp_1D3SAH3' [c:/Users/clb20123/Documents/FO-RFSoC-4YP/2x2_files/pray/pray.gen/sources_1/bd/design_1/synth/design_1.vhd:154]
INFO: [Synth 8-256] done synthesizing module 'm01_couplers_imp_1D3SAH3' (0#1) [c:/Users/clb20123/Documents/FO-RFSoC-4YP/2x2_files/pray/pray.gen/sources_1/bd/design_1/synth/design_1.vhd:154]
INFO: [Synth 8-638] synthesizing module 's00_couplers_imp_1A7ZMW4' [c:/Users/clb20123/Documents/FO-RFSoC-4YP/2x2_files/pray/pray.gen/sources_1/bd/design_1/synth/design_1.vhd:277]
INFO: [Synth 8-3491] module 'design_1_auto_pc_0' declared at 'C:/Users/clb20123/Documents/FO-RFSoC-4YP/2x2_files/pray/pray.runs/synth_1/.Xil/Vivado-8960-EEE-R446-02/realtime/design_1_auto_pc_0_stub.vhdl:6' bound to instance 'auto_pc' of component 'design_1_auto_pc_0' [c:/Users/clb20123/Documents/FO-RFSoC-4YP/2x2_files/pray/pray.gen/sources_1/bd/design_1/synth/design_1.vhd:459]
INFO: [Synth 8-638] synthesizing module 'design_1_auto_pc_0' [C:/Users/clb20123/Documents/FO-RFSoC-4YP/2x2_files/pray/pray.runs/synth_1/.Xil/Vivado-8960-EEE-R446-02/realtime/design_1_auto_pc_0_stub.vhdl:72]
INFO: [Synth 8-256] done synthesizing module 's00_couplers_imp_1A7ZMW4' (0#1) [c:/Users/clb20123/Documents/FO-RFSoC-4YP/2x2_files/pray/pray.gen/sources_1/bd/design_1/synth/design_1.vhd:277]
INFO: [Synth 8-3491] module 'design_1_xbar_0' declared at 'C:/Users/clb20123/Documents/FO-RFSoC-4YP/2x2_files/pray/pray.runs/synth_1/.Xil/Vivado-8960-EEE-R446-02/realtime/design_1_xbar_0_stub.vhdl:6' bound to instance 'xbar' of component 'design_1_xbar_0' [c:/Users/clb20123/Documents/FO-RFSoC-4YP/2x2_files/pray/pray.gen/sources_1/bd/design_1/synth/design_1.vhd:998]
INFO: [Synth 8-638] synthesizing module 'design_1_xbar_0' [C:/Users/clb20123/Documents/FO-RFSoC-4YP/2x2_files/pray/pray.runs/synth_1/.Xil/Vivado-8960-EEE-R446-02/realtime/design_1_xbar_0_stub.vhdl:52]
INFO: [Synth 8-256] done synthesizing module 'design_1_ps8_0_axi_periph_2' (0#1) [c:/Users/clb20123/Documents/FO-RFSoC-4YP/2x2_files/pray/pray.gen/sources_1/bd/design_1/synth/design_1.vhd:610]
INFO: [Synth 8-3491] module 'design_1_rst_ps8_0_96M_1' declared at 'C:/Users/clb20123/Documents/FO-RFSoC-4YP/2x2_files/pray/pray.runs/synth_1/.Xil/Vivado-8960-EEE-R446-02/realtime/design_1_rst_ps8_0_96M_1_stub.vhdl:6' bound to instance 'rst_ps8_0_96M' of component 'design_1_rst_ps8_0_96M_1' [c:/Users/clb20123/Documents/FO-RFSoC-4YP/2x2_files/pray/pray.gen/sources_1/bd/design_1/synth/design_1.vhd:1853]
INFO: [Synth 8-638] synthesizing module 'design_1_rst_ps8_0_96M_1' [C:/Users/clb20123/Documents/FO-RFSoC-4YP/2x2_files/pray/pray.runs/synth_1/.Xil/Vivado-8960-EEE-R446-02/realtime/design_1_rst_ps8_0_96M_1_stub.vhdl:22]
INFO: [Synth 8-3491] module 'design_1_usp_rf_data_converter_0_0' declared at 'C:/Users/clb20123/Documents/FO-RFSoC-4YP/2x2_files/pray/pray.runs/synth_1/.Xil/Vivado-8960-EEE-R446-02/realtime/design_1_usp_rf_data_converter_0_0_stub.vhdl:6' bound to instance 'usp_rf_data_converter_0' of component 'design_1_usp_rf_data_converter_0_0' [c:/Users/clb20123/Documents/FO-RFSoC-4YP/2x2_files/pray/pray.gen/sources_1/bd/design_1/synth/design_1.vhd:1866]
INFO: [Synth 8-638] synthesizing module 'design_1_usp_rf_data_converter_0_0' [C:/Users/clb20123/Documents/FO-RFSoC-4YP/2x2_files/pray/pray.runs/synth_1/.Xil/Vivado-8960-EEE-R446-02/realtime/design_1_usp_rf_data_converter_0_0_stub.vhdl:54]
INFO: [Synth 8-3491] module 'design_1_xlconstant_0_0' declared at 'c:/Users/clb20123/Documents/FO-RFSoC-4YP/2x2_files/pray/pray.gen/sources_1/bd/design_1/ip/design_1_xlconstant_0_0/synth/design_1_xlconstant_0_0.v:53' bound to instance 'xlconstant_0' of component 'design_1_xlconstant_0_0' [c:/Users/clb20123/Documents/FO-RFSoC-4YP/2x2_files/pray/pray.gen/sources_1/bd/design_1/synth/design_1.vhd:1912]
INFO: [Synth 8-6157] synthesizing module 'design_1_xlconstant_0_0' [c:/Users/clb20123/Documents/FO-RFSoC-4YP/2x2_files/pray/pray.gen/sources_1/bd/design_1/ip/design_1_xlconstant_0_0/synth/design_1_xlconstant_0_0.v:53]
INFO: [Synth 8-6157] synthesizing module 'xlconstant_v1_1_9_xlconstant' [c:/Users/clb20123/Documents/FO-RFSoC-4YP/2x2_files/pray/pray.gen/sources_1/bd/design_1/ipshared/e2d2/hdl/xlconstant_v1_1_vl_rfs.v:68]
INFO: [Synth 8-6155] done synthesizing module 'xlconstant_v1_1_9_xlconstant' (0#1) [c:/Users/clb20123/Documents/FO-RFSoC-4YP/2x2_files/pray/pray.gen/sources_1/bd/design_1/ipshared/e2d2/hdl/xlconstant_v1_1_vl_rfs.v:68]
INFO: [Synth 8-6155] done synthesizing module 'design_1_xlconstant_0_0' (0#1) [c:/Users/clb20123/Documents/FO-RFSoC-4YP/2x2_files/pray/pray.gen/sources_1/bd/design_1/ip/design_1_xlconstant_0_0/synth/design_1_xlconstant_0_0.v:53]
INFO: [Synth 8-3491] module 'design_1_xlconstant_0_1' declared at 'c:/Users/clb20123/Documents/FO-RFSoC-4YP/2x2_files/pray/pray.gen/sources_1/bd/design_1/ip/design_1_xlconstant_0_1/synth/design_1_xlconstant_0_1.v:53' bound to instance 'xlconstant_1' of component 'design_1_xlconstant_0_1' [c:/Users/clb20123/Documents/FO-RFSoC-4YP/2x2_files/pray/pray.gen/sources_1/bd/design_1/synth/design_1.vhd:1916]
INFO: [Synth 8-6157] synthesizing module 'design_1_xlconstant_0_1' [c:/Users/clb20123/Documents/FO-RFSoC-4YP/2x2_files/pray/pray.gen/sources_1/bd/design_1/ip/design_1_xlconstant_0_1/synth/design_1_xlconstant_0_1.v:53]
INFO: [Synth 8-6157] synthesizing module 'xlconstant_v1_1_9_xlconstant__parameterized0' [c:/Users/clb20123/Documents/FO-RFSoC-4YP/2x2_files/pray/pray.gen/sources_1/bd/design_1/ipshared/e2d2/hdl/xlconstant_v1_1_vl_rfs.v:68]
INFO: [Synth 8-6155] done synthesizing module 'xlconstant_v1_1_9_xlconstant__parameterized0' (0#1) [c:/Users/clb20123/Documents/FO-RFSoC-4YP/2x2_files/pray/pray.gen/sources_1/bd/design_1/ipshared/e2d2/hdl/xlconstant_v1_1_vl_rfs.v:68]
INFO: [Synth 8-6155] done synthesizing module 'design_1_xlconstant_0_1' (0#1) [c:/Users/clb20123/Documents/FO-RFSoC-4YP/2x2_files/pray/pray.gen/sources_1/bd/design_1/ip/design_1_xlconstant_0_1/synth/design_1_xlconstant_0_1.v:53]
INFO: [Synth 8-3491] module 'design_1_zynq_ultra_ps_e_0_0' declared at 'C:/Users/clb20123/Documents/FO-RFSoC-4YP/2x2_files/pray/pray.runs/synth_1/.Xil/Vivado-8960-EEE-R446-02/realtime/design_1_zynq_ultra_ps_e_0_0_stub.vhdl:6' bound to instance 'zynq_ultra_ps_e_0' of component 'design_1_zynq_ultra_ps_e_0_0' [c:/Users/clb20123/Documents/FO-RFSoC-4YP/2x2_files/pray/pray.gen/sources_1/bd/design_1/synth/design_1.vhd:1920]
INFO: [Synth 8-638] synthesizing module 'design_1_zynq_ultra_ps_e_0_0' [C:/Users/clb20123/Documents/FO-RFSoC-4YP/2x2_files/pray/pray.runs/synth_1/.Xil/Vivado-8960-EEE-R446-02/realtime/design_1_zynq_ultra_ps_e_0_0_stub.vhdl:94]
INFO: [Synth 8-256] done synthesizing module 'design_1' (0#1) [c:/Users/clb20123/Documents/FO-RFSoC-4YP/2x2_files/pray/pray.gen/sources_1/bd/design_1/synth/design_1.vhd:1082]
INFO: [Synth 8-256] done synthesizing module 'design_1_wrapper' (0#1) [c:/Users/clb20123/Documents/FO-RFSoC-4YP/2x2_files/pray/pray.gen/sources_1/bd/design_1/hdl/design_1_wrapper.vhd:30]
WARNING: [Synth 8-7129] Port M_ACLK in module s00_couplers_imp_1A7ZMW4 is either unconnected or has no load
WARNING: [Synth 8-7129] Port M_ARESETN in module s00_couplers_imp_1A7ZMW4 is either unconnected or has no load
WARNING: [Synth 8-7129] Port M_ACLK in module m01_couplers_imp_1D3SAH3 is either unconnected or has no load
WARNING: [Synth 8-7129] Port M_ARESETN in module m01_couplers_imp_1D3SAH3 is either unconnected or has no load
WARNING: [Synth 8-7129] Port S_ACLK in module m01_couplers_imp_1D3SAH3 is either unconnected or has no load
WARNING: [Synth 8-7129] Port S_ARESETN in module m01_couplers_imp_1D3SAH3 is either unconnected or has no load
WARNING: [Synth 8-7129] Port M_ACLK in module m00_couplers_imp_QJIMLI is either unconnected or has no load
WARNING: [Synth 8-7129] Port M_ARESETN in module m00_couplers_imp_QJIMLI is either unconnected or has no load
WARNING: [Synth 8-7129] Port S_ACLK in module m00_couplers_imp_QJIMLI is either unconnected or has no load
WARNING: [Synth 8-7129] Port S_ARESETN in module m00_couplers_imp_QJIMLI is either unconnected or has no load
WARNING: [Synth 8-7129] Port M00_ACLK in module design_1_ps8_0_axi_periph_2 is either unconnected or has no load
WARNING: [Synth 8-7129] Port M00_ARESETN in module design_1_ps8_0_axi_periph_2 is either unconnected or has no load
WARNING: [Synth 8-7129] Port M01_ACLK in module design_1_ps8_0_axi_periph_2 is either unconnected or has no load
WARNING: [Synth 8-7129] Port M01_ARESETN in module design_1_ps8_0_axi_periph_2 is either unconnected or has no load
WARNING: [Synth 8-7129] Port S00_ACLK in module design_1_ps8_0_axi_periph_2 is either unconnected or has no load
WARNING: [Synth 8-7129] Port S00_ARESETN in module design_1_ps8_0_axi_periph_2 is either unconnected or has no load
---------------------------------------------------------------------------------
Finished RTL Elaboration : Time (s): cpu = 00:00:04 ; elapsed = 00:00:04 . Memory (MB): peak = 2302.852 ; gain = 482.770
---------------------------------------------------------------------------------
---------------------------------------------------------------------------------
Start Handling Custom Attributes
---------------------------------------------------------------------------------
---------------------------------------------------------------------------------
Finished Handling Custom Attributes : Time (s): cpu = 00:00:04 ; elapsed = 00:00:04 . Memory (MB): peak = 2320.738 ; gain = 500.656
---------------------------------------------------------------------------------
---------------------------------------------------------------------------------
Finished RTL Optimization Phase 1 : Time (s): cpu = 00:00:04 ; elapsed = 00:00:04 . Memory (MB): peak = 2320.738 ; gain = 500.656
---------------------------------------------------------------------------------
Netlist sorting complete. Time (s): cpu = 00:00:00 ; elapsed = 00:00:00.020 . Memory (MB): peak = 2320.738 ; gain = 0.000
INFO: [Project 1-570] Preparing netlist for logic optimization

Processing XDC Constraints
Initializing timing engine
Parsing XDC File [c:/Users/clb20123/Documents/FO-RFSoC-4YP/2x2_files/pray/pray.gen/sources_1/bd/design_1/ip/design_1_zynq_ultra_ps_e_0_0/design_1_zynq_ultra_ps_e_0_0/design_1_zynq_ultra_ps_e_0_0_in_context.xdc] for cell 'design_1_i/zynq_ultra_ps_e_0'
Finished Parsing XDC File [c:/Users/clb20123/Documents/FO-RFSoC-4YP/2x2_files/pray/pray.gen/sources_1/bd/design_1/ip/design_1_zynq_ultra_ps_e_0_0/design_1_zynq_ultra_ps_e_0_0/design_1_zynq_ultra_ps_e_0_0_in_context.xdc] for cell 'design_1_i/zynq_ultra_ps_e_0'
Parsing XDC File [c:/Users/clb20123/Documents/FO-RFSoC-4YP/2x2_files/pray/pray.gen/sources_1/bd/design_1/ip/design_1_DUT_data_in_0_0/design_1_DUT_data_in_0_0/design_1_DUT_data_in_0_0_in_context.xdc] for cell 'design_1_i/DUT_data_in_0'
Finished Parsing XDC File [c:/Users/clb20123/Documents/FO-RFSoC-4YP/2x2_files/pray/pray.gen/sources_1/bd/design_1/ip/design_1_DUT_data_in_0_0/design_1_DUT_data_in_0_0/design_1_DUT_data_in_0_0_in_context.xdc] for cell 'design_1_i/DUT_data_in_0'
Parsing XDC File [c:/Users/clb20123/Documents/FO-RFSoC-4YP/2x2_files/pray/pray.gen/sources_1/bd/design_1/ip/design_1_DUT_receiver_0_0/design_1_DUT_receiver_0_0/design_1_DUT_receiver_0_0_in_context.xdc] for cell 'design_1_i/DUT_receiver_0'
Finished Parsing XDC File [c:/Users/clb20123/Documents/FO-RFSoC-4YP/2x2_files/pray/pray.gen/sources_1/bd/design_1/ip/design_1_DUT_receiver_0_0/design_1_DUT_receiver_0_0/design_1_DUT_receiver_0_0_in_context.xdc] for cell 'design_1_i/DUT_receiver_0'
Parsing XDC File [c:/Users/clb20123/Documents/FO-RFSoC-4YP/2x2_files/pray/pray.gen/sources_1/bd/design_1/ip/design_1_usp_rf_data_converter_0_0/design_1_usp_rf_data_converter_0_0/design_1_usp_rf_data_converter_0_0_in_context.xdc] for cell 'design_1_i/usp_rf_data_converter_0'
Finished Parsing XDC File [c:/Users/clb20123/Documents/FO-RFSoC-4YP/2x2_files/pray/pray.gen/sources_1/bd/design_1/ip/design_1_usp_rf_data_converter_0_0/design_1_usp_rf_data_converter_0_0/design_1_usp_rf_data_converter_0_0_in_context.xdc] for cell 'design_1_i/usp_rf_data_converter_0'
Parsing XDC File [c:/Users/clb20123/Documents/FO-RFSoC-4YP/2x2_files/pray/pray.gen/sources_1/bd/design_1/ip/design_1_axi_dma_1/design_1_axi_dma_1/design_1_axi_dma_1_in_context.xdc] for cell 'design_1_i/axi_dma'
Finished Parsing XDC File [c:/Users/clb20123/Documents/FO-RFSoC-4YP/2x2_files/pray/pray.gen/sources_1/bd/design_1/ip/design_1_axi_dma_1/design_1_axi_dma_1/design_1_axi_dma_1_in_context.xdc] for cell 'design_1_i/axi_dma'
Parsing XDC File [c:/Users/clb20123/Documents/FO-RFSoC-4YP/2x2_files/pray/pray.gen/sources_1/bd/design_1/ip/design_1_axi_smc_1/design_1_axi_smc_1/design_1_axi_smc_1_in_context.xdc] for cell 'design_1_i/axi_smc'
Finished Parsing XDC File [c:/Users/clb20123/Documents/FO-RFSoC-4YP/2x2_files/pray/pray.gen/sources_1/bd/design_1/ip/design_1_axi_smc_1/design_1_axi_smc_1/design_1_axi_smc_1_in_context.xdc] for cell 'design_1_i/axi_smc'
Parsing XDC File [c:/Users/clb20123/Documents/FO-RFSoC-4YP/2x2_files/pray/pray.gen/sources_1/bd/design_1/ip/design_1_rst_ps8_0_96M_1/design_1_rst_ps8_0_96M_1/design_1_rst_ps8_0_96M_1_in_context.xdc] for cell 'design_1_i/rst_ps8_0_96M'
Finished Parsing XDC File [c:/Users/clb20123/Documents/FO-RFSoC-4YP/2x2_files/pray/pray.gen/sources_1/bd/design_1/ip/design_1_rst_ps8_0_96M_1/design_1_rst_ps8_0_96M_1/design_1_rst_ps8_0_96M_1_in_context.xdc] for cell 'design_1_i/rst_ps8_0_96M'
Parsing XDC File [c:/Users/clb20123/Documents/FO-RFSoC-4YP/2x2_files/pray/pray.gen/sources_1/bd/design_1/ip/design_1_xbar_0/design_1_xbar_0/design_1_xbar_0_in_context.xdc] for cell 'design_1_i/ps8_0_axi_periph/xbar'
Finished Parsing XDC File [c:/Users/clb20123/Documents/FO-RFSoC-4YP/2x2_files/pray/pray.gen/sources_1/bd/design_1/ip/design_1_xbar_0/design_1_xbar_0/design_1_xbar_0_in_context.xdc] for cell 'design_1_i/ps8_0_axi_periph/xbar'
Parsing XDC File [c:/Users/clb20123/Documents/FO-RFSoC-4YP/2x2_files/pray/pray.gen/sources_1/bd/design_1/ip/design_1_auto_pc_0/design_1_auto_pc_0/design_1_auto_pc_0_in_context.xdc] for cell 'design_1_i/ps8_0_axi_periph/s00_couplers/auto_pc'
Finished Parsing XDC File [c:/Users/clb20123/Documents/FO-RFSoC-4YP/2x2_files/pray/pray.gen/sources_1/bd/design_1/ip/design_1_auto_pc_0/design_1_auto_pc_0/design_1_auto_pc_0_in_context.xdc] for cell 'design_1_i/ps8_0_axi_periph/s00_couplers/auto_pc'
Parsing XDC File [C:/Users/clb20123/Documents/FO-RFSoC-4YP/2x2_files/pray/pray.runs/synth_1/dont_touch.xdc]
Finished Parsing XDC File [C:/Users/clb20123/Documents/FO-RFSoC-4YP/2x2_files/pray/pray.runs/synth_1/dont_touch.xdc]
Completed Processing XDC Constraints

Netlist sorting complete. Time (s): cpu = 00:00:00 ; elapsed = 00:00:00 . Memory (MB): peak = 2362.586 ; gain = 0.000
INFO: [Project 1-111] Unisim Transformation Summary:
No Unisim elements were transformed.

Constraint Validation Runtime : Time (s): cpu = 00:00:00 ; elapsed = 00:00:00.005 . Memory (MB): peak = 2362.586 ; gain = 0.000
WARNING: [Timing 38-316] Clock period '15.625' specified during out-of-context synthesis of instance 'design_1_i/usp_rf_data_converter_0' at clock pin 's0_axis_aclk' is different from the actual clock period '10.312', this can lead to different synthesis results.
INFO: [Designutils 20-5440] No compile time benefit to using incremental synthesis; A full resynthesis will be run
INFO: [Designutils 20-4379] Flow is switching to default flow due to incremental criteria not met. If you would like to alter this behaviour and have the flow terminate instead, please set the following parameter config_implementation {autoIncr.Synth.RejectBehavior Terminate}
---------------------------------------------------------------------------------
Finished Constraint Validation : Time (s): cpu = 00:00:12 ; elapsed = 00:00:12 . Memory (MB): peak = 2362.586 ; gain = 542.504
---------------------------------------------------------------------------------
---------------------------------------------------------------------------------
Start Loading Part and Timing Information
---------------------------------------------------------------------------------
Loading part: xczu28dr-ffvg1517-2-e
INFO: [Synth 8-6742] Reading net delay rules and data
---------------------------------------------------------------------------------
Finished Loading Part and Timing Information : Time (s): cpu = 00:00:12 ; elapsed = 00:00:12 . Memory (MB): peak = 2362.586 ; gain = 542.504
---------------------------------------------------------------------------------
---------------------------------------------------------------------------------
Start Applying 'set_property' XDC Constraints
---------------------------------------------------------------------------------
Applied set_property IO_BUFFER_TYPE = NONE for adc0_clk_clk_n. (constraint file  c:/Users/clb20123/Documents/FO-RFSoC-4YP/2x2_files/pray/pray.gen/sources_1/bd/design_1/ip/design_1_usp_rf_data_converter_0_0/design_1_usp_rf_data_converter_0_0/design_1_usp_rf_data_converter_0_0_in_context.xdc, line 3).
Applied set_property CLOCK_BUFFER_TYPE = NONE for adc0_clk_clk_n. (constraint file  c:/Users/clb20123/Documents/FO-RFSoC-4YP/2x2_files/pray/pray.gen/sources_1/bd/design_1/ip/design_1_usp_rf_data_converter_0_0/design_1_usp_rf_data_converter_0_0/design_1_usp_rf_data_converter_0_0_in_context.xdc, line 4).
Applied set_property IO_BUFFER_TYPE = NONE for adc0_clk_clk_p. (constraint file  c:/Users/clb20123/Documents/FO-RFSoC-4YP/2x2_files/pray/pray.gen/sources_1/bd/design_1/ip/design_1_usp_rf_data_converter_0_0/design_1_usp_rf_data_converter_0_0/design_1_usp_rf_data_converter_0_0_in_context.xdc, line 5).
Applied set_property CLOCK_BUFFER_TYPE = NONE for adc0_clk_clk_p. (constraint file  c:/Users/clb20123/Documents/FO-RFSoC-4YP/2x2_files/pray/pray.gen/sources_1/bd/design_1/ip/design_1_usp_rf_data_converter_0_0/design_1_usp_rf_data_converter_0_0/design_1_usp_rf_data_converter_0_0_in_context.xdc, line 6).
Applied set_property IO_BUFFER_TYPE = NONE for dac0_clk_clk_n. (constraint file  c:/Users/clb20123/Documents/FO-RFSoC-4YP/2x2_files/pray/pray.gen/sources_1/bd/design_1/ip/design_1_usp_rf_data_converter_0_0/design_1_usp_rf_data_converter_0_0/design_1_usp_rf_data_converter_0_0_in_context.xdc, line 7).
Applied set_property CLOCK_BUFFER_TYPE = NONE for dac0_clk_clk_n. (constraint file  c:/Users/clb20123/Documents/FO-RFSoC-4YP/2x2_files/pray/pray.gen/sources_1/bd/design_1/ip/design_1_usp_rf_data_converter_0_0/design_1_usp_rf_data_converter_0_0/design_1_usp_rf_data_converter_0_0_in_context.xdc, line 8).
Applied set_property IO_BUFFER_TYPE = NONE for dac0_clk_clk_p. (constraint file  c:/Users/clb20123/Documents/FO-RFSoC-4YP/2x2_files/pray/pray.gen/sources_1/bd/design_1/ip/design_1_usp_rf_data_converter_0_0/design_1_usp_rf_data_converter_0_0/design_1_usp_rf_data_converter_0_0_in_context.xdc, line 9).
Applied set_property CLOCK_BUFFER_TYPE = NONE for dac0_clk_clk_p. (constraint file  c:/Users/clb20123/Documents/FO-RFSoC-4YP/2x2_files/pray/pray.gen/sources_1/bd/design_1/ip/design_1_usp_rf_data_converter_0_0/design_1_usp_rf_data_converter_0_0/design_1_usp_rf_data_converter_0_0_in_context.xdc, line 10).
Applied set_property IO_BUFFER_TYPE = NONE for sysref_in_diff_n. (constraint file  c:/Users/clb20123/Documents/FO-RFSoC-4YP/2x2_files/pray/pray.gen/sources_1/bd/design_1/ip/design_1_usp_rf_data_converter_0_0/design_1_usp_rf_data_converter_0_0/design_1_usp_rf_data_converter_0_0_in_context.xdc, line 11).
Applied set_property CLOCK_BUFFER_TYPE = NONE for sysref_in_diff_n. (constraint file  c:/Users/clb20123/Documents/FO-RFSoC-4YP/2x2_files/pray/pray.gen/sources_1/bd/design_1/ip/design_1_usp_rf_data_converter_0_0/design_1_usp_rf_data_converter_0_0/design_1_usp_rf_data_converter_0_0_in_context.xdc, line 12).
Applied set_property IO_BUFFER_TYPE = NONE for sysref_in_diff_p. (constraint file  c:/Users/clb20123/Documents/FO-RFSoC-4YP/2x2_files/pray/pray.gen/sources_1/bd/design_1/ip/design_1_usp_rf_data_converter_0_0/design_1_usp_rf_data_converter_0_0/design_1_usp_rf_data_converter_0_0_in_context.xdc, line 13).
Applied set_property CLOCK_BUFFER_TYPE = NONE for sysref_in_diff_p. (constraint file  c:/Users/clb20123/Documents/FO-RFSoC-4YP/2x2_files/pray/pray.gen/sources_1/bd/design_1/ip/design_1_usp_rf_data_converter_0_0/design_1_usp_rf_data_converter_0_0/design_1_usp_rf_data_converter_0_0_in_context.xdc, line 14).
Applied set_property IO_BUFFER_TYPE = NONE for vin0_01_v_n. (constraint file  c:/Users/clb20123/Documents/FO-RFSoC-4YP/2x2_files/pray/pray.gen/sources_1/bd/design_1/ip/design_1_usp_rf_data_converter_0_0/design_1_usp_rf_data_converter_0_0/design_1_usp_rf_data_converter_0_0_in_context.xdc, line 15).
Applied set_property CLOCK_BUFFER_TYPE = NONE for vin0_01_v_n. (constraint file  c:/Users/clb20123/Documents/FO-RFSoC-4YP/2x2_files/pray/pray.gen/sources_1/bd/design_1/ip/design_1_usp_rf_data_converter_0_0/design_1_usp_rf_data_converter_0_0/design_1_usp_rf_data_converter_0_0_in_context.xdc, line 16).
Applied set_property IO_BUFFER_TYPE = NONE for vin0_01_v_p. (constraint file  c:/Users/clb20123/Documents/FO-RFSoC-4YP/2x2_files/pray/pray.gen/sources_1/bd/design_1/ip/design_1_usp_rf_data_converter_0_0/design_1_usp_rf_data_converter_0_0/design_1_usp_rf_data_converter_0_0_in_context.xdc, line 17).
Applied set_property CLOCK_BUFFER_TYPE = NONE for vin0_01_v_p. (constraint file  c:/Users/clb20123/Documents/FO-RFSoC-4YP/2x2_files/pray/pray.gen/sources_1/bd/design_1/ip/design_1_usp_rf_data_converter_0_0/design_1_usp_rf_data_converter_0_0/design_1_usp_rf_data_converter_0_0_in_context.xdc, line 18).
Applied set_property IO_BUFFER_TYPE = NONE for vout00_v_n. (constraint file  c:/Users/clb20123/Documents/FO-RFSoC-4YP/2x2_files/pray/pray.gen/sources_1/bd/design_1/ip/design_1_usp_rf_data_converter_0_0/design_1_usp_rf_data_converter_0_0/design_1_usp_rf_data_converter_0_0_in_context.xdc, line 19).
Applied set_property CLOCK_BUFFER_TYPE = NONE for vout00_v_n. (constraint file  c:/Users/clb20123/Documents/FO-RFSoC-4YP/2x2_files/pray/pray.gen/sources_1/bd/design_1/ip/design_1_usp_rf_data_converter_0_0/design_1_usp_rf_data_converter_0_0/design_1_usp_rf_data_converter_0_0_in_context.xdc, line 20).
Applied set_property IO_BUFFER_TYPE = NONE for vout00_v_p. (constraint file  c:/Users/clb20123/Documents/FO-RFSoC-4YP/2x2_files/pray/pray.gen/sources_1/bd/design_1/ip/design_1_usp_rf_data_converter_0_0/design_1_usp_rf_data_converter_0_0/design_1_usp_rf_data_converter_0_0_in_context.xdc, line 21).
Applied set_property CLOCK_BUFFER_TYPE = NONE for vout00_v_p. (constraint file  c:/Users/clb20123/Documents/FO-RFSoC-4YP/2x2_files/pray/pray.gen/sources_1/bd/design_1/ip/design_1_usp_rf_data_converter_0_0/design_1_usp_rf_data_converter_0_0/design_1_usp_rf_data_converter_0_0_in_context.xdc, line 22).
Applied set_property KEEP_HIERARCHY = SOFT for design_1_i. (constraint file  auto generated constraint).
Applied set_property KEEP_HIERARCHY = SOFT for design_1_i/zynq_ultra_ps_e_0. (constraint file  auto generated constraint).
Applied set_property KEEP_HIERARCHY = SOFT for design_1_i/DUT_data_in_0. (constraint file  auto generated constraint).
Applied set_property KEEP_HIERARCHY = SOFT for design_1_i/DUT_receiver_0. (constraint file  auto generated constraint).
Applied set_property KEEP_HIERARCHY = SOFT for design_1_i/usp_rf_data_converter_0. (constraint file  auto generated constraint).
Applied set_property KEEP_HIERARCHY = SOFT for design_1_i/axi_dma. (constraint file  auto generated constraint).
Applied set_property KEEP_HIERARCHY = SOFT for design_1_i/axi_smc. (constraint file  auto generated constraint).
Applied set_property KEEP_HIERARCHY = SOFT for design_1_i/rst_ps8_0_96M. (constraint file  auto generated constraint).
Applied set_property KEEP_HIERARCHY = SOFT for design_1_i/ps8_0_axi_periph/xbar. (constraint file  auto generated constraint).
Applied set_property KEEP_HIERARCHY = SOFT for design_1_i/ps8_0_axi_periph/s00_couplers/auto_pc. (constraint file  auto generated constraint).
Applied set_property KEEP_HIERARCHY = SOFT for design_1_i/ps8_0_axi_periph. (constraint file  auto generated constraint).
Applied set_property KEEP_HIERARCHY = SOFT for design_1_i/xlconstant_0. (constraint file  auto generated constraint).
Applied set_property KEEP_HIERARCHY = SOFT for design_1_i/xlconstant_1. (constraint file  auto generated constraint).
---------------------------------------------------------------------------------
Finished applying 'set_property' XDC Constraints : Time (s): cpu = 00:00:12 ; elapsed = 00:00:12 . Memory (MB): peak = 2362.586 ; gain = 542.504
---------------------------------------------------------------------------------
---------------------------------------------------------------------------------
Finished RTL Optimization Phase 2 : Time (s): cpu = 00:00:12 ; elapsed = 00:00:12 . Memory (MB): peak = 2362.586 ; gain = 542.504
---------------------------------------------------------------------------------
---------------------------------------------------------------------------------
Start RTL Component Statistics 
---------------------------------------------------------------------------------
Detailed RTL Component Info : 
---------------------------------------------------------------------------------
Finished RTL Component Statistics 
---------------------------------------------------------------------------------
---------------------------------------------------------------------------------
Start Part Resource Summary
---------------------------------------------------------------------------------
Part Resources:
DSPs: 4272 (col length:192)
BRAMs: 2160 (col length: RAMB18 192 RAMB36 96)
---------------------------------------------------------------------------------
Finished Part Resource Summary
---------------------------------------------------------------------------------
---------------------------------------------------------------------------------
Start Cross Boundary and Area Optimization
---------------------------------------------------------------------------------
WARNING: [Synth 8-7080] Parallel synthesis criteria is not met
WARNING: [Synth 8-7129] Port M00_ACLK in module design_1_ps8_0_axi_periph_2 is either unconnected or has no load
WARNING: [Synth 8-7129] Port M00_ARESETN in module design_1_ps8_0_axi_periph_2 is either unconnected or has no load
WARNING: [Synth 8-7129] Port M01_ACLK in module design_1_ps8_0_axi_periph_2 is either unconnected or has no load
WARNING: [Synth 8-7129] Port M01_ARESETN in module design_1_ps8_0_axi_periph_2 is either unconnected or has no load
WARNING: [Synth 8-7129] Port S00_ACLK in module design_1_ps8_0_axi_periph_2 is either unconnected or has no load
WARNING: [Synth 8-7129] Port S00_ARESETN in module design_1_ps8_0_axi_periph_2 is either unconnected or has no load
---------------------------------------------------------------------------------
Finished Cross Boundary and Area Optimization : Time (s): cpu = 00:00:13 ; elapsed = 00:00:14 . Memory (MB): peak = 2362.586 ; gain = 542.504
---------------------------------------------------------------------------------
---------------------------------------------------------------------------------
Start Applying XDC Timing Constraints
---------------------------------------------------------------------------------
---------------------------------------------------------------------------------
Finished Applying XDC Timing Constraints : Time (s): cpu = 00:00:18 ; elapsed = 00:00:19 . Memory (MB): peak = 2694.176 ; gain = 874.094
---------------------------------------------------------------------------------
---------------------------------------------------------------------------------
Start Timing Optimization
---------------------------------------------------------------------------------
---------------------------------------------------------------------------------
Finished Timing Optimization : Time (s): cpu = 00:00:18 ; elapsed = 00:00:19 . Memory (MB): peak = 2694.453 ; gain = 874.371
---------------------------------------------------------------------------------
---------------------------------------------------------------------------------
Start Technology Mapping
---------------------------------------------------------------------------------
---------------------------------------------------------------------------------
Finished Technology Mapping : Time (s): cpu = 00:00:18 ; elapsed = 00:00:19 . Memory (MB): peak = 2704.762 ; gain = 884.680
---------------------------------------------------------------------------------
---------------------------------------------------------------------------------
Start IO Insertion
---------------------------------------------------------------------------------
---------------------------------------------------------------------------------
Start Flattening Before IO Insertion
---------------------------------------------------------------------------------
---------------------------------------------------------------------------------
Finished Flattening Before IO Insertion
---------------------------------------------------------------------------------
---------------------------------------------------------------------------------
Start Final Netlist Cleanup
---------------------------------------------------------------------------------
---------------------------------------------------------------------------------
Finished Final Netlist Cleanup
---------------------------------------------------------------------------------
---------------------------------------------------------------------------------
Finished IO Insertion : Time (s): cpu = 00:00:20 ; elapsed = 00:00:22 . Memory (MB): peak = 2719.562 ; gain = 899.480
---------------------------------------------------------------------------------
---------------------------------------------------------------------------------
Start Renaming Generated Instances
---------------------------------------------------------------------------------
---------------------------------------------------------------------------------
Finished Renaming Generated Instances : Time (s): cpu = 00:00:20 ; elapsed = 00:00:22 . Memory (MB): peak = 2719.562 ; gain = 899.480
---------------------------------------------------------------------------------
---------------------------------------------------------------------------------
Start Rebuilding User Hierarchy
---------------------------------------------------------------------------------
---------------------------------------------------------------------------------
Finished Rebuilding User Hierarchy : Time (s): cpu = 00:00:20 ; elapsed = 00:00:22 . Memory (MB): peak = 2719.562 ; gain = 899.480
---------------------------------------------------------------------------------
---------------------------------------------------------------------------------
Start Renaming Generated Ports
---------------------------------------------------------------------------------
---------------------------------------------------------------------------------
Finished Renaming Generated Ports : Time (s): cpu = 00:00:20 ; elapsed = 00:00:22 . Memory (MB): peak = 2719.562 ; gain = 899.480
---------------------------------------------------------------------------------
---------------------------------------------------------------------------------
Start Handling Custom Attributes
---------------------------------------------------------------------------------
---------------------------------------------------------------------------------
Finished Handling Custom Attributes : Time (s): cpu = 00:00:20 ; elapsed = 00:00:22 . Memory (MB): peak = 2719.562 ; gain = 899.480
---------------------------------------------------------------------------------
---------------------------------------------------------------------------------
Start Renaming Generated Nets
---------------------------------------------------------------------------------
---------------------------------------------------------------------------------
Finished Renaming Generated Nets : Time (s): cpu = 00:00:20 ; elapsed = 00:00:22 . Memory (MB): peak = 2719.562 ; gain = 899.480
---------------------------------------------------------------------------------
---------------------------------------------------------------------------------
Start Writing Synthesis Report
---------------------------------------------------------------------------------

Report BlackBoxes: 
+------+-----------------------------------+----------+
|      |BlackBox name                      |Instances |
+------+-----------------------------------+----------+
|1     |design_1_xbar_0                    |         1|
|2     |design_1_auto_pc_0                 |         1|
|3     |design_1_DUT_data_in_0_0           |         1|
|4     |design_1_DUT_receiver_0_0          |         1|
|5     |design_1_axi_dma_1                 |         1|
|6     |design_1_axi_smc_1                 |         1|
|7     |design_1_rst_ps8_0_96M_1           |         1|
|8     |design_1_usp_rf_data_converter_0_0 |         1|
|9     |design_1_zynq_ultra_ps_e_0_0       |         1|
+------+-----------------------------------+----------+

Report Cell Usage: 
+------+----------------------------------------+------+
|      |Cell                                    |Count |
+------+----------------------------------------+------+
|1     |design_1_DUT_data_in_0_0_bbox           |     1|
|2     |design_1_DUT_receiver_0_0_bbox          |     1|
|3     |design_1_auto_pc_0_bbox                 |     1|
|4     |design_1_axi_dma_1_bbox                 |     1|
|5     |design_1_axi_smc_1_bbox                 |     1|
|6     |design_1_rst_ps8_0_96M_1_bbox           |     1|
|7     |design_1_usp_rf_data_converter_0_0_bbox |     1|
|8     |design_1_xbar_0_bbox                    |     1|
|9     |design_1_zynq_ultra_ps_e_0_0_bbox       |     1|
+------+----------------------------------------+------+
---------------------------------------------------------------------------------
Finished Writing Synthesis Report : Time (s): cpu = 00:00:20 ; elapsed = 00:00:22 . Memory (MB): peak = 2719.562 ; gain = 899.480
---------------------------------------------------------------------------------
Synthesis finished with 0 errors, 0 critical warnings and 7 warnings.
Synthesis Optimization Runtime : Time (s): cpu = 00:00:13 ; elapsed = 00:00:17 . Memory (MB): peak = 2719.562 ; gain = 857.633
Synthesis Optimization Complete : Time (s): cpu = 00:00:21 ; elapsed = 00:00:22 . Memory (MB): peak = 2719.562 ; gain = 899.480
INFO: [Project 1-571] Translating synthesized netlist
Netlist sorting complete. Time (s): cpu = 00:00:00 ; elapsed = 00:00:00.018 . Memory (MB): peak = 2719.562 ; gain = 0.000
INFO: [Project 1-570] Preparing netlist for logic optimization
INFO: [Opt 31-138] Pushed 0 inverter(s) to 0 load pin(s).
Netlist sorting complete. Time (s): cpu = 00:00:00 ; elapsed = 00:00:00 . Memory (MB): peak = 2719.562 ; gain = 0.000
INFO: [Project 1-111] Unisim Transformation Summary:
No Unisim elements were transformed.

Synth Design complete | Checksum: edafe0da
INFO: [Common 17-83] Releasing license: Synthesis
65 Infos, 25 Warnings, 0 Critical Warnings and 0 Errors encountered.
synth_design completed successfully
synth_design: Time (s): cpu = 00:00:26 ; elapsed = 00:00:28 . Memory (MB): peak = 2719.562 ; gain = 2017.332
INFO: [Common 17-1381] The checkpoint 'C:/Users/clb20123/Documents/FO-RFSoC-4YP/2x2_files/pray/pray.runs/synth_1/design_1_wrapper.dcp' has been generated.
INFO: [Vivado 12-24828] Executing command : report_utilization -file design_1_wrapper_utilization_synth.rpt -pb design_1_wrapper_utilization_synth.pb
INFO: [Common 17-206] Exiting Vivado at Thu Feb 27 22:25:11 2025...
