--------------------------------- Version Log ----------------------------------
Version                                 Path
System Generator 2022.1                 C:/Xilinx/Vivado/2022.1
Matlab 23.2.0.2459199 (R2023b) Update 5 C:\MATLABR2023b
Vivado 2022.1                           C:/Xilinx/Vivado/2022.1
--------------------------------------------------------------------------------
Summary of Errors:
Error 0001: Configuration error
     Block: 'AXI_Overtone/DUT/Master FIFO/FIFO'
Error 0002: Configuration error
     Block: 'AXI_Overtone/DUT/Slave FIFO/FIFO'
--------------------------------------------------------------------------------

Error 0001:

Reported by:
  'AXI_Overtone/DUT/Master FIFO/FIFO'

Details:
Minimum allowed Reset Latency value with UltraScale devices is 2.
Error occurred during "Rate and Type Error Checking".

--------------------------------------------------------------------------------

Error 0001:

Reported by:
  'AXI_Overtone/DUT/Slave FIFO/FIFO'

Details:
Minimum allowed Reset Latency value with UltraScale devices is 2.
Error occurred during "Rate and Type Error Checking".

--------------------------------------------------------------------------------
