Copyright 1986-2022 Xilinx, Inc. All Rights Reserved. Copyright 2022-2024 Advanced Micro Devices, Inc. All Rights Reserved.
---------------------------------------------------------------------------------------------------------------------------------------------
| Tool Version : Vivado v.2024.1 (win64) Build 5076996 Wed May 22 18:37:14 MDT 2024
| Date         : Wed Feb 26 09:01:13 2025
| Host         : EEE-R446-34 running 64-bit major release  (build 9200)
| Command      : report_utilization -file design_1_wrapper_utilization_placed.rpt -pb design_1_wrapper_utilization_placed.pb
| Design       : design_1_wrapper
| Device       : xczu28dr-ffvg1517-2-e
| Speed File   : -2
| Design State : Fully Placed
---------------------------------------------------------------------------------------------------------------------------------------------

Utilization Design Information

Table of Contents
-----------------
1. CLB Logic
1.1 Summary of Registers by Type
2. CLB Logic Distribution
3. BLOCKRAM
4. ARITHMETIC
5. I/O
6. CLOCK
7. ADVANCED
8. CONFIGURATION
9. Primitives
10. Black Boxes
11. Instantiated Netlists

1. CLB Logic
------------

+----------------------------+------+-------+------------+-----------+-------+
|          Site Type         | Used | Fixed | Prohibited | Available | Util% |
+----------------------------+------+-------+------------+-----------+-------+
| CLB LUTs                   | 5238 |     0 |          0 |    425280 |  1.23 |
|   LUT as Logic             | 4712 |     0 |          0 |    425280 |  1.11 |
|   LUT as Memory            |  526 |     0 |          0 |    213600 |  0.25 |
|     LUT as Distributed RAM |  176 |     0 |            |           |       |
|     LUT as Shift Register  |  350 |     0 |            |           |       |
| CLB Registers              | 5891 |     0 |          0 |    850560 |  0.69 |
|   Register as Flip Flop    | 5891 |     0 |          0 |    850560 |  0.69 |
|   Register as Latch        |    0 |     0 |          0 |    850560 |  0.00 |
| CARRY8                     |   74 |     0 |          0 |     53160 |  0.14 |
| F7 Muxes                   |   28 |     0 |          0 |    212640 |  0.01 |
| F8 Muxes                   |    0 |     0 |          0 |    106320 |  0.00 |
| F9 Muxes                   |    0 |     0 |          0 |     53160 |  0.00 |
+----------------------------+------+-------+------------+-----------+-------+
* Warning! LUT value is adjusted to account for LUT combining.


1.1 Summary of Registers by Type
--------------------------------

+-------+--------------+-------------+--------------+
| Total | Clock Enable | Synchronous | Asynchronous |
+-------+--------------+-------------+--------------+
| 0     |            _ |           - |            - |
| 0     |            _ |           - |          Set |
| 0     |            _ |           - |        Reset |
| 0     |            _ |         Set |            - |
| 0     |            _ |       Reset |            - |
| 0     |          Yes |           - |            - |
| 0     |          Yes |           - |          Set |
| 15    |          Yes |           - |        Reset |
| 357   |          Yes |         Set |            - |
| 5519  |          Yes |       Reset |            - |
+-------+--------------+-------------+--------------+


2. CLB Logic Distribution
-------------------------

+--------------------------------------------+------+-------+------------+-----------+-------+
|                  Site Type                 | Used | Fixed | Prohibited | Available | Util% |
+--------------------------------------------+------+-------+------------+-----------+-------+
| CLB                                        | 1205 |     0 |          0 |     53160 |  2.27 |
|   CLBL                                     |  554 |     0 |            |           |       |
|   CLBM                                     |  651 |     0 |            |           |       |
| LUT as Logic                               | 4712 |     0 |          0 |    425280 |  1.11 |
|   using O5 output only                     |  147 |       |            |           |       |
|   using O6 output only                     | 3252 |       |            |           |       |
|   using O5 and O6                          | 1313 |       |            |           |       |
| LUT as Memory                              |  526 |     0 |          0 |    213600 |  0.25 |
|   LUT as Distributed RAM                   |  176 |     0 |            |           |       |
|     using O5 output only                   |    0 |       |            |           |       |
|     using O6 output only                   |   48 |       |            |           |       |
|     using O5 and O6                        |  128 |       |            |           |       |
|   LUT as Shift Register                    |  350 |     0 |            |           |       |
|     using O5 output only                   |    0 |       |            |           |       |
|     using O6 output only                   |  181 |       |            |           |       |
|     using O5 and O6                        |  169 |       |            |           |       |
| CLB Registers                              | 5891 |     0 |          0 |    850560 |  0.69 |
|   Register driven from within the CLB      | 3131 |       |            |           |       |
|   Register driven from outside the CLB     | 2760 |       |            |           |       |
|     LUT in front of the register is unused | 1796 |       |            |           |       |
|     LUT in front of the register is used   |  964 |       |            |           |       |
| Unique Control Sets                        |  358 |       |          0 |    106320 |  0.34 |
+--------------------------------------------+------+-------+------------+-----------+-------+
* * Note: Available Control Sets calculated as Slices * 2, Review the Control Sets Report for more information regarding control sets.


3. BLOCKRAM
-----------

+-------------------+------+-------+------------+-----------+-------+
|     Site Type     | Used | Fixed | Prohibited | Available | Util% |
+-------------------+------+-------+------------+-----------+-------+
| Block RAM Tile    | 14.5 |     0 |          0 |      1080 |  1.34 |
|   RAMB36/FIFO*    |   12 |     0 |          0 |      1080 |  1.11 |
|     RAMB36E2 only |   12 |       |            |           |       |
|   RAMB18          |    5 |     0 |          0 |      2160 |  0.23 |
|     RAMB18E2 only |    5 |       |            |           |       |
| URAM              |    0 |     0 |          0 |        80 |  0.00 |
+-------------------+------+-------+------------+-----------+-------+
* Note: Each Block RAM Tile only has one FIFO logic available and therefore can accommodate only one FIFO36E2 or one FIFO18E2. However, if a FIFO18E2 occupies a Block RAM Tile, that tile can still accommodate a RAMB18E2


4. ARITHMETIC
-------------

+----------------+------+-------+------------+-----------+-------+
|    Site Type   | Used | Fixed | Prohibited | Available | Util% |
+----------------+------+-------+------------+-----------+-------+
| DSPs           |   25 |     0 |          0 |      4272 |  0.59 |
|   DSP48E2 only |   25 |       |            |           |       |
+----------------+------+-------+------------+-----------+-------+


5. I/O
------

+------------------+------+-------+------------+-----------+--------+
|     Site Type    | Used | Fixed | Prohibited | Available |  Util% |
+------------------+------+-------+------------+-----------+--------+
| Bonded IOB       |    0 |     0 |          0 |       347 |   0.00 |
| HPIOB_M          |    0 |     0 |          0 |       138 |   0.00 |
| HPIOB_S          |    0 |     0 |          0 |       138 |   0.00 |
| HDIOB_M          |    0 |     0 |          0 |        24 |   0.00 |
| HDIOB_S          |    0 |     0 |          0 |        24 |   0.00 |
| HPIOB_SNGL       |    0 |     0 |          0 |        23 |   0.00 |
| HPIOBDIFFINBUF   |    0 |     0 |          0 |       192 |   0.00 |
| HPIOBDIFFOUTBUF  |    0 |     0 |          0 |       192 |   0.00 |
| HDIOBDIFFINBUF   |    0 |     0 |          0 |        72 |   0.00 |
| BITSLICE_CONTROL |    0 |     0 |          0 |        64 |   0.00 |
| BITSLICE_RX_TX   |    0 |     0 |          0 |      2496 |   0.00 |
| BITSLICE_TX      |    0 |     0 |          0 |        64 |   0.00 |
| RIU_OR           |    0 |     0 |          0 |        32 |   0.00 |
| HSADC            |    4 |     4 |          0 |         4 | 100.00 |
| HSDAC            |    2 |     2 |          0 |         4 |  50.00 |
+------------------+------+-------+------------+-----------+--------+


6. CLOCK
--------

+------------+------+-------+------------+-----------+-------+
|  Site Type | Used | Fixed | Prohibited | Available | Util% |
+------------+------+-------+------------+-----------+-------+
| BUFGCE     |    0 |     0 |          0 |       216 |  0.00 |
| BUFGCE_DIV |    0 |     0 |          0 |        32 |  0.00 |
| BUFG_GT    |    0 |     0 |          0 |       312 |  0.00 |
| BUFG_PS    |    1 |     0 |          0 |        72 |  1.39 |
| BUFGCTRL*  |    0 |     0 |          0 |        64 |  0.00 |
| PLL        |    0 |     0 |          0 |        16 |  0.00 |
| MMCM       |    0 |     0 |          0 |         8 |  0.00 |
+------------+------+-------+------------+-----------+-------+
* Note: Each used BUFGCTRL counts as two GLOBAL CLOCK BUFFERs. This table does not include global clocking resources, only buffer cell usage. See the Clock Utilization Report (report_clock_utilization) for detailed accounting of global clocking resource availability.


7. ADVANCED
-----------

+-----------------+------+-------+------------+-----------+--------+
|    Site Type    | Used | Fixed | Prohibited | Available |  Util% |
+-----------------+------+-------+------------+-----------+--------+
| CMACE4          |    0 |     0 |          0 |         2 |   0.00 |
| FE              |    0 |     0 |          0 |         8 |   0.00 |
| GTYE4_CHANNEL   |    0 |     0 |          0 |        16 |   0.00 |
| GTYE4_COMMON    |    0 |     0 |          0 |         4 |   0.00 |
| HSADC           |    4 |     4 |          0 |         4 | 100.00 |
| HSDAC           |    2 |     2 |          0 |         4 |  50.00 |
| ILKNE4          |    0 |     0 |          0 |         1 |   0.00 |
| OBUFDS_GTE4     |    0 |     0 |          0 |         8 |   0.00 |
| OBUFDS_GTE4_ADV |    0 |     0 |          0 |         8 |   0.00 |
| PCIE40E4        |    0 |     0 |          0 |         2 |   0.00 |
| PS8             |    1 |     0 |          0 |         1 | 100.00 |
| SYSMONE4        |    0 |     0 |          0 |         1 |   0.00 |
+-----------------+------+-------+------------+-----------+--------+


8. CONFIGURATION
----------------

+-------------+------+-------+------------+-----------+-------+
|  Site Type  | Used | Fixed | Prohibited | Available | Util% |
+-------------+------+-------+------------+-----------+-------+
| BSCANE2     |    0 |     0 |          0 |         4 |  0.00 |
| DNA_PORTE2  |    0 |     0 |          0 |         1 |  0.00 |
| EFUSE_USR   |    0 |     0 |          0 |         1 |  0.00 |
| FRAME_ECCE4 |    0 |     0 |          0 |         1 |  0.00 |
| ICAPE3      |    0 |     0 |          0 |         2 |  0.00 |
| MASTER_JTAG |    0 |     0 |          0 |         1 |  0.00 |
| STARTUPE3   |    0 |     0 |          0 |         1 |  0.00 |
+-------------+------+-------+------------+-----------+-------+


9. Primitives
-------------

+----------+------+---------------------+
| Ref Name | Used | Functional Category |
+----------+------+---------------------+
| FDRE     | 5519 |            Register |
| LUT6     | 1923 |                 CLB |
| LUT4     | 1178 |                 CLB |
| LUT5     | 1080 |                 CLB |
| LUT3     | 1004 |                 CLB |
| LUT2     |  753 |                 CLB |
| SRL16E   |  468 |                 CLB |
| FDSE     |  357 |            Register |
| RAMD32   |  224 |                 CLB |
| LUT1     |   87 |                 CLB |
| CARRY8   |   74 |                 CLB |
| SRLC32E  |   51 |                 CLB |
| RAMD64E  |   48 |                 CLB |
| RAMS32   |   32 |                 CLB |
| MUXF7    |   28 |                 CLB |
| DSP48E2  |   25 |          Arithmetic |
| FDCE     |   15 |            Register |
| RAMB36E2 |   12 |            BLOCKRAM |
| RAMB18E2 |    5 |            BLOCKRAM |
| HSADC    |    4 |            Advanced |
| HSDAC    |    2 |            Advanced |
| PS8      |    1 |            Advanced |
| BUFG_PS  |    1 |               Clock |
+----------+------+---------------------+


10. Black Boxes
---------------

+----------+------+
| Ref Name | Used |
+----------+------+


11. Instantiated Netlists
-------------------------

+------------------------------------+------+
|              Ref Name              | Used |
+------------------------------------+------+
| design_1_zynq_ultra_ps_e_0_0       |    1 |
| design_1_xbar_1                    |    1 |
| design_1_usp_rf_data_converter_0_0 |    1 |
| design_1_rst_ps8_0_96M_9           |    1 |
| design_1_axi_smc_9                 |    1 |
| design_1_axi_fifo_mm_s_3           |    1 |
| design_1_axi_dma_10                |    1 |
| design_1_auto_pc_0                 |    1 |
| design_1_Receiver_0_0              |    1 |
| design_1_Data_generation_0_1       |    1 |
+------------------------------------+------+


