Copyright 1986-2022 Xilinx, Inc. All Rights Reserved. Copyright 2022-2024 Advanced Micro Devices, Inc. All Rights Reserved.
---------------------------------------------------------------------------------------------------------------------------------------------
| Tool Version : Vivado v.2024.1 (win64) Build 5076996 Wed May 22 18:37:14 MDT 2024
| Date         : Fri Mar 28 11:26:09 2025
| Host         : EEE-R343-01 running 64-bit major release  (build 9200)
| Command      : report_utilization -file PYNQ_Design_wrapper_utilization_synth.rpt -pb PYNQ_Design_wrapper_utilization_synth.pb
| Design       : PYNQ_Design_wrapper
| Device       : xczu28dr-ffvg1517-2-e
| Speed File   : -2
| Design State : Synthesized
---------------------------------------------------------------------------------------------------------------------------------------------

Utilization Design Information

Table of Contents
-----------------
1. CLB Logic
1.1 Summary of Registers by Type
2. BLOCKRAM
3. ARITHMETIC
4. I/O
5. CLOCK
6. ADVANCED
7. CONFIGURATION
8. Primitives
9. Black Boxes
10. Instantiated Netlists

1. CLB Logic
------------

+----------------------------+-------+-------+------------+-----------+-------+
|          Site Type         |  Used | Fixed | Prohibited | Available | Util% |
+----------------------------+-------+-------+------------+-----------+-------+
| CLB LUTs*                  | 39862 |     0 |          0 |    425280 |  9.37 |
|   LUT as Logic             | 21663 |     0 |          0 |    425280 |  5.09 |
|   LUT as Memory            | 18199 |     0 |          0 |    213600 |  8.52 |
|     LUT as Distributed RAM |   612 |     0 |            |           |       |
|     LUT as Shift Register  | 17587 |     0 |            |           |       |
| CLB Registers              | 45887 |     0 |          0 |    850560 |  5.39 |
|   Register as Flip Flop    | 45887 |     0 |          0 |    850560 |  5.39 |
|   Register as Latch        |     0 |     0 |          0 |    850560 |  0.00 |
| CARRY8                     |   382 |     0 |          0 |     53160 |  0.72 |
| F7 Muxes                   |   443 |     0 |          0 |    212640 |  0.21 |
| F8 Muxes                   |    66 |     0 |          0 |    106320 |  0.06 |
| F9 Muxes                   |     0 |     0 |          0 |     53160 |  0.00 |
+----------------------------+-------+-------+------------+-----------+-------+
* Warning! The Final LUT count, after physical optimizations and full implementation, is typically lower. Run opt_design after synthesis, if not already completed, for a more realistic count.
Warning! LUT value is adjusted to account for LUT combining.
Warning! For any ECO changes, please run place_design if there are unplaced instances


1.1 Summary of Registers by Type
--------------------------------

+-------+--------------+-------------+--------------+
| Total | Clock Enable | Synchronous | Asynchronous |
+-------+--------------+-------------+--------------+
| 0     |            _ |           - |            - |
| 0     |            _ |           - |          Set |
| 0     |            _ |           - |        Reset |
| 0     |            _ |         Set |            - |
| 0     |            _ |       Reset |            - |
| 0     |          Yes |           - |            - |
| 0     |          Yes |           - |          Set |
| 108   |          Yes |           - |        Reset |
| 898   |          Yes |         Set |            - |
| 44881 |          Yes |       Reset |            - |
+-------+--------------+-------------+--------------+


2. BLOCKRAM
-----------

+-------------------+------+-------+------------+-----------+-------+
|     Site Type     | Used | Fixed | Prohibited | Available | Util% |
+-------------------+------+-------+------------+-----------+-------+
| Block RAM Tile    |  290 |     0 |          0 |      1080 | 26.85 |
|   RAMB36/FIFO*    |  280 |     0 |          0 |      1080 | 25.93 |
|     RAMB36E2 only |  280 |       |            |           |       |
|   RAMB18          |   20 |     0 |          0 |      2160 |  0.93 |
|     RAMB18E2 only |   20 |       |            |           |       |
| URAM              |    0 |     0 |          0 |        80 |  0.00 |
+-------------------+------+-------+------------+-----------+-------+
* Note: Each Block RAM Tile only has one FIFO logic available and therefore can accommodate only one FIFO36E2 or one FIFO18E2. However, if a FIFO18E2 occupies a Block RAM Tile, that tile can still accommodate a RAMB18E2


3. ARITHMETIC
-------------

+----------------+------+-------+------------+-----------+-------+
|    Site Type   | Used | Fixed | Prohibited | Available | Util% |
+----------------+------+-------+------------+-----------+-------+
| DSPs           |  206 |     0 |          0 |      4272 |  4.82 |
|   DSP48E2 only |  206 |       |            |           |       |
+----------------+------+-------+------------+-----------+-------+


4. I/O
------

+------------+------+-------+------------+-----------+--------+
|  Site Type | Used | Fixed | Prohibited | Available |  Util% |
+------------+------+-------+------------+-----------+--------+
| Bonded IOB |    1 |     0 |          0 |       347 |   0.29 |
| HSADC      |    8 |     0 |          0 |         4 | 200.00 |
| HSDAC      |    4 |     0 |          0 |         4 | 100.00 |
+------------+------+-------+------------+-----------+--------+


5. CLOCK
--------

+------------+------+-------+------------+-----------+-------+
|  Site Type | Used | Fixed | Prohibited | Available | Util% |
+------------+------+-------+------------+-----------+-------+
| BUFGCE     |    4 |     0 |          0 |       216 |  1.85 |
| BUFGCE_DIV |    0 |     0 |          0 |        32 |  0.00 |
| BUFG_GT    |    4 |     0 |          0 |       312 |  1.28 |
| BUFG_PS    |    2 |     0 |          0 |        72 |  2.78 |
| BUFGCTRL*  |    0 |     0 |          0 |        64 |  0.00 |
| PLL        |    0 |     0 |          0 |        16 |  0.00 |
| MMCM       |    2 |     0 |          0 |         8 | 25.00 |
+------------+------+-------+------------+-----------+-------+
* Note: Each used BUFGCTRL counts as two GLOBAL CLOCK BUFFERs. This table does not include global clocking resources, only buffer cell usage. See the Clock Utilization Report (report_clock_utilization) for detailed accounting of global clocking resource availability.


6. ADVANCED
-----------

+-----------------+------+-------+------------+-----------+--------+
|    Site Type    | Used | Fixed | Prohibited | Available |  Util% |
+-----------------+------+-------+------------+-----------+--------+
| CMACE4          |    0 |     0 |          0 |         2 |   0.00 |
| FE              |    0 |     0 |          0 |         8 |   0.00 |
| GTYE4_CHANNEL   |    0 |     0 |          0 |        16 |   0.00 |
| GTYE4_COMMON    |    0 |     0 |          0 |         4 |   0.00 |
| HSADC           |    8 |     0 |          0 |         4 | 200.00 |
| HSDAC           |    4 |     0 |          0 |         4 | 100.00 |
| ILKNE4          |    0 |     0 |          0 |         1 |   0.00 |
| OBUFDS_GTE4     |    0 |     0 |          0 |         8 |   0.00 |
| OBUFDS_GTE4_ADV |    0 |     0 |          0 |         8 |   0.00 |
| PCIE40E4        |    0 |     0 |          0 |         2 |   0.00 |
| PS8             |    2 |     0 |          0 |         1 | 200.00 |
| SYSMONE4        |    0 |     0 |          0 |         1 |   0.00 |
+-----------------+------+-------+------------+-----------+--------+


7. CONFIGURATION
----------------

+-------------+------+-------+------------+-----------+-------+
|  Site Type  | Used | Fixed | Prohibited | Available | Util% |
+-------------+------+-------+------------+-----------+-------+
| BSCANE2     |    0 |     0 |          0 |         4 |  0.00 |
| DNA_PORTE2  |    0 |     0 |          0 |         1 |  0.00 |
| EFUSE_USR   |    0 |     0 |          0 |         1 |  0.00 |
| FRAME_ECCE4 |    0 |     0 |          0 |         1 |  0.00 |
| ICAPE3      |    0 |     0 |          0 |         2 |  0.00 |
| MASTER_JTAG |    0 |     0 |          0 |         1 |  0.00 |
| STARTUPE3   |    0 |     0 |          0 |         1 |  0.00 |
+-------------+------+-------+------------+-----------+-------+


8. Primitives
-------------

+--------------+-------+---------------------+
|   Ref Name   |  Used | Functional Category |
+--------------+-------+---------------------+
| FDRE         | 44881 |            Register |
| SRLC32E      | 10246 |                 CLB |
| LUT6         |  8743 |                 CLB |
| SRL16E       |  8261 |                 CLB |
| LUT3         |  4922 |                 CLB |
| LUT4         |  3869 |                 CLB |
| LUT5         |  3621 |                 CLB |
| LUT2         |  3605 |                 CLB |
| LUT1         |  1354 |                 CLB |
| RAMD32       |  1068 |                 CLB |
| FDSE         |   898 |            Register |
| MUXF7        |   443 |                 CLB |
| CARRY8       |   382 |                 CLB |
| RAMB36E2     |   280 |            BLOCKRAM |
| DSP48E2      |   206 |          Arithmetic |
| RAMS32       |   152 |                 CLB |
| FDCE         |   108 |            Register |
| MUXF8        |    66 |                 CLB |
| RAMB18E2     |    20 |            BLOCKRAM |
| SRLC16E      |     8 |                 CLB |
| HSADC        |     8 |            Advanced |
| HSDAC        |     4 |            Advanced |
| BUFG_GT_SYNC |     4 |               Clock |
| BUFG_GT      |     4 |               Clock |
| BUFGCE       |     4 |               Clock |
| PS8          |     2 |            Advanced |
| MMCME4_ADV   |     2 |               Clock |
| BUFG_PS      |     2 |               Clock |
| OBUF         |     1 |                 I/O |
+--------------+-------+---------------------+


9. Black Boxes
--------------

+------------+------+
|  Ref Name  | Used |
+------------+------+
| dbg_hub_CV |    1 |
+------------+------+


10. Instantiated Netlists
-------------------------

+----------+------+
| Ref Name | Used |
+----------+------+


