Copyright 1986-2022 Xilinx, Inc. All Rights Reserved. Copyright 2022-2024 Advanced Micro Devices, Inc. All Rights Reserved.
-------------------------------------------------------------------------------------------------------------------------------------------------------------------------------
| Tool Version     : Vivado v.2024.1 (win64) Build 5076996 Wed May 22 18:37:14 MDT 2024
| Date             : Wed Mar 26 12:43:45 2025
| Host             : EEE-R343-01 running 64-bit major release  (build 9200)
| Command          : report_power -file PYNQ_Design_wrapper_power_routed.rpt -pb PYNQ_Design_wrapper_power_summary_routed.pb -rpx PYNQ_Design_wrapper_power_routed.rpx
| Design           : PYNQ_Design_wrapper
| Device           : xczu28dr-ffvg1517-2-e
| Design State     : routed
| Grade            : extended
| Process          : typical
| Characterization : Production
-------------------------------------------------------------------------------------------------------------------------------------------------------------------------------

Power Report

Table of Contents
-----------------
1. Summary
1.1 On-Chip Components
1.2 Power Supply Summary
1.3 Confidence Level
2. Settings
2.1 Environment
2.2 Clock Constraints
3. Detailed Reports
3.1 By Hierarchy

1. Summary
----------

+--------------------------+--------------+
| Total On-Chip Power (W)  | 4.429        |
| Design Power Budget (W)  | Unspecified* |
| Power Budget Margin (W)  | NA           |
| Dynamic (W)              | 3.226        |
| Device Static (W)        | 1.203        |
| Effective TJA (C/W)      | 0.8          |
| Max Ambient (C)          | 96.3         |
| Junction Temperature (C) | 28.7         |
| Confidence Level         | Medium       |
| Setting File             | ---          |
| Simulation Activity File | ---          |
| Design Nets Matched      | NA           |
+--------------------------+--------------+
* Specify Design Power Budget using, set_operating_conditions -design_power_budget <value in Watts>


1.1 On-Chip Components
----------------------

+--------------------------+-----------+----------+-----------+-----------------+
| On-Chip                  | Power (W) | Used     | Available | Utilization (%) |
+--------------------------+-----------+----------+-----------+-----------------+
| Clocks                   |     0.132 |       31 |       --- |             --- |
| CLB Logic                |     0.289 |    54275 |       --- |             --- |
|   LUT as Shift Register  |     0.252 |     8994 |    213600 |            4.21 |
|   Register               |     0.015 |    25334 |    850560 |            2.98 |
|   LUT as Distributed RAM |     0.013 |      326 |    213600 |            0.15 |
|   LUT as Logic           |     0.009 |    10093 |    425280 |            2.37 |
|   CARRY8                 |    <0.001 |      198 |     53160 |            0.37 |
|   Others                 |     0.000 |     3291 |       --- |             --- |
|   F7/F8 Muxes            |     0.000 |      250 |    425280 |            0.06 |
|   BUFG                   |     0.000 |        1 |        64 |            1.56 |
| Signals                  |     0.099 |    44367 |       --- |             --- |
| Block RAM                |     0.091 |      145 |      1080 |           13.43 |
| RFAMS                    |     0.568 |        6 |       --- |             --- |
|   RFADC                  |     0.391 |        4 |         4 |          100.00 |
|   RFDAC                  |     0.177 |        2 |         4 |           50.00 |
| MMCM                     |     0.097 |        0 |       --- |             --- |
| DSPs                     |     0.165 |      205 |      4272 |            4.80 |
| I/O                      |    <0.001 |        1 |       347 |            0.29 |
| PS8                      |     1.785 |        1 |       --- |             --- |
| Static Power             |     1.203 |          |           |                 |
|   PS Static              |     0.101 |          |           |                 |
|   PL Static              |     1.103 |          |           |                 |
| Total                    |     4.429 |          |           |                 |
+--------------------------+-----------+----------+-----------+-----------------+


1.2 Power Supply Summary
------------------------

+-----------------+-------------+-----------+-------------+------------+-------------+-------------+------------+
| Source          | Voltage (V) | Total (A) | Dynamic (A) | Static (A) | Powerup (A) | Budget (A)  | Margin (A) |
+-----------------+-------------+-----------+-------------+------------+-------------+-------------+------------+
| Vccint          |       0.850 |     1.213 |       0.904 |      0.309 |       NA    | Unspecified | NA         |
| Vccint_io       |       0.850 |     0.071 |       0.000 |      0.071 |       NA    | Unspecified | NA         |
| Vccbram         |       0.850 |     0.014 |       0.009 |      0.004 |       NA    | Unspecified | NA         |
| Vccaux          |       1.800 |     0.333 |       0.054 |      0.279 |       NA    | Unspecified | NA         |
| Vccaux_io       |       1.800 |     0.058 |       0.000 |      0.058 |       NA    | Unspecified | NA         |
| Vcco33          |       3.300 |     0.000 |       0.000 |      0.000 |       NA    | Unspecified | NA         |
| Vcco25          |       2.500 |     0.000 |       0.000 |      0.000 |       NA    | Unspecified | NA         |
| Vcco18          |       1.800 |     0.000 |       0.000 |      0.000 |       NA    | Unspecified | NA         |
| Vcco15          |       1.500 |     0.000 |       0.000 |      0.000 |       NA    | Unspecified | NA         |
| Vcco135         |       1.350 |     0.000 |       0.000 |      0.000 |       NA    | Unspecified | NA         |
| Vcco12          |       1.200 |     0.000 |       0.000 |      0.000 |       NA    | Unspecified | NA         |
| Vcco10          |       1.000 |     0.000 |       0.000 |      0.000 |       NA    | Unspecified | NA         |
| Vccadc          |       1.800 |     0.008 |       0.000 |      0.008 |       NA    | Unspecified | NA         |
| VCC_PSINTFP     |       0.850 |     0.575 |       0.542 |      0.034 |       NA    | Unspecified | NA         |
| VCC_PSINTLP     |       0.850 |     0.233 |       0.226 |      0.007 |       NA    | Unspecified | NA         |
| VPS_MGTRAVCC    |       0.850 |     0.001 |       0.000 |      0.001 |       NA    | Unspecified | NA         |
| VCC_PSINTFP_DDR |       0.850 |     0.549 |       0.544 |      0.004 |       NA    | Unspecified | NA         |
| VCC_PSPLL       |       1.200 |     0.069 |       0.067 |      0.002 |       NA    | Unspecified | NA         |
| VPS_MGTRAVTT    |       1.800 |     0.001 |       0.000 |      0.001 |       NA    | Unspecified | NA         |
| VCCO_PSDDR_504  |       1.200 |     0.525 |       0.491 |      0.034 |       NA    | Unspecified | NA         |
| VCC_PSAUX       |       1.800 |     0.002 |       0.000 |      0.002 |       NA    | Unspecified | NA         |
| VCC_PSBATT      |       1.200 |     0.000 |       0.000 |      0.000 |       NA    | Unspecified | NA         |
| VCC_PSDDR_PLL   |       1.800 |     0.001 |       0.000 |      0.001 |       NA    | Unspecified | NA         |
| VCCO_PSIO0_500  |       3.300 |     0.001 |       0.000 |      0.001 |       NA    | Unspecified | NA         |
| VCCO_PSIO1_501  |       3.300 |     0.001 |       0.000 |      0.001 |       NA    | Unspecified | NA         |
| VCCO_PSIO2_502  |       3.300 |     0.001 |       0.000 |      0.001 |       NA    | Unspecified | NA         |
| VCCO_PSIO3_503  |       3.300 |     0.001 |       0.000 |      0.001 |       NA    | Unspecified | NA         |
| VCC_PSADC       |       1.800 |     0.002 |       0.000 |      0.002 |       NA    | Unspecified | NA         |
| VCCINT_AMS      |       0.850 |     0.010 |       0.000 |      0.010 |       NA    | Unspecified | NA         |
| DACAVCC         |       0.925 |     0.047 |       0.039 |      0.008 |       NA    | Unspecified | NA         |
| DACAVCCAUX      |       1.800 |     0.044 |       0.044 |      0.000 |       NA    | Unspecified | NA         |
| DACAVTT         |       2.500 |     0.030 |       0.025 |      0.005 |       NA    | Unspecified | NA         |
| ADCAVCC         |       0.925 |     0.105 |       0.094 |      0.012 |       NA    | Unspecified | NA         |
| ADCAVCCAUX      |       1.800 |     0.218 |       0.169 |      0.049 |       NA    | Unspecified | NA         |
| VCCSDFEC        |       0.850 |     0.030 |       0.000 |      0.030 |       NA    | Unspecified | NA         |
| MGTYAVcc        |       0.900 |     0.000 |       0.000 |      0.000 |       NA    | Unspecified | NA         |
| MGTYAVtt        |       1.200 |     0.000 |       0.000 |      0.000 |       NA    | Unspecified | NA         |
| MGTYVccaux      |       1.800 |     0.000 |       0.000 |      0.000 |       NA    | Unspecified | NA         |
+-----------------+-------------+-----------+-------------+------------+-------------+-------------+------------+


1.3 Confidence Level
--------------------

+-----------------------------+------------+------------------------------------------------+------------------------------------------------------------------------------------------------------------+
| User Input Data             | Confidence | Details                                        | Action                                                                                                     |
+-----------------------------+------------+------------------------------------------------+------------------------------------------------------------------------------------------------------------+
| Design implementation state | High       | Design is routed                               |                                                                                                            |
| Clock nodes activity        | High       | User specified more than 95% of clocks         |                                                                                                            |
| I/O nodes activity          | High       | User specified more than 95% of inputs         |                                                                                                            |
| Internal nodes activity     | Medium     | User specified less than 25% of internal nodes | Provide missing internal nodes activity with simulation results or by editing the "By Resource Type" views |
| Device models               | High       | Device models are Production                   |                                                                                                            |
|                             |            |                                                |                                                                                                            |
| Overall confidence level    | Medium     |                                                |                                                                                                            |
+-----------------------------+------------+------------------------------------------------+------------------------------------------------------------------------------------------------------------+


2. Settings
-----------

2.1 Environment
---------------

+-----------------------+--------------------------+
| Ambient Temp (C)      | 25.0                     |
| ThetaJA (C/W)         | 0.8                      |
| Airflow (LFM)         | 250                      |
| Heat Sink             | medium (Medium Profile)  |
| ThetaSA (C/W)         | 1.2                      |
| Board Selection       | medium (10"x10")         |
| # of Board Layers     | 12to15 (12 to 15 Layers) |
| Board Temperature (C) | 25.0                     |
+-----------------------+--------------------------+


2.2 Clock Constraints
---------------------

+-----------------------------------------------------------------------------------------------------+----------------------------------------------------------------------------------------+-----------------+
| Clock                                                                                               | Domain                                                                                 | Constraint (ns) |
+-----------------------------------------------------------------------------------------------------+----------------------------------------------------------------------------------------+-----------------+
| RFADC0_CLK                                                                                          | PYNQ_Design_i/RFDC/inst/PYNQ_Design_usp_rf_data_converter_0_0_rf_wrapper_i/clk_adc0    |            15.6 |
| RFDAC0_CLK                                                                                          | PYNQ_Design_i/RFDC/inst/PYNQ_Design_usp_rf_data_converter_0_0_rf_wrapper_i/tx0_u_dac_0 |             7.8 |
| clk_out1_PYNQ_Design_clk_wiz_0_0                                                                    | PYNQ_Design_i/RX/clk_wiz_0/inst/clk_out1_PYNQ_Design_clk_wiz_0_0                       |             7.8 |
| clk_pl_0                                                                                            | PYNQ_Design_i/PS/U0/pl_clk_unbuffered[0]                                               |            10.3 |
| dbg_hub/inst/BSCANID.u_xsdbm_id/SWITCH_N_EXT_BSCAN.bscan_inst/SERIES7_BSCAN.bscan_inst/INTERNAL_TCK | dbg_hub/inst/BSCANID.u_xsdbm_id/SWITCH_N_EXT_BSCAN.bscan_inst/DRCK                     |            50.0 |
+-----------------------------------------------------------------------------------------------------+----------------------------------------------------------------------------------------+-----------------+


3. Detailed Reports
-------------------

3.1 By Hierarchy
----------------

+--------------------------+-----------+
| Name                     | Power (W) |
+--------------------------+-----------+
| PYNQ_Design_wrapper      |     3.226 |
|   PYNQ_Design_i          |     3.223 |
|     PS                   |     1.787 |
|       U0                 |     1.787 |
|     RFDC                 |     0.592 |
|       inst               |     0.592 |
|     RX                   |     0.782 |
|       RX_ILA             |     0.098 |
|       Receiver_0         |     0.559 |
|       axi_dma_rx         |     0.016 |
|       axi_smc            |     0.012 |
|       clk_wiz_0          |     0.098 |
|     TX                   |     0.050 |
|       Data_generation_0  |     0.008 |
|       TX_ILA             |     0.021 |
|       axi_dma_tx         |     0.013 |
|       axi_smc_1          |     0.008 |
|     ps8_0_axi_periph     |     0.011 |
|       m00_couplers       |     0.002 |
|       m01_couplers       |     0.002 |
|       s00_couplers       |     0.006 |
|       xbar               |     0.002 |
|   dbg_hub                |     0.003 |
|     inst                 |     0.003 |
|       BSCANID.u_xsdbm_id |     0.003 |
+--------------------------+-----------+


