Copyright 1986-2022 Xilinx, Inc. All Rights Reserved. Copyright 2022-2024 Advanced Micro Devices, Inc. All Rights Reserved.
---------------------------------------------------------------------------------------------------------------------------------------------
| Tool Version : Vivado v.2024.1 (win64) Build 5076996 Wed May 22 18:37:14 MDT 2024
| Date         : Fri Mar 14 15:13:39 2025
| Host         : EEE-R343-01 running 64-bit major release  (build 9200)
| Command      : report_utilization -file PYNQ_Design_wrapper_utilization_placed.rpt -pb PYNQ_Design_wrapper_utilization_placed.pb
| Design       : PYNQ_Design_wrapper
| Device       : xczu28dr-ffvg1517-2-e
| Speed File   : -2
| Design State : Fully Placed
---------------------------------------------------------------------------------------------------------------------------------------------

Utilization Design Information

Table of Contents
-----------------
1. CLB Logic
1.1 Summary of Registers by Type
2. CLB Logic Distribution
3. BLOCKRAM
4. ARITHMETIC
5. I/O
6. CLOCK
7. ADVANCED
8. CONFIGURATION
9. Primitives
10. Black Boxes
11. Instantiated Netlists

1. CLB Logic
------------

+----------------------------+-------+-------+------------+-----------+-------+
|          Site Type         |  Used | Fixed | Prohibited | Available | Util% |
+----------------------------+-------+-------+------------+-----------+-------+
| CLB LUTs                   | 13812 |     0 |          0 |    425280 |  3.25 |
|   LUT as Logic             | 11224 |     0 |          0 |    425280 |  2.64 |
|   LUT as Memory            |  2588 |     0 |          0 |    213600 |  1.21 |
|     LUT as Distributed RAM |   690 |     0 |            |           |       |
|     LUT as Shift Register  |  1898 |     0 |            |           |       |
| CLB Registers              | 19730 |     0 |          0 |    850560 |  2.32 |
|   Register as Flip Flop    | 19730 |     0 |          0 |    850560 |  2.32 |
|   Register as Latch        |     0 |     0 |          0 |    850560 |  0.00 |
| CARRY8                     |   144 |     0 |          0 |     53160 |  0.27 |
| F7 Muxes                   |    84 |     0 |          0 |    212640 |  0.04 |
| F8 Muxes                   |     0 |     0 |          0 |    106320 |  0.00 |
| F9 Muxes                   |     0 |     0 |          0 |     53160 |  0.00 |
+----------------------------+-------+-------+------------+-----------+-------+
* Warning! LUT value is adjusted to account for LUT combining.


1.1 Summary of Registers by Type
--------------------------------

+-------+--------------+-------------+--------------+
| Total | Clock Enable | Synchronous | Asynchronous |
+-------+--------------+-------------+--------------+
| 0     |            _ |           - |            - |
| 0     |            _ |           - |          Set |
| 0     |            _ |           - |        Reset |
| 0     |            _ |         Set |            - |
| 0     |            _ |       Reset |            - |
| 0     |          Yes |           - |            - |
| 107   |          Yes |           - |          Set |
| 394   |          Yes |           - |        Reset |
| 571   |          Yes |         Set |            - |
| 18658 |          Yes |       Reset |            - |
+-------+--------------+-------------+--------------+


2. CLB Logic Distribution
-------------------------

+--------------------------------------------+-------+-------+------------+-----------+-------+
|                  Site Type                 |  Used | Fixed | Prohibited | Available | Util% |
+--------------------------------------------+-------+-------+------------+-----------+-------+
| CLB                                        |  3342 |     0 |          0 |     53160 |  6.29 |
|   CLBL                                     |  1557 |     0 |            |           |       |
|   CLBM                                     |  1785 |     0 |            |           |       |
| LUT as Logic                               | 11224 |     0 |          0 |    425280 |  2.64 |
|   using O5 output only                     |   479 |       |            |           |       |
|   using O6 output only                     |  7662 |       |            |           |       |
|   using O5 and O6                          |  3083 |       |            |           |       |
| LUT as Memory                              |  2588 |     0 |          0 |    213600 |  1.21 |
|   LUT as Distributed RAM                   |   690 |     0 |            |           |       |
|     using O5 output only                   |     0 |       |            |           |       |
|     using O6 output only                   |    10 |       |            |           |       |
|     using O5 and O6                        |   680 |       |            |           |       |
|   LUT as Shift Register                    |  1898 |     0 |            |           |       |
|     using O5 output only                   |     0 |       |            |           |       |
|     using O6 output only                   |  1090 |       |            |           |       |
|     using O5 and O6                        |   808 |       |            |           |       |
| CLB Registers                              | 19730 |     0 |          0 |    850560 |  2.32 |
|   Register driven from within the CLB      |  9748 |       |            |           |       |
|   Register driven from outside the CLB     |  9982 |       |            |           |       |
|     LUT in front of the register is unused |  7350 |       |            |           |       |
|     LUT in front of the register is used   |  2632 |       |            |           |       |
| Unique Control Sets                        |   953 |       |          0 |    106320 |  0.90 |
+--------------------------------------------+-------+-------+------------+-----------+-------+
* * Note: Available Control Sets calculated as Slices * 2, Review the Control Sets Report for more information regarding control sets.


3. BLOCKRAM
-----------

+-------------------+------+-------+------------+-----------+-------+
|     Site Type     | Used | Fixed | Prohibited | Available | Util% |
+-------------------+------+-------+------------+-----------+-------+
| Block RAM Tile    |   21 |     0 |          0 |      1080 |  1.94 |
|   RAMB36/FIFO*    |   15 |     0 |          0 |      1080 |  1.39 |
|     RAMB36E2 only |   15 |       |            |           |       |
|   RAMB18          |   12 |     0 |          0 |      2160 |  0.56 |
|     RAMB18E2 only |   12 |       |            |           |       |
| URAM              |    0 |     0 |          0 |        80 |  0.00 |
+-------------------+------+-------+------------+-----------+-------+
* Note: Each Block RAM Tile only has one FIFO logic available and therefore can accommodate only one FIFO36E2 or one FIFO18E2. However, if a FIFO18E2 occupies a Block RAM Tile, that tile can still accommodate a RAMB18E2


4. ARITHMETIC
-------------

+----------------+------+-------+------------+-----------+-------+
|    Site Type   | Used | Fixed | Prohibited | Available | Util% |
+----------------+------+-------+------------+-----------+-------+
| DSPs           |   53 |     0 |          0 |      4272 |  1.24 |
|   DSP48E2 only |   53 |       |            |           |       |
+----------------+------+-------+------------+-----------+-------+


5. I/O
------

+------------------+------+-------+------------+-----------+--------+
|     Site Type    | Used | Fixed | Prohibited | Available |  Util% |
+------------------+------+-------+------------+-----------+--------+
| Bonded IOB       |    0 |     0 |          0 |       347 |   0.00 |
| HPIOB_M          |    0 |     0 |          0 |       138 |   0.00 |
| HPIOB_S          |    0 |     0 |          0 |       138 |   0.00 |
| HDIOB_M          |    0 |     0 |          0 |        24 |   0.00 |
| HDIOB_S          |    0 |     0 |          0 |        24 |   0.00 |
| HPIOB_SNGL       |    0 |     0 |          0 |        23 |   0.00 |
| HPIOBDIFFINBUF   |    0 |     0 |          0 |       192 |   0.00 |
| HPIOBDIFFOUTBUF  |    0 |     0 |          0 |       192 |   0.00 |
| HDIOBDIFFINBUF   |    0 |     0 |          0 |        72 |   0.00 |
| BITSLICE_CONTROL |    0 |     0 |          0 |        64 |   0.00 |
| BITSLICE_RX_TX   |    0 |     0 |          0 |      2496 |   0.00 |
| BITSLICE_TX      |    0 |     0 |          0 |        64 |   0.00 |
| RIU_OR           |    0 |     0 |          0 |        32 |   0.00 |
| HSADC            |    4 |     4 |          0 |         4 | 100.00 |
| HSDAC            |    2 |     2 |          0 |         4 |  50.00 |
+------------------+------+-------+------------+-----------+--------+


6. CLOCK
--------

+------------+------+-------+------------+-----------+-------+
|  Site Type | Used | Fixed | Prohibited | Available | Util% |
+------------+------+-------+------------+-----------+-------+
| BUFGCE     |    2 |     0 |          0 |       216 |  0.93 |
| BUFGCE_DIV |    0 |     0 |          0 |        32 |  0.00 |
| BUFG_GT    |    2 |     0 |          0 |       312 |  0.64 |
| BUFG_PS    |    1 |     0 |          0 |        72 |  1.39 |
| BUFGCTRL*  |    0 |     0 |          0 |        64 |  0.00 |
| PLL        |    0 |     0 |          0 |        16 |  0.00 |
| MMCM       |    1 |     0 |          0 |         8 | 12.50 |
+------------+------+-------+------------+-----------+-------+
* Note: Each used BUFGCTRL counts as two GLOBAL CLOCK BUFFERs. This table does not include global clocking resources, only buffer cell usage. See the Clock Utilization Report (report_clock_utilization) for detailed accounting of global clocking resource availability.


7. ADVANCED
-----------

+-----------------+------+-------+------------+-----------+--------+
|    Site Type    | Used | Fixed | Prohibited | Available |  Util% |
+-----------------+------+-------+------------+-----------+--------+
| CMACE4          |    0 |     0 |          0 |         2 |   0.00 |
| FE              |    0 |     0 |          0 |         8 |   0.00 |
| GTYE4_CHANNEL   |    0 |     0 |          0 |        16 |   0.00 |
| GTYE4_COMMON    |    0 |     0 |          0 |         4 |   0.00 |
| HSADC           |    4 |     4 |          0 |         4 | 100.00 |
| HSDAC           |    2 |     2 |          0 |         4 |  50.00 |
| ILKNE4          |    0 |     0 |          0 |         1 |   0.00 |
| OBUFDS_GTE4     |    0 |     0 |          0 |         8 |   0.00 |
| OBUFDS_GTE4_ADV |    0 |     0 |          0 |         8 |   0.00 |
| PCIE40E4        |    0 |     0 |          0 |         2 |   0.00 |
| PS8             |    1 |     0 |          0 |         1 | 100.00 |
| SYSMONE4        |    0 |     0 |          0 |         1 |   0.00 |
+-----------------+------+-------+------------+-----------+--------+


8. CONFIGURATION
----------------

+-------------+------+-------+------------+-----------+-------+
|  Site Type  | Used | Fixed | Prohibited | Available | Util% |
+-------------+------+-------+------------+-----------+-------+
| BSCANE2     |    1 |     0 |          0 |         4 | 25.00 |
| DNA_PORTE2  |    0 |     0 |          0 |         1 |  0.00 |
| EFUSE_USR   |    0 |     0 |          0 |         1 |  0.00 |
| FRAME_ECCE4 |    0 |     0 |          0 |         1 |  0.00 |
| ICAPE3      |    0 |     0 |          0 |         2 |  0.00 |
| MASTER_JTAG |    0 |     0 |          0 |         1 |  0.00 |
| STARTUPE3   |    0 |     0 |          0 |         1 |  0.00 |
+-------------+------+-------+------------+-----------+-------+


9. Primitives
-------------

+--------------+-------+---------------------+
|   Ref Name   |  Used | Functional Category |
+--------------+-------+---------------------+
| FDRE         | 18658 |            Register |
| LUT6         |  4691 |                 CLB |
| LUT3         |  2655 |                 CLB |
| LUT5         |  2592 |                 CLB |
| LUT4         |  2241 |                 CLB |
| SRL16E       |  1875 |                 CLB |
| LUT2         |  1766 |                 CLB |
| RAMD32       |  1198 |                 CLB |
| SRLC32E      |   827 |                 CLB |
| FDSE         |   571 |            Register |
| FDCE         |   394 |            Register |
| LUT1         |   362 |                 CLB |
| RAMS32       |   172 |                 CLB |
| CARRY8       |   144 |                 CLB |
| FDPE         |   107 |            Register |
| MUXF7        |    84 |                 CLB |
| DSP48E2      |    53 |          Arithmetic |
| RAMB36E2     |    15 |            BLOCKRAM |
| RAMB18E2     |    12 |            BLOCKRAM |
| SRLC16E      |     4 |                 CLB |
| HSADC        |     4 |            Advanced |
| HSDAC        |     2 |            Advanced |
| BUFG_GT_SYNC |     2 |               Clock |
| BUFG_GT      |     2 |               Clock |
| BUFGCE       |     2 |               Clock |
| PS8          |     1 |            Advanced |
| MMCME4_ADV   |     1 |               Clock |
| BUFG_PS      |     1 |               Clock |
| BSCANE2      |     1 |       Configuration |
+--------------+-------+---------------------+


10. Black Boxes
---------------

+----------+------+
| Ref Name | Used |
+----------+------+


11. Instantiated Netlists
-------------------------

+----------+------+
| Ref Name | Used |
+----------+------+
| dbg_hub  |    1 |
+----------+------+


