Copyright 1986-2022 Xilinx, Inc. All Rights Reserved. Copyright 2022-2024 Advanced Micro Devices, Inc. All Rights Reserved.
-------------------------------------------------------------------------------------------------------------------------------------------------------------------------------
| Tool Version     : Vivado v.2024.1 (win64) Build 5076996 Wed May 22 18:37:14 MDT 2024
| Date             : Thu Mar  6 22:08:56 2025
| Host             : EEE-R446-02 running 64-bit major release  (build 9200)
| Command          : report_power -file PYNQ_Design_wrapper_power_routed.rpt -pb PYNQ_Design_wrapper_power_summary_routed.pb -rpx PYNQ_Design_wrapper_power_routed.rpx
| Design           : PYNQ_Design_wrapper
| Device           : xczu28dr-ffvg1517-2-e
| Design State     : routed
| Grade            : extended
| Process          : typical
| Characterization : Production
-------------------------------------------------------------------------------------------------------------------------------------------------------------------------------

Power Report

Table of Contents
-----------------
1. Summary
1.1 On-Chip Components
1.2 Power Supply Summary
1.3 Confidence Level
2. Settings
2.1 Environment
2.2 Clock Constraints
3. Detailed Reports
3.1 By Hierarchy

1. Summary
----------

+--------------------------+--------------+
| Total On-Chip Power (W)  | 3.862        |
| Design Power Budget (W)  | Unspecified* |
| Power Budget Margin (W)  | NA           |
| Dynamic (W)              | 2.665        |
| Device Static (W)        | 1.196        |
| Effective TJA (C/W)      | 0.8          |
| Max Ambient (C)          | 96.7         |
| Junction Temperature (C) | 28.3         |
| Confidence Level         | Medium       |
| Setting File             | ---          |
| Simulation Activity File | ---          |
| Design Nets Matched      | NA           |
+--------------------------+--------------+
* Specify Design Power Budget using, set_operating_conditions -design_power_budget <value in Watts>


1.1 On-Chip Components
----------------------

+--------------------------+-----------+----------+-----------+-----------------+
| On-Chip                  | Power (W) | Used     | Available | Utilization (%) |
+--------------------------+-----------+----------+-----------+-----------------+
| Clocks                   |     0.067 |       32 |       --- |             --- |
| CLB Logic                |     0.072 |    31090 |       --- |             --- |
|   LUT as Distributed RAM |     0.029 |      766 |    213600 |            0.36 |
|   LUT as Shift Register  |     0.026 |      876 |    213600 |            0.41 |
|   LUT as Logic           |     0.013 |     8599 |    425280 |            2.02 |
|   Register               |     0.003 |    15087 |    850560 |            1.77 |
|   CARRY8                 |    <0.001 |      120 |     53160 |            0.23 |
|   Others                 |     0.000 |     1727 |       --- |             --- |
|   F7/F8 Muxes            |     0.000 |       59 |    425280 |            0.01 |
| Signals                  |     0.031 |    23381 |       --- |             --- |
| Block RAM                |     0.027 |       35 |      1080 |            3.24 |
| RFAMS                    |     0.568 |        6 |       --- |             --- |
|   RFADC                  |     0.391 |        4 |         4 |          100.00 |
|   RFDAC                  |     0.177 |        2 |         4 |           50.00 |
| MMCM                     |     0.097 |        0 |       --- |             --- |
| DSPs                     |     0.020 |       20 |      4272 |            0.47 |
| PS8                      |     1.783 |        1 |       --- |             --- |
| Static Power             |     1.196 |          |           |                 |
|   PS Static              |     0.100 |          |           |                 |
|   PL Static              |     1.096 |          |           |                 |
| Total                    |     3.862 |          |           |                 |
+--------------------------+-----------+----------+-----------+-----------------+


1.2 Power Supply Summary
------------------------

+-----------------+-------------+-----------+-------------+------------+-------------+-------------+------------+
| Source          | Voltage (V) | Total (A) | Dynamic (A) | Static (A) | Powerup (A) | Budget (A)  | Margin (A) |
+-----------------+-------------+-----------+-------------+------------+-------------+-------------+------------+
| Vccint          |       0.850 |     0.556 |       0.254 |      0.302 |       NA    | Unspecified | NA         |
| Vccint_io       |       0.850 |     0.071 |       0.000 |      0.071 |       NA    | Unspecified | NA         |
| Vccbram         |       0.850 |     0.006 |       0.002 |      0.004 |       NA    | Unspecified | NA         |
| Vccaux          |       1.800 |     0.334 |       0.054 |      0.280 |       NA    | Unspecified | NA         |
| Vccaux_io       |       1.800 |     0.058 |       0.000 |      0.058 |       NA    | Unspecified | NA         |
| Vcco33          |       3.300 |     0.000 |       0.000 |      0.000 |       NA    | Unspecified | NA         |
| Vcco25          |       2.500 |     0.000 |       0.000 |      0.000 |       NA    | Unspecified | NA         |
| Vcco18          |       1.800 |     0.000 |       0.000 |      0.000 |       NA    | Unspecified | NA         |
| Vcco15          |       1.500 |     0.000 |       0.000 |      0.000 |       NA    | Unspecified | NA         |
| Vcco135         |       1.350 |     0.000 |       0.000 |      0.000 |       NA    | Unspecified | NA         |
| Vcco12          |       1.200 |     0.000 |       0.000 |      0.000 |       NA    | Unspecified | NA         |
| Vcco10          |       1.000 |     0.000 |       0.000 |      0.000 |       NA    | Unspecified | NA         |
| Vccadc          |       1.800 |     0.008 |       0.000 |      0.008 |       NA    | Unspecified | NA         |
| VCC_PSINTFP     |       0.850 |     0.572 |       0.539 |      0.033 |       NA    | Unspecified | NA         |
| VCC_PSINTLP     |       0.850 |     0.234 |       0.227 |      0.007 |       NA    | Unspecified | NA         |
| VPS_MGTRAVCC    |       0.850 |     0.001 |       0.000 |      0.001 |       NA    | Unspecified | NA         |
| VCC_PSINTFP_DDR |       0.850 |     0.548 |       0.544 |      0.004 |       NA    | Unspecified | NA         |
| VCC_PSPLL       |       1.200 |     0.069 |       0.067 |      0.002 |       NA    | Unspecified | NA         |
| VPS_MGTRAVTT    |       1.800 |     0.001 |       0.000 |      0.001 |       NA    | Unspecified | NA         |
| VCCO_PSDDR_504  |       1.200 |     0.525 |       0.491 |      0.034 |       NA    | Unspecified | NA         |
| VCC_PSAUX       |       1.800 |     0.002 |       0.000 |      0.002 |       NA    | Unspecified | NA         |
| VCC_PSBATT      |       1.200 |     0.000 |       0.000 |      0.000 |       NA    | Unspecified | NA         |
| VCC_PSDDR_PLL   |       1.800 |     0.001 |       0.000 |      0.001 |       NA    | Unspecified | NA         |
| VCCO_PSIO0_500  |       3.300 |     0.001 |       0.000 |      0.001 |       NA    | Unspecified | NA         |
| VCCO_PSIO1_501  |       3.300 |     0.001 |       0.000 |      0.001 |       NA    | Unspecified | NA         |
| VCCO_PSIO2_502  |       3.300 |     0.001 |       0.000 |      0.001 |       NA    | Unspecified | NA         |
| VCCO_PSIO3_503  |       3.300 |     0.001 |       0.000 |      0.001 |       NA    | Unspecified | NA         |
| VCC_PSADC       |       1.800 |     0.002 |       0.000 |      0.002 |       NA    | Unspecified | NA         |
| VCCINT_AMS      |       0.850 |     0.010 |       0.000 |      0.010 |       NA    | Unspecified | NA         |
| DACAVCC         |       0.925 |     0.047 |       0.039 |      0.008 |       NA    | Unspecified | NA         |
| DACAVCCAUX      |       1.800 |     0.044 |       0.044 |      0.000 |       NA    | Unspecified | NA         |
| DACAVTT         |       2.500 |     0.030 |       0.025 |      0.005 |       NA    | Unspecified | NA         |
| ADCAVCC         |       0.925 |     0.105 |       0.094 |      0.011 |       NA    | Unspecified | NA         |
| ADCAVCCAUX      |       1.800 |     0.218 |       0.169 |      0.049 |       NA    | Unspecified | NA         |
| VCCSDFEC        |       0.850 |     0.029 |       0.000 |      0.029 |       NA    | Unspecified | NA         |
| MGTYAVcc        |       0.900 |     0.000 |       0.000 |      0.000 |       NA    | Unspecified | NA         |
| MGTYAVtt        |       1.200 |     0.000 |       0.000 |      0.000 |       NA    | Unspecified | NA         |
| MGTYVccaux      |       1.800 |     0.000 |       0.000 |      0.000 |       NA    | Unspecified | NA         |
+-----------------+-------------+-----------+-------------+------------+-------------+-------------+------------+


1.3 Confidence Level
--------------------

+-----------------------------+------------+------------------------------------------------+------------------------------------------------------------------------------------------------------------+
| User Input Data             | Confidence | Details                                        | Action                                                                                                     |
+-----------------------------+------------+------------------------------------------------+------------------------------------------------------------------------------------------------------------+
| Design implementation state | High       | Design is routed                               |                                                                                                            |
| Clock nodes activity        | High       | User specified more than 95% of clocks         |                                                                                                            |
| I/O nodes activity          | High       | User specified more than 95% of inputs         |                                                                                                            |
| Internal nodes activity     | Medium     | User specified less than 25% of internal nodes | Provide missing internal nodes activity with simulation results or by editing the "By Resource Type" views |
| Device models               | High       | Device models are Production                   |                                                                                                            |
|                             |            |                                                |                                                                                                            |
| Overall confidence level    | Medium     |                                                |                                                                                                            |
+-----------------------------+------------+------------------------------------------------+------------------------------------------------------------------------------------------------------------+


2. Settings
-----------

2.1 Environment
---------------

+-----------------------+--------------------------+
| Ambient Temp (C)      | 25.0                     |
| ThetaJA (C/W)         | 0.8                      |
| Airflow (LFM)         | 250                      |
| Heat Sink             | medium (Medium Profile)  |
| ThetaSA (C/W)         | 1.2                      |
| Board Selection       | medium (10"x10")         |
| # of Board Layers     | 12to15 (12 to 15 Layers) |
| Board Temperature (C) | 25.0                     |
+-----------------------+--------------------------+


2.2 Clock Constraints
---------------------

+-----------------------------------------------------------------------------------------------------+----------------------------------------------------------------------------------------------------------+-----------------+
| Clock                                                                                               | Domain                                                                                                   | Constraint (ns) |
+-----------------------------------------------------------------------------------------------------+----------------------------------------------------------------------------------------------------------+-----------------+
| RFADC0_CLK                                                                                          | PYNQ_Design_i/usp_rf_data_converter_0/inst/i_PYNQ_Design_usp_rf_data_converter_0_0_bufg_gt_ctrl/clk_adc0 |            15.6 |
| clk_out1_PYNQ_Design_clk_wiz_0_0_2                                                                  | PYNQ_Design_i/clk_wiz_0/inst/clk_out1_PYNQ_Design_clk_wiz_0_0                                            |             7.8 |
| clk_pl_0                                                                                            | PYNQ_Design_i/zynq_ultra_ps_e_0/U0/pl_clk_unbuffered[0]                                                  |            10.3 |
| dbg_hub/inst/BSCANID.u_xsdbm_id/SWITCH_N_EXT_BSCAN.bscan_inst/SERIES7_BSCAN.bscan_inst/INTERNAL_TCK | dbg_hub/inst/BSCANID.u_xsdbm_id/SWITCH_N_EXT_BSCAN.bscan_inst/DRCK                                       |            50.0 |
+-----------------------------------------------------------------------------------------------------+----------------------------------------------------------------------------------------------------------+-----------------+


3. Detailed Reports
-------------------

3.1 By Hierarchy
----------------

+-----------------------------+-----------+
| Name                        | Power (W) |
+-----------------------------+-----------+
| PYNQ_Design_wrapper         |     2.665 |
|   PYNQ_Design_i             |     2.663 |
|     DUT_data_in_0           |     0.006 |
|       U0                    |     0.006 |
|     DUT_rec_0               |     0.061 |
|       U0                    |     0.061 |
|     axi_dma                 |     0.026 |
|       U0                    |     0.026 |
|     axi_smc                 |     0.056 |
|       inst                  |     0.056 |
|     clk_wiz_0               |     0.098 |
|       inst                  |     0.098 |
|     ps8_0_axi_periph        |     0.017 |
|       s00_couplers          |     0.016 |
|       xbar                  |     0.001 |
|     system_ila_0            |     0.023 |
|       U0                    |     0.023 |
|     usp_rf_data_converter_0 |     0.591 |
|       inst                  |     0.591 |
|     zynq_ultra_ps_e_0       |     1.784 |
|       U0                    |     1.784 |
|   dbg_hub                   |     0.003 |
|     inst                    |     0.003 |
|       BSCANID.u_xsdbm_id    |     0.003 |
+-----------------------------+-----------+


