#-----------------------------------------------------------
# Vivado v2024.1 (64-bit)
# SW Build 5076996 on Wed May 22 18:37:14 MDT 2024
# IP Build 5075265 on Wed May 22 21:45:21 MDT 2024
# SharedData Build 5076995 on Wed May 22 18:29:18 MDT 2024
# Start of session at: Tue Mar 11 15:27:52 2025
# Process ID: 18348
# Current directory: C:/Users/clb20123/Documents/FO-RFSoC-4YP/2x2_files/PLEASE/PLEASE.runs/impl_1
# Command line: vivado.exe -log PYNQ_Design_wrapper.vdi -applog -product Vivado -messageDb vivado.pb -mode batch -source PYNQ_Design_wrapper.tcl -notrace
# Log file: C:/Users/clb20123/Documents/FO-RFSoC-4YP/2x2_files/PLEASE/PLEASE.runs/impl_1/PYNQ_Design_wrapper.vdi
# Journal file: C:/Users/clb20123/Documents/FO-RFSoC-4YP/2x2_files/PLEASE/PLEASE.runs/impl_1\vivado.jou
# Running On        :EEE-R446-35
# Platform          :Windows Server 2016 or Windows 10
# Operating System  :19045
# Processor Detail  :13th Gen Intel(R) Core(TM) i5-13500
# CPU Frequency     :2496 MHz
# CPU Physical cores:14
# CPU Logical cores :20
# Host memory       :16833 MB
# Swap memory       :4549 MB
# Total Virtual     :21382 MB
# Available Virtual :9333 MB
#-----------------------------------------------------------
source PYNQ_Design_wrapper.tcl -notrace
