
*** Running vivado
    with args -log PYNQ_Design_proc_sys_reset_1_0.vds -m64 -product Vivado -mode batch -messageDb vivado.pb -notrace -source PYNQ_Design_proc_sys_reset_1_0.tcl



****** Vivado v2024.1 (64-bit)
  **** SW Build 5076996 on Wed May 22 18:37:14 MDT 2024
  **** IP Build 5075265 on Wed May 22 21:45:21 MDT 2024
  **** SharedData Build 5076995 on Wed May 22 18:29:18 MDT 2024
  **** Start of session at: Thu Mar  6 21:05:34 2025
    ** Copyright 1986-2022 Xilinx, Inc. All Rights Reserved.
    ** Copyright 2022-2024 Advanced Micro Devices, Inc. All Rights Reserved.

source PYNQ_Design_proc_sys_reset_1_0.tcl -notrace
create_project: Time (s): cpu = 00:00:07 ; elapsed = 00:00:09 . Memory (MB): peak = 629.930 ; gain = 200.539
INFO: [IP_Flow 19-234] Refreshing IP repositories
INFO: [IP_Flow 19-1700] Loaded user IP repository 'c:/Users/clb20123/Documents/FO-RFSoC-4YP/RFX_files/demod_16_bit/netlist/ip'.
INFO: [IP_Flow 19-1700] Loaded user IP repository 'c:/Users/clb20123/Documents/FO-RFSoC-4YP/RFX_files/16_bit_modulate/netlist/ip'.
INFO: [IP_Flow 19-2313] Loaded Vivado IP repository 'C:/Xilinx/Vivado/2024.1/data/ip'.
INFO: [IP_Flow 19-6924] IPCACHE: Running cache check for IP inst: PYNQ_Design_proc_sys_reset_1_0
INFO: [IP_Flow 19-6922] IPCACHE: Exporting cached entry 35e12345ef39c81f to dir: C:/Users/clb20123/Documents/FO-RFSoC-4YP/2x2_files/PLEASE/PLEASE.runs/PYNQ_Design_proc_sys_reset_1_0_synth_1
INFO: [IP_Flow 19-6928] IPCACHE: copied cached file c:/Users/clb20123/Documents/FO-RFSoC-4YP/2x2_files/PLEASE/PLEASE.cache/ip/2024.1/3/5/35e12345ef39c81f/PYNQ_Design_proc_sys_reset_0_0.dcp to C:/Users/clb20123/Documents/FO-RFSoC-4YP/2x2_files/PLEASE/PLEASE.runs/PYNQ_Design_proc_sys_reset_1_0_synth_1/PYNQ_Design_proc_sys_reset_1_0.dcp.
INFO: [IP_Flow 19-6928] IPCACHE: copied cached file c:/Users/clb20123/Documents/FO-RFSoC-4YP/2x2_files/PLEASE/PLEASE.cache/ip/2024.1/3/5/35e12345ef39c81f/PYNQ_Design_proc_sys_reset_0_0_sim_netlist.v to C:/Users/clb20123/Documents/FO-RFSoC-4YP/2x2_files/PLEASE/PLEASE.runs/PYNQ_Design_proc_sys_reset_1_0_synth_1/PYNQ_Design_proc_sys_reset_1_0_sim_netlist.v.
INFO: [IP_Flow 19-6928] IPCACHE: copied cached file c:/Users/clb20123/Documents/FO-RFSoC-4YP/2x2_files/PLEASE/PLEASE.cache/ip/2024.1/3/5/35e12345ef39c81f/PYNQ_Design_proc_sys_reset_0_0_sim_netlist.vhdl to C:/Users/clb20123/Documents/FO-RFSoC-4YP/2x2_files/PLEASE/PLEASE.runs/PYNQ_Design_proc_sys_reset_1_0_synth_1/PYNQ_Design_proc_sys_reset_1_0_sim_netlist.vhdl.
INFO: [IP_Flow 19-6928] IPCACHE: copied cached file c:/Users/clb20123/Documents/FO-RFSoC-4YP/2x2_files/PLEASE/PLEASE.cache/ip/2024.1/3/5/35e12345ef39c81f/PYNQ_Design_proc_sys_reset_0_0_stub.v to C:/Users/clb20123/Documents/FO-RFSoC-4YP/2x2_files/PLEASE/PLEASE.runs/PYNQ_Design_proc_sys_reset_1_0_synth_1/PYNQ_Design_proc_sys_reset_1_0_stub.v.
INFO: [IP_Flow 19-6928] IPCACHE: copied cached file c:/Users/clb20123/Documents/FO-RFSoC-4YP/2x2_files/PLEASE/PLEASE.cache/ip/2024.1/3/5/35e12345ef39c81f/PYNQ_Design_proc_sys_reset_0_0_stub.vhdl to C:/Users/clb20123/Documents/FO-RFSoC-4YP/2x2_files/PLEASE/PLEASE.runs/PYNQ_Design_proc_sys_reset_1_0_synth_1/PYNQ_Design_proc_sys_reset_1_0_stub.vhdl.
INFO: [IP_Flow 19-4838] Using cached IP synthesis design for IP PYNQ_Design_proc_sys_reset_1_0, cache-ID = 35e12345ef39c81f.
INFO: [Common 17-206] Exiting Vivado at Thu Mar  6 21:05:55 2025...
