#-----------------------------------------------------------
# Vivado v2022.1 (64-bit)
# SW Build 3526262 on Mon Apr 18 15:48:16 MDT 2022
# IP Build 3524634 on Mon Apr 18 20:55:01 MDT 2022
# Start of session at: Thu Feb 27 17:50:34 2025
# Process ID: 13204
# Current directory: C:/Users/clb20123/Documents/FO-RFSoC-4YP/RFX_files/enable_redesign/demod_enable/netlist
# Command line: vivado.exe -mode batch -source ProjectGeneration.tcl -notrace
# Log file: C:/Users/clb20123/Documents/FO-RFSoC-4YP/RFX_files/enable_redesign/demod_enable/netlist/vivado.log
# Journal file: C:/Users/clb20123/Documents/FO-RFSoC-4YP/RFX_files/enable_redesign/demod_enable/netlist\vivado.jou
# Running On: EEE-R446-29, OS: Windows, CPU Frequency: 2496 MHz, CPU Physical cores: 14, Host memory: 16833 MB
#-----------------------------------------------------------
source ProjectGeneration.tcl -notrace
create_project: Time (s): cpu = 00:00:03 ; elapsed = 00:00:05 . Memory (MB): peak = 1617.758 ; gain = 0.000
WARNING: [Coretcl 2-176] No IPs found
INFO: [IP_Flow 19-234] Refreshing IP repositories
INFO: [IP_Flow 19-1704] No user IP repositories specified
INFO: [IP_Flow 19-2313] Loaded Vivado IP repository 'C:/Xilinx/Vivado/2022.1/data/ip'.
WARNING: [IP_Flow 19-4832] The IP name 'sin_wave_demodulate_2021b_fir_compiler_v7_2_i0' you have specified is long. The Windows operating system has path length limitations. It is recommended you use shorter names to reduce the likelihood of issues.
WARNING: [Vivado 12-3523] Attempt to change 'Component_Name' from 'sin_wave_demodulate_2021b_fir_compiler_v7_2_i0' to 'sin_wave_demodulate_2021b_fir_compiler_v7_2_i0' is not allowed and is ignored.
WARNING: [IP_Flow 19-4832] The IP name 'sin_wave_demodulate_2021b_mult_gen_v12_0_i0' you have specified is long. The Windows operating system has path length limitations. It is recommended you use shorter names to reduce the likelihood of issues.
WARNING: [Vivado 12-3523] Attempt to change 'Component_Name' from 'sin_wave_demodulate_2021b_mult_gen_v12_0_i0' to 'sin_wave_demodulate_2021b_mult_gen_v12_0_i0' is not allowed and is ignored.
WARNING: [IP_Flow 19-4832] The IP name 'sin_wave_demodulate_2021b_fifo_generator_i0' you have specified is long. The Windows operating system has path length limitations. It is recommended you use shorter names to reduce the likelihood of issues.
WARNING: [Vivado 12-3523] Attempt to change 'Component_Name' from 'sin_wave_demodulate_2021b_fifo_generator_i0' to 'sin_wave_demodulate_2021b_fifo_generator_i0' is not allowed and is ignored.
WARNING: [IP_Flow 19-3374] An attempt to modify the value of disabled parameter 'Use_Extra_Logic' from 'true' to 'false' has been ignored for IP 'sin_wave_demodulate_2021b_fifo_generator_i0'
WARNING: [IP_Flow 19-3374] An attempt to modify the value of disabled parameter 'Use_Dout_Reset' from 'false' to 'true' has been ignored for IP 'sin_wave_demodulate_2021b_fifo_generator_i0'
WARNING: [IP_Flow 19-4832] The IP name 'sin_wave_demodulate_2021b_fifo_generator_i1' you have specified is long. The Windows operating system has path length limitations. It is recommended you use shorter names to reduce the likelihood of issues.
WARNING: [Vivado 12-3523] Attempt to change 'Component_Name' from 'sin_wave_demodulate_2021b_fifo_generator_i1' to 'sin_wave_demodulate_2021b_fifo_generator_i1' is not allowed and is ignored.
WARNING: [IP_Flow 19-3374] An attempt to modify the value of disabled parameter 'Use_Extra_Logic' from 'true' to 'false' has been ignored for IP 'sin_wave_demodulate_2021b_fifo_generator_i1'
WARNING: [IP_Flow 19-3374] An attempt to modify the value of disabled parameter 'Use_Dout_Reset' from 'false' to 'true' has been ignored for IP 'sin_wave_demodulate_2021b_fifo_generator_i1'
IP Repository Located at : C:/Xilinx/Vivado/2022.1/data/ip
Scanning sources...
Finished scanning sources
INFO: [IP_Flow 19-234] Refreshing IP repositories
INFO: [IP_Flow 19-1704] No user IP repositories specified
INFO: [IP_Flow 19-2313] Loaded Vivado IP repository 'C:/Xilinx/Vivado/2022.1/data/ip'.
Adding File c:/Users/clb20123/Documents/FO-RFSoC-4YP/RFX_files/enable_redesign/demod_enable/netlist/ip_catalog/sin_wave_demodulate_2021b.srcs/sources_1/ip/sin_wave_demodulate_2021b_fifo_generator_i0/sin_wave_demodulate_2021b_fifo_generator_i0.xci
Adding File c:/Users/clb20123/Documents/FO-RFSoC-4YP/RFX_files/enable_redesign/demod_enable/netlist/ip_catalog/sin_wave_demodulate_2021b.srcs/sources_1/ip/sin_wave_demodulate_2021b_fifo_generator_i1/sin_wave_demodulate_2021b_fifo_generator_i1.xci
Adding File c:/Users/clb20123/Documents/FO-RFSoC-4YP/RFX_files/enable_redesign/demod_enable/netlist/ip_catalog/sin_wave_demodulate_2021b.srcs/sources_1/ip/sin_wave_demodulate_2021b_fir_compiler_v7_2_i0/sin_wave_demodulate_2021b_fir_compiler_v7_2_i0.xci
Adding File c:/Users/clb20123/Documents/FO-RFSoC-4YP/RFX_files/enable_redesign/demod_enable/netlist/ip_catalog/sin_wave_demodulate_2021b.srcs/sources_1/ip/sin_wave_demodulate_2021b_mult_gen_v12_0_i0/sin_wave_demodulate_2021b_mult_gen_v12_0_i0.xci
Adding File C:/Users/clb20123/Documents/FO-RFSoC-4YP/RFX_files/enable_redesign/demod_enable/netlist/sysgen/sin_wave_demodulate_2021b.xdc
Adding File C:/Users/clb20123/Documents/FO-RFSoC-4YP/RFX_files/enable_redesign/demod_enable/netlist/sysgen/xpm_288367_vivado.mem
INFO: [IP_Flow 19-5107] Inferred bus interface 'm_axis' of definition 'xilinx.com:interface:axis:1.0' (from TCL Argument).
INFO: [IP_Flow 19-5107] Inferred bus interface 's_axis' of definition 'xilinx.com:interface:axis:1.0' (from TCL Argument).
INFO: [IP_Flow 19-5107] Inferred bus interface 'clk' of definition 'xilinx.com:signal:clock:1.0' (from TCL Argument).
INFO: [IP_Flow 19-4728] Bus Interface 'clk': Added interface parameter 'ASSOCIATED_BUSIF' with value 'm_axis'.
INFO: [IP_Flow 19-2181] Payment Required is not set for this core.
INFO: [IP_Flow 19-2187] The Product Guide file is missing.
INFO: [Ipptcl 7-1486] check_integrity: Integrity check passed.
INFO: [IP_Flow 19-234] Refreshing IP repositories
INFO: [IP_Flow 19-1700] Loaded user IP repository 'c:/Users/clb20123/Documents/FO-RFSoC-4YP/RFX_files/enable_redesign/demod_enable/netlist/ip'.
WARNING: [IP_Flow 19-3656] If you move the project, the path for repository 'c:/Users/clb20123/Documents/FO-RFSoC-4YP/RFX_files/enable_redesign/demod_enable/netlist/ip' may become invalid. A better location for the repository would be in a path adjacent to the project. (Current project location is 'c:/Users/clb20123/Documents/FO-RFSoC-4YP/RFX_files/enable_redesign/demod_enable/netlist/ip_catalog'.)
WARNING: [IP_Flow 19-4832] The IP name 'sin_wave_demodulate_2021b_0' you have specified is long. The Windows operating system has path length limitations. It is recommended you use shorter names to reduce the likelihood of issues.
0
WARNING: [BD 41-1753] The name 'sin_wave_demodulate_2021b_bd' you have specified is long. The Windows OS has path length limitations. It is recommended you use shorter names(less than 25 characters) to reduce the likelihood of issues when/if running on windows OS.
Wrote  : <C:\Users\clb20123\Documents\FO-RFSoC-4YP\RFX_files\enable_redesign\demod_enable\netlist\ip_catalog\sin_wave_demodulate_2021b.srcs\sources_1\bd\sin_wave_demodulate_2021b_bd\sin_wave_demodulate_2021b_bd.bd> 
WARNING: [BD 41-1753] The name 'sin_wave_demodulate_2021b_1' you have specified is long. The Windows OS has path length limitations. It is recommended you use shorter names(less than 25 characters) to reduce the likelihood of issues when/if running on windows OS.
WARNING: [BD 5-670] It is required to provide a frequency value for a user created input clock port. Please use the <-freq_hz $freq_val> argument of the create_bd_port command. ie create_bd_port -dir I -type clk -freq_hz 100000000 clkin
INFO: [BD 41-759] The input pins (listed below) are either not connected or do not have a source port, and they don't have a tie-off specified. These pins are tied-off to all 0's to avoid error in Implementation flow.
Please check your design and connect them as needed: 
/sin_wave_demodulate_2021b_1/s_axis_tvalid

Wrote  : <C:\Users\clb20123\Documents\FO-RFSoC-4YP\RFX_files\enable_redesign\demod_enable\netlist\ip_catalog\sin_wave_demodulate_2021b.srcs\sources_1\bd\sin_wave_demodulate_2021b_bd\sin_wave_demodulate_2021b_bd.bd> 
INFO: [Common 17-206] Exiting Vivado at Thu Feb 27 17:51:06 2025...
