Copyright 1986-2022 Xilinx, Inc. All Rights Reserved. Copyright 2022-2024 Advanced Micro Devices, Inc. All Rights Reserved.
---------------------------------------------------------------------------------------------------------------------------------------------
| Tool Version : Vivado v.2024.1 (win64) Build 5076996 Wed May 22 18:37:14 MDT 2024
| Date         : Thu Feb 27 19:17:47 2025
| Host         : EEE-R446-29 running 64-bit major release  (build 9200)
| Command      : upgrade_ip
| Device       : xczu28dr-ffvg1517-2-e
---------------------------------------------------------------------------------------------------------------------------------------------

Upgrade Log for IP 'design_1_DUT_0_1'

1. Summary
----------

SUCCESS in the update of design_1_DUT_0_1 (User_Company:VMC:DUT_data:1.0 (Rev. 1)) to current project options.






Copyright 1986-2022 Xilinx, Inc. All Rights Reserved. Copyright 2022-2024 Advanced Micro Devices, Inc. All Rights Reserved.
---------------------------------------------------------------------------------------------------------------------------------------------
| Tool Version : Vivado v.2024.1 (win64) Build 5076996 Wed May 22 18:37:14 MDT 2024
| Date         : Thu Feb 27 19:11:56 2025
| Host         : EEE-R446-29 running 64-bit major release  (build 9200)
| Command      : upgrade_ip
| Device       : xczu28dr-ffvg1517-2-e
---------------------------------------------------------------------------------------------------------------------------------------------

Upgrade Log for IP 'design_1_DUT_0_0'

1. Summary
----------

CAUTION (success, with warnings) in the upgrade of design_1_DUT_0_0 (User_Company:VMC:DUT:1.0) from (Rev. 371588070) to (Rev. 371589037)

After upgrade, an IP may have parameter and port differences compared to the original customization. Please review the parameters within the IP customization GUI to ensure proper functionality. Also, please review the updated IP instantiation template to ensure proper connectivity, and update your design if required.

2. Connection Warnings
----------------------

Detected external port differences while upgrading 'design_1_DUT_0_0'. These changes may impact your design.


-Upgraded port 's_axis_tdata' width 1 differs from original width 32

-Upgrade has removed port 'step_size'

-Upgrade has added port 'mux_en'


