# Copyright (C) 1994-2023, Concept Engineering GmbH.
# All Rights Reserved.  Cmd=logfile.
# Nlview 7.7.1 2023-07-26 3bc4126617 VDI=43 GEI=38 GUI=JA:21.0
# License cookie [G|T|S|B|*] for HR="Xilinx Inc."
# -----------------------------------------------------------------------------
# property -colorscheme classic
# -----------------------------------------------------------------------------
property attrfontsize 8
property fillcolor1
#R #441133
property fillcolor5
#R #651b4d
property -colorscheme lightblue
property shadowstyle 1
property showpinname 5
property showcellname 1
property showattribute 1
property showinstname 1
property boxminwidth 40
property boxminheight 40
#CMD bind stroke-1 -action {}
#CMD bind stroke-nw-1 -action callback -echo_type line -echo_text {Zoom fit}
#CMD bind stroke-nw-1 -action zoom_fit -echo_type line -echo_text {Zoom fit}
#CMD bind stroke-ne-1 -action zoom_out -echo_type line -echo_text {Zoom -%z}
#CMD bind stroke-se-1 -action zoom_in -echo_type rectangle -autoscroll -echo_text {Zoom area}
#CMD bind stroke-sw-1 -action zoom_in2 -echo_type line -echo_text {Zoom +%z}
module new rfconverter -nosplit
#  * Current module is rfconverter 
load symbol TILE_SYMBOL v HIERBOX port tilePin in port pllTilePin in
increment -const
load symbol TILE_PLL syn HIERGEN port LEFT in.left.sq port RIGHT out.right.sq attrdsp @cell -lc 50 50 14
load symbol TILE_TYPE syn HIERGEN port LEFT in.left.sq attrdsp @cell -lc 50 50 14
load inst Tile_224 TILE_SYMBOL v -pg 1 -y 1 -x 1 -resize 200 200 -autohide -attr @cell Tile_224 -attr @name {} -attr @fillcolor #f9f7f7
attribute {pin Tile_224 tilePin } -attr @name {}
attribute {hierPin Tile_224 tilePin } -attr @name {}
attribute {pin Tile_224 pllTilePin } -attr @name {}
attribute {hierPin Tile_224 pllTilePin } -attr @name {}
load port Tile_224_clk in -pg 1 -y 10 -x 1 -attr @fillcolor #3a5fcd
load inst Tile_224_PLL TILE_PLL syn -hier Tile_224 -pg 1 -y 1 -x 11 -resize 80 80 -attr @cell PLL -attr @name {} -attr @fillcolor #ffffff
attribute {pin Tile_224_PLL LEFT} -attr @name {}
attribute {pin Tile_224_PLL RIGHT} -attr @name {}
attribute {pin Tile_224_PLL LEFT} -attr @fillcolor #ffffff
attribute {pin Tile_224_PLL RIGHT} -attr @fillcolor #ffffff
load inst Tile_224_Type TILE_TYPE syn -hier Tile_224 -pg 1 -y 1 -x 100 -resize 80 80 -attr @cell ADC -attr @name {} -attr @fillcolor #ffffff
attribute {pin Tile_224_Type LEFT} -attr @name {}
attribute {pin Tile_224_Type LEFT} -attr @fillcolor #ffffff
load inst Tile_225 TILE_SYMBOL v -pg 1 -y 2 -x 1 -resize 200 200 -autohide -attr @cell Tile_225 -attr @name {} -attr @fillcolor #f9f7f7
attribute {pin Tile_225 tilePin } -attr @name {}
attribute {hierPin Tile_225 tilePin } -attr @name {}
attribute {pin Tile_225 pllTilePin } -attr @name {}
attribute {hierPin Tile_225 pllTilePin } -attr @name {}
load port Tile_225_clk in -pg 1 -y 170 -x 1 -attr @fillcolor #3a5fcd
load inst Tile_225_PLL TILE_PLL syn -hier Tile_225 -pg 1 -y 1 -x 11 -resize 80 80 -attr @cell PLL -attr @name {} -attr @fillcolor #ffffff
attribute {pin Tile_225_PLL LEFT} -attr @name {}
attribute {pin Tile_225_PLL RIGHT} -attr @name {}
attribute {pin Tile_225_PLL LEFT} -attr @fillcolor #ffffff
attribute {pin Tile_225_PLL RIGHT} -attr @fillcolor #ffffff
load inst Tile_225_Type TILE_TYPE syn -hier Tile_225 -pg 1 -y 1 -x 100 -resize 80 80 -attr @cell ADC -attr @name {} -attr @fillcolor #ffffff
attribute {pin Tile_225_Type LEFT} -attr @name {}
attribute {pin Tile_225_Type LEFT} -attr @fillcolor #ffffff
load inst Tile_226 TILE_SYMBOL v -pg 1 -y 3 -x 1 -resize 200 200 -autohide -attr @cell Tile_226 -attr @name {} -attr @fillcolor #f9f7f7
attribute {pin Tile_226 tilePin } -attr @name {}
attribute {hierPin Tile_226 tilePin } -attr @name {}
attribute {pin Tile_226 pllTilePin } -attr @name {}
attribute {hierPin Tile_226 pllTilePin } -attr @name {}
load port Tile_226_clk in -pg 1 -y 330 -x 1 -attr @fillcolor #3a5fcd
load inst Tile_226_PLL TILE_PLL syn -hier Tile_226 -pg 1 -y 1 -x 11 -resize 80 80 -attr @cell PLL -attr @name {} -attr @fillcolor #ffffff
attribute {pin Tile_226_PLL LEFT} -attr @name {}
attribute {pin Tile_226_PLL RIGHT} -attr @name {}
attribute {pin Tile_226_PLL LEFT} -attr @fillcolor #ffffff
attribute {pin Tile_226_PLL RIGHT} -attr @fillcolor #ffffff
load inst Tile_226_Type TILE_TYPE syn -hier Tile_226 -pg 1 -y 1 -x 100 -resize 80 80 -attr @cell ADC -attr @name {} -attr @fillcolor #ffffff
attribute {pin Tile_226_Type LEFT} -attr @name {}
attribute {pin Tile_226_Type LEFT} -attr @fillcolor #ffffff
load inst Tile_227 TILE_SYMBOL v -pg 1 -y 4 -x 1 -resize 200 200 -autohide -attr @cell Tile_227 -attr @name {} -attr @fillcolor #f9f7f7
attribute {pin Tile_227 tilePin } -attr @name {}
attribute {hierPin Tile_227 tilePin } -attr @name {}
attribute {pin Tile_227 pllTilePin } -attr @name {}
attribute {hierPin Tile_227 pllTilePin } -attr @name {}
load port Tile_227_clk in -pg 1 -y 490 -x 1 -attr @fillcolor #3a5fcd
load inst Tile_227_PLL TILE_PLL syn -hier Tile_227 -pg 1 -y 1 -x 11 -resize 80 80 -attr @cell PLL -attr @name {} -attr @fillcolor #ffffff
attribute {pin Tile_227_PLL LEFT} -attr @name {}
attribute {pin Tile_227_PLL RIGHT} -attr @name {}
attribute {pin Tile_227_PLL LEFT} -attr @fillcolor #ffffff
attribute {pin Tile_227_PLL RIGHT} -attr @fillcolor #ffffff
load inst Tile_227_Type TILE_TYPE syn -hier Tile_227 -pg 1 -y 1 -x 100 -resize 80 80 -attr @cell ADC -attr @name {} -attr @fillcolor #ffffff
attribute {pin Tile_227_Type LEFT} -attr @name {}
attribute {pin Tile_227_Type LEFT} -attr @fillcolor #ffffff
load inst Tile_228 TILE_SYMBOL v -pg 1 -y 5 -x 1 -resize 200 200 -autohide -attr @cell Tile_228 -attr @name {} -attr @fillcolor #f9f7f7
attribute {pin Tile_228 tilePin } -attr @name {}
attribute {hierPin Tile_228 tilePin } -attr @name {}
attribute {pin Tile_228 pllTilePin } -attr @name {}
attribute {hierPin Tile_228 pllTilePin } -attr @name {}
load port Tile_228_clk in -pg 1 -y 650 -x 1 -attr @fillcolor #3a5fcd
load inst Tile_228_PLL TILE_PLL syn -hier Tile_228 -pg 1 -y 1 -x 11 -resize 80 80 -attr @cell PLL -attr @name {} -attr @fillcolor #ffffff
attribute {pin Tile_228_PLL LEFT} -attr @name {}
attribute {pin Tile_228_PLL RIGHT} -attr @name {}
attribute {pin Tile_228_PLL LEFT} -attr @fillcolor #ffffff
attribute {pin Tile_228_PLL RIGHT} -attr @fillcolor #ffffff
load inst Tile_228_Type TILE_TYPE syn -hier Tile_228 -pg 1 -y 1 -x 100 -resize 80 80 -attr @cell DAC -attr @name {} -attr @fillcolor #ffffff
attribute {pin Tile_228_Type LEFT} -attr @name {}
attribute {pin Tile_228_Type LEFT} -attr @fillcolor #ffffff
load inst Tile_229 TILE_SYMBOL v -pg 1 -y 6 -x 1 -resize 200 200 -autohide -attr @cell Tile_229 -attr @name {} -attr @fillcolor #f9f7f7
attribute {pin Tile_229 tilePin } -attr @name {}
attribute {hierPin Tile_229 tilePin } -attr @name {}
attribute {pin Tile_229 pllTilePin } -attr @name {}
attribute {hierPin Tile_229 pllTilePin } -attr @name {}
load port Tile_229_clk in -pg 1 -y 810 -x 1 -attr @fillcolor #3a5fcd
load inst Tile_229_PLL TILE_PLL syn -hier Tile_229 -pg 1 -y 1 -x 11 -resize 80 80 -attr @cell PLL -attr @name {} -attr @fillcolor #ffffff
attribute {pin Tile_229_PLL LEFT} -attr @name {}
attribute {pin Tile_229_PLL RIGHT} -attr @name {}
attribute {pin Tile_229_PLL LEFT} -attr @fillcolor #ffffff
attribute {pin Tile_229_PLL RIGHT} -attr @fillcolor #ffffff
load inst Tile_229_Type TILE_TYPE syn -hier Tile_229 -pg 1 -y 1 -x 100 -resize 80 80 -attr @cell DAC -attr @name {} -attr @fillcolor #ffffff
attribute {pin Tile_229_Type LEFT} -attr @name {}
attribute {pin Tile_229_Type LEFT} -attr @fillcolor #ffffff
show
# Starting Split Pages                                                   56.58
# NoSplit 24 Comps, 0 Nets 0 NetBundles                                  56.58
# End of Split Pages                                                     56.58
# Generating Regions for Page 1:   24 Comps,    0 Nets                   56.58
# Analyze                                                                56.58
# Levelize                                                               56.58
# End of LevelAssign mode=I, 3 Levels, 2 Comps, limit=30000              56.58
# Nets                                                                   56.58
# Place                                                                  56.58
# PlaceNets                                                              56.58
# SpaceY                                                                 56.58
# Track                                                                  56.58
# SpaceX                                                                 56.58
# Wire                                                                   56.58
# End of Wire: 0 nets, 0 ch, wire: 0-->0 (0 with wbits)                  56.58
# End of doGenerate                                                      56.58
# Analyze                                                                56.58
# Levelize                                                               56.58
# End of LevelAssign mode=I, 3 Levels, 2 Comps, limit=30000              56.58
# Nets                                                                   56.58
# Place                                                                  56.58
# PlaceNets                                                              56.58
# SpaceY                                                                 56.58
# Track                                                                  56.58
# SpaceX                                                                 56.58
# Wire                                                                   56.58
# End of Wire: 0 nets, 0 ch, wire: 0-->0 (0 with wbits)                  56.58
# End of doGenerate                                                      56.58
# Analyze                                                                56.58
# Levelize                                                               56.58
# End of LevelAssign mode=I, 3 Levels, 2 Comps, limit=30000              56.58
# Nets                                                                   56.58
# Place                                                                  56.58
# PlaceNets                                                              56.58
# SpaceY                                                                 56.58
# Track                                                                  56.58
# SpaceX                                                                 56.58
# Wire                                                                   56.58
# End of Wire: 0 nets, 0 ch, wire: 0-->0 (0 with wbits)                  56.58
# End of doGenerate                                                      56.58
# Analyze                                                                56.58
# Levelize                                                               56.58
# End of LevelAssign mode=I, 3 Levels, 2 Comps, limit=30000              56.58
# Nets                                                                   56.58
# Place                                                                  56.58
# PlaceNets                                                              56.58
# SpaceY                                                                 56.58
# Track                                                                  56.58
# SpaceX                                                                 56.58
# Wire                                                                   56.58
# End of Wire: 0 nets, 0 ch, wire: 0-->0 (0 with wbits)                  56.58
# End of doGenerate                                                      56.58
# Analyze                                                                56.58
# Levelize                                                               56.58
# End of LevelAssign mode=I, 3 Levels, 2 Comps, limit=30000              56.58
# Nets                                                                   56.58
# Place                                                                  56.58
# PlaceNets                                                              56.58
# SpaceY                                                                 56.58
# Track                                                                  56.58
# SpaceX                                                                 56.58
# Wire                                                                   56.58
# End of Wire: 0 nets, 0 ch, wire: 0-->0 (0 with wbits)                  56.58
# End of doGenerate                                                      56.58
# Analyze                                                                56.58
# Levelize                                                               56.58
# End of LevelAssign mode=I, 3 Levels, 2 Comps, limit=30000              56.58
# Nets                                                                   56.58
# Place                                                                  56.58
# PlaceNets                                                              56.58
# SpaceY                                                                 56.58
# Track                                                                  56.58
# SpaceX                                                                 56.58
# Wire                                                                   56.58
# End of Wire: 0 nets, 0 ch, wire: 0-->0 (0 with wbits)                  56.58
# End of doGenerate                                                      56.58
# Analyze                                                                56.58
# Levelize                                                               56.58
# End of LevelAssign mode=I, 2 Levels, 12 Comps, limit=30000             56.58
# Nets                                                                   56.58
# Place                                                                  56.58
# PlaceNets                                                              56.58
# SpaceY                                                                 56.58
# Track                                                                  56.58
# SpaceX                                                                 56.58
# Wire                                                                   56.58
# End of Wire: 0 nets, 0 ch, wire: 0-->0 (0 with wbits)                  56.58
# End of doGenerate                                                      56.58
# End of Generating Regions for Page 1                                   56.58
scrollpos 44 336
zoom -x 0 -y 0 0.5
scrollpos 28 210
#R 0.5
#CMD scrollpos 0 0
scrollpos 0 0
increment -const
load net Tile_224.clk.tile.net -port Tile_224_clk -pin Tile_224 tilePin
load net Tile_224.clk.tile.type.net -hierPin Tile_224 tilePin -pin Tile_224_Type LEFT
show
# Starting Split Pages                                                   56.98
# NoSplit 24 Comps, 2 Nets 0 NetBundles                                  56.98
# End of Split Pages                                                     56.98
# Generating Regions for Page 1:   24 Comps,    2 Nets                   56.98
# Analyze                                                                56.98
# Levelize                                                               56.98
# End of LevelAssign mode=I, 3 Levels, 2 Comps, limit=30000              56.98
# Nets                                                                   56.98
# Place                                                                  56.98
# PlaceNets                                                              56.98
# SpaceY                                                                 56.98
# Track                                                                  56.98
# SpaceX                                                                 56.98
# Wire                                                                   56.98
# End of Wire: 0 nets, 0 ch, wire: 0-->0 (0 with wbits)                  56.98
# End of doGenerate                                                      56.98
# Analyze                                                                56.98
# Levelize                                                               56.98
# End of LevelAssign mode=I, 3 Levels, 2 Comps, limit=30000              56.98
# Nets                                                                   56.98
# Place                                                                  56.98
# PlaceNets                                                              56.98
# SpaceY                                                                 56.98
# Track                                                                  56.98
# SpaceX                                                                 56.98
# Wire                                                                   56.98
# End of Wire: 0 nets, 0 ch, wire: 0-->0 (0 with wbits)                  56.98
# End of doGenerate                                                      56.98
# Analyze                                                                56.98
# Levelize                                                               56.98
# End of LevelAssign mode=I, 3 Levels, 2 Comps, limit=30000              56.98
# Nets                                                                   56.98
# Place                                                                  56.98
# PlaceNets                                                              56.98
# SpaceY                                                                 56.98
# Track                                                                  56.98
# SpaceX                                                                 56.98
# Wire                                                                   56.98
# End of Wire: 0 nets, 0 ch, wire: 0-->0 (0 with wbits)                  56.98
# End of doGenerate                                                      56.98
# Analyze                                                                56.98
# Levelize                                                               56.98
# End of LevelAssign mode=I, 3 Levels, 2 Comps, limit=30000              56.98
# Nets                                                                   56.98
# Place                                                                  56.98
# PlaceNets                                                              56.98
# SpaceY                                                                 56.98
# Track                                                                  56.98
# SpaceX                                                                 56.98
# Wire                                                                   56.98
# End of Wire: 0 nets, 0 ch, wire: 0-->0 (0 with wbits)                  56.98
# End of doGenerate                                                      56.98
# Analyze                                                                56.98
# Levelize                                                               56.98
# End of LevelAssign mode=I, 3 Levels, 2 Comps, limit=30000              56.98
# Nets                                                                   56.98
# Place                                                                  56.98
# PlaceNets                                                              56.98
# SpaceY                                                                 56.98
# Track                                                                  56.98
# SpaceX                                                                 56.98
# Wire                                                                   56.98
# End of Wire: 0 nets, 0 ch, wire: 0-->0 (0 with wbits)                  56.98
# End of doGenerate                                                      56.98
# Analyze                                                                56.98
# Levelize                                                               56.98
# End of LevelAssign mode=I, 3 Levels, 3 Comps, limit=30000              56.98
# Nets                                                                   56.98
# Place                                                                  56.98
# PlaceNets                                                              56.98
# SpaceY                                                                 56.98
# Track                                                                  56.98
# SpaceX                                                                 56.98
# Wire                                                                   56.98
# End of Wire: 1 nets, 2 ch, wire: 6-->4 (0 with wbits)                  56.98
# End of doGenerate                                                      56.98
# Analyze                                                                56.98
# Levelize                                                               56.98
# End of LevelAssign mode=I, 2 Levels, 12 Comps, limit=30000             56.98
# Nets                                                                   56.98
# Place                                                                  56.98
# PlaceNets                                                              56.98
# SpaceY                                                                 56.98
# Track                                                                  56.98
# SpaceX                                                                 56.98
# Wire                                                                   56.98
# End of Wire: 1 nets, 1 ch, wire: 4-->4 (0 with wbits)                  56.98
# End of doGenerate                                                      56.98
# End of Generating Regions for Page 1                                   56.98
scrollpos -167 -340
fullfit
scrollpos -99 -44
scrollpos -99 -44
scrollpos -105 -45
increment -const
unload net Tile_224.clk.tile.net
increment -const
unload net Tile_224.clk.tile.type.net
increment -const
load net Tile_224.clk.tile.net -port Tile_224_clk -pin Tile_224 tilePin
load net Tile_224.clk.tile.type.net -hierPin Tile_224 tilePin -pin Tile_224_Type LEFT
load net Tile_228.clk.tile.net -port Tile_228_clk -pin Tile_228 tilePin
load net Tile_228.clk.tile.type.net -hierPin Tile_228 tilePin -pin Tile_228_Type LEFT
show
# Starting Split Pages                                                   58.95
# NoSplit 24 Comps, 4 Nets 0 NetBundles                                  58.95
# End of Split Pages                                                     58.95
# Generating Regions for Page 1:   24 Comps,    4 Nets                   58.95
# Analyze                                                                58.95
# Levelize                                                               58.95
# End of LevelAssign mode=I, 3 Levels, 3 Comps, limit=30000              58.95
# Nets                                                                   58.95
# Place                                                                  58.95
# PlaceNets                                                              58.95
# SpaceY                                                                 58.95
# Track                                                                  58.95
# SpaceX                                                                 58.95
# Wire                                                                   58.95
# End of Wire: 1 nets, 2 ch, wire: 6-->4 (0 with wbits)                  58.95
# End of doGenerate                                                      58.95
# Analyze                                                                58.95
# Levelize                                                               58.95
# End of LevelAssign mode=I, 3 Levels, 2 Comps, limit=30000              58.95
# Nets                                                                   58.95
# Place                                                                  58.95
# PlaceNets                                                              58.95
# SpaceY                                                                 58.95
# Track                                                                  58.95
# SpaceX                                                                 58.95
# Wire                                                                   58.95
# End of Wire: 0 nets, 0 ch, wire: 0-->0 (0 with wbits)                  58.95
# End of doGenerate                                                      58.95
# Analyze                                                                58.95
# Levelize                                                               58.95
# End of LevelAssign mode=I, 3 Levels, 2 Comps, limit=30000              58.95
# Nets                                                                   58.95
# Place                                                                  58.95
# PlaceNets                                                              58.95
# SpaceY                                                                 58.95
# Track                                                                  58.95
# SpaceX                                                                 58.95
# Wire                                                                   58.95
# End of Wire: 0 nets, 0 ch, wire: 0-->0 (0 with wbits)                  58.95
# End of doGenerate                                                      58.95
# Analyze                                                                58.95
# Levelize                                                               58.95
# End of LevelAssign mode=I, 3 Levels, 2 Comps, limit=30000              58.95
# Nets                                                                   58.95
# Place                                                                  58.95
# PlaceNets                                                              58.95
# SpaceY                                                                 58.95
# Track                                                                  58.95
# SpaceX                                                                 58.95
# Wire                                                                   58.95
# End of Wire: 0 nets, 0 ch, wire: 0-->0 (0 with wbits)                  58.95
# End of doGenerate                                                      58.95
# Analyze                                                                58.95
# Levelize                                                               58.95
# End of LevelAssign mode=I, 3 Levels, 2 Comps, limit=30000              58.95
# Nets                                                                   58.95
# Place                                                                  58.95
# PlaceNets                                                              58.95
# SpaceY                                                                 58.95
# Track                                                                  58.95
# SpaceX                                                                 58.95
# Wire                                                                   58.95
# End of Wire: 0 nets, 0 ch, wire: 0-->0 (0 with wbits)                  58.95
# End of doGenerate                                                      58.95
# Analyze                                                                58.95
# Levelize                                                               58.95
# End of LevelAssign mode=I, 3 Levels, 3 Comps, limit=30000              58.95
# Nets                                                                   58.95
# Place                                                                  58.95
# PlaceNets                                                              58.95
# SpaceY                                                                 58.95
# Track                                                                  58.95
# SpaceX                                                                 58.95
# Wire                                                                   58.95
# End of Wire: 1 nets, 2 ch, wire: 8-->6 (0 with wbits)                  58.95
# End of doGenerate                                                      58.95
# Analyze                                                                58.95
# Levelize                                                               58.95
# End of LevelAssign mode=I, 2 Levels, 12 Comps, limit=30000             58.95
# Nets                                                                   58.95
# Place                                                                  58.95
# PlaceNets                                                              58.95
# SpaceY                                                                 58.95
# Track                                                                  58.95
# SpaceX                                                                 58.95
# Wire                                                                   58.95
# End of Wire: 2 nets, 2 ch, wire: 8-->8 (0 with wbits)                  58.95
# End of doGenerate                                                      58.95
# End of Generating Regions for Page 1                                   58.95
scrollpos -105 -46
