#-----------------------------------------------------------
# Vivado v2024.1 (64-bit)
# SW Build 5076996 on Wed May 22 18:37:14 MDT 2024
# IP Build 5075265 on Wed May 22 21:45:21 MDT 2024
# SharedData Build 5076995 on Wed May 22 18:29:18 MDT 2024
# Start of session at: Thu Feb 27 18:57:56 2025
# Process ID: 28640
# Current directory: C:/Users/clb20123/Documents/FO-RFSoC-4YP/2x2_files/pray
# Command line: vivado.exe -gui_launcher_event rodinguilauncherevent19592 C:\Users\clb20123\Documents\FO-RFSoC-4YP\2x2_files\pray\pray.xpr
# Log file: C:/Users/clb20123/Documents/FO-RFSoC-4YP/2x2_files/pray/vivado.log
# Journal file: C:/Users/clb20123/Documents/FO-RFSoC-4YP/2x2_files/pray\vivado.jou
# Running On        :EEE-R446-29
# Platform          :Windows Server 2016 or Windows 10
# Operating System  :19045
# Processor Detail  :13th Gen Intel(R) Core(TM) i5-13500
# CPU Frequency     :2496 MHz
# CPU Physical cores:14
# CPU Logical cores :20
# Host memory       :16833 MB
# Swap memory       :6116 MB
# Total Virtual     :22949 MB
# Available Virtual :4384 MB
#-----------------------------------------------------------
start_gui
open_project C:/Users/clb20123/Documents/FO-RFSoC-4YP/2x2_files/pray/pray.xpr
WARNING: [filemgmt 56-3] IP Repository Path: Could not find the directory 'C:/Users/clb20123/Documents/FO-RFSoC-4YP/RFX_files/enable_redesign/demod_enable/netlist/ip'.
WARNING: [filemgmt 56-3] IP Repository Path: Could not find the directory 'C:/Users/clb20123/Documents/FO-RFSoC-4YP/RFX_files/enable_redesign/mod_enable/netlist/ip'.
INFO: [filemgmt 56-3] Default IP Output Path : Could not find the directory 'C:/Users/clb20123/Documents/FO-RFSoC-4YP/2x2_files/pray/pray.gen/sources_1'.
Scanning sources...
Finished scanning sources
INFO: [IP_Flow 19-234] Refreshing IP repositories
WARNING: [IP_Flow 19-2248] Failed to load user IP repository 'c:/Users/clb20123/Documents/FO-RFSoC-4YP/RFX_files/enable_redesign/demod_enable/netlist/ip'; Can't find the specified path.
If this directory should no longer be in your list of user repositories, go to the IP Settings dialog and remove it.
WARNING: [IP_Flow 19-2248] Failed to load user IP repository 'c:/Users/clb20123/Documents/FO-RFSoC-4YP/RFX_files/enable_redesign/mod_enable/netlist/ip'; Can't find the specified path.
If this directory should no longer be in your list of user repositories, go to the IP Settings dialog and remove it.
INFO: [IP_Flow 19-2313] Loaded Vivado IP repository 'C:/Xilinx/Vivado/2024.1/data/ip'.
open_project: Time (s): cpu = 00:00:15 ; elapsed = 00:00:08 . Memory (MB): peak = 1577.477 ; gain = 362.164
WARNING: [Board 49-26] cannot add Board Part xilinx.com:vek280_es:part0:1.0 available at C:/Xilinx/Vivado/2024.1/data/xhub/boards/XilinxBoardStore/boards/Xilinx/vek280/es/rev_a/1.0/board.xml as part xcve2802-vsvh1760-2lp-e-s-es1 specified in board_part file is either invalid or not available
WARNING: [Board 49-26] cannot add Board Part xilinx.com:vek280_es:part0:1.1 available at C:/Xilinx/Vivado/2024.1/data/xhub/boards/XilinxBoardStore/boards/Xilinx/vek280/es/rev_a/1.1/board.xml as part xcve2802-vsvh1760-2lp-e-s-es1 specified in board_part file is either invalid or not available
WARNING: [Board 49-26] cannot add Board Part xilinx.com:vek280_es_revb:part0:1.0 available at C:/Xilinx/Vivado/2024.1/data/xhub/boards/XilinxBoardStore/boards/Xilinx/vek280/es/rev_b/1.0/board.xml as part xcve2802-vsvh1760-2mp-e-s-es1 specified in board_part file is either invalid or not available
WARNING: [Board 49-26] cannot add Board Part xilinx.com:vek280_es_revb:part0:1.1 available at C:/Xilinx/Vivado/2024.1/data/xhub/boards/XilinxBoardStore/boards/Xilinx/vek280/es/rev_b/1.1/board.xml as part xcve2802-vsvh1760-2mp-e-s-es1 specified in board_part file is either invalid or not available
WARNING: [Board 49-26] cannot add Board Part xilinx.com:vhk158_es:part0:1.0 available at C:/Xilinx/Vivado/2024.1/data/xhub/boards/XilinxBoardStore/boards/Xilinx/vhk158/es/1.0/board.xml as part xcvh1582-vsva3697-2mp-e-s-es1 specified in board_part file is either invalid or not available
WARNING: [Board 49-26] cannot add Board Part xilinx.com:vhk158_es:part0:1.1 available at C:/Xilinx/Vivado/2024.1/data/xhub/boards/XilinxBoardStore/boards/Xilinx/vhk158/es/1.1/board.xml as part xcvh1582-vsva3697-2mp-e-s-es1 specified in board_part file is either invalid or not available
WARNING: [Board 49-26] cannot add Board Part xilinx.com:zcu208ld:part0:2.0 available at C:/Xilinx/Vivado/2024.1/data/xhub/boards/XilinxBoardStore/boards/Xilinx/zcu208ld/production/2.0/board.xml as part xczu58dr-fsvg1517-2-i specified in board_part file is either invalid or not available
WARNING: [Board 49-26] cannot add Board Part xilinx.com:zcu216ld:part0:2.0 available at C:/Xilinx/Vivado/2024.1/data/xhub/boards/XilinxBoardStore/boards/Xilinx/zcu216ld/production/2.0/board.xml as part xczu59dr-ffvf1760-2-i specified in board_part file is either invalid or not available
WARNING: [Board 49-26] cannot add Board Part xilinx.com:zcu670ld:part0:1.0 available at C:/Xilinx/Vivado/2024.1/data/xhub/boards/XilinxBoardStore/boards/Xilinx/zcu670ld/1.0/board.xml as part xczu57dr-fsve1156-2-i specified in board_part file is either invalid or not available
update_compile_order -fileset sources_1
open_bd_design {C:/Users/clb20123/Documents/FO-RFSoC-4YP/2x2_files/pray/pray.srcs/sources_1/bd/design_1/design_1.bd}
Reading block design file <C:/Users/clb20123/Documents/FO-RFSoC-4YP/2x2_files/pray/pray.srcs/sources_1/bd/design_1/design_1.bd>...
Successfully read diagram <design_1> from block design file <C:/Users/clb20123/Documents/FO-RFSoC-4YP/2x2_files/pray/pray.srcs/sources_1/bd/design_1/design_1.bd>
set_property  ip_repo_paths  c:/Users/clb20123/Documents/FO-RFSoC-4YP/RFX_files/enable_redesign/mod_enable/netlist/ip [current_project]
update_ip_catalog
INFO: [IP_Flow 19-234] Refreshing IP repositories
WARNING: [IP_Flow 19-2248] Failed to load user IP repository 'c:/Users/clb20123/Documents/FO-RFSoC-4YP/RFX_files/enable_redesign/mod_enable/netlist/ip'; Can't find the specified path.
If this directory should no longer be in your list of user repositories, go to the IP Settings dialog and remove it.
set_property  ip_repo_paths  {} [current_project]
update_ip_catalog
INFO: [IP_Flow 19-234] Refreshing IP repositories
INFO: [IP_Flow 19-1704] No user IP repositories specified
update_ip_catalog -rebuild
INFO: [IP_Flow 19-234] Refreshing IP repositories
INFO: [IP_Flow 19-1704] No user IP repositories specified
update_ip_catalog -rebuild
INFO: [IP_Flow 19-234] Refreshing IP repositories
INFO: [IP_Flow 19-1704] No user IP repositories specified
update_ip_catalog -rebuild
INFO: [IP_Flow 19-234] Refreshing IP repositories
INFO: [IP_Flow 19-1704] No user IP repositories specified
set_property  ip_repo_paths  C:/Users/clb20123/Documents/FO-RFSoC-4YP/RFX_files/demod_enable/netlist/ip [current_project]
update_ip_catalog
INFO: [IP_Flow 19-234] Refreshing IP repositories
INFO: [IP_Flow 19-1700] Loaded user IP repository 'c:/Users/clb20123/Documents/FO-RFSoC-4YP/RFX_files/demod_enable/netlist/ip'.
update_ip_catalog -rebuild
INFO: [IP_Flow 19-234] Refreshing IP repositories
INFO: [IP_Flow 19-1700] Loaded user IP repository 'c:/Users/clb20123/Documents/FO-RFSoC-4YP/RFX_files/demod_enable/netlist/ip'.
set_property  ip_repo_paths  {c:/Users/clb20123/Documents/FO-RFSoC-4YP/RFX_files/demod_enable/netlist/ip C:/Users/clb20123/Documents/FO-RFSoC-4YP/RFX_files/mod_enable/netlist/ip} [current_project]
update_ip_catalog
INFO: [IP_Flow 19-234] Refreshing IP repositories
INFO: [IP_Flow 19-1700] Loaded user IP repository 'c:/Users/clb20123/Documents/FO-RFSoC-4YP/RFX_files/demod_enable/netlist/ip'.
INFO: [IP_Flow 19-1700] Loaded user IP repository 'c:/Users/clb20123/Documents/FO-RFSoC-4YP/RFX_files/mod_enable/netlist/ip'.
WARNING: [IP_Flow 19-1663] Duplicate IP found for 'User_Company:VMC:DUT:1.0'. The one found in IP location 'c:/Users/clb20123/Documents/FO-RFSoC-4YP/RFX_files/mod_enable/netlist/ip' will take precedence over the same IP in location c:/Users/clb20123/Documents/FO-RFSoC-4YP/RFX_files/demod_enable/netlist/ip/DUT/src/ip
update_ip_catalog -rebuild
INFO: [IP_Flow 19-234] Refreshing IP repositories
INFO: [IP_Flow 19-1700] Loaded user IP repository 'c:/Users/clb20123/Documents/FO-RFSoC-4YP/RFX_files/demod_enable/netlist/ip'.
INFO: [IP_Flow 19-1700] Loaded user IP repository 'c:/Users/clb20123/Documents/FO-RFSoC-4YP/RFX_files/mod_enable/netlist/ip'.
WARNING: [IP_Flow 19-1663] Duplicate IP found for 'User_Company:VMC:DUT:1.0'. The one found in IP location 'c:/Users/clb20123/Documents/FO-RFSoC-4YP/RFX_files/mod_enable/netlist/ip' will take precedence over the same IP in location c:/Users/clb20123/Documents/FO-RFSoC-4YP/RFX_files/demod_enable/netlist/ip/DUT/src/ip
set_property  ip_repo_paths  c:/Users/clb20123/Documents/FO-RFSoC-4YP/RFX_files/demod_enable/netlist/ip [current_project]
update_ip_catalog
INFO: [IP_Flow 19-234] Refreshing IP repositories
INFO: [IP_Flow 19-1700] Loaded user IP repository 'c:/Users/clb20123/Documents/FO-RFSoC-4YP/RFX_files/demod_enable/netlist/ip'.
set_property  ip_repo_paths  {c:/Users/clb20123/Documents/FO-RFSoC-4YP/RFX_files/demod_enable/netlist/ip c:/Users/clb20123/Documents/FO-RFSoC-4YP/RFX_files/mod_enable/netlist/ip} [current_project]
update_ip_catalog
INFO: [IP_Flow 19-234] Refreshing IP repositories
INFO: [IP_Flow 19-1700] Loaded user IP repository 'c:/Users/clb20123/Documents/FO-RFSoC-4YP/RFX_files/demod_enable/netlist/ip'.
INFO: [IP_Flow 19-1700] Loaded user IP repository 'c:/Users/clb20123/Documents/FO-RFSoC-4YP/RFX_files/mod_enable/netlist/ip'.
WARNING: [IP_Flow 19-1663] Duplicate IP found for 'User_Company:VMC:DUT:1.0'. The one found in IP location 'c:/Users/clb20123/Documents/FO-RFSoC-4YP/RFX_files/mod_enable/netlist/ip' will take precedence over the same IP in location c:/Users/clb20123/Documents/FO-RFSoC-4YP/RFX_files/demod_enable/netlist/ip/DUT/src/ip
update_ip_catalog -rebuild
INFO: [IP_Flow 19-234] Refreshing IP repositories
INFO: [IP_Flow 19-1700] Loaded user IP repository 'c:/Users/clb20123/Documents/FO-RFSoC-4YP/RFX_files/demod_enable/netlist/ip'.
INFO: [IP_Flow 19-1700] Loaded user IP repository 'c:/Users/clb20123/Documents/FO-RFSoC-4YP/RFX_files/mod_enable/netlist/ip'.
WARNING: [IP_Flow 19-1663] Duplicate IP found for 'User_Company:VMC:DUT:1.0'. The one found in IP location 'c:/Users/clb20123/Documents/FO-RFSoC-4YP/RFX_files/mod_enable/netlist/ip' will take precedence over the same IP in location c:/Users/clb20123/Documents/FO-RFSoC-4YP/RFX_files/demod_enable/netlist/ip/DUT/src/ip
update_ip_catalog -rebuild
INFO: [IP_Flow 19-234] Refreshing IP repositories
INFO: [IP_Flow 19-1700] Loaded user IP repository 'c:/Users/clb20123/Documents/FO-RFSoC-4YP/RFX_files/demod_enable/netlist/ip'.
INFO: [IP_Flow 19-1700] Loaded user IP repository 'c:/Users/clb20123/Documents/FO-RFSoC-4YP/RFX_files/mod_enable/netlist/ip'.
WARNING: [IP_Flow 19-1663] Duplicate IP found for 'User_Company:VMC:DUT:1.0'. The one found in IP location 'c:/Users/clb20123/Documents/FO-RFSoC-4YP/RFX_files/mod_enable/netlist/ip' will take precedence over the same IP in location c:/Users/clb20123/Documents/FO-RFSoC-4YP/RFX_files/demod_enable/netlist/ip/DUT/src/ip
set_property  ip_repo_paths  c:/Users/clb20123/Documents/FO-RFSoC-4YP/RFX_files/demod_enable/netlist/ip [current_project]
update_ip_catalog
INFO: [IP_Flow 19-234] Refreshing IP repositories
INFO: [IP_Flow 19-1700] Loaded user IP repository 'c:/Users/clb20123/Documents/FO-RFSoC-4YP/RFX_files/demod_enable/netlist/ip'.
update_ip_catalog -rebuild
INFO: [IP_Flow 19-234] Refreshing IP repositories
INFO: [IP_Flow 19-1700] Loaded user IP repository 'c:/Users/clb20123/Documents/FO-RFSoC-4YP/RFX_files/demod_enable/netlist/ip'.
update_ip_catalog -rebuild
INFO: [IP_Flow 19-234] Refreshing IP repositories
INFO: [IP_Flow 19-1700] Loaded user IP repository 'c:/Users/clb20123/Documents/FO-RFSoC-4YP/RFX_files/demod_enable/netlist/ip'.
set_property  ip_repo_paths  {c:/Users/clb20123/Documents/FO-RFSoC-4YP/RFX_files/demod_enable/netlist/ip c:/Users/clb20123/Documents/FO-RFSoC-4YP/RFX_files/mod_enable/netlist/ip} [current_project]
update_ip_catalog
INFO: [IP_Flow 19-234] Refreshing IP repositories
INFO: [IP_Flow 19-1700] Loaded user IP repository 'c:/Users/clb20123/Documents/FO-RFSoC-4YP/RFX_files/demod_enable/netlist/ip'.
INFO: [IP_Flow 19-1700] Loaded user IP repository 'c:/Users/clb20123/Documents/FO-RFSoC-4YP/RFX_files/mod_enable/netlist/ip'.
WARNING: [IP_Flow 19-1663] Duplicate IP found for 'User_Company:VMC:DUT:1.0'. The one found in IP location 'c:/Users/clb20123/Documents/FO-RFSoC-4YP/RFX_files/mod_enable/netlist/ip' will take precedence over the same IP in location c:/Users/clb20123/Documents/FO-RFSoC-4YP/RFX_files/demod_enable/netlist/ip/DUT/src/ip
set_property  ip_repo_paths  c:/Users/clb20123/Documents/FO-RFSoC-4YP/RFX_files/demod_enable/netlist/ip [current_project]
update_ip_catalog
INFO: [IP_Flow 19-234] Refreshing IP repositories
INFO: [IP_Flow 19-1700] Loaded user IP repository 'c:/Users/clb20123/Documents/FO-RFSoC-4YP/RFX_files/demod_enable/netlist/ip'.
update_ip_catalog -rebuild
INFO: [IP_Flow 19-234] Refreshing IP repositories
INFO: [IP_Flow 19-1700] Loaded user IP repository 'c:/Users/clb20123/Documents/FO-RFSoC-4YP/RFX_files/demod_enable/netlist/ip'.
set_property  ip_repo_paths  {} [current_project]
update_ip_catalog
INFO: [IP_Flow 19-234] Refreshing IP repositories
INFO: [IP_Flow 19-1704] No user IP repositories specified
update_ip_catalog -rebuild
INFO: [IP_Flow 19-234] Refreshing IP repositories
INFO: [IP_Flow 19-1704] No user IP repositories specified
update_ip_catalog -rebuild
INFO: [IP_Flow 19-234] Refreshing IP repositories
INFO: [IP_Flow 19-1704] No user IP repositories specified
update_ip_catalog -rebuild
INFO: [IP_Flow 19-234] Refreshing IP repositories
INFO: [IP_Flow 19-1704] No user IP repositories specified
update_ip_catalog -rebuild
INFO: [IP_Flow 19-234] Refreshing IP repositories
INFO: [IP_Flow 19-1704] No user IP repositories specified
update_ip_catalog -rebuild
INFO: [IP_Flow 19-234] Refreshing IP repositories
INFO: [IP_Flow 19-1704] No user IP repositories specified
update_ip_catalog -rebuild
INFO: [IP_Flow 19-234] Refreshing IP repositories
INFO: [IP_Flow 19-1704] No user IP repositories specified
set_property  ip_repo_paths  C:/Users/clb20123/Documents/FO-RFSoC-4YP/RFX_files/demod_enable/netlist/ip [current_project]
update_ip_catalog
INFO: [IP_Flow 19-234] Refreshing IP repositories
INFO: [IP_Flow 19-1700] Loaded user IP repository 'c:/Users/clb20123/Documents/FO-RFSoC-4YP/RFX_files/demod_enable/netlist/ip'.
set_property  ip_repo_paths  {c:/Users/clb20123/Documents/FO-RFSoC-4YP/RFX_files/demod_enable/netlist/ip C:/Users/clb20123/Documents/FO-RFSoC-4YP/RFX_files/mod_enable/netlist/ip} [current_project]
update_ip_catalog
INFO: [IP_Flow 19-234] Refreshing IP repositories
INFO: [IP_Flow 19-1700] Loaded user IP repository 'c:/Users/clb20123/Documents/FO-RFSoC-4YP/RFX_files/demod_enable/netlist/ip'.
INFO: [IP_Flow 19-1700] Loaded user IP repository 'c:/Users/clb20123/Documents/FO-RFSoC-4YP/RFX_files/mod_enable/netlist/ip'.
update_ip_catalog -rebuild
INFO: [IP_Flow 19-234] Refreshing IP repositories
INFO: [IP_Flow 19-1700] Loaded user IP repository 'c:/Users/clb20123/Documents/FO-RFSoC-4YP/RFX_files/demod_enable/netlist/ip'.
INFO: [IP_Flow 19-1700] Loaded user IP repository 'c:/Users/clb20123/Documents/FO-RFSoC-4YP/RFX_files/mod_enable/netlist/ip'.
ipx::edit_ip_in_project -upgrade true -name axi_stream_template_v1_0_project -directory C:/Users/clb20123/Documents/FO-RFSoC-4YP/2x2_files/pray/pray.tmp/axi_stream_template_v1_0_project c:/Users/clb20123/Documents/FO-RFSoC-4YP/RFX_files/mod_enable/netlist/ip/component.xml
INFO: [ProjectBase 1-489] The host OS only allows 260 characters in a normal path. The project is stored in a path with more than 80 characters. If you experience issues with IP, Block Designs, or files not being found, please consider moving the project to a location with a shorter path. Alternately consider using the OS subst command to map part of the path to a drive letter.
Current project path is 'c:/users/clb20123/documents/fo-rfsoc-4yp/2x2_files/pray/pray.tmp/axi_stream_template_v1_0_project'
INFO: [IP_Flow 19-234] Refreshing IP repositories
INFO: [IP_Flow 19-1704] No user IP repositories specified
INFO: [IP_Flow 19-2313] Loaded Vivado IP repository 'C:/Xilinx/Vivado/2024.1/data/ip'.
WARNING: [Board 49-26] cannot add Board Part xilinx.com:vek280_es:part0:1.0 available at C:/Xilinx/Vivado/2024.1/data/xhub/boards/XilinxBoardStore/boards/Xilinx/vek280/es/rev_a/1.0/board.xml as part xcve2802-vsvh1760-2lp-e-s-es1 specified in board_part file is either invalid or not available
WARNING: [Board 49-26] cannot add Board Part xilinx.com:vek280_es:part0:1.1 available at C:/Xilinx/Vivado/2024.1/data/xhub/boards/XilinxBoardStore/boards/Xilinx/vek280/es/rev_a/1.1/board.xml as part xcve2802-vsvh1760-2lp-e-s-es1 specified in board_part file is either invalid or not available
WARNING: [Board 49-26] cannot add Board Part xilinx.com:vek280_es_revb:part0:1.0 available at C:/Xilinx/Vivado/2024.1/data/xhub/boards/XilinxBoardStore/boards/Xilinx/vek280/es/rev_b/1.0/board.xml as part xcve2802-vsvh1760-2mp-e-s-es1 specified in board_part file is either invalid or not available
WARNING: [Board 49-26] cannot add Board Part xilinx.com:vek280_es_revb:part0:1.1 available at C:/Xilinx/Vivado/2024.1/data/xhub/boards/XilinxBoardStore/boards/Xilinx/vek280/es/rev_b/1.1/board.xml as part xcve2802-vsvh1760-2mp-e-s-es1 specified in board_part file is either invalid or not available
WARNING: [Board 49-26] cannot add Board Part xilinx.com:vhk158_es:part0:1.0 available at C:/Xilinx/Vivado/2024.1/data/xhub/boards/XilinxBoardStore/boards/Xilinx/vhk158/es/1.0/board.xml as part xcvh1582-vsva3697-2mp-e-s-es1 specified in board_part file is either invalid or not available
WARNING: [Board 49-26] cannot add Board Part xilinx.com:vhk158_es:part0:1.1 available at C:/Xilinx/Vivado/2024.1/data/xhub/boards/XilinxBoardStore/boards/Xilinx/vhk158/es/1.1/board.xml as part xcvh1582-vsva3697-2mp-e-s-es1 specified in board_part file is either invalid or not available
WARNING: [Board 49-26] cannot add Board Part xilinx.com:zcu208ld:part0:2.0 available at C:/Xilinx/Vivado/2024.1/data/xhub/boards/XilinxBoardStore/boards/Xilinx/zcu208ld/production/2.0/board.xml as part xczu58dr-fsvg1517-2-i specified in board_part file is either invalid or not available
WARNING: [Board 49-26] cannot add Board Part xilinx.com:zcu216ld:part0:2.0 available at C:/Xilinx/Vivado/2024.1/data/xhub/boards/XilinxBoardStore/boards/Xilinx/zcu216ld/production/2.0/board.xml as part xczu59dr-ffvf1760-2-i specified in board_part file is either invalid or not available
WARNING: [Board 49-26] cannot add Board Part xilinx.com:zcu670ld:part0:1.0 available at C:/Xilinx/Vivado/2024.1/data/xhub/boards/XilinxBoardStore/boards/Xilinx/zcu670ld/1.0/board.xml as part xczu57dr-fsve1156-2-i specified in board_part file is either invalid or not available
INFO: [IP_Flow 19-234] Refreshing IP repositories
INFO: [IP_Flow 19-1700] Loaded user IP repository 'c:/Users/clb20123/Documents/FO-RFSoC-4YP/RFX_files/demod_enable/netlist/ip'.
INFO: [IP_Flow 19-1700] Loaded user IP repository 'c:/Users/clb20123/Documents/FO-RFSoC-4YP/RFX_files/mod_enable/netlist/ip'.
INFO: [IP_Flow 19-795] Syncing license key meta-data
update_compile_order -fileset sources_1
set_property vendor {} [ipx::current_core]
set_property name Data_generation [ipx::current_core]
set_property display_name Data_generation [ipx::current_core]
ipx::update_ip_instances -delete_project true
INFO: [IP_Flow 19-234] Refreshing IP repositories
INFO: [IP_Flow 19-1700] Loaded user IP repository 'c:/Users/clb20123/Documents/FO-RFSoC-4YP/RFX_files/demod_enable/netlist/ip'.
INFO: [IP_Flow 19-1700] Loaded user IP repository 'c:/Users/clb20123/Documents/FO-RFSoC-4YP/RFX_files/mod_enable/netlist/ip'.
create_bd_cell -type ip -vlnv User_Company:VMC:DUT:1.0 DUT_0
set_property location {1 190 63} [get_bd_cells DUT_0]
startgroup
create_bd_cell -type ip -vlnv xilinx.com:ip:zynq_ultra_ps_e:3.5 zynq_ultra_ps_e_0
endgroup
WARNING: [IP_Flow 19-474] Invalid Parameter 'Component_Name'
set_property CONFIG.PSU__USE__S_AXI_GP0 {1} [get_bd_cells zynq_ultra_ps_e_0]
apply_bd_automation -rule xilinx.com:bd_rule:axi4_s2mm -config {Dest_Intf "/zynq_ultra_ps_e_0/S_AXI_HPC0_FPD" Bridge_IP "New AXI DMA (High/Medium frequency transfer)" Conn_m_axis "1" Clk_Stream "Auto" Clk_MM "Auto" }  [get_bd_intf_pins DUT_0/s_axis]
Slave segment '/zynq_ultra_ps_e_0/SAXIGP0/HPC0_DDR_LOW' is being assigned into address space '/axi_dma/Data_S2MM' at <0x0000_0000 [ 2G ]>.
Slave segment '/zynq_ultra_ps_e_0/SAXIGP0/HPC0_LPS_OCM' is being assigned into address space '/axi_dma/Data_S2MM' at <0xFF00_0000 [ 16M ]>.
WARNING: [BD 41-1051] Slave segment '/zynq_ultra_ps_e_0/SAXIGP0/HPC0_LPS_OCM' with 'register' usage does not match address space '/axi_dma/Data_S2MM' with 'memory' usage so will be excluded from this address space. Please use the 'include_bd_addr_seg' command to override this precaution if required.
Excluding slave segment /zynq_ultra_ps_e_0/SAXIGP0/HPC0_LPS_OCM from address space /axi_dma/Data_S2MM.
INFO: [BD 41-3093] Triggering Legacy Auto Assign Algorithm
Slave segment '/zynq_ultra_ps_e_0/SAXIGP0/HPC0_DDR_LOW' is being assigned into address space '/axi_dma/Data_MM2S' at <0x0000_0000 [ 2G ]>.
Slave segment '/zynq_ultra_ps_e_0/SAXIGP0/HPC0_LPS_OCM' is being assigned into address space '/axi_dma/Data_MM2S' at <0xFF00_0000 [ 16M ]>.
WARNING: [BD 41-1051] Slave segment '/zynq_ultra_ps_e_0/SAXIGP0/HPC0_LPS_OCM' with 'register' usage does not match address space '/axi_dma/Data_MM2S' with 'memory' usage so will be excluded from this address space. Please use the 'include_bd_addr_seg' command to override this precaution if required.
Excluding slave segment /zynq_ultra_ps_e_0/SAXIGP0/HPC0_LPS_OCM from address space /axi_dma/Data_MM2S.
undo
INFO: [Common 17-17] undo 'apply_bd_automation -rule xilinx.com:bd_rule:axi4_s2mm -config {Dest_Intf "/zynq_ultra_ps_e_0/S_AXI_HPC0_FPD" Bridge_IP "New AXI DMA (High/Medium frequency transfer)" Conn_m_axis "1" Clk_Stream "Auto" Clk_MM "Auto" }  [get_bd_intf_pins DUT_0/s_axis]'
Including slave segment </zynq_ultra_ps_e_0/SAXIGP0/HPC0_LPS_OCM> into address space </axi_dma/Data_MM2S>.
Including slave segment </zynq_ultra_ps_e_0/SAXIGP0/HPC0_LPS_OCM> into address space </axi_dma/Data_S2MM>.
update_ip_catalog -rebuild
INFO: [IP_Flow 19-234] Refreshing IP repositories
INFO: [IP_Flow 19-1700] Loaded user IP repository 'c:/Users/clb20123/Documents/FO-RFSoC-4YP/RFX_files/demod_enable/netlist/ip'.
INFO: [IP_Flow 19-1700] Loaded user IP repository 'c:/Users/clb20123/Documents/FO-RFSoC-4YP/RFX_files/mod_enable/netlist/ip'.
WARNING: [IP_Flow 19-1663] Duplicate IP found for 'User_Company:VMC:DUT:1.0'. The one found in IP location 'c:/Users/clb20123/Documents/FO-RFSoC-4YP/RFX_files/mod_enable/netlist/ip' will take precedence over the same IP in location c:/Users/clb20123/Documents/FO-RFSoC-4YP/RFX_files/demod_enable/netlist/ip/DUT/src/ip
report_ip_status -name ip_status 
upgrade_ip [get_ips  design_1_DUT_0_0] -log ip_upgrade.log
Upgrading 'C:/Users/clb20123/Documents/FO-RFSoC-4YP/2x2_files/pray/pray.srcs/sources_1/bd/design_1/design_1.bd'
INFO: [IP_Flow 19-3422] Upgraded design_1_DUT_0_0 (DUT 1.0) from revision 371588070 to revision 371589037
WARNING: [IP_Flow 19-4706] Upgraded port 's_axis_tdata' width 1 differs from original width 32
WARNING: [IP_Flow 19-4700] Upgrade has removed port 'step_size'
WARNING: [IP_Flow 19-4698] Upgrade has added port 'mux_en'
WARNING: [IP_Flow 19-3298] Detected external port differences while upgrading 'design_1_DUT_0_0'. These changes may impact your design.
CRITICAL WARNING: [Coretcl 2-1279] The upgrade of 'design_1_DUT_0_0' has identified issues that may require user intervention. Please review the upgrade log 'c:/Users/clb20123/Documents/FO-RFSoC-4YP/2x2_files/pray/ip_upgrade.log', and verify that the upgraded IP is correctly configured.
Wrote  : <C:\Users\clb20123\Documents\FO-RFSoC-4YP\2x2_files\pray\pray.srcs\sources_1\bd\design_1\design_1.bd> 
Wrote  : <C:/Users/clb20123/Documents/FO-RFSoC-4YP/2x2_files/pray/pray.srcs/sources_1/bd/design_1/ui/bd_1f5defd0.ui> 
INFO: [Coretcl 2-1525] Wrote upgrade log to 'C:/Users/clb20123/Documents/FO-RFSoC-4YP/2x2_files/pray/ip_upgrade.log'.
export_ip_user_files -of_objects [get_ips design_1_DUT_0_0] -no_script -sync -force -quiet
set_property location {1 433 174} [get_bd_cells DUT_0]
ipx::edit_ip_in_project -upgrade true -name DUT_v1_0_project -directory C:/Users/clb20123/Documents/FO-RFSoC-4YP/2x2_files/pray/pray.tmp/DUT_v1_0_project c:/Users/clb20123/Documents/FO-RFSoC-4YP/RFX_files/mod_enable/netlist/ip/component.xml
INFO: [ProjectBase 1-489] The host OS only allows 260 characters in a normal path. The project is stored in a path with more than 80 characters. If you experience issues with IP, Block Designs, or files not being found, please consider moving the project to a location with a shorter path. Alternately consider using the OS subst command to map part of the path to a drive letter.
Current project path is 'c:/users/clb20123/documents/fo-rfsoc-4yp/2x2_files/pray/pray.tmp/dut_v1_0_project'
INFO: [IP_Flow 19-234] Refreshing IP repositories
INFO: [IP_Flow 19-1704] No user IP repositories specified
INFO: [IP_Flow 19-2313] Loaded Vivado IP repository 'C:/Xilinx/Vivado/2024.1/data/ip'.
WARNING: [Board 49-26] cannot add Board Part xilinx.com:vek280_es:part0:1.0 available at C:/Xilinx/Vivado/2024.1/data/xhub/boards/XilinxBoardStore/boards/Xilinx/vek280/es/rev_a/1.0/board.xml as part xcve2802-vsvh1760-2lp-e-s-es1 specified in board_part file is either invalid or not available
WARNING: [Board 49-26] cannot add Board Part xilinx.com:vek280_es:part0:1.1 available at C:/Xilinx/Vivado/2024.1/data/xhub/boards/XilinxBoardStore/boards/Xilinx/vek280/es/rev_a/1.1/board.xml as part xcve2802-vsvh1760-2lp-e-s-es1 specified in board_part file is either invalid or not available
WARNING: [Board 49-26] cannot add Board Part xilinx.com:vek280_es_revb:part0:1.0 available at C:/Xilinx/Vivado/2024.1/data/xhub/boards/XilinxBoardStore/boards/Xilinx/vek280/es/rev_b/1.0/board.xml as part xcve2802-vsvh1760-2mp-e-s-es1 specified in board_part file is either invalid or not available
WARNING: [Board 49-26] cannot add Board Part xilinx.com:vek280_es_revb:part0:1.1 available at C:/Xilinx/Vivado/2024.1/data/xhub/boards/XilinxBoardStore/boards/Xilinx/vek280/es/rev_b/1.1/board.xml as part xcve2802-vsvh1760-2mp-e-s-es1 specified in board_part file is either invalid or not available
WARNING: [Board 49-26] cannot add Board Part xilinx.com:vhk158_es:part0:1.0 available at C:/Xilinx/Vivado/2024.1/data/xhub/boards/XilinxBoardStore/boards/Xilinx/vhk158/es/1.0/board.xml as part xcvh1582-vsva3697-2mp-e-s-es1 specified in board_part file is either invalid or not available
WARNING: [Board 49-26] cannot add Board Part xilinx.com:vhk158_es:part0:1.1 available at C:/Xilinx/Vivado/2024.1/data/xhub/boards/XilinxBoardStore/boards/Xilinx/vhk158/es/1.1/board.xml as part xcvh1582-vsva3697-2mp-e-s-es1 specified in board_part file is either invalid or not available
WARNING: [Board 49-26] cannot add Board Part xilinx.com:zcu208ld:part0:2.0 available at C:/Xilinx/Vivado/2024.1/data/xhub/boards/XilinxBoardStore/boards/Xilinx/zcu208ld/production/2.0/board.xml as part xczu58dr-fsvg1517-2-i specified in board_part file is either invalid or not available
WARNING: [Board 49-26] cannot add Board Part xilinx.com:zcu216ld:part0:2.0 available at C:/Xilinx/Vivado/2024.1/data/xhub/boards/XilinxBoardStore/boards/Xilinx/zcu216ld/production/2.0/board.xml as part xczu59dr-ffvf1760-2-i specified in board_part file is either invalid or not available
WARNING: [Board 49-26] cannot add Board Part xilinx.com:zcu670ld:part0:1.0 available at C:/Xilinx/Vivado/2024.1/data/xhub/boards/XilinxBoardStore/boards/Xilinx/zcu670ld/1.0/board.xml as part xczu57dr-fsve1156-2-i specified in board_part file is either invalid or not available
INFO: [IP_Flow 19-234] Refreshing IP repositories
INFO: [IP_Flow 19-1700] Loaded user IP repository 'c:/Users/clb20123/Documents/FO-RFSoC-4YP/RFX_files/demod_enable/netlist/ip'.
INFO: [IP_Flow 19-1700] Loaded user IP repository 'c:/Users/clb20123/Documents/FO-RFSoC-4YP/RFX_files/mod_enable/netlist/ip'.
WARNING: [IP_Flow 19-1663] Duplicate IP found for 'User_Company:VMC:DUT:1.0'. The one found in IP location 'c:/Users/clb20123/Documents/FO-RFSoC-4YP/RFX_files/mod_enable/netlist/ip' will take precedence over the same IP in location c:/Users/clb20123/Documents/FO-RFSoC-4YP/RFX_files/demod_enable/netlist/ip/DUT/src/ip
INFO: [IP_Flow 19-795] Syncing license key meta-data
update_compile_order -fileset sources_1
set_property vendor {} [ipx::current_core]
set_property library {} [ipx::current_core]
set_property name Data_generation [ipx::current_core]
set_property display_name Data_generation [ipx::current_core]
ipx::update_ip_instances -delete_project true
INFO: [IP_Flow 19-234] Refreshing IP repositories
INFO: [IP_Flow 19-1700] Loaded user IP repository 'c:/Users/clb20123/Documents/FO-RFSoC-4YP/RFX_files/demod_enable/netlist/ip'.
INFO: [IP_Flow 19-1700] Loaded user IP repository 'c:/Users/clb20123/Documents/FO-RFSoC-4YP/RFX_files/mod_enable/netlist/ip'.
INFO: [IP_Flow 19-3422] Upgraded design_1_DUT_0_0 (DUT 1.0) from revision 371589037 to revision 371588070
WARNING: [IP_Flow 19-4706] Upgraded port 's_axis_tdata' width 32 differs from original width 1
WARNING: [IP_Flow 19-4700] Upgrade has removed port 'mux_en'
WARNING: [IP_Flow 19-4698] Upgrade has added port 'step_size'
WARNING: [IP_Flow 19-3298] Detected external port differences while upgrading 'design_1_DUT_0_0'. These changes may impact your design.
WARNING: [IP_Flow 19-2162] IP 'design_1_DUT_0_0' is locked:
* IP definition 'DUT (1.0)' for IP 'design_1_DUT_0_0' has been replaced in the IP Catalog by 'Data_generation (1.0)'.
ERROR: [IP_Flow 19-2322] Failed to set user parameter 'm_axis.HAS_TKEEP' value '0' for IP 'DUT_0_upgraded_ipi'.
ERROR: [IP_Flow 19-2322] Failed to set user parameter 's_axis.HAS_TKEEP' value '0' for IP 'DUT_0_upgraded_ipi'.
ERROR: [BD 41-542] Parameter cannot be set on a locked block. The block 'DUT_0_upgraded_ipi' is locked, because: * IP definition 'DUT (1.0)' for IP 'design_1_DUT_0_0' has been replaced in the IP Catalog by 'Data_generation (1.0)'. 
CRITICAL WARNING: [filemgmt 20-1366] Unable to reset target(s) for the following file is locked: c:/Users/clb20123/Documents/FO-RFSoC-4YP/2x2_files/pray/pray.srcs/sources_1/bd/design_1/ip/design_1_DUT_0_0/design_1_DUT_0_0.xci
Locked reason: 
* IP definition 'DUT (1.0)' for IP 'design_1_DUT_0_0' has been replaced in the IP Catalog by 'Data_generation (1.0)'.
Wrote  : <C:\Users\clb20123\Documents\FO-RFSoC-4YP\2x2_files\pray\pray.srcs\sources_1\bd\design_1\design_1.bd> 
Wrote  : <C:/Users/clb20123/Documents/FO-RFSoC-4YP/2x2_files/pray/pray.srcs/sources_1/bd/design_1/ui/bd_1f5defd0.ui> 
ERROR: [Common 17-39] 'upgrade_bd_cells' failed due to earlier errors.
report_ip_status -name ip_status 
delete_bd_objs [get_bd_cells DUT_0]
create_bd_cell -type ip -vlnv User_Company:VMC:DUT:1.0 DUT_0
WARNING: [IP_Flow 19-2162] IP 'design_1_DUT_0_1' is locked:
* IP definition 'DUT (1.0)' for IP 'design_1_DUT_0_1' has been replaced in the IP Catalog by 'Data_generation (1.0)'.
ERROR: [IP_Flow 19-2322] Failed to set user parameter 'm_axis.HAS_TKEEP' value '0' for IP 'DUT_0'.
ERROR: [IP_Flow 19-2322] Failed to set user parameter 's_axis.HAS_TKEEP' value '0' for IP 'DUT_0'.
ERROR: [Common 17-39] 'create_bd_cell' failed due to earlier errors.
ipx::edit_ip_in_project -upgrade true -name DUT_v1_0_project -directory C:/Users/clb20123/Documents/FO-RFSoC-4YP/2x2_files/pray/pray.tmp/DUT_v1_0_project c:/Users/clb20123/Documents/FO-RFSoC-4YP/RFX_files/demod_enable/netlist/ip/DUT/src/ip/component.xml
INFO: [ProjectBase 1-489] The host OS only allows 260 characters in a normal path. The project is stored in a path with more than 80 characters. If you experience issues with IP, Block Designs, or files not being found, please consider moving the project to a location with a shorter path. Alternately consider using the OS subst command to map part of the path to a drive letter.
Current project path is 'c:/users/clb20123/documents/fo-rfsoc-4yp/2x2_files/pray/pray.tmp/dut_v1_0_project'
INFO: [IP_Flow 19-234] Refreshing IP repositories
INFO: [IP_Flow 19-1704] No user IP repositories specified
INFO: [IP_Flow 19-2313] Loaded Vivado IP repository 'C:/Xilinx/Vivado/2024.1/data/ip'.
WARNING: [Board 49-26] cannot add Board Part xilinx.com:vek280_es:part0:1.0 available at C:/Xilinx/Vivado/2024.1/data/xhub/boards/XilinxBoardStore/boards/Xilinx/vek280/es/rev_a/1.0/board.xml as part xcve2802-vsvh1760-2lp-e-s-es1 specified in board_part file is either invalid or not available
WARNING: [Board 49-26] cannot add Board Part xilinx.com:vek280_es:part0:1.1 available at C:/Xilinx/Vivado/2024.1/data/xhub/boards/XilinxBoardStore/boards/Xilinx/vek280/es/rev_a/1.1/board.xml as part xcve2802-vsvh1760-2lp-e-s-es1 specified in board_part file is either invalid or not available
WARNING: [Board 49-26] cannot add Board Part xilinx.com:vek280_es_revb:part0:1.0 available at C:/Xilinx/Vivado/2024.1/data/xhub/boards/XilinxBoardStore/boards/Xilinx/vek280/es/rev_b/1.0/board.xml as part xcve2802-vsvh1760-2mp-e-s-es1 specified in board_part file is either invalid or not available
WARNING: [Board 49-26] cannot add Board Part xilinx.com:vek280_es_revb:part0:1.1 available at C:/Xilinx/Vivado/2024.1/data/xhub/boards/XilinxBoardStore/boards/Xilinx/vek280/es/rev_b/1.1/board.xml as part xcve2802-vsvh1760-2mp-e-s-es1 specified in board_part file is either invalid or not available
WARNING: [Board 49-26] cannot add Board Part xilinx.com:vhk158_es:part0:1.0 available at C:/Xilinx/Vivado/2024.1/data/xhub/boards/XilinxBoardStore/boards/Xilinx/vhk158/es/1.0/board.xml as part xcvh1582-vsva3697-2mp-e-s-es1 specified in board_part file is either invalid or not available
WARNING: [Board 49-26] cannot add Board Part xilinx.com:vhk158_es:part0:1.1 available at C:/Xilinx/Vivado/2024.1/data/xhub/boards/XilinxBoardStore/boards/Xilinx/vhk158/es/1.1/board.xml as part xcvh1582-vsva3697-2mp-e-s-es1 specified in board_part file is either invalid or not available
WARNING: [Board 49-26] cannot add Board Part xilinx.com:zcu208ld:part0:2.0 available at C:/Xilinx/Vivado/2024.1/data/xhub/boards/XilinxBoardStore/boards/Xilinx/zcu208ld/production/2.0/board.xml as part xczu58dr-fsvg1517-2-i specified in board_part file is either invalid or not available
WARNING: [Board 49-26] cannot add Board Part xilinx.com:zcu216ld:part0:2.0 available at C:/Xilinx/Vivado/2024.1/data/xhub/boards/XilinxBoardStore/boards/Xilinx/zcu216ld/production/2.0/board.xml as part xczu59dr-ffvf1760-2-i specified in board_part file is either invalid or not available
WARNING: [Board 49-26] cannot add Board Part xilinx.com:zcu670ld:part0:1.0 available at C:/Xilinx/Vivado/2024.1/data/xhub/boards/XilinxBoardStore/boards/Xilinx/zcu670ld/1.0/board.xml as part xczu57dr-fsve1156-2-i specified in board_part file is either invalid or not available
INFO: [IP_Flow 19-234] Refreshing IP repositories
INFO: [IP_Flow 19-1700] Loaded user IP repository 'c:/Users/clb20123/Documents/FO-RFSoC-4YP/RFX_files/demod_enable/netlist/ip'.
INFO: [IP_Flow 19-1700] Loaded user IP repository 'c:/Users/clb20123/Documents/FO-RFSoC-4YP/RFX_files/mod_enable/netlist/ip'.
INFO: [IP_Flow 19-795] Syncing license key meta-data
can't use empty string as operand of "/"
update_compile_order -fileset sources_1
set_property name DUT_data [ipx::current_core]
set_property display_name DUT_data [ipx::current_core]
ipx::update_ip_instances -delete_project true
INFO: [IP_Flow 19-234] Refreshing IP repositories
INFO: [IP_Flow 19-1700] Loaded user IP repository 'c:/Users/clb20123/Documents/FO-RFSoC-4YP/RFX_files/demod_enable/netlist/ip'.
INFO: [IP_Flow 19-1700] Loaded user IP repository 'c:/Users/clb20123/Documents/FO-RFSoC-4YP/RFX_files/mod_enable/netlist/ip'.
Upgrading 'C:/Users/clb20123/Documents/FO-RFSoC-4YP/2x2_files/pray/pray.srcs/sources_1/bd/design_1/design_1.bd'
INFO: [IP_Flow 19-1972] Upgraded design_1_DUT_0_1 from DUT 1.0 to DUT_data 1.0
Wrote  : <C:\Users\clb20123\Documents\FO-RFSoC-4YP\2x2_files\pray\pray.srcs\sources_1\bd\design_1\design_1.bd> 
Wrote  : <C:/Users/clb20123/Documents/FO-RFSoC-4YP/2x2_files/pray/pray.srcs/sources_1/bd/design_1/ui/bd_1f5defd0.ui> 
set_property  ip_repo_paths  c:/Users/clb20123/Documents/FO-RFSoC-4YP/RFX_files/demod_enable/netlist/ip [current_project]
update_ip_catalog
INFO: [IP_Flow 19-234] Refreshing IP repositories
INFO: [IP_Flow 19-1700] Loaded user IP repository 'c:/Users/clb20123/Documents/FO-RFSoC-4YP/RFX_files/demod_enable/netlist/ip'.
update_ip_catalog -rebuild
INFO: [IP_Flow 19-234] Refreshing IP repositories
INFO: [IP_Flow 19-1700] Loaded user IP repository 'c:/Users/clb20123/Documents/FO-RFSoC-4YP/RFX_files/demod_enable/netlist/ip'.
set_property  ip_repo_paths  {c:/Users/clb20123/Documents/FO-RFSoC-4YP/RFX_files/demod_enable/netlist/ip C:/Users/clb20123/Documents/FO-RFSoC-4YP/RFX_files/mod_enable/netlist/ip} [current_project]
update_ip_catalog
INFO: [IP_Flow 19-234] Refreshing IP repositories
INFO: [IP_Flow 19-1700] Loaded user IP repository 'c:/Users/clb20123/Documents/FO-RFSoC-4YP/RFX_files/demod_enable/netlist/ip'.
INFO: [IP_Flow 19-1700] Loaded user IP repository 'c:/Users/clb20123/Documents/FO-RFSoC-4YP/RFX_files/mod_enable/netlist/ip'.
update_ip_catalog -rebuild
INFO: [IP_Flow 19-234] Refreshing IP repositories
INFO: [IP_Flow 19-1700] Loaded user IP repository 'c:/Users/clb20123/Documents/FO-RFSoC-4YP/RFX_files/demod_enable/netlist/ip'.
INFO: [IP_Flow 19-1700] Loaded user IP repository 'c:/Users/clb20123/Documents/FO-RFSoC-4YP/RFX_files/mod_enable/netlist/ip'.
ipx::edit_ip_in_project -upgrade true -name DUT_data_v1_0_project -directory C:/Users/clb20123/Documents/FO-RFSoC-4YP/2x2_files/pray/pray.tmp/DUT_data_v1_0_project c:/Users/clb20123/Documents/FO-RFSoC-4YP/RFX_files/demod_enable/netlist/ip/DUT/src/ip/component.xml
INFO: [ProjectBase 1-489] The host OS only allows 260 characters in a normal path. The project is stored in a path with more than 80 characters. If you experience issues with IP, Block Designs, or files not being found, please consider moving the project to a location with a shorter path. Alternately consider using the OS subst command to map part of the path to a drive letter.
Current project path is 'c:/users/clb20123/documents/fo-rfsoc-4yp/2x2_files/pray/pray.tmp/dut_data_v1_0_project'
INFO: [IP_Flow 19-234] Refreshing IP repositories
INFO: [IP_Flow 19-1704] No user IP repositories specified
INFO: [IP_Flow 19-2313] Loaded Vivado IP repository 'C:/Xilinx/Vivado/2024.1/data/ip'.
WARNING: [Board 49-26] cannot add Board Part xilinx.com:vek280_es:part0:1.0 available at C:/Xilinx/Vivado/2024.1/data/xhub/boards/XilinxBoardStore/boards/Xilinx/vek280/es/rev_a/1.0/board.xml as part xcve2802-vsvh1760-2lp-e-s-es1 specified in board_part file is either invalid or not available
WARNING: [Board 49-26] cannot add Board Part xilinx.com:vek280_es:part0:1.1 available at C:/Xilinx/Vivado/2024.1/data/xhub/boards/XilinxBoardStore/boards/Xilinx/vek280/es/rev_a/1.1/board.xml as part xcve2802-vsvh1760-2lp-e-s-es1 specified in board_part file is either invalid or not available
WARNING: [Board 49-26] cannot add Board Part xilinx.com:vek280_es_revb:part0:1.0 available at C:/Xilinx/Vivado/2024.1/data/xhub/boards/XilinxBoardStore/boards/Xilinx/vek280/es/rev_b/1.0/board.xml as part xcve2802-vsvh1760-2mp-e-s-es1 specified in board_part file is either invalid or not available
WARNING: [Board 49-26] cannot add Board Part xilinx.com:vek280_es_revb:part0:1.1 available at C:/Xilinx/Vivado/2024.1/data/xhub/boards/XilinxBoardStore/boards/Xilinx/vek280/es/rev_b/1.1/board.xml as part xcve2802-vsvh1760-2mp-e-s-es1 specified in board_part file is either invalid or not available
WARNING: [Board 49-26] cannot add Board Part xilinx.com:vhk158_es:part0:1.0 available at C:/Xilinx/Vivado/2024.1/data/xhub/boards/XilinxBoardStore/boards/Xilinx/vhk158/es/1.0/board.xml as part xcvh1582-vsva3697-2mp-e-s-es1 specified in board_part file is either invalid or not available
WARNING: [Board 49-26] cannot add Board Part xilinx.com:vhk158_es:part0:1.1 available at C:/Xilinx/Vivado/2024.1/data/xhub/boards/XilinxBoardStore/boards/Xilinx/vhk158/es/1.1/board.xml as part xcvh1582-vsva3697-2mp-e-s-es1 specified in board_part file is either invalid or not available
WARNING: [Board 49-26] cannot add Board Part xilinx.com:zcu208ld:part0:2.0 available at C:/Xilinx/Vivado/2024.1/data/xhub/boards/XilinxBoardStore/boards/Xilinx/zcu208ld/production/2.0/board.xml as part xczu58dr-fsvg1517-2-i specified in board_part file is either invalid or not available
WARNING: [Board 49-26] cannot add Board Part xilinx.com:zcu216ld:part0:2.0 available at C:/Xilinx/Vivado/2024.1/data/xhub/boards/XilinxBoardStore/boards/Xilinx/zcu216ld/production/2.0/board.xml as part xczu59dr-ffvf1760-2-i specified in board_part file is either invalid or not available
WARNING: [Board 49-26] cannot add Board Part xilinx.com:zcu670ld:part0:1.0 available at C:/Xilinx/Vivado/2024.1/data/xhub/boards/XilinxBoardStore/boards/Xilinx/zcu670ld/1.0/board.xml as part xczu57dr-fsve1156-2-i specified in board_part file is either invalid or not available
INFO: [IP_Flow 19-234] Refreshing IP repositories
INFO: [IP_Flow 19-1700] Loaded user IP repository 'c:/Users/clb20123/Documents/FO-RFSoC-4YP/RFX_files/demod_enable/netlist/ip'.
INFO: [IP_Flow 19-1700] Loaded user IP repository 'c:/Users/clb20123/Documents/FO-RFSoC-4YP/RFX_files/mod_enable/netlist/ip'.
INFO: [IP_Flow 19-795] Syncing license key meta-data
can't use empty string as operand of "/"
update_compile_order -fileset sources_1
ipx::unload_core c:/Users/clb20123/Documents/FO-RFSoC-4YP/RFX_files/demod_enable/netlist/ip/DUT/src/ip/component.xml
close_project
ipx::edit_ip_in_project -upgrade true -name Data_generation_v1_0_project -directory C:/Users/clb20123/Documents/FO-RFSoC-4YP/2x2_files/pray/pray.tmp/Data_generation_v1_0_project c:/Users/clb20123/Documents/FO-RFSoC-4YP/RFX_files/mod_enable/netlist/ip/component.xml
INFO: [ProjectBase 1-489] The host OS only allows 260 characters in a normal path. The project is stored in a path with more than 80 characters. If you experience issues with IP, Block Designs, or files not being found, please consider moving the project to a location with a shorter path. Alternately consider using the OS subst command to map part of the path to a drive letter.
Current project path is 'c:/users/clb20123/documents/fo-rfsoc-4yp/2x2_files/pray/pray.tmp/data_generation_v1_0_project'
INFO: [IP_Flow 19-234] Refreshing IP repositories
INFO: [IP_Flow 19-1704] No user IP repositories specified
INFO: [IP_Flow 19-2313] Loaded Vivado IP repository 'C:/Xilinx/Vivado/2024.1/data/ip'.
WARNING: [Board 49-26] cannot add Board Part xilinx.com:vek280_es:part0:1.0 available at C:/Xilinx/Vivado/2024.1/data/xhub/boards/XilinxBoardStore/boards/Xilinx/vek280/es/rev_a/1.0/board.xml as part xcve2802-vsvh1760-2lp-e-s-es1 specified in board_part file is either invalid or not available
WARNING: [Board 49-26] cannot add Board Part xilinx.com:vek280_es:part0:1.1 available at C:/Xilinx/Vivado/2024.1/data/xhub/boards/XilinxBoardStore/boards/Xilinx/vek280/es/rev_a/1.1/board.xml as part xcve2802-vsvh1760-2lp-e-s-es1 specified in board_part file is either invalid or not available
WARNING: [Board 49-26] cannot add Board Part xilinx.com:vek280_es_revb:part0:1.0 available at C:/Xilinx/Vivado/2024.1/data/xhub/boards/XilinxBoardStore/boards/Xilinx/vek280/es/rev_b/1.0/board.xml as part xcve2802-vsvh1760-2mp-e-s-es1 specified in board_part file is either invalid or not available
WARNING: [Board 49-26] cannot add Board Part xilinx.com:vek280_es_revb:part0:1.1 available at C:/Xilinx/Vivado/2024.1/data/xhub/boards/XilinxBoardStore/boards/Xilinx/vek280/es/rev_b/1.1/board.xml as part xcve2802-vsvh1760-2mp-e-s-es1 specified in board_part file is either invalid or not available
WARNING: [Board 49-26] cannot add Board Part xilinx.com:vhk158_es:part0:1.0 available at C:/Xilinx/Vivado/2024.1/data/xhub/boards/XilinxBoardStore/boards/Xilinx/vhk158/es/1.0/board.xml as part xcvh1582-vsva3697-2mp-e-s-es1 specified in board_part file is either invalid or not available
WARNING: [Board 49-26] cannot add Board Part xilinx.com:vhk158_es:part0:1.1 available at C:/Xilinx/Vivado/2024.1/data/xhub/boards/XilinxBoardStore/boards/Xilinx/vhk158/es/1.1/board.xml as part xcvh1582-vsva3697-2mp-e-s-es1 specified in board_part file is either invalid or not available
WARNING: [Board 49-26] cannot add Board Part xilinx.com:zcu208ld:part0:2.0 available at C:/Xilinx/Vivado/2024.1/data/xhub/boards/XilinxBoardStore/boards/Xilinx/zcu208ld/production/2.0/board.xml as part xczu58dr-fsvg1517-2-i specified in board_part file is either invalid or not available
WARNING: [Board 49-26] cannot add Board Part xilinx.com:zcu216ld:part0:2.0 available at C:/Xilinx/Vivado/2024.1/data/xhub/boards/XilinxBoardStore/boards/Xilinx/zcu216ld/production/2.0/board.xml as part xczu59dr-ffvf1760-2-i specified in board_part file is either invalid or not available
WARNING: [Board 49-26] cannot add Board Part xilinx.com:zcu670ld:part0:1.0 available at C:/Xilinx/Vivado/2024.1/data/xhub/boards/XilinxBoardStore/boards/Xilinx/zcu670ld/1.0/board.xml as part xczu57dr-fsve1156-2-i specified in board_part file is either invalid or not available
INFO: [IP_Flow 19-234] Refreshing IP repositories
INFO: [IP_Flow 19-1700] Loaded user IP repository 'c:/Users/clb20123/Documents/FO-RFSoC-4YP/RFX_files/demod_enable/netlist/ip'.
INFO: [IP_Flow 19-1700] Loaded user IP repository 'c:/Users/clb20123/Documents/FO-RFSoC-4YP/RFX_files/mod_enable/netlist/ip'.
INFO: [IP_Flow 19-795] Syncing license key meta-data
update_compile_order -fileset sources_1
set_property vendor {User Company} [ipx::current_core]
set_property library VMC [ipx::current_core]
set_property vendor User_Company [ipx::current_core]
close_project
ipx::edit_ip_in_project -upgrade true -name Data_generation_v1_0_project -directory C:/Users/clb20123/Documents/FO-RFSoC-4YP/2x2_files/pray/pray.tmp/Data_generation_v1_0_project c:/Users/clb20123/Documents/FO-RFSoC-4YP/RFX_files/mod_enable/netlist/ip/component.xml
INFO: [ProjectBase 1-489] The host OS only allows 260 characters in a normal path. The project is stored in a path with more than 80 characters. If you experience issues with IP, Block Designs, or files not being found, please consider moving the project to a location with a shorter path. Alternately consider using the OS subst command to map part of the path to a drive letter.
Current project path is 'c:/users/clb20123/documents/fo-rfsoc-4yp/2x2_files/pray/pray.tmp/data_generation_v1_0_project'
INFO: [IP_Flow 19-234] Refreshing IP repositories
INFO: [IP_Flow 19-1704] No user IP repositories specified
INFO: [IP_Flow 19-2313] Loaded Vivado IP repository 'C:/Xilinx/Vivado/2024.1/data/ip'.
WARNING: [Board 49-26] cannot add Board Part xilinx.com:vek280_es:part0:1.0 available at C:/Xilinx/Vivado/2024.1/data/xhub/boards/XilinxBoardStore/boards/Xilinx/vek280/es/rev_a/1.0/board.xml as part xcve2802-vsvh1760-2lp-e-s-es1 specified in board_part file is either invalid or not available
WARNING: [Board 49-26] cannot add Board Part xilinx.com:vek280_es:part0:1.1 available at C:/Xilinx/Vivado/2024.1/data/xhub/boards/XilinxBoardStore/boards/Xilinx/vek280/es/rev_a/1.1/board.xml as part xcve2802-vsvh1760-2lp-e-s-es1 specified in board_part file is either invalid or not available
WARNING: [Board 49-26] cannot add Board Part xilinx.com:vek280_es_revb:part0:1.0 available at C:/Xilinx/Vivado/2024.1/data/xhub/boards/XilinxBoardStore/boards/Xilinx/vek280/es/rev_b/1.0/board.xml as part xcve2802-vsvh1760-2mp-e-s-es1 specified in board_part file is either invalid or not available
WARNING: [Board 49-26] cannot add Board Part xilinx.com:vek280_es_revb:part0:1.1 available at C:/Xilinx/Vivado/2024.1/data/xhub/boards/XilinxBoardStore/boards/Xilinx/vek280/es/rev_b/1.1/board.xml as part xcve2802-vsvh1760-2mp-e-s-es1 specified in board_part file is either invalid or not available
WARNING: [Board 49-26] cannot add Board Part xilinx.com:vhk158_es:part0:1.0 available at C:/Xilinx/Vivado/2024.1/data/xhub/boards/XilinxBoardStore/boards/Xilinx/vhk158/es/1.0/board.xml as part xcvh1582-vsva3697-2mp-e-s-es1 specified in board_part file is either invalid or not available
WARNING: [Board 49-26] cannot add Board Part xilinx.com:vhk158_es:part0:1.1 available at C:/Xilinx/Vivado/2024.1/data/xhub/boards/XilinxBoardStore/boards/Xilinx/vhk158/es/1.1/board.xml as part xcvh1582-vsva3697-2mp-e-s-es1 specified in board_part file is either invalid or not available
WARNING: [Board 49-26] cannot add Board Part xilinx.com:zcu208ld:part0:2.0 available at C:/Xilinx/Vivado/2024.1/data/xhub/boards/XilinxBoardStore/boards/Xilinx/zcu208ld/production/2.0/board.xml as part xczu58dr-fsvg1517-2-i specified in board_part file is either invalid or not available
WARNING: [Board 49-26] cannot add Board Part xilinx.com:zcu216ld:part0:2.0 available at C:/Xilinx/Vivado/2024.1/data/xhub/boards/XilinxBoardStore/boards/Xilinx/zcu216ld/production/2.0/board.xml as part xczu59dr-ffvf1760-2-i specified in board_part file is either invalid or not available
WARNING: [Board 49-26] cannot add Board Part xilinx.com:zcu670ld:part0:1.0 available at C:/Xilinx/Vivado/2024.1/data/xhub/boards/XilinxBoardStore/boards/Xilinx/zcu670ld/1.0/board.xml as part xczu57dr-fsve1156-2-i specified in board_part file is either invalid or not available
INFO: [IP_Flow 19-234] Refreshing IP repositories
INFO: [IP_Flow 19-1700] Loaded user IP repository 'c:/Users/clb20123/Documents/FO-RFSoC-4YP/RFX_files/demod_enable/netlist/ip'.
INFO: [IP_Flow 19-1700] Loaded user IP repository 'c:/Users/clb20123/Documents/FO-RFSoC-4YP/RFX_files/mod_enable/netlist/ip'.
INFO: [IP_Flow 19-795] Syncing license key meta-data
update_compile_order -fileset sources_1
set_property name DUT_datain [ipx::current_core]
set_property description {This IP was generated from System Generator. All changes must be made in SysGen model.} [ipx::current_core]
set_property name DUT_data_in [ipx::current_core]
set_property display_name DUT_data_in [ipx::current_core]
ipx::update_ip_instances -delete_project true
INFO: [IP_Flow 19-234] Refreshing IP repositories
INFO: [IP_Flow 19-1700] Loaded user IP repository 'c:/Users/clb20123/Documents/FO-RFSoC-4YP/RFX_files/demod_enable/netlist/ip'.
INFO: [IP_Flow 19-1700] Loaded user IP repository 'c:/Users/clb20123/Documents/FO-RFSoC-4YP/RFX_files/mod_enable/netlist/ip'.
ipx::edit_ip_in_project -upgrade true -name DUT_data_v1_0_project -directory C:/Users/clb20123/Documents/FO-RFSoC-4YP/2x2_files/pray/pray.tmp/DUT_data_v1_0_project c:/Users/clb20123/Documents/FO-RFSoC-4YP/RFX_files/demod_enable/netlist/ip/DUT/src/ip/component.xml
INFO: [ProjectBase 1-489] The host OS only allows 260 characters in a normal path. The project is stored in a path with more than 80 characters. If you experience issues with IP, Block Designs, or files not being found, please consider moving the project to a location with a shorter path. Alternately consider using the OS subst command to map part of the path to a drive letter.
Current project path is 'c:/users/clb20123/documents/fo-rfsoc-4yp/2x2_files/pray/pray.tmp/dut_data_v1_0_project'
INFO: [IP_Flow 19-234] Refreshing IP repositories
INFO: [IP_Flow 19-1704] No user IP repositories specified
INFO: [IP_Flow 19-2313] Loaded Vivado IP repository 'C:/Xilinx/Vivado/2024.1/data/ip'.
WARNING: [Board 49-26] cannot add Board Part xilinx.com:vek280_es:part0:1.0 available at C:/Xilinx/Vivado/2024.1/data/xhub/boards/XilinxBoardStore/boards/Xilinx/vek280/es/rev_a/1.0/board.xml as part xcve2802-vsvh1760-2lp-e-s-es1 specified in board_part file is either invalid or not available
WARNING: [Board 49-26] cannot add Board Part xilinx.com:vek280_es:part0:1.1 available at C:/Xilinx/Vivado/2024.1/data/xhub/boards/XilinxBoardStore/boards/Xilinx/vek280/es/rev_a/1.1/board.xml as part xcve2802-vsvh1760-2lp-e-s-es1 specified in board_part file is either invalid or not available
WARNING: [Board 49-26] cannot add Board Part xilinx.com:vek280_es_revb:part0:1.0 available at C:/Xilinx/Vivado/2024.1/data/xhub/boards/XilinxBoardStore/boards/Xilinx/vek280/es/rev_b/1.0/board.xml as part xcve2802-vsvh1760-2mp-e-s-es1 specified in board_part file is either invalid or not available
WARNING: [Board 49-26] cannot add Board Part xilinx.com:vek280_es_revb:part0:1.1 available at C:/Xilinx/Vivado/2024.1/data/xhub/boards/XilinxBoardStore/boards/Xilinx/vek280/es/rev_b/1.1/board.xml as part xcve2802-vsvh1760-2mp-e-s-es1 specified in board_part file is either invalid or not available
WARNING: [Board 49-26] cannot add Board Part xilinx.com:vhk158_es:part0:1.0 available at C:/Xilinx/Vivado/2024.1/data/xhub/boards/XilinxBoardStore/boards/Xilinx/vhk158/es/1.0/board.xml as part xcvh1582-vsva3697-2mp-e-s-es1 specified in board_part file is either invalid or not available
WARNING: [Board 49-26] cannot add Board Part xilinx.com:vhk158_es:part0:1.1 available at C:/Xilinx/Vivado/2024.1/data/xhub/boards/XilinxBoardStore/boards/Xilinx/vhk158/es/1.1/board.xml as part xcvh1582-vsva3697-2mp-e-s-es1 specified in board_part file is either invalid or not available
WARNING: [Board 49-26] cannot add Board Part xilinx.com:zcu208ld:part0:2.0 available at C:/Xilinx/Vivado/2024.1/data/xhub/boards/XilinxBoardStore/boards/Xilinx/zcu208ld/production/2.0/board.xml as part xczu58dr-fsvg1517-2-i specified in board_part file is either invalid or not available
WARNING: [Board 49-26] cannot add Board Part xilinx.com:zcu216ld:part0:2.0 available at C:/Xilinx/Vivado/2024.1/data/xhub/boards/XilinxBoardStore/boards/Xilinx/zcu216ld/production/2.0/board.xml as part xczu59dr-ffvf1760-2-i specified in board_part file is either invalid or not available
WARNING: [Board 49-26] cannot add Board Part xilinx.com:zcu670ld:part0:1.0 available at C:/Xilinx/Vivado/2024.1/data/xhub/boards/XilinxBoardStore/boards/Xilinx/zcu670ld/1.0/board.xml as part xczu57dr-fsve1156-2-i specified in board_part file is either invalid or not available
INFO: [IP_Flow 19-234] Refreshing IP repositories
INFO: [IP_Flow 19-1700] Loaded user IP repository 'c:/Users/clb20123/Documents/FO-RFSoC-4YP/RFX_files/demod_enable/netlist/ip'.
INFO: [IP_Flow 19-1700] Loaded user IP repository 'c:/Users/clb20123/Documents/FO-RFSoC-4YP/RFX_files/mod_enable/netlist/ip'.
INFO: [IP_Flow 19-795] Syncing license key meta-data
can't use empty string as operand of "/"
update_compile_order -fileset sources_1
set_property name DUT_receiver [ipx::current_core]
set_property display_name DUT_receiver [ipx::current_core]
close_project
create_bd_cell -type ip -vlnv User_Company:VMC:DUT_data_in:1.0 DUT_data_in_0
set_property location {1 241 -133} [get_bd_cells DUT_data_in_0]
report_ip_status -name ip_status 
upgrade_ip -vlnv User_Company:VMC:DUT_data:1.0 [get_ips  design_1_DUT_0_1] -log ip_upgrade.log
Upgrading 'C:/Users/clb20123/Documents/FO-RFSoC-4YP/2x2_files/pray/pray.srcs/sources_1/bd/design_1/design_1.bd'
INFO: [IP_Flow 19-3420] Updated design_1_DUT_0_1 to use current project options
Wrote  : <C:\Users\clb20123\Documents\FO-RFSoC-4YP\2x2_files\pray\pray.srcs\sources_1\bd\design_1\design_1.bd> 
Wrote  : <C:/Users/clb20123/Documents/FO-RFSoC-4YP/2x2_files/pray/pray.srcs/sources_1/bd/design_1/ui/bd_1f5defd0.ui> 
INFO: [Coretcl 2-1525] Wrote upgrade log to 'C:/Users/clb20123/Documents/FO-RFSoC-4YP/2x2_files/pray/ip_upgrade.log'.
export_ip_user_files -of_objects [get_ips design_1_DUT_0_1] -no_script -sync -force -quiet
generate_target all [get_files  C:/Users/clb20123/Documents/FO-RFSoC-4YP/2x2_files/pray/pray.srcs/sources_1/bd/design_1/design_1.bd]
WARNING: [BD 41-2670] Found an incomplete address path from address space '/zynq_ultra_ps_e_0/Data' to master interface '/zynq_ultra_ps_e_0/M_AXI_HPM0_LPD'. Please either complete or remove this path to resolve.
ERROR: [BD 41-758] The following clock pins are not connected to a valid clock source: 
/zynq_ultra_ps_e_0/maxihpm0_lpd_aclk
/zynq_ultra_ps_e_0/saxihpc0_fpd_aclk
/DUT_0/clk
/DUT_data_in_0/clk

ERROR: [BD 41-1031] Hdl Generation failed for the IP Integrator design C:/Users/clb20123/Documents/FO-RFSoC-4YP/2x2_files/pray/pray.srcs/sources_1/bd/design_1/design_1.bd 
ERROR: [Common 17-39] 'generate_target' failed due to earlier errors.
update_ip_catalog -rebuild -scan_changes
INFO: [IP_Flow 19-234] Refreshing IP repositories
INFO: [IP_Flow 19-1700] Loaded user IP repository 'c:/Users/clb20123/Documents/FO-RFSoC-4YP/RFX_files/demod_enable/netlist/ip'.
INFO: [IP_Flow 19-1700] Loaded user IP repository 'c:/Users/clb20123/Documents/FO-RFSoC-4YP/RFX_files/mod_enable/netlist/ip'.
report_ip_status -name ip_status
exit
INFO: [Common 17-206] Exiting Vivado at Thu Feb 27 19:18:11 2025...
