#-----------------------------------------------------------
# Vivado v2024.1 (64-bit)
# SW Build 5076996 on Wed May 22 18:37:14 MDT 2024
# IP Build 5075265 on Wed May 22 21:45:21 MDT 2024
# SharedData Build 5076995 on Wed May 22 18:29:18 MDT 2024
# Start of session at: Thu Mar 27 14:10:54 2025
# Process ID: 4168
# Current directory: C:/Users/clb20123/Documents/FO-RFSoC-4YP/RFX_files/16_bit_modulate/netlist
# Command line: vivado.exe -mode batch -source ProjectGeneration.tcl -notrace
# Log file: C:/Users/clb20123/Documents/FO-RFSoC-4YP/RFX_files/16_bit_modulate/netlist/vivado.log
# Journal file: C:/Users/clb20123/Documents/FO-RFSoC-4YP/RFX_files/16_bit_modulate/netlist\vivado.jou
# Running On        :EEE-R448-32
# Platform          :Windows Server 2016 or Windows 10
# Operating System  :19045
# Processor Detail  :Intel(R) Core(TM) i5-7500 CPU @ 3.40GHz
# CPU Frequency     :3408 MHz
# CPU Physical cores:4
# CPU Logical cores :4
# Host memory       :8459 MB
# Swap memory       :5060 MB
# Total Virtual     :13519 MB
# Available Virtual :1660 MB
#-----------------------------------------------------------
source ProjectGeneration.tcl -notrace
INFO: [ProjectBase 1-489] The host OS only allows 260 characters in a normal path. The project is stored in a path with more than 80 characters. If you experience issues with IP, Block Designs, or files not being found, please consider moving the project to a location with a shorter path. Alternately consider using the OS subst command to map part of the path to a drive letter.
Current project path is 'C:/Users/clb20123/Documents/FO-RFSoC-4YP/RFX_files/16_bit_modulate/netlist/ip_catalog'
create_project: Time (s): cpu = 00:00:09 ; elapsed = 00:00:10 . Memory (MB): peak = 603.898 ; gain = 198.516
WARNING: [Coretcl 2-176] No IPs found
INFO: [IP_Flow 19-234] Refreshing IP repositories
INFO: [IP_Flow 19-1704] No user IP repositories specified
INFO: [IP_Flow 19-2313] Loaded Vivado IP repository 'C:/Xilinx/Vivado/2024.1/data/ip'.
WARNING: [IP_Flow 19-4832] The IP name 'x16_bit_mod_mult_gen_v12_0_i0' you have specified is long. The Windows operating system has path length limitations. It is recommended you use shorter names to reduce the likelihood of issues.
create_ip: Time (s): cpu = 00:00:01 ; elapsed = 00:00:05 . Memory (MB): peak = 657.180 ; gain = 48.406
WARNING: [Vivado 12-3523] Attempt to change 'Component_Name' from 'x16_bit_mod_mult_gen_v12_0_i0' to 'x16_bit_mod_mult_gen_v12_0_i0' is not allowed and is ignored.
WARNING: [IP_Flow 19-4832] The IP name 'x16_bit_mod_fifo_generator_i0' you have specified is long. The Windows operating system has path length limitations. It is recommended you use shorter names to reduce the likelihood of issues.
WARNING: [Vivado 12-3523] Attempt to change 'Component_Name' from 'x16_bit_mod_fifo_generator_i0' to 'x16_bit_mod_fifo_generator_i0' is not allowed and is ignored.
WARNING: [IP_Flow 19-3374] An attempt to modify the value of disabled parameter 'Use_Extra_Logic' from 'true' to 'false' has been ignored for IP 'x16_bit_mod_fifo_generator_i0'
WARNING: [IP_Flow 19-3374] An attempt to modify the value of disabled parameter 'Use_Dout_Reset' from 'false' to 'true' has been ignored for IP 'x16_bit_mod_fifo_generator_i0'
WARNING: [IP_Flow 19-4832] The IP name 'x16_bit_mod_fifo_generator_i1' you have specified is long. The Windows operating system has path length limitations. It is recommended you use shorter names to reduce the likelihood of issues.
WARNING: [Vivado 12-3523] Attempt to change 'Component_Name' from 'x16_bit_mod_fifo_generator_i1' to 'x16_bit_mod_fifo_generator_i1' is not allowed and is ignored.
WARNING: [IP_Flow 19-3374] An attempt to modify the value of disabled parameter 'Use_Extra_Logic' from 'true' to 'false' has been ignored for IP 'x16_bit_mod_fifo_generator_i1'
WARNING: [IP_Flow 19-3374] An attempt to modify the value of disabled parameter 'Use_Dout_Reset' from 'false' to 'true' has been ignored for IP 'x16_bit_mod_fifo_generator_i1'
IP Repository Located at : C:/Xilinx/Vivado/2024.1/data/ip
INFO: [ProjectBase 1-489] The host OS only allows 260 characters in a normal path. The project is stored in a path with more than 80 characters. If you experience issues with IP, Block Designs, or files not being found, please consider moving the project to a location with a shorter path. Alternately consider using the OS subst command to map part of the path to a drive letter.
Current project path is 'C:/Users/clb20123/Documents/FO-RFSoC-4YP/RFX_files/16_bit_modulate/netlist/ip_catalog'
Scanning sources...
Finished scanning sources
INFO: [IP_Flow 19-234] Refreshing IP repositories
INFO: [IP_Flow 19-1704] No user IP repositories specified
INFO: [IP_Flow 19-2313] Loaded Vivado IP repository 'C:/Xilinx/Vivado/2024.1/data/ip'.
Adding File c:/Users/clb20123/Documents/FO-RFSoC-4YP/RFX_files/16_bit_modulate/netlist/ip_catalog/x16_bit_mod.srcs/sources_1/ip/x16_bit_mod_fifo_generator_i0/x16_bit_mod_fifo_generator_i0.xci
Adding File c:/Users/clb20123/Documents/FO-RFSoC-4YP/RFX_files/16_bit_modulate/netlist/ip_catalog/x16_bit_mod.srcs/sources_1/ip/x16_bit_mod_fifo_generator_i1/x16_bit_mod_fifo_generator_i1.xci
Adding File c:/Users/clb20123/Documents/FO-RFSoC-4YP/RFX_files/16_bit_modulate/netlist/ip_catalog/x16_bit_mod.srcs/sources_1/ip/x16_bit_mod_mult_gen_v12_0_i0/x16_bit_mod_mult_gen_v12_0_i0.xci
Adding File C:/Users/clb20123/Documents/FO-RFSoC-4YP/RFX_files/16_bit_modulate/netlist/sysgen/x16_bit_mod.xdc
Adding File C:/Users/clb20123/Documents/FO-RFSoC-4YP/RFX_files/16_bit_modulate/netlist/sysgen/xpm_56aca2_vivado.mem
INFO: [IP_Flow 19-5107] Inferred bus interface 'm_axis' of definition 'xilinx.com:interface:axis:1.0' (from TCL Argument).
INFO: [IP_Flow 19-5107] Inferred bus interface 's_axis' of definition 'xilinx.com:interface:axis:1.0' (from TCL Argument).
INFO: [IP_Flow 19-5107] Inferred bus interface 'x16_bit_mod_s_axi' of definition 'xilinx.com:interface:aximm:1.0' (from TCL Argument).
INFO: [IP_Flow 19-5107] Inferred bus interface 'clk' of definition 'xilinx.com:signal:clock:1.0' (from TCL Argument).
INFO: [IP_Flow 19-5107] Inferred bus interface 'x16_bit_mod_aresetn' of definition 'xilinx.com:signal:reset:1.0' (from TCL Argument).
INFO: [IP_Flow 19-4728] Bus Interface 'x16_bit_mod_aresetn': Added interface parameter 'POLARITY' with value 'ACTIVE_LOW'.
INFO: [IP_Flow 19-4728] Bus Interface 'clk': Added interface parameter 'ASSOCIATED_BUSIF' with value 'm_axis'.
CRITICAL WARNING: [IP_Flow 19-625] File Group 'xilinx_vhdlsynthesis (VHDL Synthesis)': One or more verilogSource files found added to the pure language VHDL file group: hdl/x16_bit_mod_axi_lite_interface_verilog.v,...
CRITICAL WARNING: [IP_Flow 19-625] File Group 'xilinx_vhdlbehavioralsimulation (VHDL Simulation)': One or more verilogSource files found added to the pure language VHDL file group: hdl/x16_bit_mod_axi_lite_interface_verilog.v,...
WARNING: [IP_Flow 19-11770] Clock interface 'clk' has no FREQ_HZ parameter.
INFO: [IP_Flow 19-2181] Payment is not required for this core.
WARNING: [IP_Flow 19-2187] The Product Guide file is missing.
INFO: [Ipptcl 7-1486] check_integrity: Integrity check passed.
INFO: [IP_Flow 19-234] Refreshing IP repositories
INFO: [IP_Flow 19-1700] Loaded user IP repository 'c:/Users/clb20123/Documents/FO-RFSoC-4YP/RFX_files/16_bit_modulate/netlist/ip'.
WARNING: [IP_Flow 19-3656] If you move the project, the path for repository 'c:/Users/clb20123/Documents/FO-RFSoC-4YP/RFX_files/16_bit_modulate/netlist/ip' may become invalid. A better location for the repository would be in a path adjacent to the project. (Current project location is 'c:/Users/clb20123/Documents/FO-RFSoC-4YP/RFX_files/16_bit_modulate/netlist/ip_catalog'.)
0
Wrote  : <C:\Users\clb20123\Documents\FO-RFSoC-4YP\RFX_files\16_bit_modulate\netlist\ip_catalog\x16_bit_mod.srcs\sources_1\bd\DUT_bd\DUT_bd.bd> 
create_bd_cell: Time (s): cpu = 00:00:08 ; elapsed = 00:00:09 . Memory (MB): peak = 796.477 ; gain = 0.000
INFO: [Device 21-403] Loading part xczu43dr-ffve1156-2-e
create_bd_cell: Time (s): cpu = 00:00:19 ; elapsed = 00:00:54 . Memory (MB): peak = 2209.297 ; gain = 1412.820
apply_bd_automation: Time (s): cpu = 00:01:04 ; elapsed = 00:01:47 . Memory (MB): peak = 2209.301 ; gain = 1549.219
Slave segment '/DUT_1/x16_bit_mod_s_axi/reg0' is being assigned into address space '/microblaze_1/Data' at <0x0001_0000 [ 64K ]>.
WARNING: [filemgmt 56-443] The ECC Algorithm string is empty. Setting the Memory Map to default ECC value to ECC_NONE.
INFO: [xilinx.com:ip:microblaze:11.0-9] /microblaze_1: Setting C_BASE_VECTORS to 0x00000000.
INFO: [xilinx.com:ip:clk_wiz:6.0-1] /clk_wiz_1 clk_wiz propagate
INFO: [BD 41-759] The input pins (listed below) are either not connected or do not have a source port, and they don't have a tie-off specified. These pins are tied-off to all 0's to avoid error in Implementation flow.
Please check your design and connect them as needed: 
/DUT_1/s_axis_tvalid

Wrote  : <C:\Users\clb20123\Documents\FO-RFSoC-4YP\RFX_files\16_bit_modulate\netlist\ip_catalog\x16_bit_mod.srcs\sources_1\bd\DUT_bd\DUT_bd.bd> 
CRITICAL WARNING: [filemgmt 20-1702] Unable to set property on the file: C:/Users/clb20123/Documents/FO-RFSoC-4YP/RFX_files/16_bit_modulate/netlist/ip_catalog/x16_bit_mod.gen/sources_1/bd/DUT_bd/synth/DUT_bd.vhd
File is managed as part of sub-design (IP, Block Design, DSP Design, etc.) file: C:/Users/clb20123/Documents/FO-RFSoC-4YP/RFX_files/16_bit_modulate/netlist/ip_catalog/x16_bit_mod.srcs/sources_1/bd/DUT_bd/DUT_bd.bd
CRITICAL WARNING: [filemgmt 20-1702] Unable to set property on the file: C:/Users/clb20123/Documents/FO-RFSoC-4YP/RFX_files/16_bit_modulate/netlist/ip_catalog/x16_bit_mod.gen/sources_1/bd/DUT_bd/sim/DUT_bd.vhd
File is managed as part of sub-design (IP, Block Design, DSP Design, etc.) file: C:/Users/clb20123/Documents/FO-RFSoC-4YP/RFX_files/16_bit_modulate/netlist/ip_catalog/x16_bit_mod.srcs/sources_1/bd/DUT_bd/DUT_bd.bd
INFO: [Common 17-206] Exiting Vivado at Thu Mar 27 14:13:40 2025...
