#-----------------------------------------------------------
# Vivado v2024.1 (64-bit)
# SW Build 5076996 on Wed May 22 18:37:14 MDT 2024
# IP Build 5075265 on Wed May 22 21:45:21 MDT 2024
# SharedData Build 5076995 on Wed May 22 18:29:18 MDT 2024
# Start of session at: Thu Mar  6 18:24:16 2025
# Process ID: 7436
# Current directory: C:/Users/clb20123/Documents/FO-RFSoC-4YP/RFX_files/16_bit_modulate/netlist
# Command line: vivado.exe -mode batch -source ProjectGeneration.tcl -notrace
# Log file: C:/Users/clb20123/Documents/FO-RFSoC-4YP/RFX_files/16_bit_modulate/netlist/vivado.log
# Journal file: C:/Users/clb20123/Documents/FO-RFSoC-4YP/RFX_files/16_bit_modulate/netlist\vivado.jou
# Running On        :EEE-R446-02
# Platform          :Windows Server 2016 or Windows 10
# Operating System  :19045
# Processor Detail  :13th Gen Intel(R) Core(TM) i5-13500
# CPU Frequency     :2496 MHz
# CPU Physical cores:14
# CPU Logical cores :20
# Host memory       :16833 MB
# Swap memory       :39507 MB
# Total Virtual     :56341 MB
# Available Virtual :38962 MB
#-----------------------------------------------------------
source ProjectGeneration.tcl -notrace
INFO: [ProjectBase 1-489] The host OS only allows 260 characters in a normal path. The project is stored in a path with more than 80 characters. If you experience issues with IP, Block Designs, or files not being found, please consider moving the project to a location with a shorter path. Alternately consider using the OS subst command to map part of the path to a drive letter.
Current project path is 'C:/Users/clb20123/Documents/FO-RFSoC-4YP/RFX_files/16_bit_modulate/netlist/ip_catalog'
create_project: Time (s): cpu = 00:00:05 ; elapsed = 00:00:06 . Memory (MB): peak = 629.074 ; gain = 199.496
WARNING: [Coretcl 2-176] No IPs found
INFO: [IP_Flow 19-234] Refreshing IP repositories
INFO: [IP_Flow 19-1704] No user IP repositories specified
INFO: [IP_Flow 19-2313] Loaded Vivado IP repository 'C:/Xilinx/Vivado/2024.1/data/ip'.
WARNING: [Vivado 12-3523] Attempt to change 'Component_Name' from 'dut_mult_gen_v12_0_i0' to 'dut_mult_gen_v12_0_i0' is not allowed and is ignored.
WARNING: [Vivado 12-3523] Attempt to change 'Component_Name' from 'dut_fifo_generator_i0' to 'dut_fifo_generator_i0' is not allowed and is ignored.
WARNING: [IP_Flow 19-3374] An attempt to modify the value of disabled parameter 'Use_Extra_Logic' from 'true' to 'false' has been ignored for IP 'dut_fifo_generator_i0'
WARNING: [IP_Flow 19-3374] An attempt to modify the value of disabled parameter 'Use_Dout_Reset' from 'false' to 'true' has been ignored for IP 'dut_fifo_generator_i0'
WARNING: [Vivado 12-3523] Attempt to change 'Component_Name' from 'dut_fifo_generator_i1' to 'dut_fifo_generator_i1' is not allowed and is ignored.
WARNING: [IP_Flow 19-3374] An attempt to modify the value of disabled parameter 'Use_Extra_Logic' from 'true' to 'false' has been ignored for IP 'dut_fifo_generator_i1'
WARNING: [IP_Flow 19-3374] An attempt to modify the value of disabled parameter 'Use_Dout_Reset' from 'false' to 'true' has been ignored for IP 'dut_fifo_generator_i1'
IP Repository Located at : C:/Xilinx/Vivado/2024.1/data/ip
INFO: [ProjectBase 1-489] The host OS only allows 260 characters in a normal path. The project is stored in a path with more than 80 characters. If you experience issues with IP, Block Designs, or files not being found, please consider moving the project to a location with a shorter path. Alternately consider using the OS subst command to map part of the path to a drive letter.
Current project path is 'C:/Users/clb20123/Documents/FO-RFSoC-4YP/RFX_files/16_bit_modulate/netlist/ip_catalog'
Scanning sources...
Finished scanning sources
INFO: [IP_Flow 19-234] Refreshing IP repositories
INFO: [IP_Flow 19-1704] No user IP repositories specified
INFO: [IP_Flow 19-2313] Loaded Vivado IP repository 'C:/Xilinx/Vivado/2024.1/data/ip'.
Adding File c:/Users/clb20123/Documents/FO-RFSoC-4YP/RFX_files/16_bit_modulate/netlist/ip_catalog/dut.srcs/sources_1/ip/dut_fifo_generator_i0/dut_fifo_generator_i0.xci
Adding File c:/Users/clb20123/Documents/FO-RFSoC-4YP/RFX_files/16_bit_modulate/netlist/ip_catalog/dut.srcs/sources_1/ip/dut_fifo_generator_i1/dut_fifo_generator_i1.xci
Adding File c:/Users/clb20123/Documents/FO-RFSoC-4YP/RFX_files/16_bit_modulate/netlist/ip_catalog/dut.srcs/sources_1/ip/dut_mult_gen_v12_0_i0/dut_mult_gen_v12_0_i0.xci
Adding File C:/Users/clb20123/Documents/FO-RFSoC-4YP/RFX_files/16_bit_modulate/netlist/sysgen/dut.xdc
Adding File C:/Users/clb20123/Documents/FO-RFSoC-4YP/RFX_files/16_bit_modulate/netlist/sysgen/xpm_288367_vivado.mem
INFO: [IP_Flow 19-5107] Inferred bus interface 'm_axis' of definition 'xilinx.com:interface:axis:1.0' (from TCL Argument).
INFO: [IP_Flow 19-5107] Inferred bus interface 's_axis' of definition 'xilinx.com:interface:axis:1.0' (from TCL Argument).
INFO: [IP_Flow 19-5107] Inferred bus interface 'clk' of definition 'xilinx.com:signal:clock:1.0' (from TCL Argument).
INFO: [IP_Flow 19-4728] Bus Interface 'clk': Added interface parameter 'ASSOCIATED_BUSIF' with value 'm_axis'.
WARNING: [IP_Flow 19-11770] Clock interface 'clk' has no FREQ_HZ parameter.
INFO: [IP_Flow 19-2181] Payment is not required for this core.
WARNING: [IP_Flow 19-2187] The Product Guide file is missing.
INFO: [Ipptcl 7-1486] check_integrity: Integrity check passed.
INFO: [IP_Flow 19-234] Refreshing IP repositories
INFO: [IP_Flow 19-1700] Loaded user IP repository 'c:/Users/clb20123/Documents/FO-RFSoC-4YP/RFX_files/16_bit_modulate/netlist/ip'.
WARNING: [IP_Flow 19-3656] If you move the project, the path for repository 'c:/Users/clb20123/Documents/FO-RFSoC-4YP/RFX_files/16_bit_modulate/netlist/ip' may become invalid. A better location for the repository would be in a path adjacent to the project. (Current project location is 'c:/Users/clb20123/Documents/FO-RFSoC-4YP/RFX_files/16_bit_modulate/netlist/ip_catalog'.)
0
Wrote  : <C:\Users\clb20123\Documents\FO-RFSoC-4YP\RFX_files\16_bit_modulate\netlist\ip_catalog\dut.srcs\sources_1\bd\DUT_bd\DUT_bd.bd> 
WARNING: [BD 5-670] It is required to provide a frequency value for a user created input clock port. Please use the <-freq_hz $freq_val> argument of the create_bd_port command. ie create_bd_port -dir I -type clk -freq_hz 100000000 clkin
INFO: [BD 41-759] The input pins (listed below) are either not connected or do not have a source port, and they don't have a tie-off specified. These pins are tied-off to all 0's to avoid error in Implementation flow.
Please check your design and connect them as needed: 
/DUT_1/s_axis_tvalid

Wrote  : <C:\Users\clb20123\Documents\FO-RFSoC-4YP\RFX_files\16_bit_modulate\netlist\ip_catalog\dut.srcs\sources_1\bd\DUT_bd\DUT_bd.bd> 
CRITICAL WARNING: [filemgmt 20-1702] Unable to set property on the file: C:/Users/clb20123/Documents/FO-RFSoC-4YP/RFX_files/16_bit_modulate/netlist/ip_catalog/dut.gen/sources_1/bd/DUT_bd/synth/DUT_bd.vhd
File is managed as part of sub-design (IP, Block Design, DSP Design, etc.) file: C:/Users/clb20123/Documents/FO-RFSoC-4YP/RFX_files/16_bit_modulate/netlist/ip_catalog/dut.srcs/sources_1/bd/DUT_bd/DUT_bd.bd
CRITICAL WARNING: [filemgmt 20-1702] Unable to set property on the file: C:/Users/clb20123/Documents/FO-RFSoC-4YP/RFX_files/16_bit_modulate/netlist/ip_catalog/dut.gen/sources_1/bd/DUT_bd/sim/DUT_bd.vhd
File is managed as part of sub-design (IP, Block Design, DSP Design, etc.) file: C:/Users/clb20123/Documents/FO-RFSoC-4YP/RFX_files/16_bit_modulate/netlist/ip_catalog/dut.srcs/sources_1/bd/DUT_bd/DUT_bd.bd
INFO: [Common 17-206] Exiting Vivado at Thu Mar  6 18:24:40 2025...
