#-----------------------------------------------------------
# Vivado v2024.1 (64-bit)
# SW Build 5076996 on Wed May 22 18:37:14 MDT 2024
# IP Build 5075265 on Wed May 22 21:45:21 MDT 2024
# SharedData Build 5076995 on Wed May 22 18:29:18 MDT 2024
# Start of session at: Thu Mar  6 21:03:51 2025
# Process ID: 11552
# Current directory: C:/Users/clb20123/Documents/FO-RFSoC-4YP/2x2_files/PLEASE/PLEASE.runs/PYNQ_Design_proc_sys_reset_0_0_synth_1
# Command line: vivado.exe -log PYNQ_Design_proc_sys_reset_0_0.vds -product Vivado -mode batch -messageDb vivado.pb -notrace -source PYNQ_Design_proc_sys_reset_0_0.tcl
# Log file: C:/Users/clb20123/Documents/FO-RFSoC-4YP/2x2_files/PLEASE/PLEASE.runs/PYNQ_Design_proc_sys_reset_0_0_synth_1/PYNQ_Design_proc_sys_reset_0_0.vds
# Journal file: C:/Users/clb20123/Documents/FO-RFSoC-4YP/2x2_files/PLEASE/PLEASE.runs/PYNQ_Design_proc_sys_reset_0_0_synth_1\vivado.jou
# Running On        :EEE-R446-02
# Platform          :Windows Server 2016 or Windows 10
# Operating System  :19045
# Processor Detail  :13th Gen Intel(R) Core(TM) i5-13500
# CPU Frequency     :2496 MHz
# CPU Physical cores:14
# CPU Logical cores :20
# Host memory       :16833 MB
# Swap memory       :39507 MB
# Total Virtual     :56341 MB
# Available Virtual :39475 MB
#-----------------------------------------------------------
source PYNQ_Design_proc_sys_reset_0_0.tcl -notrace
