
*** Running vivado
    with args -log PYNQ_Design_wrapper.vdi -applog -m64 -product Vivado -messageDb vivado.pb -mode batch -source PYNQ_Design_wrapper.tcl -notrace



****** Vivado v2024.1 (64-bit)
  **** SW Build 5076996 on Wed May 22 18:37:14 MDT 2024
  **** IP Build 5075265 on Wed May 22 21:45:21 MDT 2024
  **** SharedData Build 5076995 on Wed May 22 18:29:18 MDT 2024
  **** Start of session at: Fri Mar 28 11:26:31 2025
    ** Copyright 1986-2022 Xilinx, Inc. All Rights Reserved.
    ** Copyright 2022-2024 Advanced Micro Devices, Inc. All Rights Reserved.

Sourcing tcl script 'D:/Xilinx/Vivado/2024.1/scripts/Vivado_init.tcl'
source PYNQ_Design_wrapper.tcl -notrace
create_project: Time (s): cpu = 00:00:08 ; elapsed = 00:00:14 . Memory (MB): peak = 604.203 ; gain = 201.008
INFO: [IP_Flow 19-234] Refreshing IP repositories
INFO: [IP_Flow 19-1700] Loaded user IP repository 'c:/Users/clb20123/Documents/FO-RFSoC-4YP/RFX_files/16_bit_modulate'.
INFO: [IP_Flow 19-1700] Loaded user IP repository 'c:/Users/clb20123/Documents/FO-RFSoC-4YP/RFX_files/demod_16_bit'.
INFO: [IP_Flow 19-2313] Loaded Vivado IP repository 'D:/Xilinx/Vivado/2024.1/data/ip'.
add_files: Time (s): cpu = 00:00:12 ; elapsed = 00:00:23 . Memory (MB): peak = 749.316 ; gain = 125.957
Command: link_design -top PYNQ_Design_wrapper -part xczu28dr-ffvg1517-2-e
Design is defaulting to srcset: sources_1
Design is defaulting to constrset: constrs_1
INFO: [Device 21-403] Loading part xczu28dr-ffvg1517-2-e
Netlist sorting complete. Time (s): cpu = 00:00:04 ; elapsed = 00:00:03 . Memory (MB): peak = 2145.945 ; gain = 2.031
INFO: [Netlist 29-17] Analyzing 2105 Unisim elements for replacement
INFO: [Netlist 29-28] Unisim Transformation completed in 4 CPU seconds
INFO: [Project 1-479] Netlist was created with Vivado 2024.1
INFO: [Project 1-570] Preparing netlist for logic optimization
Parsing XDC File [c:/Users/clb20123/Documents/FO-RFSoC-4YP/2x2_files/PLEASE/PLEASE.gen/sources_1/bd/PYNQ_Design/ip/PYNQ_Design_usp_rf_data_converter_0_0/synth/PYNQ_Design_usp_rf_data_converter_0_0_clocks.xdc] for cell 'PYNQ_Design_i/RFDC/inst'
create_clock: Time (s): cpu = 00:00:08 ; elapsed = 00:00:08 . Memory (MB): peak = 2533.922 ; gain = 33.102
INFO: [Timing 38-35] Done setting XDC timing constraints. [c:/Users/clb20123/Documents/FO-RFSoC-4YP/2x2_files/PLEASE/PLEASE.gen/sources_1/bd/PYNQ_Design/ip/PYNQ_Design_usp_rf_data_converter_0_0/synth/PYNQ_Design_usp_rf_data_converter_0_0_clocks.xdc:66]
INFO: [Timing 38-2] Deriving generated clocks [c:/Users/clb20123/Documents/FO-RFSoC-4YP/2x2_files/PLEASE/PLEASE.gen/sources_1/bd/PYNQ_Design/ip/PYNQ_Design_usp_rf_data_converter_0_0/synth/PYNQ_Design_usp_rf_data_converter_0_0_clocks.xdc:66]
get_clocks: Time (s): cpu = 00:01:38 ; elapsed = 00:01:04 . Memory (MB): peak = 3470.625 ; gain = 936.703
INFO: [Timing 38-2] Deriving generated clocks [c:/Users/clb20123/Documents/FO-RFSoC-4YP/2x2_files/PLEASE/PLEASE.gen/sources_1/bd/PYNQ_Design/ip/PYNQ_Design_usp_rf_data_converter_0_0/synth/PYNQ_Design_usp_rf_data_converter_0_0_clocks.xdc:68]
Finished Parsing XDC File [c:/Users/clb20123/Documents/FO-RFSoC-4YP/2x2_files/PLEASE/PLEASE.gen/sources_1/bd/PYNQ_Design/ip/PYNQ_Design_usp_rf_data_converter_0_0/synth/PYNQ_Design_usp_rf_data_converter_0_0_clocks.xdc] for cell 'PYNQ_Design_i/RFDC/inst'
Parsing XDC File [c:/Users/clb20123/Documents/FO-RFSoC-4YP/2x2_files/PLEASE/PLEASE.gen/sources_1/bd/PYNQ_Design/ip/PYNQ_Design_rst_ps8_0_96M_1/PYNQ_Design_rst_ps8_0_96M_1_board.xdc] for cell 'PYNQ_Design_i/rst_ps8_0_96M/U0'
Finished Parsing XDC File [c:/Users/clb20123/Documents/FO-RFSoC-4YP/2x2_files/PLEASE/PLEASE.gen/sources_1/bd/PYNQ_Design/ip/PYNQ_Design_rst_ps8_0_96M_1/PYNQ_Design_rst_ps8_0_96M_1_board.xdc] for cell 'PYNQ_Design_i/rst_ps8_0_96M/U0'
Parsing XDC File [c:/Users/clb20123/Documents/FO-RFSoC-4YP/2x2_files/PLEASE/PLEASE.gen/sources_1/bd/PYNQ_Design/ip/PYNQ_Design_rst_ps8_0_96M_1/PYNQ_Design_rst_ps8_0_96M_1.xdc] for cell 'PYNQ_Design_i/rst_ps8_0_96M/U0'
WARNING: [Vivado_Tcl 4-921] Waiver ID 'CDC-11' -to list should not be empty. [c:/Users/clb20123/Documents/FO-RFSoC-4YP/2x2_files/PLEASE/PLEASE.gen/sources_1/bd/PYNQ_Design/ip/PYNQ_Design_rst_ps8_0_96M_1/PYNQ_Design_rst_ps8_0_96M_1.xdc:50]
Finished Parsing XDC File [c:/Users/clb20123/Documents/FO-RFSoC-4YP/2x2_files/PLEASE/PLEASE.gen/sources_1/bd/PYNQ_Design/ip/PYNQ_Design_rst_ps8_0_96M_1/PYNQ_Design_rst_ps8_0_96M_1.xdc] for cell 'PYNQ_Design_i/rst_ps8_0_96M/U0'
Parsing XDC File [c:/Users/clb20123/Documents/FO-RFSoC-4YP/2x2_files/PLEASE/PLEASE.gen/sources_1/bd/PYNQ_Design/ip/PYNQ_Design_axi_smc_2/bd_0/ip/ip_1/bd_4c89_psr_aclk_0_board.xdc] for cell 'PYNQ_Design_i/RX/axi_smc/inst/clk_map/psr_aclk/U0'
Finished Parsing XDC File [c:/Users/clb20123/Documents/FO-RFSoC-4YP/2x2_files/PLEASE/PLEASE.gen/sources_1/bd/PYNQ_Design/ip/PYNQ_Design_axi_smc_2/bd_0/ip/ip_1/bd_4c89_psr_aclk_0_board.xdc] for cell 'PYNQ_Design_i/RX/axi_smc/inst/clk_map/psr_aclk/U0'
Parsing XDC File [c:/Users/clb20123/Documents/FO-RFSoC-4YP/2x2_files/PLEASE/PLEASE.gen/sources_1/bd/PYNQ_Design/ip/PYNQ_Design_axi_smc_2/bd_0/ip/ip_1/bd_4c89_psr_aclk_0.xdc] for cell 'PYNQ_Design_i/RX/axi_smc/inst/clk_map/psr_aclk/U0'
Finished Parsing XDC File [c:/Users/clb20123/Documents/FO-RFSoC-4YP/2x2_files/PLEASE/PLEASE.gen/sources_1/bd/PYNQ_Design/ip/PYNQ_Design_axi_smc_2/bd_0/ip/ip_1/bd_4c89_psr_aclk_0.xdc] for cell 'PYNQ_Design_i/RX/axi_smc/inst/clk_map/psr_aclk/U0'
Parsing XDC File [c:/Users/clb20123/Documents/FO-RFSoC-4YP/2x2_files/PLEASE/PLEASE.gen/sources_1/bd/PYNQ_Design/ip/PYNQ_Design_axi_smc_2/bd_0/ip/ip_6/bd_4c89_sawn_0_clocks.xdc] for cell 'PYNQ_Design_i/RX/axi_smc/inst/s00_nodes/s00_aw_node/inst'
WARNING: [Vivado_Tcl 4-921] Waiver ID 'CDC-1' -to list should not be empty. [c:/Users/clb20123/Documents/FO-RFSoC-4YP/2x2_files/PLEASE/PLEASE.gen/sources_1/bd/PYNQ_Design/ip/PYNQ_Design_axi_smc_2/bd_0/ip/ip_6/bd_4c89_sawn_0_clocks.xdc:49]
WARNING: [Vivado_Tcl 4-921] Waiver ID 'CDC-1' -to list should not be empty. [c:/Users/clb20123/Documents/FO-RFSoC-4YP/2x2_files/PLEASE/PLEASE.gen/sources_1/bd/PYNQ_Design/ip/PYNQ_Design_axi_smc_2/bd_0/ip/ip_6/bd_4c89_sawn_0_clocks.xdc:52]
WARNING: [Vivado_Tcl 4-921] Waiver ID 'CDC-1' -to list should not be empty. [c:/Users/clb20123/Documents/FO-RFSoC-4YP/2x2_files/PLEASE/PLEASE.gen/sources_1/bd/PYNQ_Design/ip/PYNQ_Design_axi_smc_2/bd_0/ip/ip_6/bd_4c89_sawn_0_clocks.xdc:55]
WARNING: [Vivado_Tcl 4-921] Waiver ID 'CDC-1' -to list should not be empty. [c:/Users/clb20123/Documents/FO-RFSoC-4YP/2x2_files/PLEASE/PLEASE.gen/sources_1/bd/PYNQ_Design/ip/PYNQ_Design_axi_smc_2/bd_0/ip/ip_6/bd_4c89_sawn_0_clocks.xdc:59]
WARNING: [Vivado_Tcl 4-921] Waiver ID 'CDC-1' -to list should not be empty. [c:/Users/clb20123/Documents/FO-RFSoC-4YP/2x2_files/PLEASE/PLEASE.gen/sources_1/bd/PYNQ_Design/ip/PYNQ_Design_axi_smc_2/bd_0/ip/ip_6/bd_4c89_sawn_0_clocks.xdc:63]
WARNING: [Vivado_Tcl 4-921] Waiver ID 'CDC-1' -to list should not be empty. [c:/Users/clb20123/Documents/FO-RFSoC-4YP/2x2_files/PLEASE/PLEASE.gen/sources_1/bd/PYNQ_Design/ip/PYNQ_Design_axi_smc_2/bd_0/ip/ip_6/bd_4c89_sawn_0_clocks.xdc:66]
WARNING: [Vivado_Tcl 4-921] Waiver ID 'CDC-1' -to list should not be empty. [c:/Users/clb20123/Documents/FO-RFSoC-4YP/2x2_files/PLEASE/PLEASE.gen/sources_1/bd/PYNQ_Design/ip/PYNQ_Design_axi_smc_2/bd_0/ip/ip_6/bd_4c89_sawn_0_clocks.xdc:70]
WARNING: [Vivado_Tcl 4-921] Waiver ID 'CDC-1' -to list should not be empty. [c:/Users/clb20123/Documents/FO-RFSoC-4YP/2x2_files/PLEASE/PLEASE.gen/sources_1/bd/PYNQ_Design/ip/PYNQ_Design_axi_smc_2/bd_0/ip/ip_6/bd_4c89_sawn_0_clocks.xdc:73]
WARNING: [Vivado_Tcl 4-921] Waiver ID 'CDC-1' -to list should not be empty. [c:/Users/clb20123/Documents/FO-RFSoC-4YP/2x2_files/PLEASE/PLEASE.gen/sources_1/bd/PYNQ_Design/ip/PYNQ_Design_axi_smc_2/bd_0/ip/ip_6/bd_4c89_sawn_0_clocks.xdc:76]
WARNING: [Vivado_Tcl 4-921] Waiver ID 'CDC-1' -to list should not be empty. [c:/Users/clb20123/Documents/FO-RFSoC-4YP/2x2_files/PLEASE/PLEASE.gen/sources_1/bd/PYNQ_Design/ip/PYNQ_Design_axi_smc_2/bd_0/ip/ip_6/bd_4c89_sawn_0_clocks.xdc:79]
WARNING: [Vivado_Tcl 4-921] Waiver ID 'CDC-1' -to list should not be empty. [c:/Users/clb20123/Documents/FO-RFSoC-4YP/2x2_files/PLEASE/PLEASE.gen/sources_1/bd/PYNQ_Design/ip/PYNQ_Design_axi_smc_2/bd_0/ip/ip_6/bd_4c89_sawn_0_clocks.xdc:82]
WARNING: [Vivado_Tcl 4-921] Waiver ID 'CDC-4' -to list should not be empty. [c:/Users/clb20123/Documents/FO-RFSoC-4YP/2x2_files/PLEASE/PLEASE.gen/sources_1/bd/PYNQ_Design/ip/PYNQ_Design_axi_smc_2/bd_0/ip/ip_6/bd_4c89_sawn_0_clocks.xdc:85]
WARNING: [Vivado_Tcl 4-921] Waiver ID 'CDC-4' -to list should not be empty. [c:/Users/clb20123/Documents/FO-RFSoC-4YP/2x2_files/PLEASE/PLEASE.gen/sources_1/bd/PYNQ_Design/ip/PYNQ_Design_axi_smc_2/bd_0/ip/ip_6/bd_4c89_sawn_0_clocks.xdc:88]
WARNING: [Vivado_Tcl 4-921] Waiver ID 'CDC-2' -to list should not be empty. [c:/Users/clb20123/Documents/FO-RFSoC-4YP/2x2_files/PLEASE/PLEASE.gen/sources_1/bd/PYNQ_Design/ip/PYNQ_Design_axi_smc_2/bd_0/ip/ip_6/bd_4c89_sawn_0_clocks.xdc:91]
WARNING: [Vivado_Tcl 4-921] Waiver ID 'CDC-2' -to list should not be empty. [c:/Users/clb20123/Documents/FO-RFSoC-4YP/2x2_files/PLEASE/PLEASE.gen/sources_1/bd/PYNQ_Design/ip/PYNQ_Design_axi_smc_2/bd_0/ip/ip_6/bd_4c89_sawn_0_clocks.xdc:94]
WARNING: [Vivado_Tcl 4-921] Waiver ID 'CDC-2' -to list should not be empty. [c:/Users/clb20123/Documents/FO-RFSoC-4YP/2x2_files/PLEASE/PLEASE.gen/sources_1/bd/PYNQ_Design/ip/PYNQ_Design_axi_smc_2/bd_0/ip/ip_6/bd_4c89_sawn_0_clocks.xdc:97]
WARNING: [Vivado_Tcl 4-921] Waiver ID 'CDC-2' -to list should not be empty. [c:/Users/clb20123/Documents/FO-RFSoC-4YP/2x2_files/PLEASE/PLEASE.gen/sources_1/bd/PYNQ_Design/ip/PYNQ_Design_axi_smc_2/bd_0/ip/ip_6/bd_4c89_sawn_0_clocks.xdc:100]
WARNING: [Vivado_Tcl 4-921] Waiver ID 'CDC-1' -to list should not be empty. [c:/Users/clb20123/Documents/FO-RFSoC-4YP/2x2_files/PLEASE/PLEASE.gen/sources_1/bd/PYNQ_Design/ip/PYNQ_Design_axi_smc_2/bd_0/ip/ip_6/bd_4c89_sawn_0_clocks.xdc:104]
WARNING: [Vivado_Tcl 4-921] Waiver ID 'CDC-10' -to list should not be empty. [c:/Users/clb20123/Documents/FO-RFSoC-4YP/2x2_files/PLEASE/PLEASE.gen/sources_1/bd/PYNQ_Design/ip/PYNQ_Design_axi_smc_2/bd_0/ip/ip_6/bd_4c89_sawn_0_clocks.xdc:107]
WARNING: [Vivado_Tcl 4-921] Waiver ID 'CDC-10' -to list should not be empty. [c:/Users/clb20123/Documents/FO-RFSoC-4YP/2x2_files/PLEASE/PLEASE.gen/sources_1/bd/PYNQ_Design/ip/PYNQ_Design_axi_smc_2/bd_0/ip/ip_6/bd_4c89_sawn_0_clocks.xdc:110]
WARNING: [Vivado_Tcl 4-921] Waiver ID 'CDC-1' -to list should not be empty. [c:/Users/clb20123/Documents/FO-RFSoC-4YP/2x2_files/PLEASE/PLEASE.gen/sources_1/bd/PYNQ_Design/ip/PYNQ_Design_axi_smc_2/bd_0/ip/ip_6/bd_4c89_sawn_0_clocks.xdc:113]
WARNING: [Vivado_Tcl 4-921] Waiver ID 'CDC-1' -to list should not be empty. [c:/Users/clb20123/Documents/FO-RFSoC-4YP/2x2_files/PLEASE/PLEASE.gen/sources_1/bd/PYNQ_Design/ip/PYNQ_Design_axi_smc_2/bd_0/ip/ip_6/bd_4c89_sawn_0_clocks.xdc:116]
WARNING: [Vivado_Tcl 4-921] Waiver ID 'CDC-1' -to list should not be empty. [c:/Users/clb20123/Documents/FO-RFSoC-4YP/2x2_files/PLEASE/PLEASE.gen/sources_1/bd/PYNQ_Design/ip/PYNQ_Design_axi_smc_2/bd_0/ip/ip_6/bd_4c89_sawn_0_clocks.xdc:119]
WARNING: [Vivado_Tcl 4-921] Waiver ID 'CDC-13' -to list should not be empty. [c:/Users/clb20123/Documents/FO-RFSoC-4YP/2x2_files/PLEASE/PLEASE.gen/sources_1/bd/PYNQ_Design/ip/PYNQ_Design_axi_smc_2/bd_0/ip/ip_6/bd_4c89_sawn_0_clocks.xdc:122]
WARNING: [Vivado_Tcl 4-921] Waiver ID 'CDC-1' -to list should not be empty. [c:/Users/clb20123/Documents/FO-RFSoC-4YP/2x2_files/PLEASE/PLEASE.gen/sources_1/bd/PYNQ_Design/ip/PYNQ_Design_axi_smc_2/bd_0/ip/ip_6/bd_4c89_sawn_0_clocks.xdc:125]
WARNING: [Vivado_Tcl 4-921] Waiver ID 'CDC-1' -to list should not be empty. [c:/Users/clb20123/Documents/FO-RFSoC-4YP/2x2_files/PLEASE/PLEASE.gen/sources_1/bd/PYNQ_Design/ip/PYNQ_Design_axi_smc_2/bd_0/ip/ip_6/bd_4c89_sawn_0_clocks.xdc:128]
WARNING: [Vivado_Tcl 4-921] Waiver ID 'CDC-13' -to list should not be empty. [c:/Users/clb20123/Documents/FO-RFSoC-4YP/2x2_files/PLEASE/PLEASE.gen/sources_1/bd/PYNQ_Design/ip/PYNQ_Design_axi_smc_2/bd_0/ip/ip_6/bd_4c89_sawn_0_clocks.xdc:131]
WARNING: [Vivado_Tcl 4-921] Waiver ID 'CDC-1' -to list should not be empty. [c:/Users/clb20123/Documents/FO-RFSoC-4YP/2x2_files/PLEASE/PLEASE.gen/sources_1/bd/PYNQ_Design/ip/PYNQ_Design_axi_smc_2/bd_0/ip/ip_6/bd_4c89_sawn_0_clocks.xdc:134]
WARNING: [Vivado_Tcl 4-921] Waiver ID 'CDC-10' -to list should not be empty. [c:/Users/clb20123/Documents/FO-RFSoC-4YP/2x2_files/PLEASE/PLEASE.gen/sources_1/bd/PYNQ_Design/ip/PYNQ_Design_axi_smc_2/bd_0/ip/ip_6/bd_4c89_sawn_0_clocks.xdc:137]
WARNING: [Vivado_Tcl 4-921] Waiver ID 'CDC-1' -to list should not be empty. [c:/Users/clb20123/Documents/FO-RFSoC-4YP/2x2_files/PLEASE/PLEASE.gen/sources_1/bd/PYNQ_Design/ip/PYNQ_Design_axi_smc_2/bd_0/ip/ip_6/bd_4c89_sawn_0_clocks.xdc:140]
WARNING: [Vivado_Tcl 4-921] Waiver ID 'CDC-1' -to list should not be empty. [c:/Users/clb20123/Documents/FO-RFSoC-4YP/2x2_files/PLEASE/PLEASE.gen/sources_1/bd/PYNQ_Design/ip/PYNQ_Design_axi_smc_2/bd_0/ip/ip_6/bd_4c89_sawn_0_clocks.xdc:143]
WARNING: [Vivado_Tcl 4-921] Waiver ID 'CDC-1' -to list should not be empty. [c:/Users/clb20123/Documents/FO-RFSoC-4YP/2x2_files/PLEASE/PLEASE.gen/sources_1/bd/PYNQ_Design/ip/PYNQ_Design_axi_smc_2/bd_0/ip/ip_6/bd_4c89_sawn_0_clocks.xdc:146]
WARNING: [Vivado_Tcl 4-921] Waiver ID 'CDC-2' -to list should not be empty. [c:/Users/clb20123/Documents/FO-RFSoC-4YP/2x2_files/PLEASE/PLEASE.gen/sources_1/bd/PYNQ_Design/ip/PYNQ_Design_axi_smc_2/bd_0/ip/ip_6/bd_4c89_sawn_0_clocks.xdc:149]
WARNING: [Vivado_Tcl 4-921] Waiver ID 'CDC-1' -to list should not be empty. [c:/Users/clb20123/Documents/FO-RFSoC-4YP/2x2_files/PLEASE/PLEASE.gen/sources_1/bd/PYNQ_Design/ip/PYNQ_Design_axi_smc_2/bd_0/ip/ip_6/bd_4c89_sawn_0_clocks.xdc:152]
WARNING: [Vivado_Tcl 4-921] Waiver ID 'CDC-1' -to list should not be empty. [c:/Users/clb20123/Documents/FO-RFSoC-4YP/2x2_files/PLEASE/PLEASE.gen/sources_1/bd/PYNQ_Design/ip/PYNQ_Design_axi_smc_2/bd_0/ip/ip_6/bd_4c89_sawn_0_clocks.xdc:155]
WARNING: [Vivado_Tcl 4-921] Waiver ID 'CDC-1' -to list should not be empty. [c:/Users/clb20123/Documents/FO-RFSoC-4YP/2x2_files/PLEASE/PLEASE.gen/sources_1/bd/PYNQ_Design/ip/PYNQ_Design_axi_smc_2/bd_0/ip/ip_6/bd_4c89_sawn_0_clocks.xdc:158]
WARNING: [Vivado_Tcl 4-921] Waiver ID 'CDC-10' -to list should not be empty. [c:/Users/clb20123/Documents/FO-RFSoC-4YP/2x2_files/PLEASE/PLEASE.gen/sources_1/bd/PYNQ_Design/ip/PYNQ_Design_axi_smc_2/bd_0/ip/ip_6/bd_4c89_sawn_0_clocks.xdc:161]
WARNING: [Vivado_Tcl 4-921] Waiver ID 'CDC-4' -to list should not be empty. [c:/Users/clb20123/Documents/FO-RFSoC-4YP/2x2_files/PLEASE/PLEASE.gen/sources_1/bd/PYNQ_Design/ip/PYNQ_Design_axi_smc_2/bd_0/ip/ip_6/bd_4c89_sawn_0_clocks.xdc:164]
WARNING: [Vivado_Tcl 4-921] Waiver ID 'CDC-4' -to list should not be empty. [c:/Users/clb20123/Documents/FO-RFSoC-4YP/2x2_files/PLEASE/PLEASE.gen/sources_1/bd/PYNQ_Design/ip/PYNQ_Design_axi_smc_2/bd_0/ip/ip_6/bd_4c89_sawn_0_clocks.xdc:167]
WARNING: [Vivado_Tcl 4-921] Waiver ID 'CDC-4' -to list should not be empty. [c:/Users/clb20123/Documents/FO-RFSoC-4YP/2x2_files/PLEASE/PLEASE.gen/sources_1/bd/PYNQ_Design/ip/PYNQ_Design_axi_smc_2/bd_0/ip/ip_6/bd_4c89_sawn_0_clocks.xdc:171]
WARNING: [Vivado_Tcl 4-921] Waiver ID 'CDC-4' -to list should not be empty. [c:/Users/clb20123/Documents/FO-RFSoC-4YP/2x2_files/PLEASE/PLEASE.gen/sources_1/bd/PYNQ_Design/ip/PYNQ_Design_axi_smc_2/bd_0/ip/ip_6/bd_4c89_sawn_0_clocks.xdc:174]
WARNING: [Vivado_Tcl 4-921] Waiver ID 'CDC-1' -to list should not be empty. [c:/Users/clb20123/Documents/FO-RFSoC-4YP/2x2_files/PLEASE/PLEASE.gen/sources_1/bd/PYNQ_Design/ip/PYNQ_Design_axi_smc_2/bd_0/ip/ip_6/bd_4c89_sawn_0_clocks.xdc:178]
WARNING: [Vivado_Tcl 4-921] Waiver ID 'CDC-1' -to list should not be empty. [c:/Users/clb20123/Documents/FO-RFSoC-4YP/2x2_files/PLEASE/PLEASE.gen/sources_1/bd/PYNQ_Design/ip/PYNQ_Design_axi_smc_2/bd_0/ip/ip_6/bd_4c89_sawn_0_clocks.xdc:181]
WARNING: [Vivado_Tcl 4-921] Waiver ID 'CDC-13' -to list should not be empty. [c:/Users/clb20123/Documents/FO-RFSoC-4YP/2x2_files/PLEASE/PLEASE.gen/sources_1/bd/PYNQ_Design/ip/PYNQ_Design_axi_smc_2/bd_0/ip/ip_6/bd_4c89_sawn_0_clocks.xdc:184]
Finished Parsing XDC File [c:/Users/clb20123/Documents/FO-RFSoC-4YP/2x2_files/PLEASE/PLEASE.gen/sources_1/bd/PYNQ_Design/ip/PYNQ_Design_axi_smc_2/bd_0/ip/ip_6/bd_4c89_sawn_0_clocks.xdc] for cell 'PYNQ_Design_i/RX/axi_smc/inst/s00_nodes/s00_aw_node/inst'
Parsing XDC File [c:/Users/clb20123/Documents/FO-RFSoC-4YP/2x2_files/PLEASE/PLEASE.gen/sources_1/bd/PYNQ_Design/ip/PYNQ_Design_axi_smc_2/bd_0/ip/ip_7/bd_4c89_swn_0_clocks.xdc] for cell 'PYNQ_Design_i/RX/axi_smc/inst/s00_nodes/s00_w_node/inst'
WARNING: [Vivado_Tcl 4-921] Waiver ID 'CDC-1' -to list should not be empty. [c:/Users/clb20123/Documents/FO-RFSoC-4YP/2x2_files/PLEASE/PLEASE.gen/sources_1/bd/PYNQ_Design/ip/PYNQ_Design_axi_smc_2/bd_0/ip/ip_7/bd_4c89_swn_0_clocks.xdc:49]
WARNING: [Vivado_Tcl 4-921] Waiver ID 'CDC-1' -to list should not be empty. [c:/Users/clb20123/Documents/FO-RFSoC-4YP/2x2_files/PLEASE/PLEASE.gen/sources_1/bd/PYNQ_Design/ip/PYNQ_Design_axi_smc_2/bd_0/ip/ip_7/bd_4c89_swn_0_clocks.xdc:52]
WARNING: [Vivado_Tcl 4-921] Waiver ID 'CDC-1' -to list should not be empty. [c:/Users/clb20123/Documents/FO-RFSoC-4YP/2x2_files/PLEASE/PLEASE.gen/sources_1/bd/PYNQ_Design/ip/PYNQ_Design_axi_smc_2/bd_0/ip/ip_7/bd_4c89_swn_0_clocks.xdc:55]
WARNING: [Vivado_Tcl 4-921] Waiver ID 'CDC-1' -to list should not be empty. [c:/Users/clb20123/Documents/FO-RFSoC-4YP/2x2_files/PLEASE/PLEASE.gen/sources_1/bd/PYNQ_Design/ip/PYNQ_Design_axi_smc_2/bd_0/ip/ip_7/bd_4c89_swn_0_clocks.xdc:59]
WARNING: [Vivado_Tcl 4-921] Waiver ID 'CDC-1' -to list should not be empty. [c:/Users/clb20123/Documents/FO-RFSoC-4YP/2x2_files/PLEASE/PLEASE.gen/sources_1/bd/PYNQ_Design/ip/PYNQ_Design_axi_smc_2/bd_0/ip/ip_7/bd_4c89_swn_0_clocks.xdc:63]
WARNING: [Vivado_Tcl 4-921] Waiver ID 'CDC-1' -to list should not be empty. [c:/Users/clb20123/Documents/FO-RFSoC-4YP/2x2_files/PLEASE/PLEASE.gen/sources_1/bd/PYNQ_Design/ip/PYNQ_Design_axi_smc_2/bd_0/ip/ip_7/bd_4c89_swn_0_clocks.xdc:66]
WARNING: [Vivado_Tcl 4-921] Waiver ID 'CDC-1' -to list should not be empty. [c:/Users/clb20123/Documents/FO-RFSoC-4YP/2x2_files/PLEASE/PLEASE.gen/sources_1/bd/PYNQ_Design/ip/PYNQ_Design_axi_smc_2/bd_0/ip/ip_7/bd_4c89_swn_0_clocks.xdc:70]
WARNING: [Vivado_Tcl 4-921] Waiver ID 'CDC-1' -to list should not be empty. [c:/Users/clb20123/Documents/FO-RFSoC-4YP/2x2_files/PLEASE/PLEASE.gen/sources_1/bd/PYNQ_Design/ip/PYNQ_Design_axi_smc_2/bd_0/ip/ip_7/bd_4c89_swn_0_clocks.xdc:73]
WARNING: [Vivado_Tcl 4-921] Waiver ID 'CDC-1' -to list should not be empty. [c:/Users/clb20123/Documents/FO-RFSoC-4YP/2x2_files/PLEASE/PLEASE.gen/sources_1/bd/PYNQ_Design/ip/PYNQ_Design_axi_smc_2/bd_0/ip/ip_7/bd_4c89_swn_0_clocks.xdc:76]
WARNING: [Vivado_Tcl 4-921] Waiver ID 'CDC-1' -to list should not be empty. [c:/Users/clb20123/Documents/FO-RFSoC-4YP/2x2_files/PLEASE/PLEASE.gen/sources_1/bd/PYNQ_Design/ip/PYNQ_Design_axi_smc_2/bd_0/ip/ip_7/bd_4c89_swn_0_clocks.xdc:79]
WARNING: [Vivado_Tcl 4-921] Waiver ID 'CDC-1' -to list should not be empty. [c:/Users/clb20123/Documents/FO-RFSoC-4YP/2x2_files/PLEASE/PLEASE.gen/sources_1/bd/PYNQ_Design/ip/PYNQ_Design_axi_smc_2/bd_0/ip/ip_7/bd_4c89_swn_0_clocks.xdc:82]
WARNING: [Vivado_Tcl 4-921] Waiver ID 'CDC-4' -to list should not be empty. [c:/Users/clb20123/Documents/FO-RFSoC-4YP/2x2_files/PLEASE/PLEASE.gen/sources_1/bd/PYNQ_Design/ip/PYNQ_Design_axi_smc_2/bd_0/ip/ip_7/bd_4c89_swn_0_clocks.xdc:85]
WARNING: [Vivado_Tcl 4-921] Waiver ID 'CDC-4' -to list should not be empty. [c:/Users/clb20123/Documents/FO-RFSoC-4YP/2x2_files/PLEASE/PLEASE.gen/sources_1/bd/PYNQ_Design/ip/PYNQ_Design_axi_smc_2/bd_0/ip/ip_7/bd_4c89_swn_0_clocks.xdc:88]
WARNING: [Vivado_Tcl 4-921] Waiver ID 'CDC-2' -to list should not be empty. [c:/Users/clb20123/Documents/FO-RFSoC-4YP/2x2_files/PLEASE/PLEASE.gen/sources_1/bd/PYNQ_Design/ip/PYNQ_Design_axi_smc_2/bd_0/ip/ip_7/bd_4c89_swn_0_clocks.xdc:91]
WARNING: [Vivado_Tcl 4-921] Waiver ID 'CDC-2' -to list should not be empty. [c:/Users/clb20123/Documents/FO-RFSoC-4YP/2x2_files/PLEASE/PLEASE.gen/sources_1/bd/PYNQ_Design/ip/PYNQ_Design_axi_smc_2/bd_0/ip/ip_7/bd_4c89_swn_0_clocks.xdc:94]
WARNING: [Vivado_Tcl 4-921] Waiver ID 'CDC-2' -to list should not be empty. [c:/Users/clb20123/Documents/FO-RFSoC-4YP/2x2_files/PLEASE/PLEASE.gen/sources_1/bd/PYNQ_Design/ip/PYNQ_Design_axi_smc_2/bd_0/ip/ip_7/bd_4c89_swn_0_clocks.xdc:97]
WARNING: [Vivado_Tcl 4-921] Waiver ID 'CDC-2' -to list should not be empty. [c:/Users/clb20123/Documents/FO-RFSoC-4YP/2x2_files/PLEASE/PLEASE.gen/sources_1/bd/PYNQ_Design/ip/PYNQ_Design_axi_smc_2/bd_0/ip/ip_7/bd_4c89_swn_0_clocks.xdc:100]
WARNING: [Vivado_Tcl 4-921] Waiver ID 'CDC-1' -to list should not be empty. [c:/Users/clb20123/Documents/FO-RFSoC-4YP/2x2_files/PLEASE/PLEASE.gen/sources_1/bd/PYNQ_Design/ip/PYNQ_Design_axi_smc_2/bd_0/ip/ip_7/bd_4c89_swn_0_clocks.xdc:104]
WARNING: [Vivado_Tcl 4-921] Waiver ID 'CDC-10' -to list should not be empty. [c:/Users/clb20123/Documents/FO-RFSoC-4YP/2x2_files/PLEASE/PLEASE.gen/sources_1/bd/PYNQ_Design/ip/PYNQ_Design_axi_smc_2/bd_0/ip/ip_7/bd_4c89_swn_0_clocks.xdc:107]
WARNING: [Vivado_Tcl 4-921] Waiver ID 'CDC-10' -to list should not be empty. [c:/Users/clb20123/Documents/FO-RFSoC-4YP/2x2_files/PLEASE/PLEASE.gen/sources_1/bd/PYNQ_Design/ip/PYNQ_Design_axi_smc_2/bd_0/ip/ip_7/bd_4c89_swn_0_clocks.xdc:110]
WARNING: [Vivado_Tcl 4-921] Waiver ID 'CDC-1' -to list should not be empty. [c:/Users/clb20123/Documents/FO-RFSoC-4YP/2x2_files/PLEASE/PLEASE.gen/sources_1/bd/PYNQ_Design/ip/PYNQ_Design_axi_smc_2/bd_0/ip/ip_7/bd_4c89_swn_0_clocks.xdc:113]
WARNING: [Vivado_Tcl 4-921] Waiver ID 'CDC-1' -to list should not be empty. [c:/Users/clb20123/Documents/FO-RFSoC-4YP/2x2_files/PLEASE/PLEASE.gen/sources_1/bd/PYNQ_Design/ip/PYNQ_Design_axi_smc_2/bd_0/ip/ip_7/bd_4c89_swn_0_clocks.xdc:116]
WARNING: [Vivado_Tcl 4-921] Waiver ID 'CDC-1' -to list should not be empty. [c:/Users/clb20123/Documents/FO-RFSoC-4YP/2x2_files/PLEASE/PLEASE.gen/sources_1/bd/PYNQ_Design/ip/PYNQ_Design_axi_smc_2/bd_0/ip/ip_7/bd_4c89_swn_0_clocks.xdc:119]
WARNING: [Vivado_Tcl 4-921] Waiver ID 'CDC-13' -to list should not be empty. [c:/Users/clb20123/Documents/FO-RFSoC-4YP/2x2_files/PLEASE/PLEASE.gen/sources_1/bd/PYNQ_Design/ip/PYNQ_Design_axi_smc_2/bd_0/ip/ip_7/bd_4c89_swn_0_clocks.xdc:122]
WARNING: [Vivado_Tcl 4-921] Waiver ID 'CDC-1' -to list should not be empty. [c:/Users/clb20123/Documents/FO-RFSoC-4YP/2x2_files/PLEASE/PLEASE.gen/sources_1/bd/PYNQ_Design/ip/PYNQ_Design_axi_smc_2/bd_0/ip/ip_7/bd_4c89_swn_0_clocks.xdc:125]
WARNING: [Vivado_Tcl 4-921] Waiver ID 'CDC-1' -to list should not be empty. [c:/Users/clb20123/Documents/FO-RFSoC-4YP/2x2_files/PLEASE/PLEASE.gen/sources_1/bd/PYNQ_Design/ip/PYNQ_Design_axi_smc_2/bd_0/ip/ip_7/bd_4c89_swn_0_clocks.xdc:128]
WARNING: [Vivado_Tcl 4-921] Waiver ID 'CDC-13' -to list should not be empty. [c:/Users/clb20123/Documents/FO-RFSoC-4YP/2x2_files/PLEASE/PLEASE.gen/sources_1/bd/PYNQ_Design/ip/PYNQ_Design_axi_smc_2/bd_0/ip/ip_7/bd_4c89_swn_0_clocks.xdc:131]
WARNING: [Vivado_Tcl 4-921] Waiver ID 'CDC-1' -to list should not be empty. [c:/Users/clb20123/Documents/FO-RFSoC-4YP/2x2_files/PLEASE/PLEASE.gen/sources_1/bd/PYNQ_Design/ip/PYNQ_Design_axi_smc_2/bd_0/ip/ip_7/bd_4c89_swn_0_clocks.xdc:134]
WARNING: [Vivado_Tcl 4-921] Waiver ID 'CDC-10' -to list should not be empty. [c:/Users/clb20123/Documents/FO-RFSoC-4YP/2x2_files/PLEASE/PLEASE.gen/sources_1/bd/PYNQ_Design/ip/PYNQ_Design_axi_smc_2/bd_0/ip/ip_7/bd_4c89_swn_0_clocks.xdc:137]
WARNING: [Vivado_Tcl 4-921] Waiver ID 'CDC-1' -to list should not be empty. [c:/Users/clb20123/Documents/FO-RFSoC-4YP/2x2_files/PLEASE/PLEASE.gen/sources_1/bd/PYNQ_Design/ip/PYNQ_Design_axi_smc_2/bd_0/ip/ip_7/bd_4c89_swn_0_clocks.xdc:140]
WARNING: [Vivado_Tcl 4-921] Waiver ID 'CDC-1' -to list should not be empty. [c:/Users/clb20123/Documents/FO-RFSoC-4YP/2x2_files/PLEASE/PLEASE.gen/sources_1/bd/PYNQ_Design/ip/PYNQ_Design_axi_smc_2/bd_0/ip/ip_7/bd_4c89_swn_0_clocks.xdc:143]
WARNING: [Vivado_Tcl 4-921] Waiver ID 'CDC-1' -to list should not be empty. [c:/Users/clb20123/Documents/FO-RFSoC-4YP/2x2_files/PLEASE/PLEASE.gen/sources_1/bd/PYNQ_Design/ip/PYNQ_Design_axi_smc_2/bd_0/ip/ip_7/bd_4c89_swn_0_clocks.xdc:146]
WARNING: [Vivado_Tcl 4-921] Waiver ID 'CDC-2' -to list should not be empty. [c:/Users/clb20123/Documents/FO-RFSoC-4YP/2x2_files/PLEASE/PLEASE.gen/sources_1/bd/PYNQ_Design/ip/PYNQ_Design_axi_smc_2/bd_0/ip/ip_7/bd_4c89_swn_0_clocks.xdc:149]
WARNING: [Vivado_Tcl 4-921] Waiver ID 'CDC-1' -to list should not be empty. [c:/Users/clb20123/Documents/FO-RFSoC-4YP/2x2_files/PLEASE/PLEASE.gen/sources_1/bd/PYNQ_Design/ip/PYNQ_Design_axi_smc_2/bd_0/ip/ip_7/bd_4c89_swn_0_clocks.xdc:152]
WARNING: [Vivado_Tcl 4-921] Waiver ID 'CDC-1' -to list should not be empty. [c:/Users/clb20123/Documents/FO-RFSoC-4YP/2x2_files/PLEASE/PLEASE.gen/sources_1/bd/PYNQ_Design/ip/PYNQ_Design_axi_smc_2/bd_0/ip/ip_7/bd_4c89_swn_0_clocks.xdc:155]
WARNING: [Vivado_Tcl 4-921] Waiver ID 'CDC-1' -to list should not be empty. [c:/Users/clb20123/Documents/FO-RFSoC-4YP/2x2_files/PLEASE/PLEASE.gen/sources_1/bd/PYNQ_Design/ip/PYNQ_Design_axi_smc_2/bd_0/ip/ip_7/bd_4c89_swn_0_clocks.xdc:158]
WARNING: [Vivado_Tcl 4-921] Waiver ID 'CDC-10' -to list should not be empty. [c:/Users/clb20123/Documents/FO-RFSoC-4YP/2x2_files/PLEASE/PLEASE.gen/sources_1/bd/PYNQ_Design/ip/PYNQ_Design_axi_smc_2/bd_0/ip/ip_7/bd_4c89_swn_0_clocks.xdc:161]
WARNING: [Vivado_Tcl 4-921] Waiver ID 'CDC-4' -to list should not be empty. [c:/Users/clb20123/Documents/FO-RFSoC-4YP/2x2_files/PLEASE/PLEASE.gen/sources_1/bd/PYNQ_Design/ip/PYNQ_Design_axi_smc_2/bd_0/ip/ip_7/bd_4c89_swn_0_clocks.xdc:164]
WARNING: [Vivado_Tcl 4-921] Waiver ID 'CDC-4' -to list should not be empty. [c:/Users/clb20123/Documents/FO-RFSoC-4YP/2x2_files/PLEASE/PLEASE.gen/sources_1/bd/PYNQ_Design/ip/PYNQ_Design_axi_smc_2/bd_0/ip/ip_7/bd_4c89_swn_0_clocks.xdc:167]
WARNING: [Vivado_Tcl 4-921] Waiver ID 'CDC-4' -to list should not be empty. [c:/Users/clb20123/Documents/FO-RFSoC-4YP/2x2_files/PLEASE/PLEASE.gen/sources_1/bd/PYNQ_Design/ip/PYNQ_Design_axi_smc_2/bd_0/ip/ip_7/bd_4c89_swn_0_clocks.xdc:171]
WARNING: [Vivado_Tcl 4-921] Waiver ID 'CDC-4' -to list should not be empty. [c:/Users/clb20123/Documents/FO-RFSoC-4YP/2x2_files/PLEASE/PLEASE.gen/sources_1/bd/PYNQ_Design/ip/PYNQ_Design_axi_smc_2/bd_0/ip/ip_7/bd_4c89_swn_0_clocks.xdc:174]
WARNING: [Vivado_Tcl 4-921] Waiver ID 'CDC-1' -to list should not be empty. [c:/Users/clb20123/Documents/FO-RFSoC-4YP/2x2_files/PLEASE/PLEASE.gen/sources_1/bd/PYNQ_Design/ip/PYNQ_Design_axi_smc_2/bd_0/ip/ip_7/bd_4c89_swn_0_clocks.xdc:178]
WARNING: [Vivado_Tcl 4-921] Waiver ID 'CDC-1' -to list should not be empty. [c:/Users/clb20123/Documents/FO-RFSoC-4YP/2x2_files/PLEASE/PLEASE.gen/sources_1/bd/PYNQ_Design/ip/PYNQ_Design_axi_smc_2/bd_0/ip/ip_7/bd_4c89_swn_0_clocks.xdc:181]
WARNING: [Vivado_Tcl 4-921] Waiver ID 'CDC-13' -to list should not be empty. [c:/Users/clb20123/Documents/FO-RFSoC-4YP/2x2_files/PLEASE/PLEASE.gen/sources_1/bd/PYNQ_Design/ip/PYNQ_Design_axi_smc_2/bd_0/ip/ip_7/bd_4c89_swn_0_clocks.xdc:184]
Finished Parsing XDC File [c:/Users/clb20123/Documents/FO-RFSoC-4YP/2x2_files/PLEASE/PLEASE.gen/sources_1/bd/PYNQ_Design/ip/PYNQ_Design_axi_smc_2/bd_0/ip/ip_7/bd_4c89_swn_0_clocks.xdc] for cell 'PYNQ_Design_i/RX/axi_smc/inst/s00_nodes/s00_w_node/inst'
Parsing XDC File [c:/Users/clb20123/Documents/FO-RFSoC-4YP/2x2_files/PLEASE/PLEASE.gen/sources_1/bd/PYNQ_Design/ip/PYNQ_Design_axi_smc_2/bd_0/ip/ip_8/bd_4c89_sbn_0_clocks.xdc] for cell 'PYNQ_Design_i/RX/axi_smc/inst/s00_nodes/s00_b_node/inst'
WARNING: [Vivado_Tcl 4-921] Waiver ID 'CDC-1' -to list should not be empty. [c:/Users/clb20123/Documents/FO-RFSoC-4YP/2x2_files/PLEASE/PLEASE.gen/sources_1/bd/PYNQ_Design/ip/PYNQ_Design_axi_smc_2/bd_0/ip/ip_8/bd_4c89_sbn_0_clocks.xdc:49]
WARNING: [Vivado_Tcl 4-921] Waiver ID 'CDC-1' -to list should not be empty. [c:/Users/clb20123/Documents/FO-RFSoC-4YP/2x2_files/PLEASE/PLEASE.gen/sources_1/bd/PYNQ_Design/ip/PYNQ_Design_axi_smc_2/bd_0/ip/ip_8/bd_4c89_sbn_0_clocks.xdc:52]
WARNING: [Vivado_Tcl 4-921] Waiver ID 'CDC-1' -to list should not be empty. [c:/Users/clb20123/Documents/FO-RFSoC-4YP/2x2_files/PLEASE/PLEASE.gen/sources_1/bd/PYNQ_Design/ip/PYNQ_Design_axi_smc_2/bd_0/ip/ip_8/bd_4c89_sbn_0_clocks.xdc:55]
WARNING: [Vivado_Tcl 4-921] Waiver ID 'CDC-1' -to list should not be empty. [c:/Users/clb20123/Documents/FO-RFSoC-4YP/2x2_files/PLEASE/PLEASE.gen/sources_1/bd/PYNQ_Design/ip/PYNQ_Design_axi_smc_2/bd_0/ip/ip_8/bd_4c89_sbn_0_clocks.xdc:59]
INFO: [Common 17-14] Message 'Vivado 12-180' appears 100 times and further instances of the messages will be disabled. Use the Tcl command set_msg_config to change the current settings. [c:/Users/clb20123/Documents/FO-RFSoC-4YP/2x2_files/PLEASE/PLEASE.gen/sources_1/bd/PYNQ_Design/ip/PYNQ_Design_axi_smc_2/bd_0/ip/ip_8/bd_4c89_sbn_0_clocks.xdc:63]
WARNING: [Vivado_Tcl 4-921] Waiver ID 'CDC-1' -to list should not be empty. [c:/Users/clb20123/Documents/FO-RFSoC-4YP/2x2_files/PLEASE/PLEASE.gen/sources_1/bd/PYNQ_Design/ip/PYNQ_Design_axi_smc_2/bd_0/ip/ip_8/bd_4c89_sbn_0_clocks.xdc:63]
WARNING: [Vivado_Tcl 4-921] Waiver ID 'CDC-1' -to list should not be empty. [c:/Users/clb20123/Documents/FO-RFSoC-4YP/2x2_files/PLEASE/PLEASE.gen/sources_1/bd/PYNQ_Design/ip/PYNQ_Design_axi_smc_2/bd_0/ip/ip_8/bd_4c89_sbn_0_clocks.xdc:66]
WARNING: [Vivado_Tcl 4-921] Waiver ID 'CDC-1' -to list should not be empty. [c:/Users/clb20123/Documents/FO-RFSoC-4YP/2x2_files/PLEASE/PLEASE.gen/sources_1/bd/PYNQ_Design/ip/PYNQ_Design_axi_smc_2/bd_0/ip/ip_8/bd_4c89_sbn_0_clocks.xdc:70]
WARNING: [Vivado_Tcl 4-921] Waiver ID 'CDC-1' -to list should not be empty. [c:/Users/clb20123/Documents/FO-RFSoC-4YP/2x2_files/PLEASE/PLEASE.gen/sources_1/bd/PYNQ_Design/ip/PYNQ_Design_axi_smc_2/bd_0/ip/ip_8/bd_4c89_sbn_0_clocks.xdc:73]
WARNING: [Vivado_Tcl 4-921] Waiver ID 'CDC-1' -to list should not be empty. [c:/Users/clb20123/Documents/FO-RFSoC-4YP/2x2_files/PLEASE/PLEASE.gen/sources_1/bd/PYNQ_Design/ip/PYNQ_Design_axi_smc_2/bd_0/ip/ip_8/bd_4c89_sbn_0_clocks.xdc:76]
WARNING: [Vivado_Tcl 4-921] Waiver ID 'CDC-1' -to list should not be empty. [c:/Users/clb20123/Documents/FO-RFSoC-4YP/2x2_files/PLEASE/PLEASE.gen/sources_1/bd/PYNQ_Design/ip/PYNQ_Design_axi_smc_2/bd_0/ip/ip_8/bd_4c89_sbn_0_clocks.xdc:79]
WARNING: [Vivado_Tcl 4-921] Waiver ID 'CDC-1' -to list should not be empty. [c:/Users/clb20123/Documents/FO-RFSoC-4YP/2x2_files/PLEASE/PLEASE.gen/sources_1/bd/PYNQ_Design/ip/PYNQ_Design_axi_smc_2/bd_0/ip/ip_8/bd_4c89_sbn_0_clocks.xdc:82]
INFO: [Common 17-14] Message 'Vivado_Tcl 4-921' appears 100 times and further instances of the messages will be disabled. Use the Tcl command set_msg_config to change the current settings. [c:/Users/clb20123/Documents/FO-RFSoC-4YP/2x2_files/PLEASE/PLEASE.gen/sources_1/bd/PYNQ_Design/ip/PYNQ_Design_axi_smc_2/bd_0/ip/ip_8/bd_4c89_sbn_0_clocks.xdc:82]
Finished Parsing XDC File [c:/Users/clb20123/Documents/FO-RFSoC-4YP/2x2_files/PLEASE/PLEASE.gen/sources_1/bd/PYNQ_Design/ip/PYNQ_Design_axi_smc_2/bd_0/ip/ip_8/bd_4c89_sbn_0_clocks.xdc] for cell 'PYNQ_Design_i/RX/axi_smc/inst/s00_nodes/s00_b_node/inst'
CRITICAL WARNING: [Designutils 20-1280] Could not find module 'PYNQ_Design_axi_smc_2'. The XDC file c:/Users/clb20123/Documents/FO-RFSoC-4YP/2x2_files/PLEASE/PLEASE.gen/sources_1/bd/PYNQ_Design/ip/PYNQ_Design_axi_smc_2/smartconnect.xdc will not be read for any cell of this module.
CRITICAL WARNING: [Designutils 20-1280] Could not find module 'PYNQ_Design_proc_sys_reset_0_0'. The XDC file c:/Users/clb20123/Documents/FO-RFSoC-4YP/2x2_files/PLEASE/PLEASE.gen/sources_1/bd/PYNQ_Design/ip/PYNQ_Design_proc_sys_reset_0_0/PYNQ_Design_proc_sys_reset_0_0_board.xdc will not be read for any cell of this module.
CRITICAL WARNING: [Designutils 20-1280] Could not find module 'PYNQ_Design_proc_sys_reset_0_0'. The XDC file c:/Users/clb20123/Documents/FO-RFSoC-4YP/2x2_files/PLEASE/PLEASE.gen/sources_1/bd/PYNQ_Design/ip/PYNQ_Design_proc_sys_reset_0_0/PYNQ_Design_proc_sys_reset_0_0.xdc will not be read for any cell of this module.
CRITICAL WARNING: [Designutils 20-1280] Could not find module 'bd_9ef2_ila_lib_0'. The XDC file c:/Users/clb20123/Documents/FO-RFSoC-4YP/2x2_files/PLEASE/PLEASE.gen/sources_1/bd/PYNQ_Design/ip/PYNQ_Design_system_ila_1_0/bd_0/ip/ip_0/ila_v6_2/constraints/ila_impl.xdc will not be read for any cell of this module.
CRITICAL WARNING: [Designutils 20-1280] Could not find module 'bd_9ef2_ila_lib_0'. The XDC file c:/Users/clb20123/Documents/FO-RFSoC-4YP/2x2_files/PLEASE/PLEASE.gen/sources_1/bd/PYNQ_Design/ip/PYNQ_Design_system_ila_1_0/bd_0/ip/ip_0/ila_v6_2/constraints/ila.xdc will not be read for any cell of this module.
CRITICAL WARNING: [Designutils 20-1280] Could not find module 'PYNQ_Design_axi_dma_0_0'. The XDC file c:/Users/clb20123/Documents/FO-RFSoC-4YP/2x2_files/PLEASE/PLEASE.gen/sources_1/bd/PYNQ_Design/ip/PYNQ_Design_axi_dma_0_0/PYNQ_Design_axi_dma_0_0.xdc will not be read for any cell of this module.
CRITICAL WARNING: [Designutils 20-1280] Could not find module 'PYNQ_Design_clk_wiz_0_0'. The XDC file c:/Users/clb20123/Documents/FO-RFSoC-4YP/2x2_files/PLEASE/PLEASE.gen/sources_1/bd/PYNQ_Design/ip/PYNQ_Design_clk_wiz_0_0/PYNQ_Design_clk_wiz_0_0_board.xdc will not be read for any cell of this module.
CRITICAL WARNING: [Designutils 20-1280] Could not find module 'PYNQ_Design_clk_wiz_0_0'. The XDC file c:/Users/clb20123/Documents/FO-RFSoC-4YP/2x2_files/PLEASE/PLEASE.gen/sources_1/bd/PYNQ_Design/ip/PYNQ_Design_clk_wiz_0_0/PYNQ_Design_clk_wiz_0_0.xdc will not be read for any cell of this module.
Parsing XDC File [c:/Users/clb20123/Documents/FO-RFSoC-4YP/2x2_files/PLEASE/PLEASE.gen/sources_1/bd/PYNQ_Design/ip/PYNQ_Design_Receiver_0_0/x16_bit_demod_fir_compiler_v7_2_i0/constraints/fir_compiler_v7_2.xdc] for cell 'PYNQ_Design_i/RX/Receiver_0/inst/x16_bit_demod_struct/algorithm/fir_compiler_7_2/x16_bit_demod_fir_compiler_v7_2_i0_instance/U0'
Finished Parsing XDC File [c:/Users/clb20123/Documents/FO-RFSoC-4YP/2x2_files/PLEASE/PLEASE.gen/sources_1/bd/PYNQ_Design/ip/PYNQ_Design_Receiver_0_0/x16_bit_demod_fir_compiler_v7_2_i0/constraints/fir_compiler_v7_2.xdc] for cell 'PYNQ_Design_i/RX/Receiver_0/inst/x16_bit_demod_struct/algorithm/fir_compiler_7_2/x16_bit_demod_fir_compiler_v7_2_i0_instance/U0'
CRITICAL WARNING: [Designutils 20-1280] Could not find module 'x16_bit_demod_fifo_generator_i1'. The XDC file c:/Users/clb20123/Documents/FO-RFSoC-4YP/2x2_files/PLEASE/PLEASE.gen/sources_1/bd/PYNQ_Design/ip/PYNQ_Design_Receiver_0_0/x16_bit_demod_fifo_generator_i1/x16_bit_demod_fifo_generator_i1.xdc will not be read for any cell of this module.
CRITICAL WARNING: [Designutils 20-1280] Could not find module 'x16_bit_demod_fifo_generator_i0'. The XDC file c:/Users/clb20123/Documents/FO-RFSoC-4YP/2x2_files/PLEASE/PLEASE.gen/sources_1/bd/PYNQ_Design/ip/PYNQ_Design_Receiver_0_0/x16_bit_demod_fifo_generator_i0/x16_bit_demod_fifo_generator_i0.xdc will not be read for any cell of this module.
Parsing XDC File [c:/Users/clb20123/Documents/FO-RFSoC-4YP/2x2_files/PLEASE/PLEASE.gen/sources_1/bd/PYNQ_Design/ip/PYNQ_Design_Receiver_0_0/constrs/x16_bit_demod.xdc] for cell 'PYNQ_Design_i/RX/Receiver_0/inst'
Finished Parsing XDC File [c:/Users/clb20123/Documents/FO-RFSoC-4YP/2x2_files/PLEASE/PLEASE.gen/sources_1/bd/PYNQ_Design/ip/PYNQ_Design_Receiver_0_0/constrs/x16_bit_demod.xdc] for cell 'PYNQ_Design_i/RX/Receiver_0/inst'
Parsing XDC File [c:/Users/clb20123/Documents/FO-RFSoC-4YP/2x2_files/PLEASE/PLEASE.gen/sources_1/bd/PYNQ_Design/ip/PYNQ_Design_axi_dma_1/PYNQ_Design_axi_dma_1.xdc] for cell 'PYNQ_Design_i/TX/axi_dma_tx/U0'
WARNING: [Vivado_Tcl 4-919] Waiver ID 'CDC-1' -from list should not be empty. [c:/Users/clb20123/Documents/FO-RFSoC-4YP/2x2_files/PLEASE/PLEASE.gen/sources_1/bd/PYNQ_Design/ip/PYNQ_Design_axi_dma_1/PYNQ_Design_axi_dma_1.xdc:61]
Finished Parsing XDC File [c:/Users/clb20123/Documents/FO-RFSoC-4YP/2x2_files/PLEASE/PLEASE.gen/sources_1/bd/PYNQ_Design/ip/PYNQ_Design_axi_dma_1/PYNQ_Design_axi_dma_1.xdc] for cell 'PYNQ_Design_i/TX/axi_dma_tx/U0'
Parsing XDC File [c:/Users/clb20123/Documents/FO-RFSoC-4YP/2x2_files/PLEASE/PLEASE.gen/sources_1/bd/PYNQ_Design/ip/PYNQ_Design_proc_sys_reset_1_0/PYNQ_Design_proc_sys_reset_1_0_board.xdc] for cell 'PYNQ_Design_i/TX/proc_sys_reset_1/U0'
Finished Parsing XDC File [c:/Users/clb20123/Documents/FO-RFSoC-4YP/2x2_files/PLEASE/PLEASE.gen/sources_1/bd/PYNQ_Design/ip/PYNQ_Design_proc_sys_reset_1_0/PYNQ_Design_proc_sys_reset_1_0_board.xdc] for cell 'PYNQ_Design_i/TX/proc_sys_reset_1/U0'
Parsing XDC File [c:/Users/clb20123/Documents/FO-RFSoC-4YP/2x2_files/PLEASE/PLEASE.gen/sources_1/bd/PYNQ_Design/ip/PYNQ_Design_proc_sys_reset_1_0/PYNQ_Design_proc_sys_reset_1_0.xdc] for cell 'PYNQ_Design_i/TX/proc_sys_reset_1/U0'
Finished Parsing XDC File [c:/Users/clb20123/Documents/FO-RFSoC-4YP/2x2_files/PLEASE/PLEASE.gen/sources_1/bd/PYNQ_Design/ip/PYNQ_Design_proc_sys_reset_1_0/PYNQ_Design_proc_sys_reset_1_0.xdc] for cell 'PYNQ_Design_i/TX/proc_sys_reset_1/U0'
Parsing XDC File [c:/Users/clb20123/Documents/FO-RFSoC-4YP/2x2_files/PLEASE/PLEASE.gen/sources_1/bd/PYNQ_Design/ip/PYNQ_Design_axi_smc_1_0/bd_0/ip/ip_1/bd_81af_psr_aclk_0_board.xdc] for cell 'PYNQ_Design_i/TX/axi_smc_1/inst/clk_map/psr_aclk/U0'
Finished Parsing XDC File [c:/Users/clb20123/Documents/FO-RFSoC-4YP/2x2_files/PLEASE/PLEASE.gen/sources_1/bd/PYNQ_Design/ip/PYNQ_Design_axi_smc_1_0/bd_0/ip/ip_1/bd_81af_psr_aclk_0_board.xdc] for cell 'PYNQ_Design_i/TX/axi_smc_1/inst/clk_map/psr_aclk/U0'
Parsing XDC File [c:/Users/clb20123/Documents/FO-RFSoC-4YP/2x2_files/PLEASE/PLEASE.gen/sources_1/bd/PYNQ_Design/ip/PYNQ_Design_axi_smc_1_0/bd_0/ip/ip_1/bd_81af_psr_aclk_0.xdc] for cell 'PYNQ_Design_i/TX/axi_smc_1/inst/clk_map/psr_aclk/U0'
Finished Parsing XDC File [c:/Users/clb20123/Documents/FO-RFSoC-4YP/2x2_files/PLEASE/PLEASE.gen/sources_1/bd/PYNQ_Design/ip/PYNQ_Design_axi_smc_1_0/bd_0/ip/ip_1/bd_81af_psr_aclk_0.xdc] for cell 'PYNQ_Design_i/TX/axi_smc_1/inst/clk_map/psr_aclk/U0'
Parsing XDC File [c:/Users/clb20123/Documents/FO-RFSoC-4YP/2x2_files/PLEASE/PLEASE.gen/sources_1/bd/PYNQ_Design/ip/PYNQ_Design_axi_smc_1_0/bd_0/ip/ip_6/bd_81af_sarn_0_clocks.xdc] for cell 'PYNQ_Design_i/TX/axi_smc_1/inst/s00_nodes/s00_ar_node/inst'
Finished Parsing XDC File [c:/Users/clb20123/Documents/FO-RFSoC-4YP/2x2_files/PLEASE/PLEASE.gen/sources_1/bd/PYNQ_Design/ip/PYNQ_Design_axi_smc_1_0/bd_0/ip/ip_6/bd_81af_sarn_0_clocks.xdc] for cell 'PYNQ_Design_i/TX/axi_smc_1/inst/s00_nodes/s00_ar_node/inst'
Parsing XDC File [c:/Users/clb20123/Documents/FO-RFSoC-4YP/2x2_files/PLEASE/PLEASE.gen/sources_1/bd/PYNQ_Design/ip/PYNQ_Design_axi_smc_1_0/bd_0/ip/ip_7/bd_81af_srn_0_clocks.xdc] for cell 'PYNQ_Design_i/TX/axi_smc_1/inst/s00_nodes/s00_r_node/inst'
Finished Parsing XDC File [c:/Users/clb20123/Documents/FO-RFSoC-4YP/2x2_files/PLEASE/PLEASE.gen/sources_1/bd/PYNQ_Design/ip/PYNQ_Design_axi_smc_1_0/bd_0/ip/ip_7/bd_81af_srn_0_clocks.xdc] for cell 'PYNQ_Design_i/TX/axi_smc_1/inst/s00_nodes/s00_r_node/inst'
Parsing XDC File [c:/Users/clb20123/Documents/FO-RFSoC-4YP/2x2_files/PLEASE/PLEASE.gen/sources_1/bd/PYNQ_Design/ip/PYNQ_Design_axi_smc_1_0/smartconnect.xdc] for cell 'PYNQ_Design_i/TX/axi_smc_1/inst'
WARNING: [Vivado_Tcl 4-919] Waiver ID 'CDC-1' -from list should not be empty. [c:/Users/clb20123/Documents/FO-RFSoC-4YP/2x2_files/PLEASE/PLEASE.gen/sources_1/bd/PYNQ_Design/ip/PYNQ_Design_axi_smc_1_0/smartconnect.xdc:1]
Finished Parsing XDC File [c:/Users/clb20123/Documents/FO-RFSoC-4YP/2x2_files/PLEASE/PLEASE.gen/sources_1/bd/PYNQ_Design/ip/PYNQ_Design_axi_smc_1_0/smartconnect.xdc] for cell 'PYNQ_Design_i/TX/axi_smc_1/inst'
Parsing XDC File [c:/Users/clb20123/Documents/FO-RFSoC-4YP/2x2_files/PLEASE/PLEASE.gen/sources_1/bd/PYNQ_Design/ip/PYNQ_Design_system_ila_0_0/bd_0/ip/ip_0/ila_v6_2/constraints/ila_impl.xdc] for cell 'PYNQ_Design_i/TX/TX_ILA/U0/ila_lib/U0'
Finished Parsing XDC File [c:/Users/clb20123/Documents/FO-RFSoC-4YP/2x2_files/PLEASE/PLEASE.gen/sources_1/bd/PYNQ_Design/ip/PYNQ_Design_system_ila_0_0/bd_0/ip/ip_0/ila_v6_2/constraints/ila_impl.xdc] for cell 'PYNQ_Design_i/TX/TX_ILA/U0/ila_lib/U0'
Parsing XDC File [c:/Users/clb20123/Documents/FO-RFSoC-4YP/2x2_files/PLEASE/PLEASE.gen/sources_1/bd/PYNQ_Design/ip/PYNQ_Design_system_ila_0_0/bd_0/ip/ip_0/ila_v6_2/constraints/ila.xdc] for cell 'PYNQ_Design_i/TX/TX_ILA/U0/ila_lib/U0'
Finished Parsing XDC File [c:/Users/clb20123/Documents/FO-RFSoC-4YP/2x2_files/PLEASE/PLEASE.gen/sources_1/bd/PYNQ_Design/ip/PYNQ_Design_system_ila_0_0/bd_0/ip/ip_0/ila_v6_2/constraints/ila.xdc] for cell 'PYNQ_Design_i/TX/TX_ILA/U0/ila_lib/U0'
Parsing XDC File [c:/Users/clb20123/Documents/FO-RFSoC-4YP/2x2_files/PLEASE/PLEASE.gen/sources_1/bd/PYNQ_Design/ip/PYNQ_Design_Data_gen_0_0/x16_bit_mod_fifo_generator_i1/x16_bit_mod_fifo_generator_i1.xdc] for cell 'PYNQ_Design_i/TX/Data_gen_0/inst/x16_bit_mod_struct/slave_fifo/fifo/comp1.core_instance1/U0'
Finished Parsing XDC File [c:/Users/clb20123/Documents/FO-RFSoC-4YP/2x2_files/PLEASE/PLEASE.gen/sources_1/bd/PYNQ_Design/ip/PYNQ_Design_Data_gen_0_0/x16_bit_mod_fifo_generator_i1/x16_bit_mod_fifo_generator_i1.xdc] for cell 'PYNQ_Design_i/TX/Data_gen_0/inst/x16_bit_mod_struct/slave_fifo/fifo/comp1.core_instance1/U0'
Parsing XDC File [c:/Users/clb20123/Documents/FO-RFSoC-4YP/2x2_files/PLEASE/PLEASE.gen/sources_1/bd/PYNQ_Design/ip/PYNQ_Design_Data_gen_0_0/x16_bit_mod_fifo_generator_i0/x16_bit_mod_fifo_generator_i0.xdc] for cell 'PYNQ_Design_i/TX/Data_gen_0/inst/x16_bit_mod_struct/master_fifo/fifo/comp0.core_instance0/U0'
Finished Parsing XDC File [c:/Users/clb20123/Documents/FO-RFSoC-4YP/2x2_files/PLEASE/PLEASE.gen/sources_1/bd/PYNQ_Design/ip/PYNQ_Design_Data_gen_0_0/x16_bit_mod_fifo_generator_i0/x16_bit_mod_fifo_generator_i0.xdc] for cell 'PYNQ_Design_i/TX/Data_gen_0/inst/x16_bit_mod_struct/master_fifo/fifo/comp0.core_instance0/U0'
Parsing XDC File [c:/Users/clb20123/Documents/FO-RFSoC-4YP/2x2_files/PLEASE/PLEASE.gen/sources_1/bd/PYNQ_Design/ip/PYNQ_Design_Data_gen_0_0/constrs/x16_bit_mod.xdc] for cell 'PYNQ_Design_i/TX/Data_gen_0/inst'
Finished Parsing XDC File [c:/Users/clb20123/Documents/FO-RFSoC-4YP/2x2_files/PLEASE/PLEASE.gen/sources_1/bd/PYNQ_Design/ip/PYNQ_Design_Data_gen_0_0/constrs/x16_bit_mod.xdc] for cell 'PYNQ_Design_i/TX/Data_gen_0/inst'
Parsing XDC File [c:/Users/clb20123/Documents/FO-RFSoC-4YP/2x2_files/PLEASE/PLEASE.gen/sources_1/bd/PYNQ_Design/ip/PYNQ_Design_zynq_ultra_ps_e_0_1/PYNQ_Design_zynq_ultra_ps_e_0_1.xdc] for cell 'PYNQ_Design_i/PS/U0'
Finished Parsing XDC File [c:/Users/clb20123/Documents/FO-RFSoC-4YP/2x2_files/PLEASE/PLEASE.gen/sources_1/bd/PYNQ_Design/ip/PYNQ_Design_zynq_ultra_ps_e_0_1/PYNQ_Design_zynq_ultra_ps_e_0_1.xdc] for cell 'PYNQ_Design_i/PS/U0'
Parsing XDC File [C:/Users/clb20123/Documents/FO-RFSoC-4YP/2x2_files/PLEASE/PLEASE.srcs/constrs_1/new/constraints.xdc]
WARNING: [Vivado 12-584] No ports matched 'reset'. [C:/Users/clb20123/Documents/FO-RFSoC-4YP/2x2_files/PLEASE/PLEASE.srcs/constrs_1/new/constraints.xdc:6]
CRITICAL WARNING: [Common 17-55] 'set_property' expects at least one object. [C:/Users/clb20123/Documents/FO-RFSoC-4YP/2x2_files/PLEASE/PLEASE.srcs/constrs_1/new/constraints.xdc:6]
Resolution: If [get_<value>] was used to populate the object, check to make sure this command returns at least one valid object.
WARNING: [Vivado 12-584] No ports matched 'reset'. [C:/Users/clb20123/Documents/FO-RFSoC-4YP/2x2_files/PLEASE/PLEASE.srcs/constrs_1/new/constraints.xdc:7]
CRITICAL WARNING: [Common 17-55] 'set_property' expects at least one object. [C:/Users/clb20123/Documents/FO-RFSoC-4YP/2x2_files/PLEASE/PLEASE.srcs/constrs_1/new/constraints.xdc:7]
Resolution: If [get_<value>] was used to populate the object, check to make sure this command returns at least one valid object.
Finished Parsing XDC File [C:/Users/clb20123/Documents/FO-RFSoC-4YP/2x2_files/PLEASE/PLEASE.srcs/constrs_1/new/constraints.xdc]
Parsing XDC File [c:/Users/clb20123/Documents/FO-RFSoC-4YP/2x2_files/PLEASE/PLEASE.gen/sources_1/bd/PYNQ_Design/ip/PYNQ_Design_usp_rf_data_converter_0_0/synth/PYNQ_Design_usp_rf_data_converter_0_0.xdc] for cell 'PYNQ_Design_i/RFDC/inst'
CRITICAL WARNING: [Vivado 12-1410] Cannot set LOC property of instance(s) PYNQ_Design_i/RFDC/inst/RFDC/inst/PYNQ_Design_usp_rf_data_converter_0_0_rf_wrapper_i/rx0_u_adc. Instance PYNQ_Design_i/RFDC/inst/RFDC/inst/PYNQ_Design_usp_rf_data_converter_0_0_rf_wrapper_i/rx0_u_adc can not be placed in HSADC of site HSADC_X0Y0 because the bel is occupied by PYNQ_Design_i/RFDC/inst/PYNQ_Design_usp_rf_data_converter_0_0_rf_wrapper_i/rx0_u_adc. This could be caused by bel constraint conflict [c:/Users/clb20123/Documents/FO-RFSoC-4YP/2x2_files/PLEASE/PLEASE.gen/sources_1/bd/PYNQ_Design/ip/PYNQ_Design_usp_rf_data_converter_0_0/synth/PYNQ_Design_usp_rf_data_converter_0_0.xdc:65]
Resolution: When using BEL constraints, ensure the BEL constraints are defined before the LOC constraints to avoid conflicts at a given site.
CRITICAL WARNING: [Vivado 12-1410] Cannot set LOC property of instance(s) PYNQ_Design_i/RFDC/inst/RFDC/inst/PYNQ_Design_usp_rf_data_converter_0_0_rf_wrapper_i/rx1_u_adc. Instance PYNQ_Design_i/RFDC/inst/RFDC/inst/PYNQ_Design_usp_rf_data_converter_0_0_rf_wrapper_i/rx1_u_adc can not be placed in HSADC of site HSADC_X0Y1 because the bel is occupied by PYNQ_Design_i/RFDC/inst/PYNQ_Design_usp_rf_data_converter_0_0_rf_wrapper_i/rx1_u_adc. This could be caused by bel constraint conflict [c:/Users/clb20123/Documents/FO-RFSoC-4YP/2x2_files/PLEASE/PLEASE.gen/sources_1/bd/PYNQ_Design/ip/PYNQ_Design_usp_rf_data_converter_0_0/synth/PYNQ_Design_usp_rf_data_converter_0_0.xdc:66]
Resolution: When using BEL constraints, ensure the BEL constraints are defined before the LOC constraints to avoid conflicts at a given site.
CRITICAL WARNING: [Vivado 12-1410] Cannot set LOC property of instance(s) PYNQ_Design_i/RFDC/inst/RFDC/inst/PYNQ_Design_usp_rf_data_converter_0_0_rf_wrapper_i/rx2_u_adc. Instance PYNQ_Design_i/RFDC/inst/RFDC/inst/PYNQ_Design_usp_rf_data_converter_0_0_rf_wrapper_i/rx2_u_adc can not be placed in HSADC of site HSADC_X0Y2 because the bel is occupied by PYNQ_Design_i/RFDC/inst/PYNQ_Design_usp_rf_data_converter_0_0_rf_wrapper_i/rx2_u_adc. This could be caused by bel constraint conflict [c:/Users/clb20123/Documents/FO-RFSoC-4YP/2x2_files/PLEASE/PLEASE.gen/sources_1/bd/PYNQ_Design/ip/PYNQ_Design_usp_rf_data_converter_0_0/synth/PYNQ_Design_usp_rf_data_converter_0_0.xdc:67]
Resolution: When using BEL constraints, ensure the BEL constraints are defined before the LOC constraints to avoid conflicts at a given site.
CRITICAL WARNING: [Vivado 12-1410] Cannot set LOC property of instance(s) PYNQ_Design_i/RFDC/inst/RFDC/inst/PYNQ_Design_usp_rf_data_converter_0_0_rf_wrapper_i/rx3_u_adc. Instance PYNQ_Design_i/RFDC/inst/RFDC/inst/PYNQ_Design_usp_rf_data_converter_0_0_rf_wrapper_i/rx3_u_adc can not be placed in HSADC of site HSADC_X0Y3 because the bel is occupied by PYNQ_Design_i/RFDC/inst/PYNQ_Design_usp_rf_data_converter_0_0_rf_wrapper_i/rx3_u_adc. This could be caused by bel constraint conflict [c:/Users/clb20123/Documents/FO-RFSoC-4YP/2x2_files/PLEASE/PLEASE.gen/sources_1/bd/PYNQ_Design/ip/PYNQ_Design_usp_rf_data_converter_0_0/synth/PYNQ_Design_usp_rf_data_converter_0_0.xdc:68]
Resolution: When using BEL constraints, ensure the BEL constraints are defined before the LOC constraints to avoid conflicts at a given site.
CRITICAL WARNING: [Vivado 12-1410] Cannot set LOC property of instance(s) PYNQ_Design_i/RFDC/inst/RFDC/inst/PYNQ_Design_usp_rf_data_converter_0_0_rf_wrapper_i/tx0_u_dac. Instance PYNQ_Design_i/RFDC/inst/RFDC/inst/PYNQ_Design_usp_rf_data_converter_0_0_rf_wrapper_i/tx0_u_dac can not be placed in HSDAC of site HSDAC_X0Y0 because the bel is occupied by PYNQ_Design_i/RFDC/inst/PYNQ_Design_usp_rf_data_converter_0_0_rf_wrapper_i/tx0_u_dac. This could be caused by bel constraint conflict [c:/Users/clb20123/Documents/FO-RFSoC-4YP/2x2_files/PLEASE/PLEASE.gen/sources_1/bd/PYNQ_Design/ip/PYNQ_Design_usp_rf_data_converter_0_0/synth/PYNQ_Design_usp_rf_data_converter_0_0.xdc:69]
Resolution: When using BEL constraints, ensure the BEL constraints are defined before the LOC constraints to avoid conflicts at a given site.
CRITICAL WARNING: [Vivado 12-1410] Cannot set LOC property of instance(s) PYNQ_Design_i/RFDC/inst/RFDC/inst/PYNQ_Design_usp_rf_data_converter_0_0_rf_wrapper_i/tx1_u_dac. Instance PYNQ_Design_i/RFDC/inst/RFDC/inst/PYNQ_Design_usp_rf_data_converter_0_0_rf_wrapper_i/tx1_u_dac can not be placed in HSDAC of site HSDAC_X0Y1 because the bel is occupied by PYNQ_Design_i/RFDC/inst/PYNQ_Design_usp_rf_data_converter_0_0_rf_wrapper_i/tx1_u_dac. This could be caused by bel constraint conflict [c:/Users/clb20123/Documents/FO-RFSoC-4YP/2x2_files/PLEASE/PLEASE.gen/sources_1/bd/PYNQ_Design/ip/PYNQ_Design_usp_rf_data_converter_0_0/synth/PYNQ_Design_usp_rf_data_converter_0_0.xdc:70]
Resolution: When using BEL constraints, ensure the BEL constraints are defined before the LOC constraints to avoid conflicts at a given site.
Finished Parsing XDC File [c:/Users/clb20123/Documents/FO-RFSoC-4YP/2x2_files/PLEASE/PLEASE.gen/sources_1/bd/PYNQ_Design/ip/PYNQ_Design_usp_rf_data_converter_0_0/synth/PYNQ_Design_usp_rf_data_converter_0_0.xdc] for cell 'PYNQ_Design_i/RFDC/inst'
Parsing XDC File [c:/Users/clb20123/Documents/FO-RFSoC-4YP/2x2_files/PLEASE/PLEASE.gen/sources_1/bd/PYNQ_Design/ip/PYNQ_Design_auto_cc_0/PYNQ_Design_auto_cc_0_clocks.xdc] for cell 'PYNQ_Design_i/ps8_0_axi_periph/m00_couplers/auto_cc/inst'
WARNING: [Vivado_Tcl 4-939] Waiver ID 'LUTAR-1' object list should not be empty (perhaps an invalid wildcard was used or only unsupported objects). [c:/Users/clb20123/Documents/FO-RFSoC-4YP/2x2_files/PLEASE/PLEASE.gen/sources_1/bd/PYNQ_Design/ip/PYNQ_Design_auto_cc_0/PYNQ_Design_auto_cc_0_clocks.xdc:17]
Finished Parsing XDC File [c:/Users/clb20123/Documents/FO-RFSoC-4YP/2x2_files/PLEASE/PLEASE.gen/sources_1/bd/PYNQ_Design/ip/PYNQ_Design_auto_cc_0/PYNQ_Design_auto_cc_0_clocks.xdc] for cell 'PYNQ_Design_i/ps8_0_axi_periph/m00_couplers/auto_cc/inst'
Parsing XDC File [c:/Users/clb20123/Documents/FO-RFSoC-4YP/2x2_files/PLEASE/PLEASE.gen/sources_1/bd/PYNQ_Design/ip/PYNQ_Design_auto_cc_1/PYNQ_Design_auto_cc_1_clocks.xdc] for cell 'PYNQ_Design_i/ps8_0_axi_periph/m01_couplers/auto_cc/inst'
WARNING: [Vivado_Tcl 4-939] Waiver ID 'LUTAR-1' object list should not be empty (perhaps an invalid wildcard was used or only unsupported objects). [c:/Users/clb20123/Documents/FO-RFSoC-4YP/2x2_files/PLEASE/PLEASE.gen/sources_1/bd/PYNQ_Design/ip/PYNQ_Design_auto_cc_1/PYNQ_Design_auto_cc_1_clocks.xdc:17]
Finished Parsing XDC File [c:/Users/clb20123/Documents/FO-RFSoC-4YP/2x2_files/PLEASE/PLEASE.gen/sources_1/bd/PYNQ_Design/ip/PYNQ_Design_auto_cc_1/PYNQ_Design_auto_cc_1_clocks.xdc] for cell 'PYNQ_Design_i/ps8_0_axi_periph/m01_couplers/auto_cc/inst'
Parsing XDC File [c:/Users/clb20123/Documents/FO-RFSoC-4YP/2x2_files/PLEASE/PLEASE.gen/sources_1/bd/PYNQ_Design/ip/PYNQ_Design_auto_cc_2/PYNQ_Design_auto_cc_2_clocks.xdc] for cell 'PYNQ_Design_i/ps8_0_axi_periph/m03_couplers/auto_cc/inst'
WARNING: [Vivado_Tcl 4-939] Waiver ID 'LUTAR-1' object list should not be empty (perhaps an invalid wildcard was used or only unsupported objects). [c:/Users/clb20123/Documents/FO-RFSoC-4YP/2x2_files/PLEASE/PLEASE.gen/sources_1/bd/PYNQ_Design/ip/PYNQ_Design_auto_cc_2/PYNQ_Design_auto_cc_2_clocks.xdc:17]
Finished Parsing XDC File [c:/Users/clb20123/Documents/FO-RFSoC-4YP/2x2_files/PLEASE/PLEASE.gen/sources_1/bd/PYNQ_Design/ip/PYNQ_Design_auto_cc_2/PYNQ_Design_auto_cc_2_clocks.xdc] for cell 'PYNQ_Design_i/ps8_0_axi_periph/m03_couplers/auto_cc/inst'
Parsing XDC File [c:/Users/clb20123/Documents/FO-RFSoC-4YP/2x2_files/PLEASE/PLEASE.gen/sources_1/bd/PYNQ_Design/ip/PYNQ_Design_auto_cc_3/PYNQ_Design_auto_cc_3_clocks.xdc] for cell 'PYNQ_Design_i/ps8_0_axi_periph/m04_couplers/auto_cc/inst'
WARNING: [Vivado_Tcl 4-939] Waiver ID 'LUTAR-1' object list should not be empty (perhaps an invalid wildcard was used or only unsupported objects). [c:/Users/clb20123/Documents/FO-RFSoC-4YP/2x2_files/PLEASE/PLEASE.gen/sources_1/bd/PYNQ_Design/ip/PYNQ_Design_auto_cc_3/PYNQ_Design_auto_cc_3_clocks.xdc:17]
Finished Parsing XDC File [c:/Users/clb20123/Documents/FO-RFSoC-4YP/2x2_files/PLEASE/PLEASE.gen/sources_1/bd/PYNQ_Design/ip/PYNQ_Design_auto_cc_3/PYNQ_Design_auto_cc_3_clocks.xdc] for cell 'PYNQ_Design_i/ps8_0_axi_periph/m04_couplers/auto_cc/inst'
CRITICAL WARNING: [Designutils 20-1280] Could not find module 'PYNQ_Design_axi_dma_0_0'. The XDC file c:/Users/clb20123/Documents/FO-RFSoC-4YP/2x2_files/PLEASE/PLEASE.gen/sources_1/bd/PYNQ_Design/ip/PYNQ_Design_axi_dma_0_0/PYNQ_Design_axi_dma_0_0_clocks.xdc will not be read for any cell of this module.
Parsing XDC File [c:/Users/clb20123/Documents/FO-RFSoC-4YP/2x2_files/PLEASE/PLEASE.gen/sources_1/bd/PYNQ_Design/ip/PYNQ_Design_axi_dma_1/PYNQ_Design_axi_dma_1_clocks.xdc] for cell 'PYNQ_Design_i/TX/axi_dma_tx/U0'
Finished Parsing XDC File [c:/Users/clb20123/Documents/FO-RFSoC-4YP/2x2_files/PLEASE/PLEASE.gen/sources_1/bd/PYNQ_Design/ip/PYNQ_Design_axi_dma_1/PYNQ_Design_axi_dma_1_clocks.xdc] for cell 'PYNQ_Design_i/TX/axi_dma_tx/U0'
WARNING: [Vivado_Tcl 4-919] Waiver ID 'CDC-15' -from list should not be empty. [D:/Xilinx/Vivado/2024.1/data/ip/xpm/xpm_cdc/tcl/xpm_cdc_handshake.tcl:30]
WARNING: [Vivado_Tcl 4-919] Waiver ID 'CDC-15' -from list should not be empty. [D:/Xilinx/Vivado/2024.1/data/ip/xpm/xpm_cdc/tcl/xpm_cdc_handshake.tcl:30]
WARNING: [Vivado_Tcl 4-919] Waiver ID 'CDC-15' -from list should not be empty. [D:/Xilinx/Vivado/2024.1/data/ip/xpm/xpm_cdc/tcl/xpm_cdc_handshake.tcl:30]
WARNING: [Vivado_Tcl 4-919] Waiver ID 'CDC-15' -from list should not be empty. [D:/Xilinx/Vivado/2024.1/data/ip/xpm/xpm_cdc/tcl/xpm_cdc_handshake.tcl:30]
WARNING: [Vivado_Tcl 4-919] Waiver ID 'CDC-15' -from list should not be empty. [D:/Xilinx/Vivado/2024.1/data/ip/xpm/xpm_cdc/tcl/xpm_cdc_handshake.tcl:30]
INFO: [Project 1-1714] 332 XPM XDC files have been applied to the design.
INFO: [Opt 31-138] Pushed 0 inverter(s) to 0 load pin(s).
INFO: [Project 1-1687] 329 scoped IP constraints or related sub-commands were skipped due to synthesis logic optimizations usually triggered by constant connectivity or unconnected output pins. To review the skipped constraints and messages, run the command 'set_param netlist.IPMsgFiltering false' before opening the design.
Netlist sorting complete. Time (s): cpu = 00:00:00 ; elapsed = 00:00:00.046 . Memory (MB): peak = 3488.543 ; gain = 0.000
INFO: [Project 1-111] Unisim Transformation Summary:
  A total of 1212 instances were transformed.
  CFGLUT5 => CFGLUT5 (SRL16E, SRLC32E): 928 instances
  DSP48E2 => DSP48E2 (DSP_ALU, DSP_A_B_DATA, DSP_C_DATA, DSP_MULTIPLIER, DSP_M_DATA, DSP_OUTPUT, DSP_PREADD, DSP_PREADD_DATA): 206 instances
  RAM32M16 => RAM32M16 (RAMD32(x14), RAMS32(x2)): 76 instances
  RAM32X1D => RAM32X1D (RAMD32(x2)): 2 instances

18 Infos, 113 Warnings, 19 Critical Warnings and 0 Errors encountered.
link_design completed successfully
link_design: Time (s): cpu = 00:03:44 ; elapsed = 00:03:31 . Memory (MB): peak = 3488.543 ; gain = 2739.227
Command: opt_design
Attempting to get a license for feature 'Implementation' and/or device 'xczu28dr'
INFO: [Common 17-349] Got license for feature 'Implementation' and/or device 'xczu28dr'
INFO: [Common 17-1540] The version limit for your license is '2024.10' and has expired for new software. A version limit expiration means that, although you may be able to continue to use the current version of tools or IP with this license, you will not be eligible for new releases.
Running DRC as a precondition to command opt_design

Starting DRC Task
INFO: [DRC 23-27] Running DRC with 2 threads
INFO: [Project 1-461] DRC finished with 0 Errors
INFO: [Project 1-462] Please refer to the DRC report (report_drc) for more information.

Time (s): cpu = 00:00:05 ; elapsed = 00:00:03 . Memory (MB): peak = 3488.543 ; gain = 0.000

Starting Cache Timing Information Task
INFO: [Timing 38-35] Done setting XDC timing constraints.
Ending Cache Timing Information Task | Checksum: 166bdd4b7

Time (s): cpu = 00:01:21 ; elapsed = 00:00:43 . Memory (MB): peak = 3488.543 ; gain = 0.000

Starting Logic Optimization Task

Phase 1 Initialization

Phase 1.1 Core Generation And Design Setup

Phase 1.1.1 Generate And Synthesize Debug Cores
INFO: [Chipscope 16-329] Generating Script for core instance : dbg_hub 
INFO: [IP_Flow 19-3806] Processing IP xilinx.com:ip:xsdbm:3.0 for cell dbg_hub_CV.
INFO: [Chipscope 16-469] Using cached IP synthesis design for IP xilinx.com:ip:xsdbm:3.0, cache-ID = e7ca23c348b2869b.
Done building netlist checker database: Time (s): cpu = 00:00:01 ; elapsed = 00:00:00.242 . Memory (MB): peak = 3878.402 ; gain = 0.000
get_clocks: Time (s): cpu = 00:01:20 ; elapsed = 00:00:42 . Memory (MB): peak = 3878.402 ; gain = 0.000
Netlist sorting complete. Time (s): cpu = 00:00:00 ; elapsed = 00:00:00.115 . Memory (MB): peak = 3878.402 ; gain = 0.000
Phase 1.1.1 Generate And Synthesize Debug Cores | Checksum: c2dd54db

Time (s): cpu = 00:01:24 ; elapsed = 00:01:38 . Memory (MB): peak = 3878.402 ; gain = 19.926
Phase 1.1 Core Generation And Design Setup | Checksum: c2dd54db

Time (s): cpu = 00:01:24 ; elapsed = 00:01:38 . Memory (MB): peak = 3878.402 ; gain = 19.926

Phase 1.2 Setup Constraints And Sort Netlist
Phase 1.2 Setup Constraints And Sort Netlist | Checksum: c2dd54db

Time (s): cpu = 00:01:24 ; elapsed = 00:01:38 . Memory (MB): peak = 3878.402 ; gain = 19.926
Phase 1 Initialization | Checksum: c2dd54db

Time (s): cpu = 00:01:24 ; elapsed = 00:01:38 . Memory (MB): peak = 3878.402 ; gain = 19.926

Phase 2 Timer Update And Timing Data Collection

Phase 2.1 Timer Update
Phase 2.1 Timer Update | Checksum: c2dd54db

Time (s): cpu = 00:01:32 ; elapsed = 00:01:42 . Memory (MB): peak = 3951.039 ; gain = 92.562

Phase 2.2 Timing Data Collection
Phase 2.2 Timing Data Collection | Checksum: c2dd54db

Time (s): cpu = 00:01:32 ; elapsed = 00:01:42 . Memory (MB): peak = 3951.039 ; gain = 92.562
Phase 2 Timer Update And Timing Data Collection | Checksum: c2dd54db

Time (s): cpu = 00:01:32 ; elapsed = 00:01:42 . Memory (MB): peak = 3951.039 ; gain = 92.562

Phase 3 Retarget
INFO: [Opt 31-1834] Total Chains To Be Transformed Were: 0 AND Number of Transformed insts Created are: 0
INFO: [Opt 31-1566] Pulled 11 inverters resulting in an inversion of 151 pins
INFO: [Opt 31-138] Pushed 119 inverter(s) to 5069 load pin(s).
INFO: [Opt 31-422] The CLOCK_DOMAINS attribute on the BRAM cell PYNQ_Design_i/TX/TX_ILA/U0/ila_lib/U0/ila_core_inst/ila_trace_memory_inst/SUBCORE_RAM_BLK_MEM_1.trace_block_memory/inst_blk_mem_gen/gnbram.gnativebmg.native_blk_mem_gen/valid.cstr/ramloop[0].ram.r/prim_noinit.ram/DEVICE_8SERIES.NO_BMM_INFO.SDP.SIMPLE_PRIM18.ram has been changed from INDEPENDENT to COMMON to match the clocking topology used for the BRAM.
INFO: [Opt 31-422] The CLOCK_DOMAINS attribute on the BRAM cell PYNQ_Design_i/TX/TX_ILA/U0/ila_lib/U0/ila_core_inst/ila_trace_memory_inst/SUBCORE_RAM_BLK_MEM_1.trace_block_memory/inst_blk_mem_gen/gnbram.gnativebmg.native_blk_mem_gen/valid.cstr/ramloop[10].ram.r/prim_noinit.ram/DEVICE_8SERIES.NO_BMM_INFO.SDP.SIMPLE_PRIM36.ram has been changed from INDEPENDENT to COMMON to match the clocking topology used for the BRAM.
INFO: [Opt 31-422] The CLOCK_DOMAINS attribute on the BRAM cell PYNQ_Design_i/TX/TX_ILA/U0/ila_lib/U0/ila_core_inst/ila_trace_memory_inst/SUBCORE_RAM_BLK_MEM_1.trace_block_memory/inst_blk_mem_gen/gnbram.gnativebmg.native_blk_mem_gen/valid.cstr/ramloop[11].ram.r/prim_noinit.ram/DEVICE_8SERIES.NO_BMM_INFO.SDP.SIMPLE_PRIM36.ram has been changed from INDEPENDENT to COMMON to match the clocking topology used for the BRAM.
INFO: [Opt 31-422] The CLOCK_DOMAINS attribute on the BRAM cell PYNQ_Design_i/TX/TX_ILA/U0/ila_lib/U0/ila_core_inst/ila_trace_memory_inst/SUBCORE_RAM_BLK_MEM_1.trace_block_memory/inst_blk_mem_gen/gnbram.gnativebmg.native_blk_mem_gen/valid.cstr/ramloop[12].ram.r/prim_noinit.ram/DEVICE_8SERIES.NO_BMM_INFO.SDP.SIMPLE_PRIM36.ram has been changed from INDEPENDENT to COMMON to match the clocking topology used for the BRAM.
INFO: [Opt 31-422] The CLOCK_DOMAINS attribute on the BRAM cell PYNQ_Design_i/TX/TX_ILA/U0/ila_lib/U0/ila_core_inst/ila_trace_memory_inst/SUBCORE_RAM_BLK_MEM_1.trace_block_memory/inst_blk_mem_gen/gnbram.gnativebmg.native_blk_mem_gen/valid.cstr/ramloop[13].ram.r/prim_noinit.ram/DEVICE_8SERIES.NO_BMM_INFO.SDP.SIMPLE_PRIM36.ram has been changed from INDEPENDENT to COMMON to match the clocking topology used for the BRAM.
INFO: [Opt 31-422] The CLOCK_DOMAINS attribute on the BRAM cell PYNQ_Design_i/TX/TX_ILA/U0/ila_lib/U0/ila_core_inst/ila_trace_memory_inst/SUBCORE_RAM_BLK_MEM_1.trace_block_memory/inst_blk_mem_gen/gnbram.gnativebmg.native_blk_mem_gen/valid.cstr/ramloop[1].ram.r/prim_noinit.ram/DEVICE_8SERIES.NO_BMM_INFO.SDP.SIMPLE_PRIM36.ram has been changed from INDEPENDENT to COMMON to match the clocking topology used for the BRAM.
INFO: [Opt 31-422] The CLOCK_DOMAINS attribute on the BRAM cell PYNQ_Design_i/TX/TX_ILA/U0/ila_lib/U0/ila_core_inst/ila_trace_memory_inst/SUBCORE_RAM_BLK_MEM_1.trace_block_memory/inst_blk_mem_gen/gnbram.gnativebmg.native_blk_mem_gen/valid.cstr/ramloop[2].ram.r/prim_noinit.ram/DEVICE_8SERIES.NO_BMM_INFO.SDP.SIMPLE_PRIM36.ram has been changed from INDEPENDENT to COMMON to match the clocking topology used for the BRAM.
INFO: [Opt 31-422] The CLOCK_DOMAINS attribute on the BRAM cell PYNQ_Design_i/TX/TX_ILA/U0/ila_lib/U0/ila_core_inst/ila_trace_memory_inst/SUBCORE_RAM_BLK_MEM_1.trace_block_memory/inst_blk_mem_gen/gnbram.gnativebmg.native_blk_mem_gen/valid.cstr/ramloop[3].ram.r/prim_noinit.ram/DEVICE_8SERIES.NO_BMM_INFO.SDP.SIMPLE_PRIM36.ram has been changed from INDEPENDENT to COMMON to match the clocking topology used for the BRAM.
INFO: [Opt 31-422] The CLOCK_DOMAINS attribute on the BRAM cell PYNQ_Design_i/TX/TX_ILA/U0/ila_lib/U0/ila_core_inst/ila_trace_memory_inst/SUBCORE_RAM_BLK_MEM_1.trace_block_memory/inst_blk_mem_gen/gnbram.gnativebmg.native_blk_mem_gen/valid.cstr/ramloop[4].ram.r/prim_noinit.ram/DEVICE_8SERIES.NO_BMM_INFO.SDP.SIMPLE_PRIM36.ram has been changed from INDEPENDENT to COMMON to match the clocking topology used for the BRAM.
INFO: [Opt 31-422] The CLOCK_DOMAINS attribute on the BRAM cell PYNQ_Design_i/TX/TX_ILA/U0/ila_lib/U0/ila_core_inst/ila_trace_memory_inst/SUBCORE_RAM_BLK_MEM_1.trace_block_memory/inst_blk_mem_gen/gnbram.gnativebmg.native_blk_mem_gen/valid.cstr/ramloop[5].ram.r/prim_noinit.ram/DEVICE_8SERIES.NO_BMM_INFO.SDP.SIMPLE_PRIM36.ram has been changed from INDEPENDENT to COMMON to match the clocking topology used for the BRAM.
INFO: [Opt 31-422] The CLOCK_DOMAINS attribute on the BRAM cell PYNQ_Design_i/TX/TX_ILA/U0/ila_lib/U0/ila_core_inst/ila_trace_memory_inst/SUBCORE_RAM_BLK_MEM_1.trace_block_memory/inst_blk_mem_gen/gnbram.gnativebmg.native_blk_mem_gen/valid.cstr/ramloop[6].ram.r/prim_noinit.ram/DEVICE_8SERIES.NO_BMM_INFO.SDP.SIMPLE_PRIM36.ram has been changed from INDEPENDENT to COMMON to match the clocking topology used for the BRAM.
INFO: [Opt 31-422] The CLOCK_DOMAINS attribute on the BRAM cell PYNQ_Design_i/TX/TX_ILA/U0/ila_lib/U0/ila_core_inst/ila_trace_memory_inst/SUBCORE_RAM_BLK_MEM_1.trace_block_memory/inst_blk_mem_gen/gnbram.gnativebmg.native_blk_mem_gen/valid.cstr/ramloop[7].ram.r/prim_noinit.ram/DEVICE_8SERIES.NO_BMM_INFO.SDP.SIMPLE_PRIM36.ram has been changed from INDEPENDENT to COMMON to match the clocking topology used for the BRAM.
INFO: [Opt 31-422] The CLOCK_DOMAINS attribute on the BRAM cell PYNQ_Design_i/TX/TX_ILA/U0/ila_lib/U0/ila_core_inst/ila_trace_memory_inst/SUBCORE_RAM_BLK_MEM_1.trace_block_memory/inst_blk_mem_gen/gnbram.gnativebmg.native_blk_mem_gen/valid.cstr/ramloop[8].ram.r/prim_noinit.ram/DEVICE_8SERIES.NO_BMM_INFO.SDP.SIMPLE_PRIM36.ram has been changed from INDEPENDENT to COMMON to match the clocking topology used for the BRAM.
INFO: [Opt 31-422] The CLOCK_DOMAINS attribute on the BRAM cell PYNQ_Design_i/TX/TX_ILA/U0/ila_lib/U0/ila_core_inst/ila_trace_memory_inst/SUBCORE_RAM_BLK_MEM_1.trace_block_memory/inst_blk_mem_gen/gnbram.gnativebmg.native_blk_mem_gen/valid.cstr/ramloop[9].ram.r/prim_noinit.ram/DEVICE_8SERIES.NO_BMM_INFO.SDP.SIMPLE_PRIM36.ram has been changed from INDEPENDENT to COMMON to match the clocking topology used for the BRAM.
INFO: [Opt 31-49] Retargeted 0 cell(s).
Phase 3 Retarget | Checksum: 22e63b3b8

Time (s): cpu = 00:01:36 ; elapsed = 00:01:47 . Memory (MB): peak = 3951.039 ; gain = 92.562
Retarget | Checksum: 22e63b3b8
INFO: [Opt 31-389] Phase Retarget created 1758 cells and removed 2616 cells
INFO: [Opt 31-1021] In phase Retarget, 178 netlist objects are constrained preventing optimization. Please run opt_design with -debug_log to get more detail. 

Phase 4 Constant propagation
INFO: [Opt 31-138] Pushed 0 inverter(s) to 0 load pin(s).
Phase 4 Constant propagation | Checksum: 21a67fa36

Time (s): cpu = 00:01:37 ; elapsed = 00:01:48 . Memory (MB): peak = 3951.039 ; gain = 92.562
Constant propagation | Checksum: 21a67fa36
INFO: [Opt 31-389] Phase Constant propagation created 8 cells and removed 62 cells
INFO: [Opt 31-1021] In phase Constant propagation, 176 netlist objects are constrained preventing optimization. Please run opt_design with -debug_log to get more detail. 

Phase 5 Sweep
Phase 5 Sweep | Checksum: 1a4ddc06c

Time (s): cpu = 00:01:43 ; elapsed = 00:01:54 . Memory (MB): peak = 3951.039 ; gain = 92.562
Sweep | Checksum: 1a4ddc06c
INFO: [Opt 31-389] Phase Sweep created 0 cells and removed 483 cells
INFO: [Opt 31-1021] In phase Sweep, 4108 netlist objects are constrained preventing optimization. Please run opt_design with -debug_log to get more detail. 

Phase 6 BUFG optimization
INFO: [Opt 31-1077] Phase BUFG optimization inserted 0 global clock buffer(s) for CLOCK_LOW_FANOUT.
INFO: [Opt 31-274] Optimized connectivity to 2 cascaded buffer cells
Phase 6 BUFG optimization | Checksum: 1cfee6033

Time (s): cpu = 00:01:48 ; elapsed = 00:01:56 . Memory (MB): peak = 3951.039 ; gain = 92.562
BUFG optimization | Checksum: 1cfee6033
INFO: [Opt 31-662] Phase BUFG optimization created 0 cells of which 0 are BUFGs and removed 2 cells.

Phase 7 Shift Register Optimization
INFO: [Opt 31-1064] SRL Remap converted 0 SRLs to 0 registers and converted 0 registers of register chains to 0 SRLs
Phase 7 Shift Register Optimization | Checksum: 1cfee6033

Time (s): cpu = 00:01:50 ; elapsed = 00:01:58 . Memory (MB): peak = 3951.039 ; gain = 92.562
Shift Register Optimization | Checksum: 1cfee6033
INFO: [Opt 31-389] Phase Shift Register Optimization created 0 cells and removed 0 cells

Phase 8 Post Processing Netlist
Phase 8 Post Processing Netlist | Checksum: 20b6714d9

Time (s): cpu = 00:01:50 ; elapsed = 00:01:59 . Memory (MB): peak = 3951.039 ; gain = 92.562
Post Processing Netlist | Checksum: 20b6714d9
INFO: [Opt 31-389] Phase Post Processing Netlist created 0 cells and removed 0 cells
INFO: [Opt 31-1021] In phase Post Processing Netlist, 192 netlist objects are constrained preventing optimization. Please run opt_design with -debug_log to get more detail. 

Phase 9 Finalization

Phase 9.1 Finalizing Design Cores and Updating Shapes
Phase 9.1 Finalizing Design Cores and Updating Shapes | Checksum: 1c1ca49f0

Time (s): cpu = 00:01:57 ; elapsed = 00:02:06 . Memory (MB): peak = 3951.039 ; gain = 92.562

Phase 9.2 Verifying Netlist Connectivity

Starting Connectivity Check Task

Time (s): cpu = 00:00:00 ; elapsed = 00:00:00.175 . Memory (MB): peak = 3951.039 ; gain = 0.000
Phase 9.2 Verifying Netlist Connectivity | Checksum: 1c1ca49f0

Time (s): cpu = 00:01:57 ; elapsed = 00:02:06 . Memory (MB): peak = 3951.039 ; gain = 92.562
Phase 9 Finalization | Checksum: 1c1ca49f0

Time (s): cpu = 00:01:57 ; elapsed = 00:02:06 . Memory (MB): peak = 3951.039 ; gain = 92.562
Opt_design Change Summary
=========================


-------------------------------------------------------------------------------------------------------------------------
|  Phase                        |  #Cells created  |  #Cells Removed  |  #Constrained objects preventing optimizations  |
-------------------------------------------------------------------------------------------------------------------------
|  Retarget                     |            1758  |            2616  |                                            178  |
|  Constant propagation         |               8  |              62  |                                            176  |
|  Sweep                        |               0  |             483  |                                           4108  |
|  BUFG optimization            |               0  |               2  |                                              0  |
|  Shift Register Optimization  |               0  |               0  |                                              0  |
|  Post Processing Netlist      |               0  |               0  |                                            192  |
-------------------------------------------------------------------------------------------------------------------------


Ending Logic Optimization Task | Checksum: 1c1ca49f0

Time (s): cpu = 00:01:57 ; elapsed = 00:02:06 . Memory (MB): peak = 3951.039 ; gain = 92.562

Starting Power Optimization Task
INFO: [Pwropt 34-132] Skipping clock gating for clocks with a period < 2.00 ns.
INFO: [Pwropt 34-9] Applying IDT optimizations ...
INFO: [Pwropt 34-10] Applying ODC optimizations ...
INFO: [Timing 38-35] Done setting XDC timing constraints.
Running Vector-less Activity Propagation...

Finished Running Vector-less Activity Propagation


Starting PowerOpt Patch Enables Task
INFO: [Pwropt 34-162] WRITE_MODE attribute of 244 BRAM(s) out of a total of 300 has been updated to save power. Run report_power_opt to get a complete listing of the BRAMs updated.
INFO: [Pwropt 34-201] Structural ODC has moved 20 WE to EN ports
Number of BRAM Ports augmented: 267 newly gated: 20 Total Ports: 600
Ending PowerOpt Patch Enables Task | Checksum: 1e3f693f0

Time (s): cpu = 00:00:03 ; elapsed = 00:00:03 . Memory (MB): peak = 5069.527 ; gain = 0.000
Ending Power Optimization Task | Checksum: 1e3f693f0

Time (s): cpu = 00:02:34 ; elapsed = 00:01:20 . Memory (MB): peak = 5069.527 ; gain = 1118.488

Starting Final Cleanup Task

Starting Logic Optimization Task
INFO: [Timing 38-35] Done setting XDC timing constraints.
Ending Logic Optimization Task | Checksum: 1961cfc78

Time (s): cpu = 00:01:31 ; elapsed = 00:00:50 . Memory (MB): peak = 5069.527 ; gain = 0.000
Ending Final Cleanup Task | Checksum: 1961cfc78

Time (s): cpu = 00:01:35 ; elapsed = 00:00:54 . Memory (MB): peak = 5069.527 ; gain = 0.000

Starting Netlist Obfuscation Task
Netlist sorting complete. Time (s): cpu = 00:00:00 ; elapsed = 00:00:00.050 . Memory (MB): peak = 5069.527 ; gain = 0.000
Ending Netlist Obfuscation Task | Checksum: 1961cfc78

Time (s): cpu = 00:00:00 ; elapsed = 00:00:00.069 . Memory (MB): peak = 5069.527 ; gain = 0.000
INFO: [Common 17-83] Releasing license: Implementation
71 Infos, 113 Warnings, 19 Critical Warnings and 0 Errors encountered.
opt_design completed successfully
opt_design: Time (s): cpu = 00:07:36 ; elapsed = 00:05:11 . Memory (MB): peak = 5069.527 ; gain = 1580.984
INFO: [Vivado 12-24828] Executing command : report_drc -file PYNQ_Design_wrapper_drc_opted.rpt -pb PYNQ_Design_wrapper_drc_opted.pb -rpx PYNQ_Design_wrapper_drc_opted.rpx
Command: report_drc -file PYNQ_Design_wrapper_drc_opted.rpt -pb PYNQ_Design_wrapper_drc_opted.pb -rpx PYNQ_Design_wrapper_drc_opted.rpx
INFO: [IP_Flow 19-1839] IP Catalog is up to date.
INFO: [DRC 23-27] Running DRC with 2 threads
INFO: [Vivado_Tcl 2-168] The results of DRC are in file C:/Users/clb20123/Documents/FO-RFSoC-4YP/2x2_files/PLEASE/PLEASE.runs/impl_1/PYNQ_Design_wrapper_drc_opted.rpt.
report_drc completed successfully
report_drc: Time (s): cpu = 00:00:14 ; elapsed = 00:00:11 . Memory (MB): peak = 5069.527 ; gain = 0.000
generate_parallel_reports: Time (s): cpu = 00:00:14 ; elapsed = 00:00:11 . Memory (MB): peak = 5069.527 ; gain = 0.000
INFO: [Timing 38-35] Done setting XDC timing constraints.
INFO: [Timing 38-480] Writing timing data to binary archive.
Wrote PlaceDB: Time (s): cpu = 00:00:00 ; elapsed = 00:00:00.001 . Memory (MB): peak = 5069.527 ; gain = 0.000
Wrote PulsedLatchDB: Time (s): cpu = 00:00:00 ; elapsed = 00:00:00 . Memory (MB): peak = 5069.527 ; gain = 0.000
Writing XDEF routing.
Writing XDEF routing logical nets.
Write ShapeDB Complete: Time (s): cpu = 00:00:02 ; elapsed = 00:00:00.640 . Memory (MB): peak = 5069.527 ; gain = 0.000
Writing XDEF routing special nets.
Wrote RouteStorage: Time (s): cpu = 00:00:03 ; elapsed = 00:00:00.767 . Memory (MB): peak = 5069.527 ; gain = 0.000
Wrote Netlist Cache: Time (s): cpu = 00:00:00 ; elapsed = 00:00:00 . Memory (MB): peak = 5069.527 ; gain = 0.000
Wrote Device Cache: Time (s): cpu = 00:00:00 ; elapsed = 00:00:00.027 . Memory (MB): peak = 5069.527 ; gain = 0.000
Write Physdb Complete: Time (s): cpu = 00:00:03 ; elapsed = 00:00:00.836 . Memory (MB): peak = 5069.527 ; gain = 0.000
INFO: [Common 17-1381] The checkpoint 'C:/Users/clb20123/Documents/FO-RFSoC-4YP/2x2_files/PLEASE/PLEASE.runs/impl_1/PYNQ_Design_wrapper_opt.dcp' has been generated.
write_checkpoint: Time (s): cpu = 00:01:49 ; elapsed = 00:01:05 . Memory (MB): peak = 5069.527 ; gain = 0.000
INFO: [Chipscope 16-240] Debug cores have already been implemented
Command: place_design
Attempting to get a license for feature 'Implementation' and/or device 'xczu28dr'
INFO: [Common 17-349] Got license for feature 'Implementation' and/or device 'xczu28dr'
INFO: [Common 17-1540] The version limit for your license is '2024.10' and has expired for new software. A version limit expiration means that, although you may be able to continue to use the current version of tools or IP with this license, you will not be eligible for new releases.
INFO: [Common 17-83] Releasing license: Implementation
INFO: [DRC 23-27] Running DRC with 2 threads
INFO: [Vivado_Tcl 4-198] DRC finished with 0 Errors
INFO: [Vivado_Tcl 4-199] Please refer to the DRC report (report_drc) for more information.
Running DRC as a precondition to command place_design
INFO: [DRC 23-27] Running DRC with 2 threads
ERROR: [DRC UTLZ-1] Resource utilization: HSADC over-utilized in Top Level Design (This design requires more HSADC cells than are available in the target device. This design requires 8 of such cell types but only 4 compatible sites are available in the target device. Please analyze your synthesis results and constraints to ensure the design is mapped to Xilinx primitives as expected. If so, please consider targeting a larger device.)
ERROR: [DRC UTLZ-1] Resource utilization: PS8 over-utilized in Top Level Design (This design requires more PS8 cells than are available in the target device. This design requires 2 of such cell types but only 1 compatible site is available in the target device. Please analyze your synthesis results and constraints to ensure the design is mapped to Xilinx primitives as expected. If so, please consider targeting a larger device.)
INFO: [Vivado_Tcl 4-198] DRC finished with 2 Errors
INFO: [Vivado_Tcl 4-199] Please refer to the DRC report (report_drc) for more information.
ERROR: [Vivado_Tcl 4-23] Error(s) found during DRC. Placer not run.
88 Infos, 113 Warnings, 19 Critical Warnings and 3 Errors encountered.
place_design failed
place_design: Time (s): cpu = 00:00:14 ; elapsed = 00:00:09 . Memory (MB): peak = 5069.527 ; gain = 0.000
ERROR: [Common 17-39] 'place_design' failed due to earlier errors.

INFO: [Common 17-206] Exiting Vivado at Fri Mar 28 11:37:47 2025...
