#-----------------------------------------------------------
# Vivado v2024.1 (64-bit)
# SW Build 5076996 on Wed May 22 18:37:14 MDT 2024
# IP Build 5075265 on Wed May 22 21:45:21 MDT 2024
# SharedData Build 5076995 on Wed May 22 18:29:18 MDT 2024
# Start of session at: Tue Nov 19 13:41:59 2024
# Process ID: 9880
# Current directory: C:/Users/clb20123/Documents/RFX_helloworld/netlist
# Command line: vivado.exe -mode batch -source ProjectGeneration.tcl -notrace
# Log file: C:/Users/clb20123/Documents/RFX_helloworld/netlist/vivado.log
# Journal file: C:/Users/clb20123/Documents/RFX_helloworld/netlist\vivado.jou
# Running On        :EEE-R403-25
# Platform          :Windows Server 2016 or Windows 10
# Operating System  :19045
# Processor Detail  :Intel(R) Core(TM) i5-8500 CPU @ 3.00GHz
# CPU Frequency     :3000 MHz
# CPU Physical cores:6
# CPU Logical cores :6
# Host memory       :8353 MB
# Swap memory       :9985 MB
# Total Virtual     :18338 MB
# Available Virtual :3039 MB
#-----------------------------------------------------------
source ProjectGeneration.tcl -notrace
create_project: Time (s): cpu = 00:00:08 ; elapsed = 00:00:09 . Memory (MB): peak = 603.234 ; gain = 198.121
WARNING: [Coretcl 2-176] No IPs found
INFO: [IP_Flow 19-234] Refreshing IP repositories
INFO: [IP_Flow 19-1704] No user IP repositories specified
INFO: [IP_Flow 19-2313] Loaded Vivado IP repository 'C:/Xilinx/Vivado/2024.1/data/ip'.
WARNING: [IP_Flow 19-4832] The IP name 'axi_overtone_fifo_generator_i0' you have specified is long. The Windows operating system has path length limitations. It is recommended you use shorter names to reduce the likelihood of issues.
WARNING: [Vivado 12-3523] Attempt to change 'Component_Name' from 'axi_overtone_fifo_generator_i0' to 'axi_overtone_fifo_generator_i0' is not allowed and is ignored.
WARNING: [IP_Flow 19-3374] An attempt to modify the value of disabled parameter 'Use_Extra_Logic' from 'true' to 'false' has been ignored for IP 'axi_overtone_fifo_generator_i0'
WARNING: [IP_Flow 19-3374] An attempt to modify the value of disabled parameter 'Use_Dout_Reset' from 'false' to 'true' has been ignored for IP 'axi_overtone_fifo_generator_i0'
WARNING: [IP_Flow 19-4832] The IP name 'axi_overtone_fifo_generator_i1' you have specified is long. The Windows operating system has path length limitations. It is recommended you use shorter names to reduce the likelihood of issues.
WARNING: [Vivado 12-3523] Attempt to change 'Component_Name' from 'axi_overtone_fifo_generator_i1' to 'axi_overtone_fifo_generator_i1' is not allowed and is ignored.
WARNING: [IP_Flow 19-3374] An attempt to modify the value of disabled parameter 'Use_Extra_Logic' from 'true' to 'false' has been ignored for IP 'axi_overtone_fifo_generator_i1'
WARNING: [IP_Flow 19-3374] An attempt to modify the value of disabled parameter 'Use_Dout_Reset' from 'false' to 'true' has been ignored for IP 'axi_overtone_fifo_generator_i1'
IP Repository Located at : C:/Xilinx/Vivado/2024.1/data/ip
Scanning sources...
Finished scanning sources
INFO: [IP_Flow 19-234] Refreshing IP repositories
INFO: [IP_Flow 19-1704] No user IP repositories specified
INFO: [IP_Flow 19-2313] Loaded Vivado IP repository 'C:/Xilinx/Vivado/2024.1/data/ip'.
Adding File c:/Users/clb20123/Documents/RFX_helloworld/netlist/ip_catalog/axi_overtone.srcs/sources_1/ip/axi_overtone_fifo_generator_i0/axi_overtone_fifo_generator_i0.xci
Adding File c:/Users/clb20123/Documents/RFX_helloworld/netlist/ip_catalog/axi_overtone.srcs/sources_1/ip/axi_overtone_fifo_generator_i1/axi_overtone_fifo_generator_i1.xci
Adding File C:/Users/clb20123/Documents/RFX_helloworld/netlist/sysgen/axi_overtone.xdc
Adding File C:/Users/clb20123/Documents/RFX_helloworld/netlist/sysgen/xpm_288367_vivado.mem
INFO: [IP_Flow 19-5107] Inferred bus interface 'm_axis' of definition 'xilinx.com:interface:axis:1.0' (from TCL Argument).
INFO: [IP_Flow 19-5107] Inferred bus interface 's_axis' of definition 'xilinx.com:interface:axis:1.0' (from TCL Argument).
INFO: [IP_Flow 19-5107] Inferred bus interface 'clk' of definition 'xilinx.com:signal:clock:1.0' (from TCL Argument).
INFO: [IP_Flow 19-4728] Bus Interface 'clk': Added interface parameter 'ASSOCIATED_BUSIF' with value 'm_axis'.
WARNING: [IP_Flow 19-11770] Clock interface 'clk' has no FREQ_HZ parameter.
INFO: [IP_Flow 19-2181] Payment is not required for this core.
WARNING: [IP_Flow 19-2187] The Product Guide file is missing.
INFO: [Ipptcl 7-1486] check_integrity: Integrity check passed.
INFO: [IP_Flow 19-234] Refreshing IP repositories
INFO: [IP_Flow 19-1700] Loaded user IP repository 'c:/Users/clb20123/Documents/RFX_helloworld/netlist/ip'.
WARNING: [IP_Flow 19-3656] If you move the project, the path for repository 'c:/Users/clb20123/Documents/RFX_helloworld/netlist/ip' may become invalid. A better location for the repository would be in a path adjacent to the project. (Current project location is 'c:/Users/clb20123/Documents/RFX_helloworld/netlist/ip_catalog'.)
0
Wrote  : <C:\Users\clb20123\Documents\RFX_helloworld\netlist\ip_catalog\axi_overtone.srcs\sources_1\bd\axi_stream_template_bd\axi_stream_template_bd.bd> 
WARNING: [BD 5-670] It is required to provide a frequency value for a user created input clock port. Please use the <-freq_hz $freq_val> argument of the create_bd_port command. ie create_bd_port -dir I -type clk -freq_hz 100000000 clkin
INFO: [BD 41-759] The input pins (listed below) are either not connected or do not have a source port, and they don't have a tie-off specified. These pins are tied-off to all 0's to avoid error in Implementation flow.
Please check your design and connect them as needed: 
/axi_stream_template_1/s_axis_tvalid

Wrote  : <C:\Users\clb20123\Documents\RFX_helloworld\netlist\ip_catalog\axi_overtone.srcs\sources_1\bd\axi_stream_template_bd\axi_stream_template_bd.bd> 
CRITICAL WARNING: [filemgmt 20-1702] Unable to set property on the file: C:/Users/clb20123/Documents/RFX_helloworld/netlist/ip_catalog/axi_overtone.gen/sources_1/bd/axi_stream_template_bd/synth/axi_stream_template_bd.vhd
File is managed as part of sub-design (IP, Block Design, DSP Design, etc.) file: C:/Users/clb20123/Documents/RFX_helloworld/netlist/ip_catalog/axi_overtone.srcs/sources_1/bd/axi_stream_template_bd/axi_stream_template_bd.bd
CRITICAL WARNING: [filemgmt 20-1702] Unable to set property on the file: C:/Users/clb20123/Documents/RFX_helloworld/netlist/ip_catalog/axi_overtone.gen/sources_1/bd/axi_stream_template_bd/sim/axi_stream_template_bd.vhd
File is managed as part of sub-design (IP, Block Design, DSP Design, etc.) file: C:/Users/clb20123/Documents/RFX_helloworld/netlist/ip_catalog/axi_overtone.srcs/sources_1/bd/axi_stream_template_bd/axi_stream_template_bd.bd
update_compile_order: Time (s): cpu = 00:00:00 ; elapsed = 00:00:07 . Memory (MB): peak = 923.242 ; gain = 0.000
INFO: [Common 17-206] Exiting Vivado at Tue Nov 19 13:42:55 2024...
