Copyright 1986-2022 Xilinx, Inc. All Rights Reserved. Copyright 2022-2024 Advanced Micro Devices, Inc. All Rights Reserved.
---------------------------------------------------------------------------------------------------------------------------------------------
| Tool Version : Vivado v.2024.1 (win64) Build 5076996 Wed May 22 18:37:14 MDT 2024
| Date         : Tue Feb 25 12:40:16 2025
| Host         : EEE-R446-25 running 64-bit major release  (build 9200)
| Command      : report_drc -file work_pls_wrapper_drc_opted.rpt -pb work_pls_wrapper_drc_opted.pb -rpx work_pls_wrapper_drc_opted.rpx
| Design       : work_pls_wrapper
| Device       : xczu28dr-ffvg1517-2-e
| Speed File   : -2
| Design State : Synthesized
---------------------------------------------------------------------------------------------------------------------------------------------

Report DRC

Table of Contents
-----------------
1. REPORT SUMMARY
2. REPORT DETAILS

1. REPORT SUMMARY
-----------------
            Netlist: netlist
          Floorplan: design_1
      Design limits: <entire design considered>
           Ruledeck: default
             Max violations: <unlimited>
             Violations found: 4
+-----------+----------+--------------------------------------+------------+
| Rule      | Severity | Description                          | Violations |
+-----------+----------+--------------------------------------+------------+
| DPOP-3    | Warning  | PREG Output pipelining               | 1          |
| REQP-1935 | Warning  | RAMB36E2_nochange_collision_advisory | 1          |
| REQP-1677 | Advisory | enum_USE_MULT_NONE_connects_CEM_GND  | 1          |
| REQP-1679 | Advisory | enum_MREG_0_connects_CEM_GND         | 1          |
+-----------+----------+--------------------------------------+------------+

2. REPORT DETAILS
-----------------
DPOP-3#1 Warning
PREG Output pipelining  
DSP work_pls_i/Receiver_0/U0/sin_wave_demodulate_struct/dut/algorithm/mult/comp0.core_instance0/U0/i_mult/gDSP.gDSP_only.iDSP/use_prim.appDSP[0].bppDSP[0].use_dsp.use_dsp48e2.iDSP48E2 output work_pls_i/Receiver_0/U0/sin_wave_demodulate_struct/dut/algorithm/mult/comp0.core_instance0/U0/i_mult/gDSP.gDSP_only.iDSP/use_prim.appDSP[0].bppDSP[0].use_dsp.use_dsp48e2.iDSP48E2/P[47:0] is not pipelined (PREG=0). Pipelining the DSP48 output will improve performance and often saves power so it is suggested whenever possible to fully pipeline this function.  If this DSP48 function was inferred, it is suggested to describe an additional register stage after this function.  If the DSP48 was instantiated in the design, it is suggested to set the PREG attribute to 1.
Related violations: <none>

REQP-1935#1 Warning
RAMB36E2_nochange_collision_advisory  
Synchronous clocking is detected for BRAM (work_pls_i/axi_fifo_mm_s/U0/COMP_IPIC2AXI_S/gtxd.COMP_TXD_FIFO/gfifo_gen.COMP_AXIS_FG_FIFO/COMP_FIFO/xpm_fifo_base_inst/gen_sdpram.xpm_memory_base_inst/gen_wr_a.gen_word_narrow.mem_reg) in SDP mode with NO_CHANGE write-mode. This is the preferred mode for best power characteristics. However, NO_CHANGE may exhibit address collisions if the same address appears on both read and write ports resulting in unknown or corrupted read data. It is suggested to confirm via simulation that an address collision never occurs and if so it is suggested to try and avoid this situation. If address collisions cannot be avoided, the write-mode may be set to READ_FIRST which guarantees that the read data is the prior contents of the memory at the cost of additional power in the design. See the FPGA Memory Resources User Guide for additional information.
Related violations: <none>

REQP-1677#1 Advisory
enum_USE_MULT_NONE_connects_CEM_GND  
work_pls_i/Receiver_0/U0/sin_wave_demodulate_struct/dut/algorithm/fir_compiler_7_2/sin_wave_demodulate_fir_compiler_v7_2_i0_instance/U0/i_synth/g_single_rate.i_single_rate/g_op_paths[0].g_combine.i_ext_mult/g_two_col_comb.i_gen_upper_bits/i_add_accum/g_dsp48.g_dsp48e2.i_dsp48e2: When the DSP48E2 USE_MULT attribute is set to NONE, the CEM input pin should be tied to GND to save power.
Related violations: <none>

REQP-1679#1 Advisory
enum_MREG_0_connects_CEM_GND  
work_pls_i/Receiver_0/U0/sin_wave_demodulate_struct/dut/algorithm/fir_compiler_7_2/sin_wave_demodulate_fir_compiler_v7_2_i0_instance/U0/i_synth/g_single_rate.i_single_rate/g_op_paths[0].g_combine.i_ext_mult/g_two_col_comb.i_gen_upper_bits/i_add_accum/g_dsp48.g_dsp48e2.i_dsp48e2: When the DSP48E2 MREG attribute is set to 0, the CEM input pin should be tied to GND to save power.
Related violations: <none>


