# Copyright (C) 1994-2023, Concept Engineering GmbH.
# All Rights Reserved.  Cmd=logfile.
# Nlview 7.7.1 2023-07-26 3bc4126617 VDI=43 GEI=38 GUI=JA:21.0
# License cookie [G|T|S|B|*] for HR="Xilinx Inc."
# -----------------------------------------------------------------------------
# property -colorscheme classic
# -----------------------------------------------------------------------------
property attrfontsize 8
property fillcolor1
#R #441133
property fillcolor5
#R #651b4d
property -colorscheme lightblue
property shadowstyle 1
property showpinname 5
property showcellname 1
property showattribute 1
property showinstname 1
property boxminwidth 40
property boxminheight 40
#CMD bind stroke-1 -action {}
#CMD bind stroke-nw-1 -action callback -echo_type line -echo_text {Zoom fit}
#CMD bind stroke-nw-1 -action zoom_fit -echo_type line -echo_text {Zoom fit}
#CMD bind stroke-ne-1 -action zoom_out -echo_type line -echo_text {Zoom -%z}
#CMD bind stroke-se-1 -action zoom_in -echo_type rectangle -autoscroll -echo_text {Zoom area}
#CMD bind stroke-sw-1 -action zoom_in2 -echo_type line -echo_text {Zoom +%z}
module new rfconverter -nosplit
#  * Current module is rfconverter 
load symbol TILE_SYMBOL v HIERBOX port tilePin in port pllTilePin in
increment -const
load symbol TILE_PLL syn HIERGEN port LEFT in.left.sq port RIGHT out.right.sq attrdsp @cell -lc 50 50 14
load symbol TILE_TYPE syn HIERGEN port LEFT in.left.sq attrdsp @cell -lc 50 50 14
load inst Tile_224 TILE_SYMBOL v -pg 1 -y 1 -x 1 -resize 200 200 -autohide -attr @cell Tile_224 -attr @name {} -attr @fillcolor #f9f7f7
attribute {pin Tile_224 tilePin } -attr @name {}
attribute {hierPin Tile_224 tilePin } -attr @name {}
attribute {pin Tile_224 pllTilePin } -attr @name {}
attribute {hierPin Tile_224 pllTilePin } -attr @name {}
load port Tile_224_clk in -pg 1 -y 10 -x 1 -attr @fillcolor #3a5fcd
load inst Tile_224_PLL TILE_PLL syn -hier Tile_224 -pg 1 -y 1 -x 11 -resize 80 80 -attr @cell PLL -attr @name {} -attr @fillcolor #ffffff
attribute {pin Tile_224_PLL LEFT} -attr @name {}
attribute {pin Tile_224_PLL RIGHT} -attr @name {}
attribute {pin Tile_224_PLL LEFT} -attr @fillcolor #ffffff
attribute {pin Tile_224_PLL RIGHT} -attr @fillcolor #ffffff
load inst Tile_224_Type TILE_TYPE syn -hier Tile_224 -pg 1 -y 1 -x 100 -resize 80 80 -attr @cell ADC -attr @name {} -attr @fillcolor #ffffff
attribute {pin Tile_224_Type LEFT} -attr @name {}
attribute {pin Tile_224_Type LEFT} -attr @fillcolor #ffffff
load inst Tile_225 TILE_SYMBOL v -pg 1 -y 2 -x 1 -resize 200 200 -autohide -attr @cell Tile_225 -attr @name {} -attr @fillcolor #f9f7f7
attribute {pin Tile_225 tilePin } -attr @name {}
attribute {hierPin Tile_225 tilePin } -attr @name {}
attribute {pin Tile_225 pllTilePin } -attr @name {}
attribute {hierPin Tile_225 pllTilePin } -attr @name {}
load port Tile_225_clk in -pg 1 -y 170 -x 1 -attr @fillcolor #3a5fcd
load inst Tile_225_PLL TILE_PLL syn -hier Tile_225 -pg 1 -y 1 -x 11 -resize 80 80 -attr @cell PLL -attr @name {} -attr @fillcolor #ffffff
attribute {pin Tile_225_PLL LEFT} -attr @name {}
attribute {pin Tile_225_PLL RIGHT} -attr @name {}
attribute {pin Tile_225_PLL LEFT} -attr @fillcolor #ffffff
attribute {pin Tile_225_PLL RIGHT} -attr @fillcolor #ffffff
load inst Tile_225_Type TILE_TYPE syn -hier Tile_225 -pg 1 -y 1 -x 100 -resize 80 80 -attr @cell ADC -attr @name {} -attr @fillcolor #ffffff
attribute {pin Tile_225_Type LEFT} -attr @name {}
attribute {pin Tile_225_Type LEFT} -attr @fillcolor #ffffff
load inst Tile_226 TILE_SYMBOL v -pg 1 -y 3 -x 1 -resize 200 200 -autohide -attr @cell Tile_226 -attr @name {} -attr @fillcolor #f9f7f7
attribute {pin Tile_226 tilePin } -attr @name {}
attribute {hierPin Tile_226 tilePin } -attr @name {}
attribute {pin Tile_226 pllTilePin } -attr @name {}
attribute {hierPin Tile_226 pllTilePin } -attr @name {}
load port Tile_226_clk in -pg 1 -y 330 -x 1 -attr @fillcolor #3a5fcd
load inst Tile_226_PLL TILE_PLL syn -hier Tile_226 -pg 1 -y 1 -x 11 -resize 80 80 -attr @cell PLL -attr @name {} -attr @fillcolor #ffffff
attribute {pin Tile_226_PLL LEFT} -attr @name {}
attribute {pin Tile_226_PLL RIGHT} -attr @name {}
attribute {pin Tile_226_PLL LEFT} -attr @fillcolor #ffffff
attribute {pin Tile_226_PLL RIGHT} -attr @fillcolor #ffffff
load inst Tile_226_Type TILE_TYPE syn -hier Tile_226 -pg 1 -y 1 -x 100 -resize 80 80 -attr @cell ADC -attr @name {} -attr @fillcolor #ffffff
attribute {pin Tile_226_Type LEFT} -attr @name {}
attribute {pin Tile_226_Type LEFT} -attr @fillcolor #ffffff
load inst Tile_227 TILE_SYMBOL v -pg 1 -y 4 -x 1 -resize 200 200 -autohide -attr @cell Tile_227 -attr @name {} -attr @fillcolor #f9f7f7
attribute {pin Tile_227 tilePin } -attr @name {}
attribute {hierPin Tile_227 tilePin } -attr @name {}
attribute {pin Tile_227 pllTilePin } -attr @name {}
attribute {hierPin Tile_227 pllTilePin } -attr @name {}
load port Tile_227_clk in -pg 1 -y 490 -x 1 -attr @fillcolor #3a5fcd
load inst Tile_227_PLL TILE_PLL syn -hier Tile_227 -pg 1 -y 1 -x 11 -resize 80 80 -attr @cell PLL -attr @name {} -attr @fillcolor #ffffff
attribute {pin Tile_227_PLL LEFT} -attr @name {}
attribute {pin Tile_227_PLL RIGHT} -attr @name {}
attribute {pin Tile_227_PLL LEFT} -attr @fillcolor #ffffff
attribute {pin Tile_227_PLL RIGHT} -attr @fillcolor #ffffff
load inst Tile_227_Type TILE_TYPE syn -hier Tile_227 -pg 1 -y 1 -x 100 -resize 80 80 -attr @cell ADC -attr @name {} -attr @fillcolor #ffffff
attribute {pin Tile_227_Type LEFT} -attr @name {}
attribute {pin Tile_227_Type LEFT} -attr @fillcolor #ffffff
load inst Tile_228 TILE_SYMBOL v -pg 1 -y 5 -x 1 -resize 200 200 -autohide -attr @cell Tile_228 -attr @name {} -attr @fillcolor #f9f7f7
attribute {pin Tile_228 tilePin } -attr @name {}
attribute {hierPin Tile_228 tilePin } -attr @name {}
attribute {pin Tile_228 pllTilePin } -attr @name {}
attribute {hierPin Tile_228 pllTilePin } -attr @name {}
load port Tile_228_clk in -pg 1 -y 650 -x 1 -attr @fillcolor #3a5fcd
load inst Tile_228_PLL TILE_PLL syn -hier Tile_228 -pg 1 -y 1 -x 11 -resize 80 80 -attr @cell PLL -attr @name {} -attr @fillcolor #ffffff
attribute {pin Tile_228_PLL LEFT} -attr @name {}
attribute {pin Tile_228_PLL RIGHT} -attr @name {}
attribute {pin Tile_228_PLL LEFT} -attr @fillcolor #ffffff
attribute {pin Tile_228_PLL RIGHT} -attr @fillcolor #ffffff
load inst Tile_228_Type TILE_TYPE syn -hier Tile_228 -pg 1 -y 1 -x 100 -resize 80 80 -attr @cell DAC -attr @name {} -attr @fillcolor #ffffff
attribute {pin Tile_228_Type LEFT} -attr @name {}
attribute {pin Tile_228_Type LEFT} -attr @fillcolor #ffffff
load inst Tile_229 TILE_SYMBOL v -pg 1 -y 6 -x 1 -resize 200 200 -autohide -attr @cell Tile_229 -attr @name {} -attr @fillcolor #f9f7f7
attribute {pin Tile_229 tilePin } -attr @name {}
attribute {hierPin Tile_229 tilePin } -attr @name {}
attribute {pin Tile_229 pllTilePin } -attr @name {}
attribute {hierPin Tile_229 pllTilePin } -attr @name {}
load port Tile_229_clk in -pg 1 -y 810 -x 1 -attr @fillcolor #3a5fcd
load inst Tile_229_PLL TILE_PLL syn -hier Tile_229 -pg 1 -y 1 -x 11 -resize 80 80 -attr @cell PLL -attr @name {} -attr @fillcolor #ffffff
attribute {pin Tile_229_PLL LEFT} -attr @name {}
attribute {pin Tile_229_PLL RIGHT} -attr @name {}
attribute {pin Tile_229_PLL LEFT} -attr @fillcolor #ffffff
attribute {pin Tile_229_PLL RIGHT} -attr @fillcolor #ffffff
load inst Tile_229_Type TILE_TYPE syn -hier Tile_229 -pg 1 -y 1 -x 100 -resize 80 80 -attr @cell DAC -attr @name {} -attr @fillcolor #ffffff
attribute {pin Tile_229_Type LEFT} -attr @name {}
attribute {pin Tile_229_Type LEFT} -attr @fillcolor #ffffff
show
# Starting Split Pages                                                  408.52
# NoSplit 24 Comps, 0 Nets 0 NetBundles                                 408.52
# End of Split Pages                                                    408.52
# Generating Regions for Page 1:   24 Comps,    0 Nets                  408.52
# Analyze                                                               408.52
# Levelize                                                              408.52
# End of LevelAssign mode=I, 3 Levels, 2 Comps, limit=30000             408.52
# Nets                                                                  408.52
# Place                                                                 408.52
# PlaceNets                                                             408.52
# SpaceY                                                                408.52
# Track                                                                 408.52
# SpaceX                                                                408.52
# Wire                                                                  408.52
# End of Wire: 0 nets, 0 ch, wire: 0-->0 (0 with wbits)                 408.52
# End of doGenerate                                                     408.52
# Analyze                                                               408.52
# Levelize                                                              408.52
# End of LevelAssign mode=I, 3 Levels, 2 Comps, limit=30000             408.52
# Nets                                                                  408.52
# Place                                                                 408.52
# PlaceNets                                                             408.52
# SpaceY                                                                408.52
# Track                                                                 408.52
# SpaceX                                                                408.52
# Wire                                                                  408.52
# End of Wire: 0 nets, 0 ch, wire: 0-->0 (0 with wbits)                 408.52
# End of doGenerate                                                     408.52
# Analyze                                                               408.52
# Levelize                                                              408.52
# End of LevelAssign mode=I, 3 Levels, 2 Comps, limit=30000             408.52
# Nets                                                                  408.52
# Place                                                                 408.52
# PlaceNets                                                             408.52
# SpaceY                                                                408.52
# Track                                                                 408.52
# SpaceX                                                                408.52
# Wire                                                                  408.52
# End of Wire: 0 nets, 0 ch, wire: 0-->0 (0 with wbits)                 408.52
# End of doGenerate                                                     408.52
# Analyze                                                               408.52
# Levelize                                                              408.52
# End of LevelAssign mode=I, 3 Levels, 2 Comps, limit=30000             408.52
# Nets                                                                  408.52
# Place                                                                 408.52
# PlaceNets                                                             408.52
# SpaceY                                                                408.52
# Track                                                                 408.52
# SpaceX                                                                408.52
# Wire                                                                  408.52
# End of Wire: 0 nets, 0 ch, wire: 0-->0 (0 with wbits)                 408.52
# End of doGenerate                                                     408.52
# Analyze                                                               408.52
# Levelize                                                              408.52
# End of LevelAssign mode=I, 3 Levels, 2 Comps, limit=30000             408.52
# Nets                                                                  408.52
# Place                                                                 408.52
# PlaceNets                                                             408.52
# SpaceY                                                                408.52
# Track                                                                 408.52
# SpaceX                                                                408.52
# Wire                                                                  408.52
# End of Wire: 0 nets, 0 ch, wire: 0-->0 (0 with wbits)                 408.52
# End of doGenerate                                                     408.52
# Analyze                                                               408.52
# Levelize                                                              408.52
# End of LevelAssign mode=I, 3 Levels, 2 Comps, limit=30000             408.52
# Nets                                                                  408.52
# Place                                                                 408.52
# PlaceNets                                                             408.52
# SpaceY                                                                408.52
# Track                                                                 408.52
# SpaceX                                                                408.52
# Wire                                                                  408.52
# End of Wire: 0 nets, 0 ch, wire: 0-->0 (0 with wbits)                 408.52
# End of doGenerate                                                     408.52
# Analyze                                                               408.52
# Levelize                                                              408.52
# End of LevelAssign mode=I, 2 Levels, 12 Comps, limit=30000            408.52
# Nets                                                                  408.52
# Place                                                                 408.52
# PlaceNets                                                             408.52
# SpaceY                                                                408.52
# Track                                                                 408.52
# SpaceX                                                                408.52
# Wire                                                                  408.52
# End of Wire: 0 nets, 0 ch, wire: 0-->0 (0 with wbits)                 408.52
# End of doGenerate                                                     408.52
# End of Generating Regions for Page 1                                  408.52
scrollpos 44 336
zoom -x 0 -y 0 0.5
scrollpos 28 210
#R 0.5
#CMD scrollpos 0 0
scrollpos 0 0
increment -const
load net Tile_224.clk.tile.net -port Tile_224_clk -pin Tile_224 tilePin
load net Tile_224.clk.tile.type.net -hierPin Tile_224 tilePin -pin Tile_224_Type LEFT
show
# Starting Split Pages                                                  409.16
# NoSplit 24 Comps, 2 Nets 0 NetBundles                                 409.16
# End of Split Pages                                                    409.16
# Generating Regions for Page 1:   24 Comps,    2 Nets                  409.16
# Analyze                                                               409.16
# Levelize                                                              409.16
# End of LevelAssign mode=I, 3 Levels, 2 Comps, limit=30000             409.16
# Nets                                                                  409.16
# Place                                                                 409.16
# PlaceNets                                                             409.16
# SpaceY                                                                409.16
# Track                                                                 409.16
# SpaceX                                                                409.16
# Wire                                                                  409.16
# End of Wire: 0 nets, 0 ch, wire: 0-->0 (0 with wbits)                 409.16
# End of doGenerate                                                     409.16
# Analyze                                                               409.16
# Levelize                                                              409.16
# End of LevelAssign mode=I, 3 Levels, 2 Comps, limit=30000             409.16
# Nets                                                                  409.16
# Place                                                                 409.16
# PlaceNets                                                             409.16
# SpaceY                                                                409.16
# Track                                                                 409.16
# SpaceX                                                                409.16
# Wire                                                                  409.16
# End of Wire: 0 nets, 0 ch, wire: 0-->0 (0 with wbits)                 409.16
# End of doGenerate                                                     409.16
# Analyze                                                               409.16
# Levelize                                                              409.16
# End of LevelAssign mode=I, 3 Levels, 2 Comps, limit=30000             409.16
# Nets                                                                  409.16
# Place                                                                 409.16
# PlaceNets                                                             409.16
# SpaceY                                                                409.16
# Track                                                                 409.16
# SpaceX                                                                409.16
# Wire                                                                  409.16
# End of Wire: 0 nets, 0 ch, wire: 0-->0 (0 with wbits)                 409.16
# End of doGenerate                                                     409.16
# Analyze                                                               409.16
# Levelize                                                              409.16
# End of LevelAssign mode=I, 3 Levels, 2 Comps, limit=30000             409.16
# Nets                                                                  409.16
# Place                                                                 409.16
# PlaceNets                                                             409.16
# SpaceY                                                                409.16
# Track                                                                 409.16
# SpaceX                                                                409.16
# Wire                                                                  409.16
# End of Wire: 0 nets, 0 ch, wire: 0-->0 (0 with wbits)                 409.16
# End of doGenerate                                                     409.16
# Analyze                                                               409.16
# Levelize                                                              409.16
# End of LevelAssign mode=I, 3 Levels, 2 Comps, limit=30000             409.16
# Nets                                                                  409.16
# Place                                                                 409.16
# PlaceNets                                                             409.16
# SpaceY                                                                409.16
# Track                                                                 409.16
# SpaceX                                                                409.16
# Wire                                                                  409.16
# End of Wire: 0 nets, 0 ch, wire: 0-->0 (0 with wbits)                 409.16
# End of doGenerate                                                     409.16
# Analyze                                                               409.16
# Levelize                                                              409.16
# End of LevelAssign mode=I, 3 Levels, 3 Comps, limit=30000             409.16
# Nets                                                                  409.16
# Place                                                                 409.16
# PlaceNets                                                             409.16
# SpaceY                                                                409.16
# Track                                                                 409.16
# SpaceX                                                                409.16
# Wire                                                                  409.16
# End of Wire: 1 nets, 2 ch, wire: 6-->4 (0 with wbits)                 409.16
# End of doGenerate                                                     409.16
# Analyze                                                               409.16
# Levelize                                                              409.16
# End of LevelAssign mode=I, 2 Levels, 12 Comps, limit=30000            409.16
# Nets                                                                  409.16
# Place                                                                 409.16
# PlaceNets                                                             409.16
# SpaceY                                                                409.16
# Track                                                                 409.16
# SpaceX                                                                409.16
# Wire                                                                  409.16
# End of Wire: 1 nets, 1 ch, wire: 4-->4 (0 with wbits)                 409.16
# End of doGenerate                                                     409.16
# End of Generating Regions for Page 1                                  409.16
scrollpos -167 -340
fullfit
scrollpos -99 -44
scrollpos -99 -44
scrollpos -105 -45
increment -const
unload net Tile_224.clk.tile.net
increment -const
unload net Tile_224.clk.tile.type.net
increment -const
load net Tile_224.clk.tile.net -port Tile_224_clk -pin Tile_224 tilePin
load net Tile_224.clk.tile.type.net -hierPin Tile_224 tilePin -pin Tile_224_Type LEFT
load net Tile_228.clk.tile.net -port Tile_228_clk -pin Tile_228 tilePin
load net Tile_228.clk.tile.type.net -hierPin Tile_228 tilePin -pin Tile_228_Type LEFT
show
# Starting Split Pages                                                  410.52
# NoSplit 24 Comps, 4 Nets 0 NetBundles                                 410.52
# End of Split Pages                                                    410.52
# Generating Regions for Page 1:   24 Comps,    4 Nets                  410.52
# Analyze                                                               410.52
# Levelize                                                              410.52
# End of LevelAssign mode=I, 3 Levels, 3 Comps, limit=30000             410.52
# Nets                                                                  410.52
# Place                                                                 410.52
# PlaceNets                                                             410.52
# SpaceY                                                                410.52
# Track                                                                 410.52
# SpaceX                                                                410.52
# Wire                                                                  410.52
# End of Wire: 1 nets, 2 ch, wire: 6-->4 (0 with wbits)                 410.52
# End of doGenerate                                                     410.52
# Analyze                                                               410.52
# Levelize                                                              410.52
# End of LevelAssign mode=I, 3 Levels, 2 Comps, limit=30000             410.52
# Nets                                                                  410.52
# Place                                                                 410.52
# PlaceNets                                                             410.52
# SpaceY                                                                410.52
# Track                                                                 410.52
# SpaceX                                                                410.52
# Wire                                                                  410.52
# End of Wire: 0 nets, 0 ch, wire: 0-->0 (0 with wbits)                 410.52
# End of doGenerate                                                     410.52
# Analyze                                                               410.52
# Levelize                                                              410.52
# End of LevelAssign mode=I, 3 Levels, 2 Comps, limit=30000             410.52
# Nets                                                                  410.52
# Place                                                                 410.52
# PlaceNets                                                             410.52
# SpaceY                                                                410.52
# Track                                                                 410.52
# SpaceX                                                                410.52
# Wire                                                                  410.52
# End of Wire: 0 nets, 0 ch, wire: 0-->0 (0 with wbits)                 410.52
# End of doGenerate                                                     410.52
# Analyze                                                               410.52
# Levelize                                                              410.52
# End of LevelAssign mode=I, 3 Levels, 2 Comps, limit=30000             410.52
# Nets                                                                  410.52
# Place                                                                 410.52
# PlaceNets                                                             410.52
# SpaceY                                                                410.52
# Track                                                                 410.52
# SpaceX                                                                410.52
# Wire                                                                  410.52
# End of Wire: 0 nets, 0 ch, wire: 0-->0 (0 with wbits)                 410.52
# End of doGenerate                                                     410.52
# Analyze                                                               410.52
# Levelize                                                              410.52
# End of LevelAssign mode=I, 3 Levels, 2 Comps, limit=30000             410.52
# Nets                                                                  410.52
# Place                                                                 410.52
# PlaceNets                                                             410.52
# SpaceY                                                                410.52
# Track                                                                 410.52
# SpaceX                                                                410.52
# Wire                                                                  410.52
# End of Wire: 0 nets, 0 ch, wire: 0-->0 (0 with wbits)                 410.52
# End of doGenerate                                                     410.52
# Analyze                                                               410.52
# Levelize                                                              410.52
# End of LevelAssign mode=I, 3 Levels, 3 Comps, limit=30000             410.52
# Nets                                                                  410.52
# Place                                                                 410.52
# PlaceNets                                                             410.52
# SpaceY                                                                410.52
# Track                                                                 410.52
# SpaceX                                                                410.52
# Wire                                                                  410.52
# End of Wire: 1 nets, 2 ch, wire: 8-->6 (0 with wbits)                 410.52
# End of doGenerate                                                     410.52
# Analyze                                                               410.52
# Levelize                                                              410.52
# End of LevelAssign mode=I, 2 Levels, 12 Comps, limit=30000            410.52
# Nets                                                                  410.52
# Place                                                                 410.52
# PlaceNets                                                             410.52
# SpaceY                                                                410.52
# Track                                                                 410.52
# SpaceX                                                                410.52
# Wire                                                                  410.52
# End of Wire: 2 nets, 2 ch, wire: 8-->8 (0 with wbits)                 410.52
# End of doGenerate                                                     410.52
# End of Generating Regions for Page 1                                  410.52
scrollpos -105 -46
increment -const
unload net Tile_228.clk.tile.type.net
increment -const
unload net Tile_228.clk.tile.net
increment -const
unload net Tile_224.clk.tile.net
increment -const
unload net Tile_224.clk.tile.type.net
increment -const
load net Tile_224.clk.tile.net -port Tile_224_clk -pin Tile_224 tilePin
load net Tile_224.clk.tile.type.net -hierPin Tile_224 tilePin -pin Tile_224_Type LEFT
load net Tile_228.clk.tile.net -port Tile_228_clk -pin Tile_228 tilePin
load net Tile_228.clk.tile.type.net -hierPin Tile_228 tilePin -pin Tile_228_Type LEFT
show
# Starting Split Pages                                                  411.14
# NoSplit 24 Comps, 4 Nets 0 NetBundles                                 411.14
# End of Split Pages                                                    411.14
# Generating Regions for Page 1:   24 Comps,    4 Nets                  411.14
# Analyze                                                               411.14
# Levelize                                                              411.14
# End of LevelAssign mode=I, 3 Levels, 3 Comps, limit=30000             411.14
# Nets                                                                  411.14
# Place                                                                 411.14
# PlaceNets                                                             411.14
# SpaceY                                                                411.14
# Track                                                                 411.14
# SpaceX                                                                411.14
# Wire                                                                  411.14
# End of Wire: 1 nets, 2 ch, wire: 8-->6 (0 with wbits)                 411.14
# End of doGenerate                                                     411.14
# Analyze                                                               411.14
# Levelize                                                              411.14
# End of LevelAssign mode=I, 3 Levels, 2 Comps, limit=30000             411.14
# Nets                                                                  411.14
# Place                                                                 411.14
# PlaceNets                                                             411.14
# SpaceY                                                                411.14
# Track                                                                 411.14
# SpaceX                                                                411.14
# Wire                                                                  411.14
# End of Wire: 0 nets, 0 ch, wire: 0-->0 (0 with wbits)                 411.14
# End of doGenerate                                                     411.14
# Analyze                                                               411.14
# Levelize                                                              411.14
# End of LevelAssign mode=I, 3 Levels, 2 Comps, limit=30000             411.14
# Nets                                                                  411.14
# Place                                                                 411.14
# PlaceNets                                                             411.14
# SpaceY                                                                411.14
# Track                                                                 411.14
# SpaceX                                                                411.14
# Wire                                                                  411.14
# End of Wire: 0 nets, 0 ch, wire: 0-->0 (0 with wbits)                 411.14
# End of doGenerate                                                     411.14
# Analyze                                                               411.14
# Levelize                                                              411.14
# End of LevelAssign mode=I, 3 Levels, 2 Comps, limit=30000             411.14
# Nets                                                                  411.14
# Place                                                                 411.14
# PlaceNets                                                             411.14
# SpaceY                                                                411.14
# Track                                                                 411.14
# SpaceX                                                                411.14
# Wire                                                                  411.14
# End of Wire: 0 nets, 0 ch, wire: 0-->0 (0 with wbits)                 411.14
# End of doGenerate                                                     411.14
# Analyze                                                               411.14
# Levelize                                                              411.14
# End of LevelAssign mode=I, 3 Levels, 2 Comps, limit=30000             411.14
# Nets                                                                  411.14
# Place                                                                 411.14
# PlaceNets                                                             411.14
# SpaceY                                                                411.14
# Track                                                                 411.14
# SpaceX                                                                411.14
# Wire                                                                  411.14
# End of Wire: 0 nets, 0 ch, wire: 0-->0 (0 with wbits)                 411.14
# End of doGenerate                                                     411.14
# Analyze                                                               411.14
# Levelize                                                              411.14
# End of LevelAssign mode=I, 3 Levels, 3 Comps, limit=30000             411.14
# Nets                                                                  411.14
# Place                                                                 411.14
# PlaceNets                                                             411.14
# SpaceY                                                                411.14
# Track                                                                 411.14
# SpaceX                                                                411.14
# Wire                                                                  411.14
# End of Wire: 1 nets, 2 ch, wire: 8-->6 (0 with wbits)                 411.14
# End of doGenerate                                                     411.14
# Analyze                                                               411.14
# Levelize                                                              411.14
# End of LevelAssign mode=I, 2 Levels, 12 Comps, limit=30000            411.14
# Nets                                                                  411.14
# Place                                                                 411.14
# PlaceNets                                                             411.14
# SpaceY                                                                411.14
# Track                                                                 411.14
# SpaceX                                                                411.14
# Wire                                                                  411.14
# End of Wire: 2 nets, 2 ch, wire: 8-->8 (0 with wbits)                 411.14
# End of doGenerate                                                     411.14
# End of Generating Regions for Page 1                                  411.14
increment -const
unload net Tile_228.clk.tile.type.net
increment -const
unload net Tile_228.clk.tile.net
increment -const
unload net Tile_224.clk.tile.net
increment -const
unload net Tile_224.clk.tile.type.net
increment -const
load net Tile_224.clk.tile.net -port Tile_224_clk -pin Tile_224 tilePin
load net Tile_224.clk.tile.type.net -hierPin Tile_224 tilePin -pin Tile_224_Type LEFT
load net Tile_228.clk.tile.net -port Tile_228_clk -pin Tile_228 tilePin
load net Tile_228.clk.tile.type.net -hierPin Tile_228 tilePin -pin Tile_228_Type LEFT
show
# Starting Split Pages                                                  411.55
# NoSplit 24 Comps, 4 Nets 0 NetBundles                                 411.55
# End of Split Pages                                                    411.55
# Generating Regions for Page 1:   24 Comps,    4 Nets                  411.55
# Analyze                                                               411.55
# Levelize                                                              411.55
# End of LevelAssign mode=I, 3 Levels, 3 Comps, limit=30000             411.55
# Nets                                                                  411.55
# Place                                                                 411.55
# PlaceNets                                                             411.55
# SpaceY                                                                411.55
# Track                                                                 411.55
# SpaceX                                                                411.55
# Wire                                                                  411.55
# End of Wire: 1 nets, 2 ch, wire: 8-->6 (0 with wbits)                 411.55
# End of doGenerate                                                     411.55
# Analyze                                                               411.55
# Levelize                                                              411.55
# End of LevelAssign mode=I, 3 Levels, 2 Comps, limit=30000             411.55
# Nets                                                                  411.55
# Place                                                                 411.55
# PlaceNets                                                             411.55
# SpaceY                                                                411.55
# Track                                                                 411.55
# SpaceX                                                                411.55
# Wire                                                                  411.55
# End of Wire: 0 nets, 0 ch, wire: 0-->0 (0 with wbits)                 411.55
# End of doGenerate                                                     411.55
# Analyze                                                               411.55
# Levelize                                                              411.55
# End of LevelAssign mode=I, 3 Levels, 2 Comps, limit=30000             411.55
# Nets                                                                  411.55
# Place                                                                 411.55
# PlaceNets                                                             411.55
# SpaceY                                                                411.55
# Track                                                                 411.55
# SpaceX                                                                411.55
# Wire                                                                  411.55
# End of Wire: 0 nets, 0 ch, wire: 0-->0 (0 with wbits)                 411.55
# End of doGenerate                                                     411.55
# Analyze                                                               411.55
# Levelize                                                              411.55
# End of LevelAssign mode=I, 3 Levels, 2 Comps, limit=30000             411.55
# Nets                                                                  411.55
# Place                                                                 411.55
# PlaceNets                                                             411.55
# SpaceY                                                                411.55
# Track                                                                 411.55
# SpaceX                                                                411.55
# Wire                                                                  411.55
# End of Wire: 0 nets, 0 ch, wire: 0-->0 (0 with wbits)                 411.55
# End of doGenerate                                                     411.55
# Analyze                                                               411.55
# Levelize                                                              411.55
# End of LevelAssign mode=I, 3 Levels, 2 Comps, limit=30000             411.55
# Nets                                                                  411.55
# Place                                                                 411.55
# PlaceNets                                                             411.55
# SpaceY                                                                411.55
# Track                                                                 411.55
# SpaceX                                                                411.55
# Wire                                                                  411.55
# End of Wire: 0 nets, 0 ch, wire: 0-->0 (0 with wbits)                 411.55
# End of doGenerate                                                     411.55
# Analyze                                                               411.55
# Levelize                                                              411.55
# End of LevelAssign mode=I, 3 Levels, 3 Comps, limit=30000             411.55
# Nets                                                                  411.55
# Place                                                                 411.55
# PlaceNets                                                             411.55
# SpaceY                                                                411.55
# Track                                                                 411.55
# SpaceX                                                                411.55
# Wire                                                                  411.55
# End of Wire: 1 nets, 2 ch, wire: 8-->6 (0 with wbits)                 411.55
# End of doGenerate                                                     411.55
# Analyze                                                               411.55
# Levelize                                                              411.55
# End of LevelAssign mode=I, 2 Levels, 12 Comps, limit=30000            411.55
# Nets                                                                  411.55
# Place                                                                 411.55
# PlaceNets                                                             411.55
# SpaceY                                                                411.55
# Track                                                                 411.55
# SpaceX                                                                411.55
# Wire                                                                  411.55
# End of Wire: 2 nets, 2 ch, wire: 8-->8 (0 with wbits)                 411.55
# End of doGenerate                                                     411.55
# End of Generating Regions for Page 1                                  411.55
increment -const
unload net Tile_228.clk.tile.type.net
increment -const
unload net Tile_228.clk.tile.net
increment -const
unload net Tile_224.clk.tile.net
increment -const
unload net Tile_224.clk.tile.type.net
increment -const
load net Tile_224.clk.tile.net -port Tile_224_clk -pin Tile_224 tilePin
load net Tile_224.clk.tile.type.net -hierPin Tile_224 tilePin -pin Tile_224_Type LEFT
load net Tile_228.clk.tile.net -port Tile_228_clk -pin Tile_228 tilePin
load net Tile_228.clk.tile.type.net -hierPin Tile_228 tilePin -pin Tile_228_Type LEFT
show
# Starting Split Pages                                                  415.11
# NoSplit 24 Comps, 4 Nets 0 NetBundles                                 415.11
# End of Split Pages                                                    415.11
# Generating Regions for Page 1:   24 Comps,    4 Nets                  415.11
# Analyze                                                               415.11
# Levelize                                                              415.11
# End of LevelAssign mode=I, 3 Levels, 3 Comps, limit=30000             415.11
# Nets                                                                  415.11
# Place                                                                 415.11
# PlaceNets                                                             415.11
# SpaceY                                                                415.11
# Track                                                                 415.11
# SpaceX                                                                415.11
# Wire                                                                  415.11
# End of Wire: 1 nets, 2 ch, wire: 8-->6 (0 with wbits)                 415.11
# End of doGenerate                                                     415.11
# Analyze                                                               415.11
# Levelize                                                              415.11
# End of LevelAssign mode=I, 3 Levels, 2 Comps, limit=30000             415.11
# Nets                                                                  415.11
# Place                                                                 415.11
# PlaceNets                                                             415.11
# SpaceY                                                                415.11
# Track                                                                 415.11
# SpaceX                                                                415.11
# Wire                                                                  415.11
# End of Wire: 0 nets, 0 ch, wire: 0-->0 (0 with wbits)                 415.11
# End of doGenerate                                                     415.11
# Analyze                                                               415.11
# Levelize                                                              415.11
# End of LevelAssign mode=I, 3 Levels, 2 Comps, limit=30000             415.11
# Nets                                                                  415.11
# Place                                                                 415.11
# PlaceNets                                                             415.11
# SpaceY                                                                415.11
# Track                                                                 415.11
# SpaceX                                                                415.11
# Wire                                                                  415.11
# End of Wire: 0 nets, 0 ch, wire: 0-->0 (0 with wbits)                 415.11
# End of doGenerate                                                     415.11
# Analyze                                                               415.11
# Levelize                                                              415.11
# End of LevelAssign mode=I, 3 Levels, 2 Comps, limit=30000             415.11
# Nets                                                                  415.11
# Place                                                                 415.11
# PlaceNets                                                             415.11
# SpaceY                                                                415.11
# Track                                                                 415.11
# SpaceX                                                                415.11
# Wire                                                                  415.11
# End of Wire: 0 nets, 0 ch, wire: 0-->0 (0 with wbits)                 415.11
# End of doGenerate                                                     415.11
# Analyze                                                               415.11
# Levelize                                                              415.11
# End of LevelAssign mode=I, 3 Levels, 2 Comps, limit=30000             415.11
# Nets                                                                  415.11
# Place                                                                 415.11
# PlaceNets                                                             415.11
# SpaceY                                                                415.11
# Track                                                                 415.11
# SpaceX                                                                415.11
# Wire                                                                  415.11
# End of Wire: 0 nets, 0 ch, wire: 0-->0 (0 with wbits)                 415.11
# End of doGenerate                                                     415.11
# Analyze                                                               415.11
# Levelize                                                              415.11
# End of LevelAssign mode=I, 3 Levels, 3 Comps, limit=30000             415.11
# Nets                                                                  415.11
# Place                                                                 415.11
# PlaceNets                                                             415.11
# SpaceY                                                                415.11
# Track                                                                 415.11
# SpaceX                                                                415.11
# Wire                                                                  415.11
# End of Wire: 1 nets, 2 ch, wire: 8-->6 (0 with wbits)                 415.11
# End of doGenerate                                                     415.11
# Analyze                                                               415.11
# Levelize                                                              415.11
# End of LevelAssign mode=I, 2 Levels, 12 Comps, limit=30000            415.11
# Nets                                                                  415.11
# Place                                                                 415.11
# PlaceNets                                                             415.11
# SpaceY                                                                415.11
# Track                                                                 415.11
# SpaceX                                                                415.11
# Wire                                                                  415.11
# End of Wire: 2 nets, 2 ch, wire: 8-->8 (0 with wbits)                 415.11
# End of doGenerate                                                     415.11
# End of Generating Regions for Page 1                                  415.11
increment -const
unload net Tile_228.clk.tile.type.net
increment -const
unload net Tile_228.clk.tile.net
increment -const
unload net Tile_224.clk.tile.net
increment -const
unload net Tile_224.clk.tile.type.net
increment -const
load net Tile_224.clk.tile.net -port Tile_224_clk -pin Tile_224 tilePin
load net Tile_224.clk.tile.type.net -hierPin Tile_224 tilePin -pin Tile_224_Type LEFT
load net Tile_228.clk.tile.net -port Tile_228_clk -pin Tile_228 tilePin
load net Tile_228.clk.tile.type.net -hierPin Tile_228 tilePin -pin Tile_228_Type LEFT
show
# Starting Split Pages                                                  415.75
# NoSplit 24 Comps, 4 Nets 0 NetBundles                                 415.75
# End of Split Pages                                                    415.75
# Generating Regions for Page 1:   24 Comps,    4 Nets                  415.75
# Analyze                                                               415.75
# Levelize                                                              415.75
# End of LevelAssign mode=I, 3 Levels, 3 Comps, limit=30000             415.75
# Nets                                                                  415.75
# Place                                                                 415.75
# PlaceNets                                                             415.75
# SpaceY                                                                415.75
# Track                                                                 415.75
# SpaceX                                                                415.75
# Wire                                                                  415.75
# End of Wire: 1 nets, 2 ch, wire: 8-->6 (0 with wbits)                 415.75
# End of doGenerate                                                     415.75
# Analyze                                                               415.75
# Levelize                                                              415.75
# End of LevelAssign mode=I, 3 Levels, 2 Comps, limit=30000             415.75
# Nets                                                                  415.75
# Place                                                                 415.75
# PlaceNets                                                             415.75
# SpaceY                                                                415.75
# Track                                                                 415.75
# SpaceX                                                                415.75
# Wire                                                                  415.75
# End of Wire: 0 nets, 0 ch, wire: 0-->0 (0 with wbits)                 415.75
# End of doGenerate                                                     415.75
# Analyze                                                               415.75
# Levelize                                                              415.75
# End of LevelAssign mode=I, 3 Levels, 2 Comps, limit=30000             415.75
# Nets                                                                  415.75
# Place                                                                 415.75
# PlaceNets                                                             415.75
# SpaceY                                                                415.75
# Track                                                                 415.75
# SpaceX                                                                415.75
# Wire                                                                  415.75
# End of Wire: 0 nets, 0 ch, wire: 0-->0 (0 with wbits)                 415.75
# End of doGenerate                                                     415.75
# Analyze                                                               415.75
# Levelize                                                              415.75
# End of LevelAssign mode=I, 3 Levels, 2 Comps, limit=30000             415.75
# Nets                                                                  415.75
# Place                                                                 415.75
# PlaceNets                                                             415.75
# SpaceY                                                                415.75
# Track                                                                 415.75
# SpaceX                                                                415.75
# Wire                                                                  415.75
# End of Wire: 0 nets, 0 ch, wire: 0-->0 (0 with wbits)                 415.75
# End of doGenerate                                                     415.75
# Analyze                                                               415.75
# Levelize                                                              415.75
# End of LevelAssign mode=I, 3 Levels, 2 Comps, limit=30000             415.75
# Nets                                                                  415.75
# Place                                                                 415.75
# PlaceNets                                                             415.75
# SpaceY                                                                415.75
# Track                                                                 415.75
# SpaceX                                                                415.75
# Wire                                                                  415.75
# End of Wire: 0 nets, 0 ch, wire: 0-->0 (0 with wbits)                 415.75
# End of doGenerate                                                     415.75
# Analyze                                                               415.75
# Levelize                                                              415.75
# End of LevelAssign mode=I, 3 Levels, 3 Comps, limit=30000             415.75
# Nets                                                                  415.75
# Place                                                                 415.75
# PlaceNets                                                             415.75
# SpaceY                                                                415.75
# Track                                                                 415.75
# SpaceX                                                                415.75
# Wire                                                                  415.75
# End of Wire: 1 nets, 2 ch, wire: 8-->6 (0 with wbits)                 415.75
# End of doGenerate                                                     415.75
# Analyze                                                               415.75
# Levelize                                                              415.75
# End of LevelAssign mode=I, 2 Levels, 12 Comps, limit=30000            415.75
# Nets                                                                  415.75
# Place                                                                 415.75
# PlaceNets                                                             415.75
# SpaceY                                                                415.75
# Track                                                                 415.75
# SpaceX                                                                415.75
# Wire                                                                  415.75
# End of Wire: 2 nets, 2 ch, wire: 8-->8 (0 with wbits)                 415.75
# End of doGenerate                                                     415.75
# End of Generating Regions for Page 1                                  415.75
increment -const
unload net Tile_228.clk.tile.type.net
increment -const
unload net Tile_228.clk.tile.net
increment -const
unload net Tile_224.clk.tile.net
increment -const
unload net Tile_224.clk.tile.type.net
increment -const
load net Tile_224.clk.tile.net -port Tile_224_clk -pin Tile_224 tilePin
load net Tile_224.clk.tile.pll.net -hierPin Tile_224 tilePin -pin Tile_224_PLL LEFT
load net Tile_224.clk.tile.pll.type.net -pin Tile_224_PLL RIGHT -pin Tile_224_Type LEFT
load net Tile_228.clk.tile.net -port Tile_228_clk -pin Tile_228 tilePin
load net Tile_228.clk.tile.type.net -hierPin Tile_228 tilePin -pin Tile_228_Type LEFT
show
# Starting Split Pages                                                  415.86
# NoSplit 24 Comps, 5 Nets 0 NetBundles                                 415.86
# End of Split Pages                                                    415.86
# Generating Regions for Page 1:   24 Comps,    5 Nets                  415.86
# Analyze                                                               415.86
# Levelize                                                              415.86
# End of LevelAssign mode=I, 3 Levels, 3 Comps, limit=30000             415.86
# Nets                                                                  415.86
# Place                                                                 415.86
# PlaceNets                                                             415.86
# SpaceY                                                                415.86
# Track                                                                 415.86
# SpaceX                                                                415.86
# Wire                                                                  415.86
# End of Wire: 1 nets, 2 ch, wire: 8-->6 (0 with wbits)                 415.86
# End of doGenerate                                                     415.86
# Analyze                                                               415.86
# Levelize                                                              415.86
# End of LevelAssign mode=I, 3 Levels, 2 Comps, limit=30000             415.86
# Nets                                                                  415.86
# Place                                                                 415.86
# PlaceNets                                                             415.86
# SpaceY                                                                415.86
# Track                                                                 415.86
# SpaceX                                                                415.86
# Wire                                                                  415.86
# End of Wire: 0 nets, 0 ch, wire: 0-->0 (0 with wbits)                 415.86
# End of doGenerate                                                     415.86
# Analyze                                                               415.86
# Levelize                                                              415.86
# End of LevelAssign mode=I, 3 Levels, 2 Comps, limit=30000             415.86
# Nets                                                                  415.86
# Place                                                                 415.86
# PlaceNets                                                             415.86
# SpaceY                                                                415.86
# Track                                                                 415.86
# SpaceX                                                                415.86
# Wire                                                                  415.86
# End of Wire: 0 nets, 0 ch, wire: 0-->0 (0 with wbits)                 415.86
# End of doGenerate                                                     415.86
# Analyze                                                               415.86
# Levelize                                                              415.86
# End of LevelAssign mode=I, 3 Levels, 2 Comps, limit=30000             415.86
# Nets                                                                  415.86
# Place                                                                 415.86
# PlaceNets                                                             415.86
# SpaceY                                                                415.86
# Track                                                                 415.86
# SpaceX                                                                415.86
# Wire                                                                  415.86
# End of Wire: 0 nets, 0 ch, wire: 0-->0 (0 with wbits)                 415.86
# End of doGenerate                                                     415.86
# Analyze                                                               415.86
# Levelize                                                              415.86
# End of LevelAssign mode=I, 3 Levels, 2 Comps, limit=30000             415.86
# Nets                                                                  415.86
# Place                                                                 415.86
# PlaceNets                                                             415.86
# SpaceY                                                                415.86
# Track                                                                 415.86
# SpaceX                                                                415.86
# Wire                                                                  415.86
# End of Wire: 0 nets, 0 ch, wire: 0-->0 (0 with wbits)                 415.86
# End of doGenerate                                                     415.86
# Analyze                                                               415.86
# Levelize                                                              415.86
# End of LevelAssign mode=I, 3 Levels, 3 Comps, limit=30000             415.86
# Nets                                                                  415.86
# Place                                                                 415.86
# PlaceNets                                                             415.86
# SpaceY                                                                415.86
# Track                                                                 415.86
# SpaceX                                                                415.86
# Wire                                                                  415.86
# End of Wire: 2 nets, 2 ch, wire: 6-->6 (0 with wbits)                 415.86
# End of doGenerate                                                     415.86
# Analyze                                                               415.86
# Levelize                                                              415.86
# End of LevelAssign mode=I, 2 Levels, 12 Comps, limit=30000            415.86
# Nets                                                                  415.86
# Place                                                                 415.86
# PlaceNets                                                             415.86
# SpaceY                                                                415.86
# Track                                                                 415.86
# SpaceX                                                                415.86
# Wire                                                                  415.86
# End of Wire: 2 nets, 2 ch, wire: 8-->8 (0 with wbits)                 415.86
# End of doGenerate                                                     415.86
# End of Generating Regions for Page 1                                  415.86
increment -const
unload net Tile_228.clk.tile.type.net
increment -const
unload net Tile_224.clk.tile.pll.type.net
increment -const
unload net Tile_228.clk.tile.net
increment -const
unload net Tile_224.clk.tile.net
increment -const
unload net Tile_224.clk.tile.pll.net
increment -const
load net Tile_224.clk.tile.net -port Tile_224_clk -pin Tile_224 tilePin
load net Tile_224.clk.tile.pll.net -hierPin Tile_224 tilePin -pin Tile_224_PLL LEFT
load net Tile_224.clk.tile.pll.type.net -pin Tile_224_PLL RIGHT -pin Tile_224_Type LEFT
load net Tile_228.clk.tile.net -port Tile_228_clk -pin Tile_228 tilePin
load net Tile_228.clk.tile.pll.net -hierPin Tile_228 tilePin -pin Tile_228_PLL LEFT
load net Tile_228.clk.tile.pll.type.net -pin Tile_228_PLL RIGHT -pin Tile_228_Type LEFT
show
# Starting Split Pages                                                  416.36
# NoSplit 24 Comps, 6 Nets 0 NetBundles                                 416.36
# End of Split Pages                                                    416.36
# Generating Regions for Page 1:   24 Comps,    6 Nets                  416.36
# Analyze                                                               416.36
# Levelize                                                              416.36
# End of LevelAssign mode=I, 3 Levels, 3 Comps, limit=30000             416.36
# Nets                                                                  416.36
# Place                                                                 416.36
# PlaceNets                                                             416.36
# SpaceY                                                                416.36
# Track                                                                 416.36
# SpaceX                                                                416.36
# Wire                                                                  416.36
# End of Wire: 2 nets, 2 ch, wire: 8-->8 (0 with wbits)                 416.36
# End of doGenerate                                                     416.36
# Analyze                                                               416.36
# Levelize                                                              416.36
# End of LevelAssign mode=I, 3 Levels, 2 Comps, limit=30000             416.36
# Nets                                                                  416.36
# Place                                                                 416.36
# PlaceNets                                                             416.36
# SpaceY                                                                416.36
# Track                                                                 416.36
# SpaceX                                                                416.36
# Wire                                                                  416.36
# End of Wire: 0 nets, 0 ch, wire: 0-->0 (0 with wbits)                 416.36
# End of doGenerate                                                     416.36
# Analyze                                                               416.36
# Levelize                                                              416.36
# End of LevelAssign mode=I, 3 Levels, 2 Comps, limit=30000             416.36
# Nets                                                                  416.36
# Place                                                                 416.36
# PlaceNets                                                             416.36
# SpaceY                                                                416.36
# Track                                                                 416.36
# SpaceX                                                                416.36
# Wire                                                                  416.36
# End of Wire: 0 nets, 0 ch, wire: 0-->0 (0 with wbits)                 416.36
# End of doGenerate                                                     416.36
# Analyze                                                               416.36
# Levelize                                                              416.36
# End of LevelAssign mode=I, 3 Levels, 2 Comps, limit=30000             416.36
# Nets                                                                  416.36
# Place                                                                 416.36
# PlaceNets                                                             416.36
# SpaceY                                                                416.36
# Track                                                                 416.36
# SpaceX                                                                416.36
# Wire                                                                  416.36
# End of Wire: 0 nets, 0 ch, wire: 0-->0 (0 with wbits)                 416.36
# End of doGenerate                                                     416.36
# Analyze                                                               416.36
# Levelize                                                              416.36
# End of LevelAssign mode=I, 3 Levels, 2 Comps, limit=30000             416.36
# Nets                                                                  416.36
# Place                                                                 416.36
# PlaceNets                                                             416.36
# SpaceY                                                                416.36
# Track                                                                 416.36
# SpaceX                                                                416.36
# Wire                                                                  416.36
# End of Wire: 0 nets, 0 ch, wire: 0-->0 (0 with wbits)                 416.36
# End of doGenerate                                                     416.36
# Analyze                                                               416.36
# Levelize                                                              416.36
# End of LevelAssign mode=I, 3 Levels, 3 Comps, limit=30000             416.36
# Nets                                                                  416.36
# Place                                                                 416.36
# PlaceNets                                                             416.36
# SpaceY                                                                416.36
# Track                                                                 416.36
# SpaceX                                                                416.36
# Wire                                                                  416.36
# End of Wire: 2 nets, 2 ch, wire: 6-->6 (0 with wbits)                 416.36
# End of doGenerate                                                     416.36
# Analyze                                                               416.36
# Levelize                                                              416.36
# End of LevelAssign mode=I, 2 Levels, 12 Comps, limit=30000            416.36
# Nets                                                                  416.36
# Place                                                                 416.36
# PlaceNets                                                             416.36
# SpaceY                                                                416.36
# Track                                                                 416.36
# SpaceX                                                                416.36
# Wire                                                                  416.36
# End of Wire: 2 nets, 2 ch, wire: 8-->8 (0 with wbits)                 416.36
# End of doGenerate                                                     416.36
# End of Generating Regions for Page 1                                  416.36
increment -const
unload net Tile_224.clk.tile.pll.type.net
increment -const
unload net Tile_228.clk.tile.net
increment -const
unload net Tile_228.clk.tile.pll.net
increment -const
unload net Tile_224.clk.tile.net
increment -const
unload net Tile_224.clk.tile.pll.net
increment -const
unload net Tile_228.clk.tile.pll.type.net
increment -const
load net Tile_224.clk.tile.net -port Tile_224_clk -pin Tile_224 tilePin
load net Tile_224.clk.tile.pll.net -hierPin Tile_224 tilePin -pin Tile_224_PLL LEFT
load net Tile_224.clk.tile.pll.type.net -pin Tile_224_PLL RIGHT -pin Tile_224_Type LEFT
load net Tile_228.clk.tile.net -port Tile_228_clk -pin Tile_228 tilePin
load net Tile_228.clk.tile.pll.net -hierPin Tile_228 tilePin -pin Tile_228_PLL LEFT
load net Tile_228.clk.tile.pll.type.net -pin Tile_228_PLL RIGHT -pin Tile_228_Type LEFT
show
# Starting Split Pages                                                  417.02
# NoSplit 24 Comps, 6 Nets 0 NetBundles                                 417.02
# End of Split Pages                                                    417.02
# Generating Regions for Page 1:   24 Comps,    6 Nets                  417.02
# Analyze                                                               417.02
# Levelize                                                              417.02
# End of LevelAssign mode=I, 3 Levels, 3 Comps, limit=30000             417.02
# Nets                                                                  417.02
# Place                                                                 417.02
# PlaceNets                                                             417.02
# SpaceY                                                                417.02
# Track                                                                 417.02
# SpaceX                                                                417.02
# Wire                                                                  417.02
# End of Wire: 2 nets, 2 ch, wire: 8-->8 (0 with wbits)                 417.02
# End of doGenerate                                                     417.02
# Analyze                                                               417.02
# Levelize                                                              417.02
# End of LevelAssign mode=I, 3 Levels, 2 Comps, limit=30000             417.02
# Nets                                                                  417.02
# Place                                                                 417.02
# PlaceNets                                                             417.02
# SpaceY                                                                417.02
# Track                                                                 417.02
# SpaceX                                                                417.02
# Wire                                                                  417.02
# End of Wire: 0 nets, 0 ch, wire: 0-->0 (0 with wbits)                 417.02
# End of doGenerate                                                     417.02
# Analyze                                                               417.02
# Levelize                                                              417.02
# End of LevelAssign mode=I, 3 Levels, 2 Comps, limit=30000             417.02
# Nets                                                                  417.02
# Place                                                                 417.02
# PlaceNets                                                             417.02
# SpaceY                                                                417.02
# Track                                                                 417.02
# SpaceX                                                                417.02
# Wire                                                                  417.02
# End of Wire: 0 nets, 0 ch, wire: 0-->0 (0 with wbits)                 417.02
# End of doGenerate                                                     417.02
# Analyze                                                               417.02
# Levelize                                                              417.02
# End of LevelAssign mode=I, 3 Levels, 2 Comps, limit=30000             417.02
# Nets                                                                  417.02
# Place                                                                 417.02
# PlaceNets                                                             417.02
# SpaceY                                                                417.02
# Track                                                                 417.02
# SpaceX                                                                417.02
# Wire                                                                  417.02
# End of Wire: 0 nets, 0 ch, wire: 0-->0 (0 with wbits)                 417.02
# End of doGenerate                                                     417.02
# Analyze                                                               417.02
# Levelize                                                              417.02
# End of LevelAssign mode=I, 3 Levels, 2 Comps, limit=30000             417.02
# Nets                                                                  417.02
# Place                                                                 417.02
# PlaceNets                                                             417.02
# SpaceY                                                                417.02
# Track                                                                 417.02
# SpaceX                                                                417.02
# Wire                                                                  417.02
# End of Wire: 0 nets, 0 ch, wire: 0-->0 (0 with wbits)                 417.02
# End of doGenerate                                                     417.02
# Analyze                                                               417.02
# Levelize                                                              417.02
# End of LevelAssign mode=I, 3 Levels, 3 Comps, limit=30000             417.02
# Nets                                                                  417.02
# Place                                                                 417.02
# PlaceNets                                                             417.02
# SpaceY                                                                417.02
# Track                                                                 417.02
# SpaceX                                                                417.02
# Wire                                                                  417.02
# End of Wire: 2 nets, 2 ch, wire: 6-->6 (0 with wbits)                 417.02
# End of doGenerate                                                     417.02
# Analyze                                                               417.02
# Levelize                                                              417.02
# End of LevelAssign mode=I, 2 Levels, 12 Comps, limit=30000            417.02
# Nets                                                                  417.02
# Place                                                                 417.02
# PlaceNets                                                             417.02
# SpaceY                                                                417.02
# Track                                                                 417.02
# SpaceX                                                                417.02
# Wire                                                                  417.02
# End of Wire: 2 nets, 2 ch, wire: 8-->8 (0 with wbits)                 417.02
# End of doGenerate                                                     417.02
# End of Generating Regions for Page 1                                  417.02
increment -const
unload net Tile_224.clk.tile.pll.type.net
increment -const
unload net Tile_228.clk.tile.net
increment -const
unload net Tile_228.clk.tile.pll.net
increment -const
unload net Tile_224.clk.tile.net
increment -const
unload net Tile_224.clk.tile.pll.net
increment -const
unload net Tile_228.clk.tile.pll.type.net
increment -const
load net Tile_224.clk.tile.net -port Tile_224_clk -pin Tile_224 tilePin
load net Tile_224.clk.tile.pll.net -hierPin Tile_224 tilePin -pin Tile_224_PLL LEFT
load net Tile_224.clk.tile.pll.type.net -pin Tile_224_PLL RIGHT -pin Tile_224_Type LEFT
load net Tile_228.clk.tile.net -port Tile_228_clk -pin Tile_228 tilePin
load net Tile_228.clk.tile.pll.net -hierPin Tile_228 tilePin -pin Tile_228_PLL LEFT
load net Tile_228.clk.tile.pll.type.net -pin Tile_228_PLL RIGHT -pin Tile_228_Type LEFT
show
# Starting Split Pages                                                  418.45
# NoSplit 24 Comps, 6 Nets 0 NetBundles                                 418.45
# End of Split Pages                                                    418.45
# Generating Regions for Page 1:   24 Comps,    6 Nets                  418.45
# Analyze                                                               418.45
# Levelize                                                              418.45
# End of LevelAssign mode=I, 3 Levels, 3 Comps, limit=30000             418.45
# Nets                                                                  418.45
# Place                                                                 418.45
# PlaceNets                                                             418.45
# SpaceY                                                                418.45
# Track                                                                 418.45
# SpaceX                                                                418.45
# Wire                                                                  418.45
# End of Wire: 2 nets, 2 ch, wire: 8-->8 (0 with wbits)                 418.45
# End of doGenerate                                                     418.45
# Analyze                                                               418.45
# Levelize                                                              418.45
# End of LevelAssign mode=I, 3 Levels, 2 Comps, limit=30000             418.45
# Nets                                                                  418.45
# Place                                                                 418.45
# PlaceNets                                                             418.45
# SpaceY                                                                418.45
# Track                                                                 418.45
# SpaceX                                                                418.45
# Wire                                                                  418.45
# End of Wire: 0 nets, 0 ch, wire: 0-->0 (0 with wbits)                 418.45
# End of doGenerate                                                     418.45
# Analyze                                                               418.45
# Levelize                                                              418.45
# End of LevelAssign mode=I, 3 Levels, 2 Comps, limit=30000             418.45
# Nets                                                                  418.45
# Place                                                                 418.45
# PlaceNets                                                             418.45
# SpaceY                                                                418.45
# Track                                                                 418.45
# SpaceX                                                                418.45
# Wire                                                                  418.45
# End of Wire: 0 nets, 0 ch, wire: 0-->0 (0 with wbits)                 418.45
# End of doGenerate                                                     418.45
# Analyze                                                               418.45
# Levelize                                                              418.45
# End of LevelAssign mode=I, 3 Levels, 2 Comps, limit=30000             418.45
# Nets                                                                  418.45
# Place                                                                 418.45
# PlaceNets                                                             418.45
# SpaceY                                                                418.45
# Track                                                                 418.45
# SpaceX                                                                418.45
# Wire                                                                  418.45
# End of Wire: 0 nets, 0 ch, wire: 0-->0 (0 with wbits)                 418.45
# End of doGenerate                                                     418.45
# Analyze                                                               418.45
# Levelize                                                              418.45
# End of LevelAssign mode=I, 3 Levels, 2 Comps, limit=30000             418.45
# Nets                                                                  418.45
# Place                                                                 418.45
# PlaceNets                                                             418.45
# SpaceY                                                                418.45
# Track                                                                 418.45
# SpaceX                                                                418.45
# Wire                                                                  418.45
# End of Wire: 0 nets, 0 ch, wire: 0-->0 (0 with wbits)                 418.45
# End of doGenerate                                                     418.45
# Analyze                                                               418.45
# Levelize                                                              418.45
# End of LevelAssign mode=I, 3 Levels, 3 Comps, limit=30000             418.45
# Nets                                                                  418.45
# Place                                                                 418.45
# PlaceNets                                                             418.45
# SpaceY                                                                418.45
# Track                                                                 418.45
# SpaceX                                                                418.45
# Wire                                                                  418.45
# End of Wire: 2 nets, 2 ch, wire: 6-->6 (0 with wbits)                 418.45
# End of doGenerate                                                     418.45
# Analyze                                                               418.45
# Levelize                                                              418.45
# End of LevelAssign mode=I, 2 Levels, 12 Comps, limit=30000            418.45
# Nets                                                                  418.45
# Place                                                                 418.45
# PlaceNets                                                             418.45
# SpaceY                                                                418.45
# Track                                                                 418.45
# SpaceX                                                                418.45
# Wire                                                                  418.45
# End of Wire: 2 nets, 2 ch, wire: 8-->8 (0 with wbits)                 418.45
# End of doGenerate                                                     418.45
# End of Generating Regions for Page 1                                  418.45
