#-----------------------------------------------------------
# Vivado v2024.1 (64-bit)
# SW Build 5076996 on Wed May 22 18:37:14 MDT 2024
# IP Build 5075265 on Wed May 22 21:45:21 MDT 2024
# SharedData Build 5076995 on Wed May 22 18:29:18 MDT 2024
# Start of session at: Wed Feb 26 08:52:55 2025
# Process ID: 16308
# Current directory: C:/Users/clb20123/Documents/FO-RFSoC-4YP/2x2_files/omg_please_work
# Command line: vivado.exe -gui_launcher_event rodinguilauncherevent18664 C:\Users\clb20123\Documents\FO-RFSoC-4YP\2x2_files\omg_please_work\omg_please_work.xpr
# Log file: C:/Users/clb20123/Documents/FO-RFSoC-4YP/2x2_files/omg_please_work/vivado.log
# Journal file: C:/Users/clb20123/Documents/FO-RFSoC-4YP/2x2_files/omg_please_work\vivado.jou
# Running On        :EEE-R446-34
# Platform          :Windows Server 2016 or Windows 10
# Operating System  :19045
# Processor Detail  :13th Gen Intel(R) Core(TM) i5-13500
# CPU Frequency     :2496 MHz
# CPU Physical cores:14
# CPU Logical cores :20
# Host memory       :16833 MB
# Swap memory       :2550 MB
# Total Virtual     :19383 MB
# Available Virtual :10747 MB
#-----------------------------------------------------------
start_gui
open_project C:/Users/clb20123/Documents/FO-RFSoC-4YP/2x2_files/omg_please_work/omg_please_work.xpr
Scanning sources...
Finished scanning sources
WARNING: [Board 49-26] cannot add Board Part xilinx.com:vek280_es:part0:1.0 available at C:/Xilinx/Vivado/2024.1/data/xhub/boards/XilinxBoardStore/boards/Xilinx/vek280/es/rev_a/1.0/board.xml as part xcve2802-vsvh1760-2lp-e-s-es1 specified in board_part file is either invalid or not available
WARNING: [Board 49-26] cannot add Board Part xilinx.com:vek280_es:part0:1.1 available at C:/Xilinx/Vivado/2024.1/data/xhub/boards/XilinxBoardStore/boards/Xilinx/vek280/es/rev_a/1.1/board.xml as part xcve2802-vsvh1760-2lp-e-s-es1 specified in board_part file is either invalid or not available
WARNING: [Board 49-26] cannot add Board Part xilinx.com:vek280_es_revb:part0:1.0 available at C:/Xilinx/Vivado/2024.1/data/xhub/boards/XilinxBoardStore/boards/Xilinx/vek280/es/rev_b/1.0/board.xml as part xcve2802-vsvh1760-2mp-e-s-es1 specified in board_part file is either invalid or not available
WARNING: [Board 49-26] cannot add Board Part xilinx.com:vek280_es_revb:part0:1.1 available at C:/Xilinx/Vivado/2024.1/data/xhub/boards/XilinxBoardStore/boards/Xilinx/vek280/es/rev_b/1.1/board.xml as part xcve2802-vsvh1760-2mp-e-s-es1 specified in board_part file is either invalid or not available
WARNING: [Board 49-26] cannot add Board Part xilinx.com:vhk158_es:part0:1.0 available at C:/Xilinx/Vivado/2024.1/data/xhub/boards/XilinxBoardStore/boards/Xilinx/vhk158/es/1.0/board.xml as part xcvh1582-vsva3697-2mp-e-s-es1 specified in board_part file is either invalid or not available
WARNING: [Board 49-26] cannot add Board Part xilinx.com:vhk158_es:part0:1.1 available at C:/Xilinx/Vivado/2024.1/data/xhub/boards/XilinxBoardStore/boards/Xilinx/vhk158/es/1.1/board.xml as part xcvh1582-vsva3697-2mp-e-s-es1 specified in board_part file is either invalid or not available
WARNING: [Board 49-26] cannot add Board Part xilinx.com:zcu208ld:part0:2.0 available at C:/Xilinx/Vivado/2024.1/data/xhub/boards/XilinxBoardStore/boards/Xilinx/zcu208ld/production/2.0/board.xml as part xczu58dr-fsvg1517-2-i specified in board_part file is either invalid or not available
WARNING: [Board 49-26] cannot add Board Part xilinx.com:zcu216ld:part0:2.0 available at C:/Xilinx/Vivado/2024.1/data/xhub/boards/XilinxBoardStore/boards/Xilinx/zcu216ld/production/2.0/board.xml as part xczu59dr-ffvf1760-2-i specified in board_part file is either invalid or not available
WARNING: [Board 49-26] cannot add Board Part xilinx.com:zcu670ld:part0:1.0 available at C:/Xilinx/Vivado/2024.1/data/xhub/boards/XilinxBoardStore/boards/Xilinx/zcu670ld/1.0/board.xml as part xczu57dr-fsve1156-2-i specified in board_part file is either invalid or not available
INFO: [IP_Flow 19-234] Refreshing IP repositories
INFO: [IP_Flow 19-1700] Loaded user IP repository 'c:/Users/clb20123/Documents/FO-RFSoC-4YP/RFX_files/demodulate/netlist/ip'.
INFO: [IP_Flow 19-1700] Loaded user IP repository 'c:/Users/clb20123/Documents/FO-RFSoC-4YP/RFX_files/modulate/netlist/ip'.
INFO: [IP_Flow 19-2313] Loaded Vivado IP repository 'C:/Xilinx/Vivado/2024.1/data/ip'.
open_project: Time (s): cpu = 00:00:18 ; elapsed = 00:00:46 . Memory (MB): peak = 1596.574 ; gain = 387.977
update_compile_order -fileset sources_1
open_bd_design {C:/Users/clb20123/Documents/FO-RFSoC-4YP/2x2_files/omg_please_work/omg_please_work.srcs/sources_1/bd/design_1/design_1.bd}
Reading block design file <C:/Users/clb20123/Documents/FO-RFSoC-4YP/2x2_files/omg_please_work/omg_please_work.srcs/sources_1/bd/design_1/design_1.bd>...
Adding component instance block -- strath.ac.uk:SysGen:Receiver:1.0 - Receiver_0
Adding component instance block -- xilinx.com:ip:zynq_ultra_ps_e:3.5 - zynq_ultra_ps_e_0
Adding component instance block -- xilinx.com:ip:usp_rf_data_converter:2.6 - usp_rf_data_converter_0
INFO: Ultrascale+ RF Data Converter instance: Clock port 'adc0_clk' frequency is set to 15625000
INFO: Ultrascale+ RF Data Converter instance: Clock port 'dac0_clk' frequency is set to 50000000
Adding component instance block -- strath.ac.uk:SysGen:Data_generation:1.0 - Data_generation_0
Adding component instance block -- xilinx.com:ip:axi_dma:7.1 - axi_dma
Adding component instance block -- xilinx.com:ip:smartconnect:1.0 - axi_smc
Adding component instance block -- xilinx.com:ip:proc_sys_reset:5.0 - rst_ps8_0_96M
Adding component instance block -- xilinx.com:ip:axi_fifo_mm_s:4.3 - axi_fifo_mm_s
Adding component instance block -- xilinx.com:ip:axi_interconnect:2.1 - ps8_0_axi_periph
Adding component instance block -- xilinx.com:ip:axi_crossbar:2.1 - xbar
Adding component instance block -- xilinx.com:ip:axi_protocol_converter:2.1 - auto_pc
Adding component instance block -- xilinx.com:ip:xlconstant:1.1 - xlconstant_0
Excluding slave segment /zynq_ultra_ps_e_0/SAXIGP0/HPC0_LPS_OCM from address space /axi_dma/Data_MM2S.
Successfully read diagram <design_1> from block design file <C:/Users/clb20123/Documents/FO-RFSoC-4YP/2x2_files/omg_please_work/omg_please_work.srcs/sources_1/bd/design_1/design_1.bd>
launch_runs impl_1 -to_step write_bitstream -jobs 20
[Wed Feb 26 08:55:30 2025] Launched synth_1...
Run output will be captured here: C:/Users/clb20123/Documents/FO-RFSoC-4YP/2x2_files/omg_please_work/omg_please_work.runs/synth_1/runme.log
[Wed Feb 26 08:55:30 2025] Launched impl_1...
Run output will be captured here: C:/Users/clb20123/Documents/FO-RFSoC-4YP/2x2_files/omg_please_work/omg_please_work.runs/impl_1/runme.log
