#-----------------------------------------------------------
# Vivado v2024.1 (64-bit)
# SW Build 5076996 on Wed May 22 18:37:14 MDT 2024
# IP Build 5075265 on Wed May 22 21:45:21 MDT 2024
# SharedData Build 5076995 on Wed May 22 18:29:18 MDT 2024
# Start of session at: Wed Feb 26 08:52:55 2025
# Process ID: 16308
# Current directory: C:/Users/clb20123/Documents/FO-RFSoC-4YP/2x2_files/omg_please_work
# Command line: vivado.exe -gui_launcher_event rodinguilauncherevent18664 C:\Users\clb20123\Documents\FO-RFSoC-4YP\2x2_files\omg_please_work\omg_please_work.xpr
# Log file: C:/Users/clb20123/Documents/FO-RFSoC-4YP/2x2_files/omg_please_work/vivado.log
# Journal file: C:/Users/clb20123/Documents/FO-RFSoC-4YP/2x2_files/omg_please_work\vivado.jou
# Running On        :EEE-R446-34
# Platform          :Windows Server 2016 or Windows 10
# Operating System  :19045
# Processor Detail  :13th Gen Intel(R) Core(TM) i5-13500
# CPU Frequency     :2496 MHz
# CPU Physical cores:14
# CPU Logical cores :20
# Host memory       :16833 MB
# Swap memory       :2550 MB
# Total Virtual     :19383 MB
# Available Virtual :10747 MB
#-----------------------------------------------------------
start_gui
open_project C:/Users/clb20123/Documents/FO-RFSoC-4YP/2x2_files/omg_please_work/omg_please_work.xpr
Scanning sources...
Finished scanning sources
WARNING: [Board 49-26] cannot add Board Part xilinx.com:vek280_es:part0:1.0 available at C:/Xilinx/Vivado/2024.1/data/xhub/boards/XilinxBoardStore/boards/Xilinx/vek280/es/rev_a/1.0/board.xml as part xcve2802-vsvh1760-2lp-e-s-es1 specified in board_part file is either invalid or not available
WARNING: [Board 49-26] cannot add Board Part xilinx.com:vek280_es:part0:1.1 available at C:/Xilinx/Vivado/2024.1/data/xhub/boards/XilinxBoardStore/boards/Xilinx/vek280/es/rev_a/1.1/board.xml as part xcve2802-vsvh1760-2lp-e-s-es1 specified in board_part file is either invalid or not available
WARNING: [Board 49-26] cannot add Board Part xilinx.com:vek280_es_revb:part0:1.0 available at C:/Xilinx/Vivado/2024.1/data/xhub/boards/XilinxBoardStore/boards/Xilinx/vek280/es/rev_b/1.0/board.xml as part xcve2802-vsvh1760-2mp-e-s-es1 specified in board_part file is either invalid or not available
WARNING: [Board 49-26] cannot add Board Part xilinx.com:vek280_es_revb:part0:1.1 available at C:/Xilinx/Vivado/2024.1/data/xhub/boards/XilinxBoardStore/boards/Xilinx/vek280/es/rev_b/1.1/board.xml as part xcve2802-vsvh1760-2mp-e-s-es1 specified in board_part file is either invalid or not available
WARNING: [Board 49-26] cannot add Board Part xilinx.com:vhk158_es:part0:1.0 available at C:/Xilinx/Vivado/2024.1/data/xhub/boards/XilinxBoardStore/boards/Xilinx/vhk158/es/1.0/board.xml as part xcvh1582-vsva3697-2mp-e-s-es1 specified in board_part file is either invalid or not available
WARNING: [Board 49-26] cannot add Board Part xilinx.com:vhk158_es:part0:1.1 available at C:/Xilinx/Vivado/2024.1/data/xhub/boards/XilinxBoardStore/boards/Xilinx/vhk158/es/1.1/board.xml as part xcvh1582-vsva3697-2mp-e-s-es1 specified in board_part file is either invalid or not available
WARNING: [Board 49-26] cannot add Board Part xilinx.com:zcu208ld:part0:2.0 available at C:/Xilinx/Vivado/2024.1/data/xhub/boards/XilinxBoardStore/boards/Xilinx/zcu208ld/production/2.0/board.xml as part xczu58dr-fsvg1517-2-i specified in board_part file is either invalid or not available
WARNING: [Board 49-26] cannot add Board Part xilinx.com:zcu216ld:part0:2.0 available at C:/Xilinx/Vivado/2024.1/data/xhub/boards/XilinxBoardStore/boards/Xilinx/zcu216ld/production/2.0/board.xml as part xczu59dr-ffvf1760-2-i specified in board_part file is either invalid or not available
WARNING: [Board 49-26] cannot add Board Part xilinx.com:zcu670ld:part0:1.0 available at C:/Xilinx/Vivado/2024.1/data/xhub/boards/XilinxBoardStore/boards/Xilinx/zcu670ld/1.0/board.xml as part xczu57dr-fsve1156-2-i specified in board_part file is either invalid or not available
INFO: [IP_Flow 19-234] Refreshing IP repositories
INFO: [IP_Flow 19-1700] Loaded user IP repository 'c:/Users/clb20123/Documents/FO-RFSoC-4YP/RFX_files/demodulate/netlist/ip'.
INFO: [IP_Flow 19-1700] Loaded user IP repository 'c:/Users/clb20123/Documents/FO-RFSoC-4YP/RFX_files/modulate/netlist/ip'.
INFO: [IP_Flow 19-2313] Loaded Vivado IP repository 'C:/Xilinx/Vivado/2024.1/data/ip'.
open_project: Time (s): cpu = 00:00:18 ; elapsed = 00:00:46 . Memory (MB): peak = 1596.574 ; gain = 387.977
update_compile_order -fileset sources_1
open_bd_design {C:/Users/clb20123/Documents/FO-RFSoC-4YP/2x2_files/omg_please_work/omg_please_work.srcs/sources_1/bd/design_1/design_1.bd}
Reading block design file <C:/Users/clb20123/Documents/FO-RFSoC-4YP/2x2_files/omg_please_work/omg_please_work.srcs/sources_1/bd/design_1/design_1.bd>...
Adding component instance block -- strath.ac.uk:SysGen:Receiver:1.0 - Receiver_0
Adding component instance block -- xilinx.com:ip:zynq_ultra_ps_e:3.5 - zynq_ultra_ps_e_0
Adding component instance block -- xilinx.com:ip:usp_rf_data_converter:2.6 - usp_rf_data_converter_0
INFO: Ultrascale+ RF Data Converter instance: Clock port 'adc0_clk' frequency is set to 15625000
INFO: Ultrascale+ RF Data Converter instance: Clock port 'dac0_clk' frequency is set to 50000000
Adding component instance block -- strath.ac.uk:SysGen:Data_generation:1.0 - Data_generation_0
Adding component instance block -- xilinx.com:ip:axi_dma:7.1 - axi_dma
Adding component instance block -- xilinx.com:ip:smartconnect:1.0 - axi_smc
Adding component instance block -- xilinx.com:ip:proc_sys_reset:5.0 - rst_ps8_0_96M
Adding component instance block -- xilinx.com:ip:axi_fifo_mm_s:4.3 - axi_fifo_mm_s
Adding component instance block -- xilinx.com:ip:axi_interconnect:2.1 - ps8_0_axi_periph
Adding component instance block -- xilinx.com:ip:axi_crossbar:2.1 - xbar
Adding component instance block -- xilinx.com:ip:axi_protocol_converter:2.1 - auto_pc
Adding component instance block -- xilinx.com:ip:xlconstant:1.1 - xlconstant_0
Excluding slave segment /zynq_ultra_ps_e_0/SAXIGP0/HPC0_LPS_OCM from address space /axi_dma/Data_MM2S.
Successfully read diagram <design_1> from block design file <C:/Users/clb20123/Documents/FO-RFSoC-4YP/2x2_files/omg_please_work/omg_please_work.srcs/sources_1/bd/design_1/design_1.bd>
launch_runs impl_1 -to_step write_bitstream -jobs 20
[Wed Feb 26 08:55:30 2025] Launched synth_1...
Run output will be captured here: C:/Users/clb20123/Documents/FO-RFSoC-4YP/2x2_files/omg_please_work/omg_please_work.runs/synth_1/runme.log
[Wed Feb 26 08:55:30 2025] Launched impl_1...
Run output will be captured here: C:/Users/clb20123/Documents/FO-RFSoC-4YP/2x2_files/omg_please_work/omg_please_work.runs/impl_1/runme.log
open_run impl_1
INFO: [Device 21-403] Loading part xczu28dr-ffvg1517-2-e
Netlist sorting complete. Time (s): cpu = 00:00:00 ; elapsed = 00:00:00.362 . Memory (MB): peak = 2803.230 ; gain = 0.000
INFO: [Netlist 29-17] Analyzing 149 Unisim elements for replacement
INFO: [Netlist 29-28] Unisim Transformation completed in 0 CPU seconds
INFO: [Project 1-479] Netlist was created with Vivado 2024.1
INFO: [Project 1-570] Preparing netlist for logic optimization
Read ShapeDB Complete: Time (s): cpu = 00:00:00 ; elapsed = 00:00:00.035 . Memory (MB): peak = 2959.520 ; gain = 3.148
INFO: [Timing 38-478] Restoring timing data from binary archive.
INFO: [Timing 38-479] Binary timing data restore complete.
INFO: [Project 1-856] Restoring constraints from binary archive.
INFO: [Project 1-853] Binary constraint restore complete.
INFO: [Designutils 20-5722] Start Reading Physical Databases.
Reading placement.
Read Netlist Cache: Time (s): cpu = 00:00:00 ; elapsed = 00:00:00.011 . Memory (MB): peak = 3400.035 ; gain = 0.000
Reading placer database...
Read Device Cache: Time (s): cpu = 00:00:00 ; elapsed = 00:00:00.034 . Memory (MB): peak = 3400.035 ; gain = 0.000
Read PlaceDB: Time (s): cpu = 00:00:02 ; elapsed = 00:00:01 . Memory (MB): peak = 3431.289 ; gain = 31.254
Read PulsedLatchDB: Time (s): cpu = 00:00:00 ; elapsed = 00:00:00 . Memory (MB): peak = 3431.289 ; gain = 0.000
Reading routing.
Read RouteStorage: Time (s): cpu = 00:00:04 ; elapsed = 00:00:04 . Memory (MB): peak = 3752.848 ; gain = 321.559
Read Physdb Files: Time (s): cpu = 00:00:06 ; elapsed = 00:00:05 . Memory (MB): peak = 3752.848 ; gain = 352.812
Restored from archive | CPU: 7.000000 secs | Memory: 0.000000 MB |
Finished XDEF File Restore: Time (s): cpu = 00:00:06 ; elapsed = 00:00:05 . Memory (MB): peak = 3752.848 ; gain = 352.812
Netlist sorting complete. Time (s): cpu = 00:00:00 ; elapsed = 00:00:00.005 . Memory (MB): peak = 3752.848 ; gain = 0.000
INFO: [Project 1-111] Unisim Transformation Summary:
  A total of 51 instances were transformed.
  DSP48E2 => DSP48E2 (DSP_ALU, DSP_A_B_DATA, DSP_C_DATA, DSP_MULTIPLIER, DSP_M_DATA, DSP_OUTPUT, DSP_PREADD, DSP_PREADD_DATA): 25 instances
  RAM32M16 => RAM32M16 (RAMD32(x14), RAMS32(x2)): 16 instances
  RAM64M8 => RAM64M8 (RAMD64E(x8)): 6 instances
  SRLC32E => SRL16E: 4 instances

open_run: Time (s): cpu = 00:00:30 ; elapsed = 00:00:35 . Memory (MB): peak = 4199.613 ; gain = 2056.543
close_design
write_bd_tcl -force C:/Users/clb20123/Documents/FO-RFSoC-4YP/2x2_files/omg_please_work/design_1.tcl
WARNING: [BD 41-2937] The design that will be created by this Tcl script contains the following user IPs:
/Receiver_0, /Data_generation_0
Please add the following user repository(s):
c:/Users/clb20123/Documents/FO-RFSoC-4YP/RFX_files/demodulate/netlist/ip
c:/Users/clb20123/Documents/FO-RFSoC-4YP/RFX_files/modulate/netlist/ip
before sourcing this Tcl script or use write_project_tcl.
INFO: [BD 5-148] Tcl file written out <C:/Users/clb20123/Documents/FO-RFSoC-4YP/2x2_files/omg_please_work/design_1.tcl>.

write_hw_platform -fixed -include_bit -force -file C:/Users/clb20123/Documents/FO-RFSoC-4YP/2x2_files/omg_please_work/design_1_wrapper.xsa
INFO: [Project 1-1918] Creating Hardware Platform: C:/Users/clb20123/Documents/FO-RFSoC-4YP/2x2_files/omg_please_work/design_1_wrapper.xsa ...
INFO: [Project 1-1943] The Hardware Platform can be used for Hardware
INFO: [Project 1-1941] Successfully created Hardware Platform: C:/Users/clb20123/Documents/FO-RFSoC-4YP/2x2_files/omg_please_work/design_1_wrapper.xsa
INFO: [Hsi 55-2053] elapsed time for repository (C:/Xilinx/Vivado/2024.1/data/embeddedsw) loading 1 seconds
write_hw_platform: Time (s): cpu = 00:00:06 ; elapsed = 00:00:08 . Memory (MB): peak = 4499.891 ; gain = 0.000
exit
INFO: [Common 17-206] Exiting Vivado at Wed Feb 26 10:35:31 2025...
