Copyright 1986-2022 Xilinx, Inc. All Rights Reserved. Copyright 2022-2024 Advanced Micro Devices, Inc. All Rights Reserved.
---------------------------------------------------------------------------------------------------------------------------------------------
| Tool Version : Vivado v.2024.1 (win64) Build 5076996 Wed May 22 18:37:14 MDT 2024
| Date         : Thu Mar 27 23:11:01 2025
| Host         : EEE-R446-02 running 64-bit major release  (build 9200)
| Command      : upgrade_ip
| Device       : xczu28dr-ffvg1517-2-e
---------------------------------------------------------------------------------------------------------------------------------------------

Upgrade Log for IP 'PYNQ_Design_Receiver_0_0'

1. Summary
----------

SUCCESS in the update of PYNQ_Design_Receiver_0_0 (User_Company:VMC:Receiver:1.0 (Rev. 1)) to current project options.






Copyright 1986-2022 Xilinx, Inc. All Rights Reserved. Copyright 2022-2024 Advanced Micro Devices, Inc. All Rights Reserved.
---------------------------------------------------------------------------------------------------------------------------------------------
| Tool Version : Vivado v.2024.1 (win64) Build 5076996 Wed May 22 18:37:14 MDT 2024
| Date         : Thu Mar 27 23:11:01 2025
| Host         : EEE-R446-02 running 64-bit major release  (build 9200)
| Command      : upgrade_ip
| Device       : xczu28dr-ffvg1517-2-e
---------------------------------------------------------------------------------------------------------------------------------------------

Upgrade Log for IP 'PYNQ_Design_Data_gen_0_0'

1. Summary
----------

SUCCESS in the update of PYNQ_Design_Data_gen_0_0 (User_Company:VMC:Data_gen:1.0 (Rev. 1)) to current project options.






Copyright 1986-2022 Xilinx, Inc. All Rights Reserved. Copyright 2022-2024 Advanced Micro Devices, Inc. All Rights Reserved.
---------------------------------------------------------------------------------------------------------------------------------------------
| Tool Version : Vivado v.2024.1 (win64) Build 5076996 Wed May 22 18:37:14 MDT 2024
| Date         : Thu Mar 27 14:42:14 2025
| Host         : EEE-R448-32 running 64-bit major release  (build 9200)
| Command      : upgrade_ip
| Device       : xczu28dr-ffvg1517-2-e
---------------------------------------------------------------------------------------------------------------------------------------------

Upgrade Log for IP 'PYNQ_Design_Receiver_0_0'

1. Summary
----------

CAUTION (success, with warnings) in the update of PYNQ_Design_Receiver_0_0 (User_Company:VMC:Receiver:1.0 (Rev. 1)) to current project options.

After upgrade, an IP may have parameter and port differences compared to the original customization. Please review the parameters within the IP customization GUI to ensure proper functionality. Also, please review the updated IP instantiation template to ensure proper connectivity, and update your design if required.

2. Interface Information
------------------------

Detected external interface differences while upgrading 'PYNQ_Design_Receiver_0_0'.


-Upgrade has removed interface 'x16_bit_demod_s_axi'

-Upgrade has added interface 'x16_bit_demod_step_size_s_axi' (xilinx.com:interface:aximm:1.0)


3. Connection Warnings
----------------------

Detected external port differences while upgrading 'PYNQ_Design_Receiver_0_0'. These changes may impact your design.


-Upgrade has removed port 'x16_bit_demod_s_axi_araddr'

-Upgrade has removed port 'x16_bit_demod_s_axi_arready'

-Upgrade has removed port 'x16_bit_demod_s_axi_arvalid'

-Upgrade has removed port 'x16_bit_demod_s_axi_awaddr'

-Upgrade has removed port 'x16_bit_demod_s_axi_awready'

-Upgrade has removed port 'x16_bit_demod_s_axi_awvalid'

-Upgrade has removed port 'x16_bit_demod_s_axi_bready'

-Upgrade has removed port 'x16_bit_demod_s_axi_bresp'

-Upgrade has removed port 'x16_bit_demod_s_axi_bvalid'

-Upgrade has removed port 'x16_bit_demod_s_axi_rdata'

-Upgrade has removed port 'x16_bit_demod_s_axi_rready'

-Upgrade has removed port 'x16_bit_demod_s_axi_rresp'

-Upgrade has removed port 'x16_bit_demod_s_axi_rvalid'

-Upgrade has removed port 'x16_bit_demod_s_axi_wdata'

-Upgrade has removed port 'x16_bit_demod_s_axi_wready'

-Upgrade has removed port 'x16_bit_demod_s_axi_wstrb'

-Upgrade has removed port 'x16_bit_demod_s_axi_wvalid'

-Upgrade has added port 'x16_bit_demod_step_size_s_axi_araddr'

-Upgrade has added port 'x16_bit_demod_step_size_s_axi_arready'

-Upgrade has added port 'x16_bit_demod_step_size_s_axi_arvalid'

-Upgrade has added port 'x16_bit_demod_step_size_s_axi_awaddr'

-Upgrade has added port 'x16_bit_demod_step_size_s_axi_awready'

-Upgrade has added port 'x16_bit_demod_step_size_s_axi_awvalid'

-Upgrade has added port 'x16_bit_demod_step_size_s_axi_bready'

-Upgrade has added port 'x16_bit_demod_step_size_s_axi_bresp'

-Upgrade has added port 'x16_bit_demod_step_size_s_axi_bvalid'

-Upgrade has added port 'x16_bit_demod_step_size_s_axi_rdata'

-Upgrade has added port 'x16_bit_demod_step_size_s_axi_rready'

-Upgrade has added port 'x16_bit_demod_step_size_s_axi_rresp'

-Upgrade has added port 'x16_bit_demod_step_size_s_axi_rvalid'

-Upgrade has added port 'x16_bit_demod_step_size_s_axi_wdata'

-Upgrade has added port 'x16_bit_demod_step_size_s_axi_wready'

-Upgrade has added port 'x16_bit_demod_step_size_s_axi_wstrb'

-Upgrade has added port 'x16_bit_demod_step_size_s_axi_wvalid'


4. Addressing Information
-------------------------

Detected addressing differences while upgrading 'PYNQ_Design_Receiver_0_0'. These changes may impact your design.


-Upgrade has removed address block 'x16_bit_demod_s_axi/reg0'

-Upgrade has added address block 'x16_bit_demod_step_size_s_axi/reg0'







Copyright 1986-2022 Xilinx, Inc. All Rights Reserved. Copyright 2022-2024 Advanced Micro Devices, Inc. All Rights Reserved.
---------------------------------------------------------------------------------------------------------------------------------------------
| Tool Version : Vivado v.2024.1 (win64) Build 5076996 Wed May 22 18:37:14 MDT 2024
| Date         : Thu Mar 27 14:32:28 2025
| Host         : EEE-R448-32 running 64-bit major release  (build 9200)
| Command      : upgrade_ip
| Device       : xczu28dr-ffvg1517-2-e
---------------------------------------------------------------------------------------------------------------------------------------------

Upgrade Log for IP 'PYNQ_Design_Receiver_0_0'

1. Summary
----------

SUCCESS in the update of PYNQ_Design_Receiver_0_0 (User_Company:VMC:Receiver:1.0 (Rev. 1)) to current project options.






Copyright 1986-2022 Xilinx, Inc. All Rights Reserved. Copyright 2022-2024 Advanced Micro Devices, Inc. All Rights Reserved.
---------------------------------------------------------------------------------------------------------------------------------------------
| Tool Version : Vivado v.2024.1 (win64) Build 5076996 Wed May 22 18:37:14 MDT 2024
| Date         : Thu Mar 27 14:32:28 2025
| Host         : EEE-R448-32 running 64-bit major release  (build 9200)
| Command      : upgrade_ip
| Device       : xczu28dr-ffvg1517-2-e
---------------------------------------------------------------------------------------------------------------------------------------------

Upgrade Log for IP 'PYNQ_Design_Data_gen_0_0'

1. Summary
----------

SUCCESS in the update of PYNQ_Design_Data_gen_0_0 (User_Company:VMC:Data_gen:1.0 (Rev. 1)) to current project options.






Copyright 1986-2022 Xilinx, Inc. All Rights Reserved. Copyright 2022-2024 Advanced Micro Devices, Inc. All Rights Reserved.
---------------------------------------------------------------------------------------------------------------------------------------------
| Tool Version : Vivado v.2024.1 (win64) Build 5076996 Wed May 22 18:37:14 MDT 2024
| Date         : Thu Mar 27 12:36:12 2025
| Host         : EEE-R343-01 running 64-bit major release  (build 9200)
| Command      : upgrade_ip
| Device       : xczu28dr-ffvg1517-2-e
---------------------------------------------------------------------------------------------------------------------------------------------

Upgrade Log for IP 'PYNQ_Design_rst_ps8_0_96M_1'

1. Summary
----------

SUCCESS in the update of PYNQ_Design_rst_ps8_0_96M_1 (xilinx.com:ip:proc_sys_reset:5.0 (Rev. 15)) to current project options.






Copyright 1986-2022 Xilinx, Inc. All Rights Reserved. Copyright 2022-2024 Advanced Micro Devices, Inc. All Rights Reserved.
---------------------------------------------------------------------------------------------------------------------------------------------
| Tool Version : Vivado v.2024.1 (win64) Build 5076996 Wed May 22 18:37:14 MDT 2024
| Date         : Thu Mar 27 12:36:12 2025
| Host         : EEE-R343-01 running 64-bit major release  (build 9200)
| Command      : upgrade_ip
| Device       : xczu28dr-ffvg1517-2-e
---------------------------------------------------------------------------------------------------------------------------------------------

Upgrade Log for IP 'PYNQ_Design_proc_sys_reset_1_0'

1. Summary
----------

SUCCESS in the update of PYNQ_Design_proc_sys_reset_1_0 (xilinx.com:ip:proc_sys_reset:5.0 (Rev. 15)) to current project options.






Copyright 1986-2022 Xilinx, Inc. All Rights Reserved. Copyright 2022-2024 Advanced Micro Devices, Inc. All Rights Reserved.
---------------------------------------------------------------------------------------------------------------------------------------------
| Tool Version : Vivado v.2024.1 (win64) Build 5076996 Wed May 22 18:37:14 MDT 2024
| Date         : Thu Mar 27 12:36:12 2025
| Host         : EEE-R343-01 running 64-bit major release  (build 9200)
| Command      : upgrade_ip
| Device       : xczu28dr-ffvg1517-2-e
---------------------------------------------------------------------------------------------------------------------------------------------

Upgrade Log for IP 'PYNQ_Design_proc_sys_reset_0_0'

1. Summary
----------

SUCCESS in the update of PYNQ_Design_proc_sys_reset_0_0 (xilinx.com:ip:proc_sys_reset:5.0 (Rev. 15)) to current project options.






Copyright 1986-2022 Xilinx, Inc. All Rights Reserved. Copyright 2022-2024 Advanced Micro Devices, Inc. All Rights Reserved.
---------------------------------------------------------------------------------------------------------------------------------------------
| Tool Version : Vivado v.2024.1 (win64) Build 5076996 Wed May 22 18:37:14 MDT 2024
| Date         : Thu Mar 27 12:36:12 2025
| Host         : EEE-R343-01 running 64-bit major release  (build 9200)
| Command      : upgrade_ip
| Device       : xczu28dr-ffvg1517-2-e
---------------------------------------------------------------------------------------------------------------------------------------------

Upgrade Log for IP 'PYNQ_Design_clk_wiz_0_0'

1. Summary
----------

SUCCESS in the update of PYNQ_Design_clk_wiz_0_0 (xilinx.com:ip:clk_wiz:6.0 (Rev. 14)) to current project options.






Copyright 1986-2022 Xilinx, Inc. All Rights Reserved. Copyright 2022-2024 Advanced Micro Devices, Inc. All Rights Reserved.
---------------------------------------------------------------------------------------------------------------------------------------------
| Tool Version : Vivado v.2024.1 (win64) Build 5076996 Wed May 22 18:37:14 MDT 2024
| Date         : Thu Mar 27 12:36:12 2025
| Host         : EEE-R343-01 running 64-bit major release  (build 9200)
| Command      : upgrade_ip
| Device       : xczu28dr-ffvg1517-2-e
---------------------------------------------------------------------------------------------------------------------------------------------

Upgrade Log for IP 'PYNQ_Design_axi_smc_2'

1. Summary
----------

SUCCESS in the update of PYNQ_Design_axi_smc_2 (xilinx.com:ip:smartconnect:1.0 (Rev. 23)) to current project options.

After upgrade, an IP may have parameter and port differences compared to the original customization. Please review the parameters within the IP customization GUI to ensure proper functionality. Also, please review the updated IP instantiation template to ensure proper connectivity, and update your design if required.

2. Connection and Interface Information
---------------------------------------

Connection and Interface information can not be compared for deferred elaboration IPs.
PYNQ_Design_axi_smc_2 may have connection or interface changes.







Copyright 1986-2022 Xilinx, Inc. All Rights Reserved. Copyright 2022-2024 Advanced Micro Devices, Inc. All Rights Reserved.
---------------------------------------------------------------------------------------------------------------------------------------------
| Tool Version : Vivado v.2024.1 (win64) Build 5076996 Wed May 22 18:37:14 MDT 2024
| Date         : Thu Mar 27 12:36:12 2025
| Host         : EEE-R343-01 running 64-bit major release  (build 9200)
| Command      : upgrade_ip
| Device       : xczu28dr-ffvg1517-2-e
---------------------------------------------------------------------------------------------------------------------------------------------

Upgrade Log for IP 'PYNQ_Design_axi_smc_1_0'

1. Summary
----------

SUCCESS in the update of PYNQ_Design_axi_smc_1_0 (xilinx.com:ip:smartconnect:1.0 (Rev. 23)) to current project options.

After upgrade, an IP may have parameter and port differences compared to the original customization. Please review the parameters within the IP customization GUI to ensure proper functionality. Also, please review the updated IP instantiation template to ensure proper connectivity, and update your design if required.

2. Connection and Interface Information
---------------------------------------

Connection and Interface information can not be compared for deferred elaboration IPs.
PYNQ_Design_axi_smc_1_0 may have connection or interface changes.







Copyright 1986-2022 Xilinx, Inc. All Rights Reserved. Copyright 2022-2024 Advanced Micro Devices, Inc. All Rights Reserved.
---------------------------------------------------------------------------------------------------------------------------------------------
| Tool Version : Vivado v.2024.1 (win64) Build 5076996 Wed May 22 18:37:14 MDT 2024
| Date         : Fri Mar 21 14:08:16 2025
| Host         : EEE-R343-01 running 64-bit major release  (build 9200)
| Command      : upgrade_ip
| Device       : xczu28dr-ffvg1517-2-e
---------------------------------------------------------------------------------------------------------------------------------------------

Upgrade Log for IP 'PYNQ_Design_DUT_0_0'

1. Summary
----------

CAUTION (success, with warnings) in the upgrade of PYNQ_Design_DUT_0_0 (User_Company:VMC:DUT:1.0) from (Rev. 373465158) to (Rev. 373471523)

After upgrade, an IP may have parameter and port differences compared to the original customization. Please review the parameters within the IP customization GUI to ensure proper functionality. Also, please review the updated IP instantiation template to ensure proper connectivity, and update your design if required.

2. Connection Warnings
----------------------

Detected external port differences while upgrading 'PYNQ_Design_DUT_0_0'. These changes may impact your design.


-Upgraded port 'm_axis_tdata' width 16 differs from original width 15







Copyright 1986-2022 Xilinx, Inc. All Rights Reserved. Copyright 2022-2024 Advanced Micro Devices, Inc. All Rights Reserved.
---------------------------------------------------------------------------------------------------------------------------------------------
| Tool Version : Vivado v.2024.1 (win64) Build 5076996 Wed May 22 18:37:14 MDT 2024
| Date         : Fri Mar 14 12:23:51 2025
| Host         : EEE-R343-01 running 64-bit major release  (build 9200)
| Command      : upgrade_ip
| Device       : xczu28dr-ffvg1517-2-e
---------------------------------------------------------------------------------------------------------------------------------------------

Upgrade Log for IP 'PYNQ_Design_zynq_ultra_ps_e_0_0'

1. Summary
----------

SUCCESS in the update of PYNQ_Design_zynq_ultra_ps_e_0_0 (xilinx.com:ip:zynq_ultra_ps_e:3.5 (Rev. 3)) to current project options.

2. Upgrade messages
-------------------

Set parameter PSU__GPIO_EMIO__PERIPHERAL__IO to value 95 (source 'default')
WARNING: upgrade cannot add parameter PSU__USE__USB3_0_HUB with default value 0 : a parameter called PSU__USE__USB3_0_HUB already exists in zynq_ultra_ps_e_v3_5
WARNING: upgrade cannot add parameter PSU__USE__USB3_1_HUB with default value 0 : a parameter called PSU__USE__USB3_1_HUB already exists in zynq_ultra_ps_e_v3_5
Set parameter PSU__PROTECTION__FPD_SEGMENTS to value SA:0xFD1A0000; SIZE:1280; UNIT:KB; RegionTZ:Secure; WrAllowed:Read/Write; subsystemId:PMU Firmware |  SA:0xFD000000; SIZE:64; UNIT:KB; RegionTZ:Secure; WrAllowed:Read/Write; subsystemId:PMU Firmware |  SA:0xFD010000; SIZE:64; UNIT:KB; RegionTZ:Secure; WrAllowed:Read/Write; subsystemId:PMU Firmware |  SA:0xFD020000; SIZE:64; UNIT:KB; RegionTZ:Secure; WrAllowed:Read/Write; subsystemId:PMU Firmware |  SA:0xFD030000; SIZE:64; UNIT:KB; RegionTZ:Secure; WrAllowed:Read/Write; subsystemId:PMU Firmware |  SA:0xFD040000; SIZE:64; UNIT:KB; RegionTZ:Secure; WrAllowed:Read/Write; subsystemId:PMU Firmware |  SA:0xFD050000; SIZE:64; UNIT:KB; RegionTZ:Secure; WrAllowed:Read/Write; subsystemId:PMU Firmware |  SA:0xFD610000; SIZE:512; UNIT:KB; RegionTZ:Secure; WrAllowed:Read/Write; subsystemId:PMU Firmware |  SA:0xFD5D0000; SIZE:64; UNIT:KB; RegionTZ:Secure; WrAllowed:Read/Write; subsystemId:PMU Firmware | SA:0xFD1A0000 ; SIZE:1280; UNIT:KB; RegionTZ:Secure ; WrAllowed:Read/Write; subsystemId:Secure Subsystem (source 'default')






Copyright 1986-2022 Xilinx, Inc. All Rights Reserved. Copyright 2022-2024 Advanced Micro Devices, Inc. All Rights Reserved.
---------------------------------------------------------------------------------------------------------------------------------------------
| Tool Version : Vivado v.2024.1 (win64) Build 5076996 Wed May 22 18:37:14 MDT 2024
| Date         : Fri Mar 14 12:23:51 2025
| Host         : EEE-R343-01 running 64-bit major release  (build 9200)
| Command      : upgrade_ip
| Device       : xczu28dr-ffvg1517-2-e
---------------------------------------------------------------------------------------------------------------------------------------------

Upgrade Log for IP 'PYNQ_Design_rst_ps8_0_96M_1'

1. Summary
----------

SUCCESS in the update of PYNQ_Design_rst_ps8_0_96M_1 (xilinx.com:ip:proc_sys_reset:5.0 (Rev. 15)) to current project options.






Copyright 1986-2022 Xilinx, Inc. All Rights Reserved. Copyright 2022-2024 Advanced Micro Devices, Inc. All Rights Reserved.
---------------------------------------------------------------------------------------------------------------------------------------------
| Tool Version : Vivado v.2024.1 (win64) Build 5076996 Wed May 22 18:37:14 MDT 2024
| Date         : Fri Mar 14 12:23:51 2025
| Host         : EEE-R343-01 running 64-bit major release  (build 9200)
| Command      : upgrade_ip
| Device       : xczu28dr-ffvg1517-2-e
---------------------------------------------------------------------------------------------------------------------------------------------

Upgrade Log for IP 'PYNQ_Design_proc_sys_reset_1_0'

1. Summary
----------

SUCCESS in the update of PYNQ_Design_proc_sys_reset_1_0 (xilinx.com:ip:proc_sys_reset:5.0 (Rev. 15)) to current project options.






Copyright 1986-2022 Xilinx, Inc. All Rights Reserved. Copyright 2022-2024 Advanced Micro Devices, Inc. All Rights Reserved.
---------------------------------------------------------------------------------------------------------------------------------------------
| Tool Version : Vivado v.2024.1 (win64) Build 5076996 Wed May 22 18:37:14 MDT 2024
| Date         : Fri Mar 14 12:23:51 2025
| Host         : EEE-R343-01 running 64-bit major release  (build 9200)
| Command      : upgrade_ip
| Device       : xczu28dr-ffvg1517-2-e
---------------------------------------------------------------------------------------------------------------------------------------------

Upgrade Log for IP 'PYNQ_Design_proc_sys_reset_0_0'

1. Summary
----------

SUCCESS in the update of PYNQ_Design_proc_sys_reset_0_0 (xilinx.com:ip:proc_sys_reset:5.0 (Rev. 15)) to current project options.






Copyright 1986-2022 Xilinx, Inc. All Rights Reserved. Copyright 2022-2024 Advanced Micro Devices, Inc. All Rights Reserved.
---------------------------------------------------------------------------------------------------------------------------------------------
| Tool Version : Vivado v.2024.1 (win64) Build 5076996 Wed May 22 18:37:14 MDT 2024
| Date         : Fri Mar 14 12:23:51 2025
| Host         : EEE-R343-01 running 64-bit major release  (build 9200)
| Command      : upgrade_ip
| Device       : xczu28dr-ffvg1517-2-e
---------------------------------------------------------------------------------------------------------------------------------------------

Upgrade Log for IP 'PYNQ_Design_clk_wiz_0_0'

1. Summary
----------

CAUTION (success, with warnings) in the update of PYNQ_Design_clk_wiz_0_0 (xilinx.com:ip:clk_wiz:6.0 (Rev. 14)) to current project options.

After upgrade, an IP may have parameter differences compared to the original customization. Please review the parameters within the IP customization GUI to ensure proper functionality.

2. Customization warnings
-------------------------

An attempt to modify the value of disabled parameter 'SECONDARY_IN_FREQ' from '100.000' to '42.667' has been ignored for IP 'PYNQ_Design_clk_wiz_0_0'

An attempt to modify the value of disabled parameter 'MMCM_CLKIN2_PERIOD' from '10.0' to '23.437' has been ignored for IP 'PYNQ_Design_clk_wiz_0_0'


3. Debug Commands
-----------------

  The following debug information can be passed to Vivado as Tcl commands,
in order to validate or debug the output of the upgrade flow.
  You may consult any warnings from within this upgrade, and alter or remove
the configuration parameter(s) which caused the warning; then execute the Tcl
commands, and use the IP Customization GUI to verify the IP configuration.

create_ip -vlnv xilinx.com:ip:clk_wiz:6.0 -user_name PYNQ_Design_clk_wiz_0_0
set_property -dict "\
  CONFIG.AUTO_PRIMITIVE {MMCM} \
  CONFIG.AXI_DRP {false} \
  CONFIG.CALC_DONE {empty} \
  CONFIG.CDDCDONE_PORT {cddcdone} \
  CONFIG.CDDCREQ_PORT {cddcreq} \
  CONFIG.CLKFB_IN_N_PORT {clkfb_in_n} \
  CONFIG.CLKFB_IN_PORT {clkfb_in} \
  CONFIG.CLKFB_IN_P_PORT {clkfb_in_p} \
  CONFIG.CLKFB_IN_SIGNALING {SINGLE} \
  CONFIG.CLKFB_OUT_N_PORT {clkfb_out_n} \
  CONFIG.CLKFB_OUT_PORT {clkfb_out} \
  CONFIG.CLKFB_OUT_P_PORT {clkfb_out_p} \
  CONFIG.CLKFB_STOPPED_PORT {clkfb_stopped} \
  CONFIG.CLKIN1_JITTER_PS {156.25} \
  CONFIG.CLKIN1_UI_JITTER {0.010} \
  CONFIG.CLKIN2_JITTER_PS {234.37000000000003} \
  CONFIG.CLKIN2_UI_JITTER {0.010} \
  CONFIG.CLKOUT1_DRIVES {Buffer} \
  CONFIG.CLKOUT1_JITTER {120.187} \
  CONFIG.CLKOUT1_MATCHED_ROUTING {false} \
  CONFIG.CLKOUT1_PHASE_ERROR {121.856} \
  CONFIG.CLKOUT1_REQUESTED_DUTY_CYCLE {50.000} \
  CONFIG.CLKOUT1_REQUESTED_OUT_FREQ {128} \
  CONFIG.CLKOUT1_REQUESTED_PHASE {0.000} \
  CONFIG.CLKOUT1_SEQUENCE_NUMBER {1} \
  CONFIG.CLKOUT1_USED {true} \
  CONFIG.CLKOUT2_DRIVES {Buffer} \
  CONFIG.CLKOUT2_JITTER {0.0} \
  CONFIG.CLKOUT2_MATCHED_ROUTING {false} \
  CONFIG.CLKOUT2_PHASE_ERROR {0.0} \
  CONFIG.CLKOUT2_REQUESTED_DUTY_CYCLE {50.000} \
  CONFIG.CLKOUT2_REQUESTED_OUT_FREQ {100.000} \
  CONFIG.CLKOUT2_REQUESTED_PHASE {0.000} \
  CONFIG.CLKOUT2_SEQUENCE_NUMBER {1} \
  CONFIG.CLKOUT2_USED {false} \
  CONFIG.CLKOUT3_DRIVES {Buffer} \
  CONFIG.CLKOUT3_JITTER {0.0} \
  CONFIG.CLKOUT3_MATCHED_ROUTING {false} \
  CONFIG.CLKOUT3_PHASE_ERROR {0.0} \
  CONFIG.CLKOUT3_REQUESTED_DUTY_CYCLE {50.000} \
  CONFIG.CLKOUT3_REQUESTED_OUT_FREQ {100.000} \
  CONFIG.CLKOUT3_REQUESTED_PHASE {0.000} \
  CONFIG.CLKOUT3_SEQUENCE_NUMBER {1} \
  CONFIG.CLKOUT3_USED {false} \
  CONFIG.CLKOUT4_DRIVES {Buffer} \
  CONFIG.CLKOUT4_JITTER {0.0} \
  CONFIG.CLKOUT4_MATCHED_ROUTING {false} \
  CONFIG.CLKOUT4_PHASE_ERROR {0.0} \
  CONFIG.CLKOUT4_REQUESTED_DUTY_CYCLE {50.000} \
  CONFIG.CLKOUT4_REQUESTED_OUT_FREQ {100.000} \
  CONFIG.CLKOUT4_REQUESTED_PHASE {0.000} \
  CONFIG.CLKOUT4_SEQUENCE_NUMBER {1} \
  CONFIG.CLKOUT4_USED {false} \
  CONFIG.CLKOUT5_DRIVES {Buffer} \
  CONFIG.CLKOUT5_JITTER {0.0} \
  CONFIG.CLKOUT5_MATCHED_ROUTING {false} \
  CONFIG.CLKOUT5_PHASE_ERROR {0.0} \
  CONFIG.CLKOUT5_REQUESTED_DUTY_CYCLE {50.000} \
  CONFIG.CLKOUT5_REQUESTED_OUT_FREQ {100.000} \
  CONFIG.CLKOUT5_REQUESTED_PHASE {0.000} \
  CONFIG.CLKOUT5_SEQUENCE_NUMBER {1} \
  CONFIG.CLKOUT5_USED {false} \
  CONFIG.CLKOUT6_DRIVES {Buffer} \
  CONFIG.CLKOUT6_JITTER {0.0} \
  CONFIG.CLKOUT6_MATCHED_ROUTING {false} \
  CONFIG.CLKOUT6_PHASE_ERROR {0.0} \
  CONFIG.CLKOUT6_REQUESTED_DUTY_CYCLE {50.000} \
  CONFIG.CLKOUT6_REQUESTED_OUT_FREQ {100.000} \
  CONFIG.CLKOUT6_REQUESTED_PHASE {0.000} \
  CONFIG.CLKOUT6_SEQUENCE_NUMBER {1} \
  CONFIG.CLKOUT6_USED {false} \
  CONFIG.CLKOUT7_DRIVES {Buffer} \
  CONFIG.CLKOUT7_JITTER {0.0} \
  CONFIG.CLKOUT7_MATCHED_ROUTING {false} \
  CONFIG.CLKOUT7_PHASE_ERROR {0.0} \
  CONFIG.CLKOUT7_REQUESTED_DUTY_CYCLE {50.000} \
  CONFIG.CLKOUT7_REQUESTED_OUT_FREQ {100.000} \
  CONFIG.CLKOUT7_REQUESTED_PHASE {0.000} \
  CONFIG.CLKOUT7_SEQUENCE_NUMBER {1} \
  CONFIG.CLKOUT7_USED {false} \
  CONFIG.CLKOUTPHY_REQUESTED_FREQ {600.000} \
  CONFIG.CLK_IN1_BOARD_INTERFACE {Custom} \
  CONFIG.CLK_IN2_BOARD_INTERFACE {Custom} \
  CONFIG.CLK_IN_SEL_PORT {clk_in_sel} \
  CONFIG.CLK_OUT1_PORT {clk_out1} \
  CONFIG.CLK_OUT1_USE_FINE_PS_GUI {false} \
  CONFIG.CLK_OUT2_PORT {clk_out2} \
  CONFIG.CLK_OUT2_USE_FINE_PS_GUI {false} \
  CONFIG.CLK_OUT3_PORT {clk_out3} \
  CONFIG.CLK_OUT3_USE_FINE_PS_GUI {false} \
  CONFIG.CLK_OUT4_PORT {clk_out4} \
  CONFIG.CLK_OUT4_USE_FINE_PS_GUI {false} \
  CONFIG.CLK_OUT5_PORT {clk_out5} \
  CONFIG.CLK_OUT5_USE_FINE_PS_GUI {false} \
  CONFIG.CLK_OUT6_PORT {clk_out6} \
  CONFIG.CLK_OUT6_USE_FINE_PS_GUI {false} \
  CONFIG.CLK_OUT7_PORT {clk_out7} \
  CONFIG.CLK_OUT7_USE_FINE_PS_GUI {false} \
  CONFIG.CLK_VALID_PORT {CLK_VALID} \
  CONFIG.CLOCK_MGR_TYPE {auto} \
  CONFIG.Component_Name {PYNQ_Design_clk_wiz_0_0} \
  CONFIG.DADDR_PORT {daddr} \
  CONFIG.DCLK_PORT {dclk} \
  CONFIG.DEN_PORT {den} \
  CONFIG.DIFF_CLK_IN1_BOARD_INTERFACE {Custom} \
  CONFIG.DIFF_CLK_IN2_BOARD_INTERFACE {Custom} \
  CONFIG.DIN_PORT {din} \
  CONFIG.DOUT_PORT {dout} \
  CONFIG.DRDY_PORT {drdy} \
  CONFIG.DWE_PORT {dwe} \
  CONFIG.ENABLE_CDDC {false} \
  CONFIG.ENABLE_CLKOUTPHY {false} \
  CONFIG.ENABLE_CLOCK_MONITOR {false} \
  CONFIG.ENABLE_USER_CLOCK0 {false} \
  CONFIG.ENABLE_USER_CLOCK1 {false} \
  CONFIG.ENABLE_USER_CLOCK2 {false} \
  CONFIG.ENABLE_USER_CLOCK3 {false} \
  CONFIG.Enable_PLL0 {false} \
  CONFIG.Enable_PLL1 {false} \
  CONFIG.FEEDBACK_SOURCE {FDBK_AUTO} \
  CONFIG.INPUT_CLK_STOPPED_PORT {input_clk_stopped} \
  CONFIG.INPUT_MODE {frequency} \
  CONFIG.INTERFACE_SELECTION {Enable_AXI} \
  CONFIG.IN_FREQ_UNITS {Units_MHz} \
  CONFIG.IN_JITTER_UNITS {Units_UI} \
  CONFIG.JITTER_OPTIONS {UI} \
  CONFIG.JITTER_SEL {No_Jitter} \
  CONFIG.LOCKED_PORT {locked} \
  CONFIG.MMCM_BANDWIDTH {OPTIMIZED} \
  CONFIG.MMCM_CLKFBOUT_MULT_F {18.750} \
  CONFIG.MMCM_CLKFBOUT_PHASE {0.000} \
  CONFIG.MMCM_CLKFBOUT_USE_FINE_PS {false} \
  CONFIG.MMCM_CLKIN1_PERIOD {15.625} \
  CONFIG.MMCM_CLKIN2_PERIOD {23.437} \
  CONFIG.MMCM_CLKOUT0_DIVIDE_F {9.375} \
  CONFIG.MMCM_CLKOUT0_DUTY_CYCLE {0.500} \
  CONFIG.MMCM_CLKOUT0_PHASE {0.000} \
  CONFIG.MMCM_CLKOUT0_USE_FINE_PS {false} \
  CONFIG.MMCM_CLKOUT1_DIVIDE {1} \
  CONFIG.MMCM_CLKOUT1_DUTY_CYCLE {0.500} \
  CONFIG.MMCM_CLKOUT1_PHASE {0.000} \
  CONFIG.MMCM_CLKOUT1_USE_FINE_PS {false} \
  CONFIG.MMCM_CLKOUT2_DIVIDE {1} \
  CONFIG.MMCM_CLKOUT2_DUTY_CYCLE {0.500} \
  CONFIG.MMCM_CLKOUT2_PHASE {0.000} \
  CONFIG.MMCM_CLKOUT2_USE_FINE_PS {false} \
  CONFIG.MMCM_CLKOUT3_DIVIDE {1} \
  CONFIG.MMCM_CLKOUT3_DUTY_CYCLE {0.500} \
  CONFIG.MMCM_CLKOUT3_PHASE {0.000} \
  CONFIG.MMCM_CLKOUT3_USE_FINE_PS {false} \
  CONFIG.MMCM_CLKOUT4_CASCADE {false} \
  CONFIG.MMCM_CLKOUT4_DIVIDE {1} \
  CONFIG.MMCM_CLKOUT4_DUTY_CYCLE {0.500} \
  CONFIG.MMCM_CLKOUT4_PHASE {0.000} \
  CONFIG.MMCM_CLKOUT4_USE_FINE_PS {false} \
  CONFIG.MMCM_CLKOUT5_DIVIDE {1} \
  CONFIG.MMCM_CLKOUT5_DUTY_CYCLE {0.500} \
  CONFIG.MMCM_CLKOUT5_PHASE {0.000} \
  CONFIG.MMCM_CLKOUT5_USE_FINE_PS {false} \
  CONFIG.MMCM_CLKOUT6_DIVIDE {1} \
  CONFIG.MMCM_CLKOUT6_DUTY_CYCLE {0.500} \
  CONFIG.MMCM_CLKOUT6_PHASE {0.000} \
  CONFIG.MMCM_CLKOUT6_USE_FINE_PS {false} \
  CONFIG.MMCM_CLOCK_HOLD {false} \
  CONFIG.MMCM_COMPENSATION {AUTO} \
  CONFIG.MMCM_DIVCLK_DIVIDE {1} \
  CONFIG.MMCM_NOTES {None} \
  CONFIG.MMCM_REF_JITTER1 {0.010} \
  CONFIG.MMCM_REF_JITTER2 {0.010} \
  CONFIG.MMCM_STARTUP_WAIT {false} \
  CONFIG.NUM_OUT_CLKS {1} \
  CONFIG.OPTIMIZE_CLOCKING_STRUCTURE_EN {false} \
  CONFIG.OVERRIDE_MMCM {false} \
  CONFIG.OVERRIDE_PLL {false} \
  CONFIG.PHASESHIFT_MODE {LATENCY} \
  CONFIG.PHASE_DUTY_CONFIG {false} \
  CONFIG.PLATFORM {UNKNOWN} \
  CONFIG.PLL_BANDWIDTH {OPTIMIZED} \
  CONFIG.PLL_CLKFBOUT_MULT {4} \
  CONFIG.PLL_CLKFBOUT_PHASE {0.000} \
  CONFIG.PLL_CLKIN_PERIOD {10.000} \
  CONFIG.PLL_CLKOUT0_DIVIDE {1} \
  CONFIG.PLL_CLKOUT0_DUTY_CYCLE {0.500} \
  CONFIG.PLL_CLKOUT0_PHASE {0.000} \
  CONFIG.PLL_CLKOUT1_DIVIDE {1} \
  CONFIG.PLL_CLKOUT1_DUTY_CYCLE {0.500} \
  CONFIG.PLL_CLKOUT1_PHASE {0.000} \
  CONFIG.PLL_CLKOUT2_DIVIDE {1} \
  CONFIG.PLL_CLKOUT2_DUTY_CYCLE {0.500} \
  CONFIG.PLL_CLKOUT2_PHASE {0.000} \
  CONFIG.PLL_CLKOUT3_DIVIDE {1} \
  CONFIG.PLL_CLKOUT3_DUTY_CYCLE {0.500} \
  CONFIG.PLL_CLKOUT3_PHASE {0.000} \
  CONFIG.PLL_CLKOUT4_DIVIDE {1} \
  CONFIG.PLL_CLKOUT4_DUTY_CYCLE {0.500} \
  CONFIG.PLL_CLKOUT4_PHASE {0.000} \
  CONFIG.PLL_CLKOUT5_DIVIDE {1} \
  CONFIG.PLL_CLKOUT5_DUTY_CYCLE {0.500} \
  CONFIG.PLL_CLKOUT5_PHASE {0.000} \
  CONFIG.PLL_CLK_FEEDBACK {CLKFBOUT} \
  CONFIG.PLL_COMPENSATION {SYSTEM_SYNCHRONOUS} \
  CONFIG.PLL_DIVCLK_DIVIDE {1} \
  CONFIG.PLL_NOTES {None} \
  CONFIG.PLL_REF_JITTER {0.010} \
  CONFIG.POWER_DOWN_PORT {power_down} \
  CONFIG.PRECISION {1} \
  CONFIG.PRIMARY_PORT {clk_in1} \
  CONFIG.PRIMITIVE {MMCM} \
  CONFIG.PRIMTYPE_SEL {mmcm_adv} \
  CONFIG.PRIM_IN_FREQ {64.000} \
  CONFIG.PRIM_IN_JITTER {0.010} \
  CONFIG.PRIM_IN_TIMEPERIOD {10.000} \
  CONFIG.PRIM_SOURCE {Global_buffer} \
  CONFIG.PSCLK_PORT {psclk} \
  CONFIG.PSDONE_PORT {psdone} \
  CONFIG.PSEN_PORT {psen} \
  CONFIG.PSINCDEC_PORT {psincdec} \
  CONFIG.REF_CLK_FREQ {100.0} \
  CONFIG.RELATIVE_INCLK {REL_PRIMARY} \
  CONFIG.RESET_BOARD_INTERFACE {Custom} \
  CONFIG.RESET_PORT {resetn} \
  CONFIG.RESET_TYPE {ACTIVE_LOW} \
  CONFIG.SECONDARY_IN_FREQ {42.667} \
  CONFIG.SECONDARY_IN_JITTER {0.010} \
  CONFIG.SECONDARY_IN_TIMEPERIOD {10.000} \
  CONFIG.SECONDARY_PORT {clk_in2} \
  CONFIG.SECONDARY_SOURCE {Single_ended_clock_capable_pin} \
  CONFIG.SS_MODE {CENTER_HIGH} \
  CONFIG.SS_MOD_FREQ {250} \
  CONFIG.SS_MOD_TIME {0.004} \
  CONFIG.STATUS_PORT {STATUS} \
  CONFIG.SUMMARY_STRINGS {empty} \
  CONFIG.USER_CLK_FREQ0 {100.0} \
  CONFIG.USER_CLK_FREQ1 {100.0} \
  CONFIG.USER_CLK_FREQ2 {100.0} \
  CONFIG.USER_CLK_FREQ3 {100.0} \
  CONFIG.USE_BOARD_FLOW {false} \
  CONFIG.USE_CLKFB_STOPPED {false} \
  CONFIG.USE_CLK_VALID {false} \
  CONFIG.USE_CLOCK_SEQUENCING {false} \
  CONFIG.USE_DYN_PHASE_SHIFT {false} \
  CONFIG.USE_DYN_RECONFIG {false} \
  CONFIG.USE_FREEZE {false} \
  CONFIG.USE_FREQ_SYNTH {true} \
  CONFIG.USE_INCLK_STOPPED {false} \
  CONFIG.USE_INCLK_SWITCHOVER {false} \
  CONFIG.USE_LOCKED {true} \
  CONFIG.USE_MAX_I_JITTER {false} \
  CONFIG.USE_MIN_O_JITTER {false} \
  CONFIG.USE_MIN_POWER {false} \
  CONFIG.USE_PHASE_ALIGNMENT {false} \
  CONFIG.USE_POWER_DOWN {false} \
  CONFIG.USE_RESET {true} \
  CONFIG.USE_SAFE_CLOCK_STARTUP {false} \
  CONFIG.USE_SPREAD_SPECTRUM {false} \
  CONFIG.USE_STATUS {false} \
  CONFIG.resetn.BOARD.ASSOCIATED_PARAM {RESET_BOARD_INTERFACE} \
  CONFIG.resetn.INSERT_VIP {0} \
  CONFIG.resetn.POLARITY {ACTIVE_LOW} " [get_ips PYNQ_Design_clk_wiz_0_0]







Copyright 1986-2022 Xilinx, Inc. All Rights Reserved. Copyright 2022-2024 Advanced Micro Devices, Inc. All Rights Reserved.
---------------------------------------------------------------------------------------------------------------------------------------------
| Tool Version : Vivado v.2024.1 (win64) Build 5076996 Wed May 22 18:37:14 MDT 2024
| Date         : Fri Mar 14 12:23:51 2025
| Host         : EEE-R343-01 running 64-bit major release  (build 9200)
| Command      : upgrade_ip
| Device       : xczu28dr-ffvg1517-2-e
---------------------------------------------------------------------------------------------------------------------------------------------

Upgrade Log for IP 'PYNQ_Design_axi_smc_1'

1. Summary
----------

SUCCESS in the update of PYNQ_Design_axi_smc_1 (xilinx.com:ip:smartconnect:1.0 (Rev. 23)) to current project options.

After upgrade, an IP may have parameter and port differences compared to the original customization. Please review the parameters within the IP customization GUI to ensure proper functionality. Also, please review the updated IP instantiation template to ensure proper connectivity, and update your design if required.

2. Connection and Interface Information
---------------------------------------

Connection and Interface information can not be compared for deferred elaboration IPs.
PYNQ_Design_axi_smc_1 may have connection or interface changes.







Copyright 1986-2022 Xilinx, Inc. All Rights Reserved. Copyright 2022-2024 Advanced Micro Devices, Inc. All Rights Reserved.
---------------------------------------------------------------------------------------------------------------------------------------------
| Tool Version : Vivado v.2024.1 (win64) Build 5076996 Wed May 22 18:37:14 MDT 2024
| Date         : Fri Mar  7 21:37:33 2025
| Host         : EEE-R446-02 running 64-bit major release  (build 9200)
| Command      : upgrade_ip
| Device       : xczu28dr-ffvg1517-2-e
---------------------------------------------------------------------------------------------------------------------------------------------

Upgrade Log for IP 'PYNQ_Design_DUT_rec_0_0'

1. Summary
----------

SUCCESS in the update of PYNQ_Design_DUT_rec_0_0 (User_Company:VMC:DUT_rec:1.0 (Rev. 372288647)) to current project options.






Copyright 1986-2022 Xilinx, Inc. All Rights Reserved. Copyright 2022-2024 Advanced Micro Devices, Inc. All Rights Reserved.
---------------------------------------------------------------------------------------------------------------------------------------------
| Tool Version : Vivado v.2024.1 (win64) Build 5076996 Wed May 22 18:37:14 MDT 2024
| Date         : Fri Mar  7 21:37:33 2025
| Host         : EEE-R446-02 running 64-bit major release  (build 9200)
| Command      : upgrade_ip
| Device       : xczu28dr-ffvg1517-2-e
---------------------------------------------------------------------------------------------------------------------------------------------

Upgrade Log for IP 'PYNQ_Design_DUT_data_in_0_0'

1. Summary
----------

SUCCESS in the upgrade of PYNQ_Design_DUT_data_in_0_0 (User_Company:VMC:DUT_data_in:1.0) from (Rev. 372192693) to (Rev. 372288366)






Copyright 1986-2022 Xilinx, Inc. All Rights Reserved. Copyright 2022-2024 Advanced Micro Devices, Inc. All Rights Reserved.
---------------------------------------------------------------------------------------------------------------------------------------------
| Tool Version : Vivado v.2024.1 (win64) Build 5076996 Wed May 22 18:37:14 MDT 2024
| Date         : Fri Mar  7 21:36:46 2025
| Host         : EEE-R446-02 running 64-bit major release  (build 9200)
| Command      : upgrade_ip
| Device       : xczu28dr-ffvg1517-2-e
---------------------------------------------------------------------------------------------------------------------------------------------

Upgrade Log for IP 'PYNQ_Design_DUT_rec_0_0'

1. Summary
----------

SUCCESS in the upgrade of PYNQ_Design_DUT_rec_0_0 (User_Company:VMC:DUT_rec:1.0) from (Rev. 372192586) to (Rev. 372288647)






Copyright 1986-2022 Xilinx, Inc. All Rights Reserved. Copyright 2022-2024 Advanced Micro Devices, Inc. All Rights Reserved.
---------------------------------------------------------------------------------------------------------------------------------------------
| Tool Version : Vivado v.2024.1 (win64) Build 5076996 Wed May 22 18:37:14 MDT 2024
| Date         : Fri Mar  7 21:36:45 2025
| Host         : EEE-R446-02 running 64-bit major release  (build 9200)
| Command      : upgrade_ip
| Device       : xczu28dr-ffvg1517-2-e
---------------------------------------------------------------------------------------------------------------------------------------------

Upgrade Log for IP 'DUT_2'

1. Summary
----------

CAUTION (success, with warnings) in the upgrade of DUT_2 (User_Company:VMC:DUT:1.0) from (Rev. 372192586) to (Rev. 372288366)

After upgrade, an IP may have parameter and port differences compared to the original customization. Please review the parameters within the IP customization GUI to ensure proper functionality. Also, please review the updated IP instantiation template to ensure proper connectivity, and update your design if required.

2. Connection Warnings
----------------------

Detected external port differences while upgrading 'DUT_2'. These changes may impact your design.


-Upgraded port 's_axis_tdata' width 1 differs from original width 16

-Upgrade has removed port 'step_size'

-Upgrade has added port 'mux_en'







Copyright 1986-2022 Xilinx, Inc. All Rights Reserved. Copyright 2022-2024 Advanced Micro Devices, Inc. All Rights Reserved.
---------------------------------------------------------------------------------------------------------------------------------------------
| Tool Version : Vivado v.2024.1 (win64) Build 5076996 Wed May 22 18:37:14 MDT 2024
| Date         : Fri Mar  7 21:36:45 2025
| Host         : EEE-R446-02 running 64-bit major release  (build 9200)
| Command      : upgrade_ip
| Device       : xczu28dr-ffvg1517-2-e
---------------------------------------------------------------------------------------------------------------------------------------------

Upgrade Log for IP 'DUT_1'

1. Summary
----------

SUCCESS in the upgrade of DUT_1 (User_Company:VMC:DUT:1.0) from (Rev. 372192076) to (Rev. 372288366)






Copyright 1986-2022 Xilinx, Inc. All Rights Reserved. Copyright 2022-2024 Advanced Micro Devices, Inc. All Rights Reserved.
---------------------------------------------------------------------------------------------------------------------------------------------
| Tool Version : Vivado v.2024.1 (win64) Build 5076996 Wed May 22 18:37:14 MDT 2024
| Date         : Fri Mar  7 21:36:45 2025
| Host         : EEE-R446-02 running 64-bit major release  (build 9200)
| Command      : upgrade_ip
| Device       : xczu28dr-ffvg1517-2-e
---------------------------------------------------------------------------------------------------------------------------------------------

Upgrade Log for IP 'DUT_0'

1. Summary
----------

CAUTION (success, with warnings) in the upgrade of DUT_0 (User_Company:VMC:DUT:1.0) from (Rev. 372191676) to (Rev. 372288366)

After upgrade, an IP may have parameter and port differences compared to the original customization. Please review the parameters within the IP customization GUI to ensure proper functionality. Also, please review the updated IP instantiation template to ensure proper connectivity, and update your design if required.

2. Connection Warnings
----------------------

Detected external port differences while upgrading 'DUT_0'. These changes may impact your design.


-Upgraded port 's_axis_tdata' width 1 differs from original width 16

-Upgrade has removed port 'step_size'

-Upgrade has added port 'mux_en'







Copyright 1986-2022 Xilinx, Inc. All Rights Reserved. Copyright 2022-2024 Advanced Micro Devices, Inc. All Rights Reserved.
---------------------------------------------------------------------------------------------------------------------------------------------
| Tool Version : Vivado v.2024.1 (win64) Build 5076996 Wed May 22 18:37:14 MDT 2024
| Date         : Thu Mar  6 18:58:59 2025
| Host         : EEE-R446-02 running 64-bit major release  (build 9200)
| Command      : upgrade_ip
| Device       : xczu28dr-ffvg1517-2-e
---------------------------------------------------------------------------------------------------------------------------------------------

Upgrade Log for IP 'PYNQ_Design_DUT_data_in_0_0'

1. Summary
----------

CAUTION (success, with warnings) in the upgrade of PYNQ_Design_DUT_data_in_0_0 (User_Company:VMC:DUT_data_in:1.0) from (Rev. 1) to (Rev. 372192693)

After upgrade, an IP may have parameter and port differences compared to the original customization. Please review the parameters within the IP customization GUI to ensure proper functionality. Also, please review the updated IP instantiation template to ensure proper connectivity, and update your design if required.

2. Connection Warnings
----------------------

Detected external port differences while upgrading 'PYNQ_Design_DUT_data_in_0_0'. These changes may impact your design.


-Upgraded port 'm_axis_tdata' width 16 differs from original width 32







Copyright 1986-2022 Xilinx, Inc. All Rights Reserved. Copyright 2022-2024 Advanced Micro Devices, Inc. All Rights Reserved.
---------------------------------------------------------------------------------------------------------------------------------------------
| Tool Version : Vivado v.2024.1 (win64) Build 5076996 Wed May 22 18:37:14 MDT 2024
| Date         : Thu Mar  6 18:55:52 2025
| Host         : EEE-R446-02 running 64-bit major release  (build 9200)
| Command      : upgrade_ip
| Device       : xczu28dr-ffvg1517-2-e
---------------------------------------------------------------------------------------------------------------------------------------------

Upgrade Log for IP 'PYNQ_Design_DUT_rec_0_0'

1. Summary
----------

CAUTION (success, with warnings) in the upgrade of PYNQ_Design_DUT_rec_0_0 (User_Company:VMC:DUT_rec:1.0) from (Rev. 372023434) to (Rev. 372192586)

After upgrade, an IP may have parameter and port differences compared to the original customization. Please review the parameters within the IP customization GUI to ensure proper functionality. Also, please review the updated IP instantiation template to ensure proper connectivity, and update your design if required.

2. Connection Warnings
----------------------

Detected external port differences while upgrading 'PYNQ_Design_DUT_rec_0_0'. These changes may impact your design.


-Upgraded port 'm_axis_tdata' width 16 differs from original width 32

-Upgraded port 's_axis_tdata' width 16 differs from original width 32


