#-----------------------------------------------------------
# Vivado v2024.1 (64-bit)
# SW Build 5076996 on Wed May 22 18:37:14 MDT 2024
# IP Build 5075265 on Wed May 22 21:45:21 MDT 2024
# SharedData Build 5076995 on Wed May 22 18:29:18 MDT 2024
# Start of session at: Thu Mar 27 12:32:28 2025
# Process ID: 11088
# Current directory: C:/Users/clb20123/Documents/FO-RFSoC-4YP/2x2_files/PLEASE
# Command line: vivado.exe -gui_launcher_event rodinguilauncherevent10924 C:\Users\clb20123\Documents\FO-RFSoC-4YP\2x2_files\PLEASE\PLEASE.xpr
# Log file: C:/Users/clb20123/Documents/FO-RFSoC-4YP/2x2_files/PLEASE/vivado.log
# Journal file: C:/Users/clb20123/Documents/FO-RFSoC-4YP/2x2_files/PLEASE\vivado.jou
# Running On        :EEE-R343-01
# Platform          :Windows Server 2016 or Windows 10
# Operating System  :19045
# Processor Detail  :Intel(R) Core(TM) i5-6500 CPU @ 3.20GHz
# CPU Frequency     :3192 MHz
# CPU Physical cores:4
# CPU Logical cores :4
# Host memory       :17060 MB
# Swap memory       :2550 MB
# Total Virtual     :19610 MB
# Available Virtual :14106 MB
#-----------------------------------------------------------
start_gui
Sourcing tcl script 'D:/Xilinx/Vivado/2024.1/scripts/Vivado_init.tcl'
open_project C:/Users/clb20123/Documents/FO-RFSoC-4YP/2x2_files/PLEASE/PLEASE.xpr
WARNING: [Board 49-26] cannot add Board Part xilinx.com:vek280_es:part0:1.0 available at D:/Xilinx/Vivado/2024.1/data/xhub/boards/XilinxBoardStore/boards/Xilinx/vek280/es/rev_a/1.0/board.xml as part xcve2802-vsvh1760-2lp-e-s-es1 specified in board_part file is either invalid or not available
WARNING: [Board 49-26] cannot add Board Part xilinx.com:vek280_es:part0:1.1 available at D:/Xilinx/Vivado/2024.1/data/xhub/boards/XilinxBoardStore/boards/Xilinx/vek280/es/rev_a/1.1/board.xml as part xcve2802-vsvh1760-2lp-e-s-es1 specified in board_part file is either invalid or not available
WARNING: [Board 49-26] cannot add Board Part xilinx.com:vek280_es_revb:part0:1.0 available at D:/Xilinx/Vivado/2024.1/data/xhub/boards/XilinxBoardStore/boards/Xilinx/vek280/es/rev_b/1.0/board.xml as part xcve2802-vsvh1760-2mp-e-s-es1 specified in board_part file is either invalid or not available
WARNING: [Board 49-26] cannot add Board Part xilinx.com:vek280_es_revb:part0:1.1 available at D:/Xilinx/Vivado/2024.1/data/xhub/boards/XilinxBoardStore/boards/Xilinx/vek280/es/rev_b/1.1/board.xml as part xcve2802-vsvh1760-2mp-e-s-es1 specified in board_part file is either invalid or not available
WARNING: [Board 49-26] cannot add Board Part xilinx.com:vhk158_es:part0:1.0 available at D:/Xilinx/Vivado/2024.1/data/xhub/boards/XilinxBoardStore/boards/Xilinx/vhk158/es/1.0/board.xml as part xcvh1582-vsva3697-2mp-e-s-es1 specified in board_part file is either invalid or not available
WARNING: [Board 49-26] cannot add Board Part xilinx.com:vhk158_es:part0:1.1 available at D:/Xilinx/Vivado/2024.1/data/xhub/boards/XilinxBoardStore/boards/Xilinx/vhk158/es/1.1/board.xml as part xcvh1582-vsva3697-2mp-e-s-es1 specified in board_part file is either invalid or not available
WARNING: [Board 49-26] cannot add Board Part xilinx.com:zcu208ld:part0:2.0 available at D:/Xilinx/Vivado/2024.1/data/xhub/boards/XilinxBoardStore/boards/Xilinx/zcu208ld/production/2.0/board.xml as part xczu58dr-fsvg1517-2-i specified in board_part file is either invalid or not available
WARNING: [Board 49-26] cannot add Board Part xilinx.com:zcu216ld:part0:2.0 available at D:/Xilinx/Vivado/2024.1/data/xhub/boards/XilinxBoardStore/boards/Xilinx/zcu216ld/production/2.0/board.xml as part xczu59dr-ffvf1760-2-i specified in board_part file is either invalid or not available
WARNING: [Board 49-26] cannot add Board Part xilinx.com:zcu670ld:part0:1.0 available at D:/Xilinx/Vivado/2024.1/data/xhub/boards/XilinxBoardStore/boards/Xilinx/zcu670ld/1.0/board.xml as part xczu57dr-fsve1156-2-i specified in board_part file is either invalid or not available
Scanning sources...
Finished scanning sources
INFO: [IP_Flow 19-234] Refreshing IP repositories
INFO: [IP_Flow 19-1700] Loaded user IP repository 'c:/Users/clb20123/Documents/FO-RFSoC-4YP/RFX_files/demod_16_bit'.
INFO: [IP_Flow 19-1700] Loaded user IP repository 'c:/Users/clb20123/Documents/FO-RFSoC-4YP/RFX_files/16_bit_modulate'.
INFO: [IP_Flow 19-2313] Loaded Vivado IP repository 'D:/Xilinx/Vivado/2024.1/data/ip'.
WARNING: [BD 41-1661] One or more IPs have been locked in the design 'PYNQ_Design.bd'. Please run report_ip_status for more details and recommendations on how to fix this issue.
List of locked IPs:
PYNQ_Design_clk_wiz_0_0
PYNQ_Design_rst_ps8_0_96M_1
PYNQ_Design_axi_smc_1_0
PYNQ_Design_axi_smc_2
PYNQ_Design_proc_sys_reset_0_0
PYNQ_Design_proc_sys_reset_1_0

WARNING: [IP_Flow 19-2162] IP 'DUT_data_in_0' is locked:
* IP definition 'DUT_data_in (1.0)' for IP 'DUT_data_in_0' (customized with software release 2024.1) was not found in the IP Catalog.
WARNING: [IP_Flow 19-2162] IP 'DUT_rec_0' is locked:
* IP definition 'DUT_rec (1.0)' for IP 'DUT_rec_0' (customized with software release 2024.1) was not found in the IP Catalog.
open_project: Time (s): cpu = 00:00:45 ; elapsed = 00:01:15 . Memory (MB): peak = 1758.051 ; gain = 617.574
open_bd_design {C:/Users/clb20123/Documents/FO-RFSoC-4YP/2x2_files/PLEASE/PLEASE.srcs/sources_1/bd/PYNQ_Design/PYNQ_Design.bd}
Reading block design file <C:/Users/clb20123/Documents/FO-RFSoC-4YP/2x2_files/PLEASE/PLEASE.srcs/sources_1/bd/PYNQ_Design/PYNQ_Design.bd>...
Adding component instance block -- xilinx.com:ip:usp_rf_data_converter:2.6 - RFDC
INFO: Ultrascale+ RF Data Converter instance: Clock port 'adc0_clk' frequency is set to 64000000
INFO: Ultrascale+ RF Data Converter instance: Clock port 'dac0_clk' frequency is set to 128000000
Adding component instance block -- xilinx.com:ip:proc_sys_reset:5.0 - rst_ps8_0_96M
Adding component instance block -- xilinx.com:ip:axi_interconnect:2.1 - ps8_0_axi_periph
Adding component instance block -- xilinx.com:ip:axi_crossbar:2.1 - xbar
Adding component instance block -- xilinx.com:ip:smartconnect:1.0 - axi_smc
Adding component instance block -- xilinx.com:ip:proc_sys_reset:5.0 - proc_sys_reset_0
Adding component instance block -- xilinx.com:ip:system_ila:1.1 - RX_ILA
Adding component instance block -- xilinx.com:ip:axi_dma:7.1 - axi_dma_rx
Adding component instance block -- xilinx.com:ip:clk_wiz:6.0 - clk_wiz_0
Adding component instance block -- User_Company:VMC:Receiver:1.0 - Receiver_0
Adding component instance block -- xilinx.com:ip:axi_dma:7.1 - axi_dma_tx
WARNING: [BD 41-1282] Parameter 'HAS_BURST' is not defined on '/TX/axi_dma_tx/M_AXIS_MM2S'. Parameter ignored.
WARNING: [BD 41-1282] Parameter 'HAS_BURST' is not defined on '/TX/axi_dma_tx/M_AXIS_MM2S'. Parameter ignored.
Adding component instance block -- xilinx.com:ip:proc_sys_reset:5.0 - proc_sys_reset_1
Adding component instance block -- xilinx.com:ip:smartconnect:1.0 - axi_smc_1
Adding component instance block -- xilinx.com:ip:system_ila:1.1 - TX_ILA
Adding component instance block -- User_Company:VMC:Data_gen:1.0 - Data_gen_0
Adding component instance block -- xilinx.com:ip:xlconstant:1.1 - LMK_Reset
Adding component instance block -- xilinx.com:ip:zynq_ultra_ps_e:3.5 - PS
Excluding slave segment /PS/SAXIGP2/HP0_LPS_OCM from address space /RX/axi_dma_rx/Data_S2MM.
Excluding slave segment /PS/SAXIGP3/HP1_LPS_OCM from address space /TX/axi_dma_tx/Data_MM2S.
Successfully read diagram <PYNQ_Design> from block design file <C:/Users/clb20123/Documents/FO-RFSoC-4YP/2x2_files/PLEASE/PLEASE.srcs/sources_1/bd/PYNQ_Design/PYNQ_Design.bd>
open_bd_design: Time (s): cpu = 00:00:11 ; elapsed = 00:00:17 . Memory (MB): peak = 1821.547 ; gain = 48.277
update_compile_order -fileset sources_1
report_ip_status -name ip_status 
upgrade_ip [get_ips  {PYNQ_Design_proc_sys_reset_1_0 PYNQ_Design_axi_smc_2 PYNQ_Design_rst_ps8_0_96M_1 PYNQ_Design_proc_sys_reset_0_0 PYNQ_Design_axi_smc_1_0 PYNQ_Design_clk_wiz_0_0}] -log ip_upgrade.log
Upgrading 'C:/Users/clb20123/Documents/FO-RFSoC-4YP/2x2_files/PLEASE/PLEASE.srcs/sources_1/bd/PYNQ_Design/PYNQ_Design.bd'
INFO: [IP_Flow 19-3420] Updated PYNQ_Design_axi_smc_1_0 to use current project options
Excluding slave segment /PS/SAXIGP3/HP1_LPS_OCM from address space /TX/axi_dma_tx/Data_MM2S.
INFO: [IP_Flow 19-3420] Updated PYNQ_Design_axi_smc_2 to use current project options
Excluding slave segment /PS/SAXIGP2/HP0_LPS_OCM from address space /RX/axi_dma_rx/Data_S2MM.
INFO: [Device 21-403] Loading part xczu28dr-ffvg1517-2-e
INFO: [IP_Flow 19-3420] Updated PYNQ_Design_clk_wiz_0_0 to use current project options
INFO: [IP_Flow 19-3420] Updated PYNQ_Design_proc_sys_reset_0_0 to use current project options
INFO: [IP_Flow 19-3420] Updated PYNQ_Design_proc_sys_reset_1_0 to use current project options
INFO: [IP_Flow 19-3420] Updated PYNQ_Design_rst_ps8_0_96M_1 to use current project options
Wrote  : <C:\Users\clb20123\Documents\FO-RFSoC-4YP\2x2_files\PLEASE\PLEASE.srcs\sources_1\bd\PYNQ_Design\PYNQ_Design.bd> 
Wrote  : <C:/Users/clb20123/Documents/FO-RFSoC-4YP/2x2_files/PLEASE/PLEASE.srcs/sources_1/bd/PYNQ_Design/ui/bd_becc52b1.ui> 
INFO: [Coretcl 2-1525] Wrote upgrade log to 'C:/Users/clb20123/Documents/FO-RFSoC-4YP/2x2_files/PLEASE/ip_upgrade.log'.
upgrade_ip: Time (s): cpu = 00:00:30 ; elapsed = 00:00:44 . Memory (MB): peak = 3576.105 ; gain = 1720.625
export_ip_user_files -of_objects [get_ips {PYNQ_Design_proc_sys_reset_1_0 PYNQ_Design_axi_smc_2 PYNQ_Design_rst_ps8_0_96M_1 PYNQ_Design_proc_sys_reset_0_0 PYNQ_Design_axi_smc_1_0 PYNQ_Design_clk_wiz_0_0}] -no_script -sync -force -quiet
connect_bd_net [get_bd_pins ps8_0_axi_periph/M03_ACLK] [get_bd_pins RX/clk_wiz_0/clk_out1]
connect_bd_net [get_bd_pins ps8_0_axi_periph/M03_ARESETN] [get_bd_pins RX/proc_sys_reset_0/peripheral_aresetn]
connect_bd_net [get_bd_pins ps8_0_axi_periph/M04_ACLK] [get_bd_pins RFDC/clk_dac0]
connect_bd_net [get_bd_pins ps8_0_axi_periph/M04_ARESETN] [get_bd_pins TX/proc_sys_reset_1/peripheral_aresetn]
validate_bd_design
WARNING: [BD 41-1629] Slave segment </PS/SAXIGP2/HP0_LPS_OCM> is excluded from all addressing paths.
WARNING: [BD 41-1629] Slave segment </PS/SAXIGP3/HP1_LPS_OCM> is excluded from all addressing paths.
WARNING: [BD 41-1781] Updates have been made to one or more nets/interface connections marked for debug.
Debug nets, which are already connected to any ILA IP core in the block-design, will be automatically available for debug in Hardware Manager.
For unconnected Debug nets, please open synthesized design and use 'Set Up Debug' wizard to insert, modify or delete Debug Cores. 
Excluding slave segment /PS/SAXIGP2/HP0_LPS_OCM from address space /RX/axi_dma_rx/Data_S2MM.
Excluding slave segment /PS/SAXIGP3/HP1_LPS_OCM from address space /TX/axi_dma_tx/Data_MM2S.
WARNING: [BD 41-702] Propagation TCL tries to overwrite USER strength parameter C_S_AXIS_S2MM_TDATA_WIDTH(16) on '/RX/axi_dma_rx' with propagated value(32). Command ignored
WARNING: [BD 41-702] Propagation TCL tries to overwrite USER strength parameter C_M_AXI_S2MM_DATA_WIDTH(128) on '/RX/axi_dma_rx' with propagated value(32). Command ignored
INFO: [BD 5-943] Reserving offset range <0x0000_0000 [ 2G ]> from slave interface '/RX/axi_smc/S00_AXI' to master interface '/RX/axi_smc/M00_AXI'. This will be used by smartconnect on path for routing.
INFO: [xilinx.com:ip:smartconnect:1.0-1] PYNQ_Design_axi_smc_2: SmartConnect PYNQ_Design_axi_smc_2 is in High-performance Mode.
INFO: [BD 5-943] Reserving offset range <0x0000_0000 [ 2G ]> from slave interface '/TX/axi_smc_1/S00_AXI' to master interface '/TX/axi_smc_1/M00_AXI'. This will be used by smartconnect on path for routing.
INFO: [xilinx.com:ip:smartconnect:1.0-1] PYNQ_Design_axi_smc_1_0: SmartConnect PYNQ_Design_axi_smc_1_0 is in High-performance Mode.
INFO: [xilinx.com:ip:clk_wiz:6.0-1] /RX/clk_wiz_0 clk_wiz propagate
CRITICAL WARNING: [BD 41-237] Bus Interface property TDATA_NUM_BYTES does not match between /RX/axi_dma_rx/S_AXIS_S2MM(2) and /RX/Receiver_0/m_axis(4)
CRITICAL WARNING: [BD 41-237] Bus Interface property TDATA_NUM_BYTES does not match between /TX/Data_gen_0/s_axis(0) and /TX/axi_dma_tx/M_AXIS_MM2S(4)
WARNING: [BD 41-237] Bus Interface property LAYERED_METADATA does not match between /RX/Receiver_0/s_axis(xilinx.com:interface:datatypes:1.0 {TDATA {datatype {name {attribs {resolve_type immediate dependency {} format string minimum {} maximum {}} value {}} bitwidth {attribs {resolve_type immediate dependency {} format long minimum {} maximum {}} value 16} bitoffset {attribs {resolve_type immediate dependency {} format long minimum {} maximum {}} value 0} real {fixed {fractwidth {attribs {resolve_type immediate dependency {} format long minimum {} maximum {}} value 0} signed {attribs {resolve_type immediate dependency {} format bool minimum {} maximum {}} value false}}}}}}) and /RFDC/m00_axis(undef)
WARNING: [BD 41-237] Bus Interface property AWUSER_WIDTH does not match between /ps8_0_axi_periph/s00_couplers/auto_pc/S_AXI(0) and /PS/M_AXI_HPM0_LPD(16)
WARNING: [BD 41-237] Bus Interface property ARUSER_WIDTH does not match between /ps8_0_axi_periph/s00_couplers/auto_pc/S_AXI(0) and /PS/M_AXI_HPM0_LPD(16)
WARNING: [BD 41-237] Bus Interface property AWUSER_WIDTH does not match between /PS/S_AXI_HP0_FPD(1) and /RX/axi_smc/M00_AXI(0)
WARNING: [BD 41-237] Bus Interface property ARUSER_WIDTH does not match between /PS/S_AXI_HP0_FPD(1) and /RX/axi_smc/M00_AXI(0)
WARNING: [BD 41-237] Bus Interface property LAYERED_METADATA does not match between /TX/Data_gen_0/s_axis(xilinx.com:interface:datatypes:1.0 {TDATA {datatype {name {attribs {resolve_type immediate dependency {} format string minimum {} maximum {}} value {}} bitwidth {attribs {resolve_type immediate dependency {} format long minimum {} maximum {}} value 1} bitoffset {attribs {resolve_type immediate dependency {} format long minimum {} maximum {}} value 0} real {fixed {fractwidth {attribs {resolve_type immediate dependency {} format long minimum {} maximum {}} value 0} signed {attribs {resolve_type immediate dependency {} format bool minimum {} maximum {}} value false}}}}}}) and /TX/axi_dma_tx/M_AXIS_MM2S(undef)
WARNING: [BD 41-237] Bus Interface property AWUSER_WIDTH does not match between /PS/S_AXI_HP1_FPD(1) and /TX/axi_smc_1/M00_AXI(0)
WARNING: [BD 41-237] Bus Interface property ARUSER_WIDTH does not match between /PS/S_AXI_HP1_FPD(1) and /TX/axi_smc_1/M00_AXI(0)
validate_bd_design: Time (s): cpu = 00:00:23 ; elapsed = 00:00:26 . Memory (MB): peak = 3588.711 ; gain = 0.000
set_property location {2 2695 287} [get_bd_cells ps8_0_axi_periph]
set_property location {2 2696 288} [get_bd_cells ps8_0_axi_periph]
set_property location {2 2696 279} [get_bd_cells ps8_0_axi_periph]
set_property location {2 2689 273} [get_bd_cells ps8_0_axi_periph]
set_property location {2 2691 260} [get_bd_cells ps8_0_axi_periph]
set_property location {2 2692 274} [get_bd_cells ps8_0_axi_periph]
validate_bd_design -force
WARNING: [BD 41-1629] Slave segment </PS/SAXIGP2/HP0_LPS_OCM> is excluded from all addressing paths.
WARNING: [BD 41-1629] Slave segment </PS/SAXIGP3/HP1_LPS_OCM> is excluded from all addressing paths.
WARNING: [BD 41-1781] Updates have been made to one or more nets/interface connections marked for debug.
Debug nets, which are already connected to any ILA IP core in the block-design, will be automatically available for debug in Hardware Manager.
For unconnected Debug nets, please open synthesized design and use 'Set Up Debug' wizard to insert, modify or delete Debug Cores. 
Excluding slave segment /PS/SAXIGP2/HP0_LPS_OCM from address space /RX/axi_dma_rx/Data_S2MM.
Excluding slave segment /PS/SAXIGP3/HP1_LPS_OCM from address space /TX/axi_dma_tx/Data_MM2S.
WARNING: [BD 41-702] Propagation TCL tries to overwrite USER strength parameter C_S_AXIS_S2MM_TDATA_WIDTH(16) on '/RX/axi_dma_rx' with propagated value(32). Command ignored
WARNING: [BD 41-702] Propagation TCL tries to overwrite USER strength parameter C_M_AXI_S2MM_DATA_WIDTH(128) on '/RX/axi_dma_rx' with propagated value(32). Command ignored
INFO: [BD 5-943] Reserving offset range <0x0000_0000 [ 2G ]> from slave interface '/RX/axi_smc/S00_AXI' to master interface '/RX/axi_smc/M00_AXI'. This will be used by smartconnect on path for routing.
INFO: [xilinx.com:ip:smartconnect:1.0-1] PYNQ_Design_axi_smc_2: SmartConnect PYNQ_Design_axi_smc_2 is in High-performance Mode.
INFO: [BD 5-943] Reserving offset range <0x0000_0000 [ 2G ]> from slave interface '/TX/axi_smc_1/S00_AXI' to master interface '/TX/axi_smc_1/M00_AXI'. This will be used by smartconnect on path for routing.
INFO: [xilinx.com:ip:smartconnect:1.0-1] PYNQ_Design_axi_smc_1_0: SmartConnect PYNQ_Design_axi_smc_1_0 is in High-performance Mode.
INFO: [xilinx.com:ip:clk_wiz:6.0-1] /RX/clk_wiz_0 clk_wiz propagate
CRITICAL WARNING: [BD 41-237] Bus Interface property TDATA_NUM_BYTES does not match between /RX/axi_dma_rx/S_AXIS_S2MM(2) and /RX/Receiver_0/m_axis(4)
CRITICAL WARNING: [BD 41-237] Bus Interface property TDATA_NUM_BYTES does not match between /TX/Data_gen_0/s_axis(0) and /TX/axi_dma_tx/M_AXIS_MM2S(4)
WARNING: [BD 41-237] Bus Interface property LAYERED_METADATA does not match between /RX/Receiver_0/s_axis(xilinx.com:interface:datatypes:1.0 {TDATA {datatype {name {attribs {resolve_type immediate dependency {} format string minimum {} maximum {}} value {}} bitwidth {attribs {resolve_type immediate dependency {} format long minimum {} maximum {}} value 16} bitoffset {attribs {resolve_type immediate dependency {} format long minimum {} maximum {}} value 0} real {fixed {fractwidth {attribs {resolve_type immediate dependency {} format long minimum {} maximum {}} value 0} signed {attribs {resolve_type immediate dependency {} format bool minimum {} maximum {}} value false}}}}}}) and /RFDC/m00_axis(undef)
WARNING: [BD 41-237] Bus Interface property AWUSER_WIDTH does not match between /ps8_0_axi_periph/s00_couplers/auto_pc/S_AXI(0) and /PS/M_AXI_HPM0_LPD(16)
WARNING: [BD 41-237] Bus Interface property ARUSER_WIDTH does not match between /ps8_0_axi_periph/s00_couplers/auto_pc/S_AXI(0) and /PS/M_AXI_HPM0_LPD(16)
WARNING: [BD 41-237] Bus Interface property AWUSER_WIDTH does not match between /PS/S_AXI_HP0_FPD(1) and /RX/axi_smc/M00_AXI(0)
WARNING: [BD 41-237] Bus Interface property ARUSER_WIDTH does not match between /PS/S_AXI_HP0_FPD(1) and /RX/axi_smc/M00_AXI(0)
WARNING: [BD 41-237] Bus Interface property LAYERED_METADATA does not match between /TX/Data_gen_0/s_axis(xilinx.com:interface:datatypes:1.0 {TDATA {datatype {name {attribs {resolve_type immediate dependency {} format string minimum {} maximum {}} value {}} bitwidth {attribs {resolve_type immediate dependency {} format long minimum {} maximum {}} value 1} bitoffset {attribs {resolve_type immediate dependency {} format long minimum {} maximum {}} value 0} real {fixed {fractwidth {attribs {resolve_type immediate dependency {} format long minimum {} maximum {}} value 0} signed {attribs {resolve_type immediate dependency {} format bool minimum {} maximum {}} value false}}}}}}) and /TX/axi_dma_tx/M_AXIS_MM2S(undef)
WARNING: [BD 41-237] Bus Interface property AWUSER_WIDTH does not match between /PS/S_AXI_HP1_FPD(1) and /TX/axi_smc_1/M00_AXI(0)
WARNING: [BD 41-237] Bus Interface property ARUSER_WIDTH does not match between /PS/S_AXI_HP1_FPD(1) and /TX/axi_smc_1/M00_AXI(0)
validate_bd_design: Time (s): cpu = 00:00:16 ; elapsed = 00:00:16 . Memory (MB): peak = 3613.371 ; gain = 24.660
save_bd_design
Wrote  : <C:\Users\clb20123\Documents\FO-RFSoC-4YP\2x2_files\PLEASE\PLEASE.srcs\sources_1\bd\PYNQ_Design\PYNQ_Design.bd> 
Wrote  : <C:/Users/clb20123/Documents/FO-RFSoC-4YP/2x2_files/PLEASE/PLEASE.srcs/sources_1/bd/PYNQ_Design/ui/bd_becc52b1.ui> 
Wrote  : <C:/Users/clb20123/Documents/FO-RFSoC-4YP/2x2_files/PLEASE/PLEASE.srcs/sources_1/bd/PYNQ_Design/ui/bd_d13e1eb7.ui> 
save_bd_design: Time (s): cpu = 00:00:07 ; elapsed = 00:00:06 . Memory (MB): peak = 3647.359 ; gain = 33.988
reset_run synth_1
INFO: [Project 1-1161] Replacing file C:/Users/clb20123/Documents/FO-RFSoC-4YP/2x2_files/PLEASE/PLEASE.srcs/utils_1/imports/synth_1/PYNQ_Design_wrapper.dcp with file C:/Users/clb20123/Documents/FO-RFSoC-4YP/2x2_files/PLEASE/PLEASE.runs/synth_1/PYNQ_Design_wrapper.dcp
launch_runs impl_1 -to_step write_bitstream -jobs 4
INFO: [BD 41-1662] The design 'PYNQ_Design.bd' is already validated. Therefore parameter propagation will not be re-run.
Wrote  : <C:/Users/clb20123/Documents/FO-RFSoC-4YP/2x2_files/PLEASE/PLEASE.srcs/sources_1/bd/PYNQ_Design/ui/bd_becc52b1.ui> 
Wrote  : <C:/Users/clb20123/Documents/FO-RFSoC-4YP/2x2_files/PLEASE/PLEASE.srcs/sources_1/bd/PYNQ_Design/ui/bd_d13e1eb7.ui> 
WARNING: [BD 41-2384] Width mismatch when connecting pin: '/RX/axi_dma_rx/s_axis_s2mm_tdata'(16) to pin: '/RX/Receiver_0/m_axis_tdata'(32) - Only lower order bits will be connected.
WARNING: [BD 41-2384] Width mismatch when connecting pin: '/TX/Data_gen_0/s_axis_tdata'(1) to pin: '/TX/axi_dma_tx/m_axis_mm2s_tdata'(32) - Only lower order bits will be connected.
VHDL Output written to : c:/Users/clb20123/Documents/FO-RFSoC-4YP/2x2_files/PLEASE/PLEASE.gen/sources_1/bd/PYNQ_Design/synth/PYNQ_Design.vhd
WARNING: [BD 41-2384] Width mismatch when connecting pin: '/RX/axi_dma_rx/s_axis_s2mm_tdata'(16) to pin: '/RX/Receiver_0/m_axis_tdata'(32) - Only lower order bits will be connected.
WARNING: [BD 41-2384] Width mismatch when connecting pin: '/TX/Data_gen_0/s_axis_tdata'(1) to pin: '/TX/axi_dma_tx/m_axis_mm2s_tdata'(32) - Only lower order bits will be connected.
VHDL Output written to : c:/Users/clb20123/Documents/FO-RFSoC-4YP/2x2_files/PLEASE/PLEASE.gen/sources_1/bd/PYNQ_Design/sim/PYNQ_Design.vhd
VHDL Output written to : c:/Users/clb20123/Documents/FO-RFSoC-4YP/2x2_files/PLEASE/PLEASE.gen/sources_1/bd/PYNQ_Design/hdl/PYNQ_Design_wrapper.vhd
Wrote  : <C:/Users/clb20123/Documents/FO-RFSoC-4YP/2x2_files/PLEASE/PLEASE.srcs/sources_1/bd/PYNQ_Design/ui/bd_becc52b1.ui> 
Wrote  : <C:/Users/clb20123/Documents/FO-RFSoC-4YP/2x2_files/PLEASE/PLEASE.srcs/sources_1/bd/PYNQ_Design/ui/bd_d13e1eb7.ui> 
INFO: [BD 41-1029] Generation completed for the IP Integrator block RFDC .
INFO: [BD 41-1029] Generation completed for the IP Integrator block rst_ps8_0_96M .
INFO: [BD 41-1029] Generation completed for the IP Integrator block ps8_0_axi_periph/xbar .
Exporting to file c:/Users/clb20123/Documents/FO-RFSoC-4YP/2x2_files/PLEASE/PLEASE.gen/sources_1/bd/PYNQ_Design/ip/PYNQ_Design_axi_smc_2/bd_0/hw_handoff/PYNQ_Design_axi_smc_2.hwh
Generated Hardware Definition File c:/Users/clb20123/Documents/FO-RFSoC-4YP/2x2_files/PLEASE/PLEASE.gen/sources_1/bd/PYNQ_Design/ip/PYNQ_Design_axi_smc_2/bd_0/synth/PYNQ_Design_axi_smc_2.hwdef
INFO: [BD 41-1029] Generation completed for the IP Integrator block RX/axi_smc .
INFO: [BD 41-1029] Generation completed for the IP Integrator block RX/proc_sys_reset_0 .
Exporting to file c:/Users/clb20123/Documents/FO-RFSoC-4YP/2x2_files/PLEASE/PLEASE.gen/sources_1/bd/PYNQ_Design/ip/PYNQ_Design_system_ila_1_0/bd_0/hw_handoff/PYNQ_Design_system_ila_1_0.hwh
Generated Hardware Definition File c:/Users/clb20123/Documents/FO-RFSoC-4YP/2x2_files/PLEASE/PLEASE.gen/sources_1/bd/PYNQ_Design/ip/PYNQ_Design_system_ila_1_0/bd_0/synth/PYNQ_Design_system_ila_1_0.hwdef
INFO: [BD 41-1029] Generation completed for the IP Integrator block RX/RX_ILA .
INFO: [BD 41-1029] Generation completed for the IP Integrator block RX/axi_dma_rx .
INFO: [BD 41-1029] Generation completed for the IP Integrator block RX/clk_wiz_0 .
WARNING: [IP_Flow 19-519] IP 'PYNQ_Design_Receiver_0_0' detected a language mismatch between 'Verilog Synthesis Wrapper' and 'VHDL Synthesis' output products. Please check with the IP provider to see if this is expected.
WARNING: [IP_Flow 19-519] IP 'PYNQ_Design_Receiver_0_0' detected a language mismatch between 'Verilog Simulation Wrapper' and 'VHDL Simulation' output products. Please check with the IP provider to see if this is expected.
can't use empty string as operand of "/"
INFO: [IP_Flow 19-3420] Updated x16_bit_demod_fifo_generator_i0 to use current project options
INFO: [IP_Flow 19-3420] Updated x16_bit_demod_fifo_generator_i1 to use current project options
INFO: [IP_Flow 19-3420] Updated x16_bit_demod_fir_compiler_v7_2_i0 to use current project options
INFO: [IP_Flow 19-3420] Updated x16_bit_demod_mult_gen_v12_0_i0 to use current project options
INFO: [BD 41-1029] Generation completed for the IP Integrator block RX/Receiver_0 .
INFO: [BD 41-1029] Generation completed for the IP Integrator block TX/axi_dma_tx .
INFO: [BD 41-1029] Generation completed for the IP Integrator block TX/proc_sys_reset_1 .
Exporting to file c:/Users/clb20123/Documents/FO-RFSoC-4YP/2x2_files/PLEASE/PLEASE.gen/sources_1/bd/PYNQ_Design/ip/PYNQ_Design_axi_smc_1_0/bd_0/hw_handoff/PYNQ_Design_axi_smc_1_0.hwh
Generated Hardware Definition File c:/Users/clb20123/Documents/FO-RFSoC-4YP/2x2_files/PLEASE/PLEASE.gen/sources_1/bd/PYNQ_Design/ip/PYNQ_Design_axi_smc_1_0/bd_0/synth/PYNQ_Design_axi_smc_1_0.hwdef
INFO: [BD 41-1029] Generation completed for the IP Integrator block TX/axi_smc_1 .
Exporting to file c:/Users/clb20123/Documents/FO-RFSoC-4YP/2x2_files/PLEASE/PLEASE.gen/sources_1/bd/PYNQ_Design/ip/PYNQ_Design_system_ila_0_0/bd_0/hw_handoff/PYNQ_Design_system_ila_0_0.hwh
Generated Hardware Definition File c:/Users/clb20123/Documents/FO-RFSoC-4YP/2x2_files/PLEASE/PLEASE.gen/sources_1/bd/PYNQ_Design/ip/PYNQ_Design_system_ila_0_0/bd_0/synth/PYNQ_Design_system_ila_0_0.hwdef
INFO: [BD 41-1029] Generation completed for the IP Integrator block TX/TX_ILA .
WARNING: [IP_Flow 19-519] IP 'PYNQ_Design_Data_gen_0_0' detected a language mismatch between 'Verilog Synthesis Wrapper' and 'VHDL Synthesis' output products. Please check with the IP provider to see if this is expected.
WARNING: [IP_Flow 19-519] IP 'PYNQ_Design_Data_gen_0_0' detected a language mismatch between 'Verilog Simulation Wrapper' and 'VHDL Simulation' output products. Please check with the IP provider to see if this is expected.
INFO: [IP_Flow 19-3420] Updated x16_bit_mod_fifo_generator_i0 to use current project options
INFO: [IP_Flow 19-3420] Updated x16_bit_mod_fifo_generator_i1 to use current project options
INFO: [IP_Flow 19-3420] Updated x16_bit_mod_mult_gen_v12_0_i0 to use current project options
INFO: [BD 41-1029] Generation completed for the IP Integrator block TX/Data_gen_0 .
INFO: [BD 41-1029] Generation completed for the IP Integrator block LMK_Reset .
INFO: [xilinx.com:ip:zynq_ultra_ps_e:3.5-0] PYNQ_Design_zynq_ultra_ps_e_0_1: 
Changes in your design (including the PCW configuration settings) are not automatically exported from Vivado to Amd's SDK, Petalinux or Yocto.
This is by design to avoid disrupting existing embedded development efforts. To have any changes of your design taking effect in the embedded software flow please export your
design by going through Vivado's main menu, click on File, then Export finally select Export Hardware, please ensure you click on the Include BitStream option.
The auto-generated HDF file is all you need to import in Amd's SDK, Petalinux or Yocto for your changes to be reflected in the Embedded Software Flow.
For more information, please consult PG201, section: Exporting PCW Settings to Embedded Software Flows
INFO: [PSU-0] Address Range of DDR (0x7ff00000 to 0x7fffffff) is reserved by PMU for internal purpose.
INFO: [IP_Flow 19-5611] Unable to find an associated reset port for the interface 'M_AXI_HPM0_LPD'. A default connection has been created.
INFO: [IP_Flow 19-5611] Unable to find an associated reset port for the interface 'S_AXI_HP0_FPD'. A default connection has been created.
INFO: [IP_Flow 19-5611] Unable to find an associated reset port for the interface 'S_AXI_HP1_FPD'. A default connection has been created.
INFO: [BD 41-1029] Generation completed for the IP Integrator block PS .
INFO: [BD 41-1029] Generation completed for the IP Integrator block ps8_0_axi_periph/s00_couplers/auto_pc .
INFO: [BD 41-1029] Generation completed for the IP Integrator block ps8_0_axi_periph/m00_couplers/auto_cc .
INFO: [BD 41-1029] Generation completed for the IP Integrator block ps8_0_axi_periph/m01_couplers/auto_cc .
INFO: [BD 41-1029] Generation completed for the IP Integrator block ps8_0_axi_periph/m03_couplers/auto_cc .
INFO: [BD 41-1029] Generation completed for the IP Integrator block ps8_0_axi_periph/m04_couplers/auto_cc .
Exporting to file c:/Users/clb20123/Documents/FO-RFSoC-4YP/2x2_files/PLEASE/PLEASE.gen/sources_1/bd/PYNQ_Design/hw_handoff/PYNQ_Design.hwh
Generated Hardware Definition File c:/Users/clb20123/Documents/FO-RFSoC-4YP/2x2_files/PLEASE/PLEASE.gen/sources_1/bd/PYNQ_Design/synth/PYNQ_Design.hwdef
[Thu Mar 27 12:42:03 2025] Launched synth_1...
Run output will be captured here: C:/Users/clb20123/Documents/FO-RFSoC-4YP/2x2_files/PLEASE/PLEASE.runs/synth_1/runme.log
[Thu Mar 27 12:42:03 2025] Launched impl_1...
Run output will be captured here: C:/Users/clb20123/Documents/FO-RFSoC-4YP/2x2_files/PLEASE/PLEASE.runs/impl_1/runme.log
launch_runs: Time (s): cpu = 00:01:19 ; elapsed = 00:01:36 . Memory (MB): peak = 3801.324 ; gain = 153.965
open_run impl_1
Netlist sorting complete. Time (s): cpu = 00:00:01 ; elapsed = 00:00:02 . Memory (MB): peak = 3824.020 ; gain = 0.000
INFO: [Netlist 29-17] Analyzing 1059 Unisim elements for replacement
INFO: [Netlist 29-28] Unisim Transformation completed in 2 CPU seconds
INFO: [Project 1-479] Netlist was created with Vivado 2024.1
INFO: [Project 1-570] Preparing netlist for logic optimization
Read ShapeDB Complete: Time (s): cpu = 00:00:00 ; elapsed = 00:00:00.379 . Memory (MB): peak = 4013.906 ; gain = 21.016
INFO: [Timing 38-478] Restoring timing data from binary archive.
INFO: [Timing 38-479] Binary timing data restore complete.
INFO: [Project 1-856] Restoring constraints from binary archive.
INFO: [Project 1-853] Binary constraint restore complete.
INFO: [Designutils 20-5722] Start Reading Physical Databases.
Reading placement.
Read Netlist Cache: Time (s): cpu = 00:00:00 ; elapsed = 00:00:00.055 . Memory (MB): peak = 4624.172 ; gain = 0.000
Reading placer database...
Read Device Cache: Time (s): cpu = 00:00:00 ; elapsed = 00:00:00.055 . Memory (MB): peak = 4624.172 ; gain = 0.000
Read PlaceDB: Time (s): cpu = 00:00:04 ; elapsed = 00:00:04 . Memory (MB): peak = 4660.445 ; gain = 36.273
Read PulsedLatchDB: Time (s): cpu = 00:00:00 ; elapsed = 00:00:00 . Memory (MB): peak = 4660.445 ; gain = 0.000
Reading routing.
Read RouteStorage: Time (s): cpu = 00:00:02 ; elapsed = 00:00:00.969 . Memory (MB): peak = 4713.457 ; gain = 53.012
Read Physdb Files: Time (s): cpu = 00:00:06 ; elapsed = 00:00:06 . Memory (MB): peak = 4713.457 ; gain = 89.285
Restored from archive | CPU: 6.000000 secs | Memory: 0.000000 MB |
Finished XDEF File Restore: Time (s): cpu = 00:00:06 ; elapsed = 00:00:06 . Memory (MB): peak = 4713.457 ; gain = 89.285
Netlist sorting complete. Time (s): cpu = 00:00:00 ; elapsed = 00:00:00.030 . Memory (MB): peak = 4713.457 ; gain = 0.000
INFO: [Project 1-111] Unisim Transformation Summary:
  A total of 1457 instances were transformed.
  CFGLUT5 => CFGLUT5 (SRL16E, SRLC32E): 464 instances
  DSP48E2 => DSP48E2 (DSP_ALU, DSP_A_B_DATA, DSP_C_DATA, DSP_MULTIPLIER, DSP_M_DATA, DSP_OUTPUT, DSP_PREADD, DSP_PREADD_DATA): 103 instances
  RAM32M16 => RAM32M16 (RAMD32(x14), RAMS32(x2)): 40 instances
  RAM32X1D => RAM32X1D (RAMD32(x2)): 5 instances
  SRLC32E => SRL16E: 845 instances

open_run: Time (s): cpu = 00:01:04 ; elapsed = 00:01:06 . Memory (MB): peak = 5067.898 ; gain = 1266.574
open_report: Time (s): cpu = 00:00:28 ; elapsed = 00:00:12 . Memory (MB): peak = 6153.270 ; gain = 980.305
WARNING: [Timing 38-436] There are set_bus_skew constraint(s) in this design. Please run report_bus_skew to ensure that bus skew requirements are met.
report_utilization -name utilization_1
report_utilization: Time (s): cpu = 00:00:21 ; elapsed = 00:00:15 . Memory (MB): peak = 6214.430 ; gain = 0.000
close_design
set_property location {2 2684 469} [get_bd_cells LMK_Reset]
write_bd_layout -format pdf -orientation portrait -force C:/Users/clb20123/Documents/FO-RFSoC-4YP/2x2_files/PYNQ_Design.pdf
C:/Users/clb20123/Documents/FO-RFSoC-4YP/2x2_files/PYNQ_Design.pdf
write_bd_tcl -force C:/Users/clb20123/Documents/FO-RFSoC-4YP/2x2_files/PLEASE/PYNQ_Design.tcl
WARNING: [BD 41-2937] The design that will be created by this Tcl script contains the following user IPs:
/RX/Receiver_0, /TX/Data_gen_0
Please add the following user repository(s):
c:/Users/clb20123/Documents/FO-RFSoC-4YP/RFX_files/demod_16_bit
c:/Users/clb20123/Documents/FO-RFSoC-4YP/RFX_files/16_bit_modulate
before sourcing this Tcl script or use write_project_tcl.
INFO: [BD 5-148] Tcl file written out <C:/Users/clb20123/Documents/FO-RFSoC-4YP/2x2_files/PLEASE/PYNQ_Design.tcl>.

exit
INFO: [Common 17-206] Exiting Vivado at Thu Mar 27 13:57:18 2025...
