#-----------------------------------------------------------
# Vivado v2024.1 (64-bit)
# SW Build 5076996 on Wed May 22 18:37:14 MDT 2024
# IP Build 5075265 on Wed May 22 21:45:21 MDT 2024
# SharedData Build 5076995 on Wed May 22 18:29:18 MDT 2024
# Start of session at: Tue Mar 18 10:14:22 2025
# Process ID: 1568
# Current directory: C:/Users/clb20123/Documents/FO-RFSoC-4YP/2x2_files/PLEASE
# Command line: vivado.exe -gui_launcher_event rodinguilauncherevent1688 C:\Users\clb20123\Documents\FO-RFSoC-4YP\2x2_files\PLEASE\PLEASE.xpr
# Log file: C:/Users/clb20123/Documents/FO-RFSoC-4YP/2x2_files/PLEASE/vivado.log
# Journal file: C:/Users/clb20123/Documents/FO-RFSoC-4YP/2x2_files/PLEASE\vivado.jou
# Running On        :EEE-R343-01
# Platform          :Windows Server 2016 or Windows 10
# Operating System  :19045
# Processor Detail  :Intel(R) Core(TM) i5-6500 CPU @ 3.20GHz
# CPU Frequency     :3192 MHz
# CPU Physical cores:4
# CPU Logical cores :4
# Host memory       :17060 MB
# Swap memory       :4646 MB
# Total Virtual     :21706 MB
# Available Virtual :14208 MB
#-----------------------------------------------------------
start_gui
Sourcing tcl script 'D:/Xilinx/Vivado/2024.1/scripts/Vivado_init.tcl'
open_project C:/Users/clb20123/Documents/FO-RFSoC-4YP/2x2_files/PLEASE/PLEASE.xpr
WARNING: [Board 49-26] cannot add Board Part xilinx.com:vek280_es:part0:1.0 available at D:/Xilinx/Vivado/2024.1/data/xhub/boards/XilinxBoardStore/boards/Xilinx/vek280/es/rev_a/1.0/board.xml as part xcve2802-vsvh1760-2lp-e-s-es1 specified in board_part file is either invalid or not available
WARNING: [Board 49-26] cannot add Board Part xilinx.com:vek280_es:part0:1.1 available at D:/Xilinx/Vivado/2024.1/data/xhub/boards/XilinxBoardStore/boards/Xilinx/vek280/es/rev_a/1.1/board.xml as part xcve2802-vsvh1760-2lp-e-s-es1 specified in board_part file is either invalid or not available
WARNING: [Board 49-26] cannot add Board Part xilinx.com:vek280_es_revb:part0:1.0 available at D:/Xilinx/Vivado/2024.1/data/xhub/boards/XilinxBoardStore/boards/Xilinx/vek280/es/rev_b/1.0/board.xml as part xcve2802-vsvh1760-2mp-e-s-es1 specified in board_part file is either invalid or not available
WARNING: [Board 49-26] cannot add Board Part xilinx.com:vek280_es_revb:part0:1.1 available at D:/Xilinx/Vivado/2024.1/data/xhub/boards/XilinxBoardStore/boards/Xilinx/vek280/es/rev_b/1.1/board.xml as part xcve2802-vsvh1760-2mp-e-s-es1 specified in board_part file is either invalid or not available
WARNING: [Board 49-26] cannot add Board Part xilinx.com:vhk158_es:part0:1.0 available at D:/Xilinx/Vivado/2024.1/data/xhub/boards/XilinxBoardStore/boards/Xilinx/vhk158/es/1.0/board.xml as part xcvh1582-vsva3697-2mp-e-s-es1 specified in board_part file is either invalid or not available
WARNING: [Board 49-26] cannot add Board Part xilinx.com:vhk158_es:part0:1.1 available at D:/Xilinx/Vivado/2024.1/data/xhub/boards/XilinxBoardStore/boards/Xilinx/vhk158/es/1.1/board.xml as part xcvh1582-vsva3697-2mp-e-s-es1 specified in board_part file is either invalid or not available
WARNING: [Board 49-26] cannot add Board Part xilinx.com:zcu208ld:part0:2.0 available at D:/Xilinx/Vivado/2024.1/data/xhub/boards/XilinxBoardStore/boards/Xilinx/zcu208ld/production/2.0/board.xml as part xczu58dr-fsvg1517-2-i specified in board_part file is either invalid or not available
WARNING: [Board 49-26] cannot add Board Part xilinx.com:zcu216ld:part0:2.0 available at D:/Xilinx/Vivado/2024.1/data/xhub/boards/XilinxBoardStore/boards/Xilinx/zcu216ld/production/2.0/board.xml as part xczu59dr-ffvf1760-2-i specified in board_part file is either invalid or not available
WARNING: [Board 49-26] cannot add Board Part xilinx.com:zcu670ld:part0:1.0 available at D:/Xilinx/Vivado/2024.1/data/xhub/boards/XilinxBoardStore/boards/Xilinx/zcu670ld/1.0/board.xml as part xczu57dr-fsve1156-2-i specified in board_part file is either invalid or not available
Scanning sources...
Finished scanning sources
INFO: [IP_Flow 19-234] Refreshing IP repositories
INFO: [IP_Flow 19-1700] Loaded user IP repository 'c:/Users/clb20123/Documents/FO-RFSoC-4YP/RFX_files/demod_16_bit/netlist/ip'.
INFO: [IP_Flow 19-1700] Loaded user IP repository 'c:/Users/clb20123/Documents/FO-RFSoC-4YP/RFX_files/16_bit_modulate/netlist/ip'.
INFO: [IP_Flow 19-2313] Loaded Vivado IP repository 'D:/Xilinx/Vivado/2024.1/data/ip'.
open_project: Time (s): cpu = 00:00:42 ; elapsed = 00:00:39 . Memory (MB): peak = 1750.613 ; gain = 610.430
update_compile_order -fileset sources_1
open_bd_design {C:/Users/clb20123/Documents/FO-RFSoC-4YP/2x2_files/PLEASE/PLEASE.srcs/sources_1/bd/PYNQ_Design/PYNQ_Design.bd}
Reading block design file <C:/Users/clb20123/Documents/FO-RFSoC-4YP/2x2_files/PLEASE/PLEASE.srcs/sources_1/bd/PYNQ_Design/PYNQ_Design.bd>...
Adding component instance block -- xilinx.com:ip:zynq_ultra_ps_e:3.5 - zynq_ultra_ps_e_0
Adding component instance block -- xilinx.com:ip:usp_rf_data_converter:2.6 - usp_rf_data_converter_0
INFO: Ultrascale+ RF Data Converter instance: Clock port 'adc0_clk' frequency is set to 64000000
INFO: Ultrascale+ RF Data Converter instance: Clock port 'dac0_clk' frequency is set to 128000000
Adding component instance block -- xilinx.com:ip:proc_sys_reset:5.0 - rst_ps8_0_96M
Adding component instance block -- xilinx.com:ip:axi_interconnect:2.1 - ps8_0_axi_periph
Adding component instance block -- xilinx.com:ip:axi_crossbar:2.1 - xbar
Adding component instance block -- xilinx.com:ip:axi_dwidth_converter:2.1 - auto_ds
Adding component instance block -- xilinx.com:ip:axi_protocol_converter:2.1 - auto_pc
Adding component instance block -- xilinx.com:ip:axi_clock_converter:2.1 - auto_cc
Adding component instance block -- xilinx.com:ip:axi_clock_converter:2.1 - auto_cc
Adding component instance block -- xilinx.com:ip:smartconnect:1.0 - axi_smc
Adding component instance block -- User_Company:VMC:DUT_rec:1.0 - DUT_rec_0
Adding component instance block -- xilinx.com:ip:proc_sys_reset:5.0 - proc_sys_reset_0
Adding component instance block -- xilinx.com:ip:system_ila:1.1 - system_ila_1
Adding component instance block -- xilinx.com:ip:axi_dma:7.1 - axi_dma_rx
Adding component instance block -- xilinx.com:ip:clk_wiz:6.0 - clk_wiz_0
Adding component instance block -- xilinx.com:ip:xlconstant:1.1 - xlconstant_1
Adding component instance block -- User_Company:VMC:DUT_data_in:1.0 - DUT_data_in_0
Adding component instance block -- xilinx.com:ip:xlconstant:1.1 - xlconstant_0
Adding component instance block -- xilinx.com:ip:axi_dma:7.1 - axi_dma_tx
WARNING: [BD 41-1282] Parameter 'HAS_BURST' is not defined on '/TX/axi_dma_tx/M_AXIS_MM2S'. Parameter ignored.
WARNING: [BD 41-1282] Parameter 'HAS_BURST' is not defined on '/TX/axi_dma_tx/M_AXIS_MM2S'. Parameter ignored.
Adding component instance block -- xilinx.com:ip:proc_sys_reset:5.0 - proc_sys_reset_1
Adding component instance block -- xilinx.com:ip:smartconnect:1.0 - axi_smc_1
Adding component instance block -- xilinx.com:ip:system_ila:1.1 - system_ila_0
Excluding slave segment /zynq_ultra_ps_e_0/SAXIGP2/HP0_LPS_OCM from address space /RX/axi_dma_rx/Data_S2MM.
Excluding slave segment /zynq_ultra_ps_e_0/SAXIGP4/HP2_DDR_HIGH from address space /TX/axi_dma_tx/Data_MM2S.
Excluding slave segment /zynq_ultra_ps_e_0/SAXIGP4/HP2_LPS_OCM from address space /TX/axi_dma_tx/Data_MM2S.
Successfully read diagram <PYNQ_Design> from block design file <C:/Users/clb20123/Documents/FO-RFSoC-4YP/2x2_files/PLEASE/PLEASE.srcs/sources_1/bd/PYNQ_Design/PYNQ_Design.bd>
open_bd_design: Time (s): cpu = 00:00:18 ; elapsed = 00:00:22 . Memory (MB): peak = 1953.195 ; gain = 174.078
close_bd_design [get_bd_designs PYNQ_Design]
Wrote  : <C:/Users/clb20123/Documents/FO-RFSoC-4YP/2x2_files/PLEASE/PLEASE.srcs/sources_1/bd/PYNQ_Design/ui/bd_becc52b1.ui> 
Wrote  : <C:/Users/clb20123/Documents/FO-RFSoC-4YP/2x2_files/PLEASE/PLEASE.srcs/sources_1/bd/PYNQ_Design/ui/bd_d13e1eb7.ui> 
close_project
ls
WARNING: [Common 17-259] Unknown Tcl command 'ls' sending command to the OS shell for execution. It is recommended to use 'exec' to send the command to the OS shell.
ip_upgrade.log
myproj
PLEASE.cache
PLEASE.gen
PLEASE.hw
PLEASE.ip_user_files
PLEASE.runs
PLEASE.sim
PLEASE.srcs
PLEASE.tmp
PLEASE.xpr
PYNQ_Design.tcl
PYNQ_Design_wrapper.xsa
rfd_clocking_nlv.log
rfd_us_nlv_ADC.log
rfd_us_nlv_DAC.log
vivado.jou
vivado.log
vivado_10668.backup.jou
vivado_10668.backup.log
vivado_12368.backup.jou
vivado_12368.backup.log
vivado_14308.backup.jou
vivado_14308.backup.log
vivado_4492.backup.jou
vivado_4492.backup.log
vivado_7516.backup.jou
vivado_7516.backup.log
vivado_pid1568.str
vivado_pid20068.str
cd Documents/
couldn't change working directory to "Documents/": no such file or directory
cd
ls
WARNING: [Common 17-259] Unknown Tcl command 'ls' sending command to the OS shell for execution. It is recommended to use 'exec' to send the command to the OS shell.
3D Objects
AppData
Application Data
Contacts
Cookies
Desktop
Documents
Downloads
Favorites
IntelGraphicsProfiles
Links
Local Settings
Music
My Documents
NetHood
NTUSER.DAT
ntuser.dat.LOG1
ntuser.dat.LOG2
NTUSER.DAT{95d9734f-6cfb-11ed-befc-38d547199f91}.TM.blf
NTUSER.DAT{95d9734f-6cfb-11ed-befc-38d547199f91}.TMContainer00000000000000000001.regtrans-ms
NTUSER.DAT{95d9734f-6cfb-11ed-befc-38d547199f91}.TMContainer00000000000000000002.regtrans-ms
ntuser.ini
OneDrive
Pictures
PrintHood
Recent
Saved Games
Searches
SendTo
Start Menu
Templates
Videos
cd Documents/rfsoc_quant_amc/boards/RFSoC2x2/rfsoc_quant_amc/
make block_design
WARNING: [Common 17-259] Unknown Tcl command 'make block_design' sending command to the OS shell for execution. It is recommended to use 'exec' to send the command to the OS shell.
vivado -mode batch -source make_project.tcl -notrace

****** Vivado v2024.1 (64-bit)
  **** SW Build 5076996 on Wed May 22 18:37:14 MDT 2024
  **** IP Build 5075265 on Wed May 22 21:45:21 MDT 2024
  **** SharedData Build 5076995 on Wed May 22 18:29:18 MDT 2024
  **** Start of session at: Tue Mar 18 10:54:04 2025
    ** Copyright 1986-2022 Xilinx, Inc. All Rights Reserved.
    ** Copyright 2022-2024 Advanced Micro Devices, Inc. All Rights Reserved.

Sourcing tcl script 'D:/Xilinx/Vivado/2024.1/scripts/Vivado_init.tcl'
source make_project.tcl -notrace
INFO: [ProjectBase 1-489] The host OS only allows 260 characters in a normal path. The project is stored in a path with more than 80 characters. If you experience issues with IP, Block Designs, or files not being found, please consider moving the project to a location with a shorter path. Alternately consider using the OS subst command to map part of the path to a drive letter.
Current project path is 'C:/Users/clb20123/Documents/rfsoc_quant_amc/boards/RFSoC2x2/rfsoc_quant_amc/rfsoc_quant_amc'
create_project: Time (s): cpu = 00:00:08 ; elapsed = 00:00:12 . Memory (MB): peak = 605.188 ; gain = 199.820
INFO: [IP_Flow 19-234] Refreshing IP repositories
WARNING: [IP_Flow 19-2248] Failed to load user IP repository 'c:/Users/clb20123/Documents/rfsoc_quant_amc/boards/RFSoC2x2/ip'; Can't find the specified path.
If this directory should no longer be in your list of user repositories, go to the IP Settings dialog and remove it.
INFO: [IP_Flow 19-2313] Loaded Vivado IP repository 'D:/Xilinx/Vivado/2024.1/data/ip'.
INFO: [Common 17-206] Exiting Vivado at Tue Mar 18 10:54:35 2025...
vivado -mode batch -source make_block_design.tcl -notrace

****** Vivado v2024.1 (64-bit)
  **** SW Build 5076996 on Wed May 22 18:37:14 MDT 2024
  **** IP Build 5075265 on Wed May 22 21:45:21 MDT 2024
  **** SharedData Build 5076995 on Wed May 22 18:29:18 MDT 2024
  **** Start of session at: Tue Mar 18 10:54:37 2025
    ** Copyright 1986-2022 Xilinx, Inc. All Rights Reserved.
    ** Copyright 2022-2024 Advanced Micro Devices, Inc. All Rights Reserved.

Sourcing tcl script 'D:/Xilinx/Vivado/2024.1/scripts/Vivado_init.tcl'
source make_block_design.tcl -notrace
INFO: [ProjectBase 1-489] The host OS only allows 260 characters in a normal path. The project is stored in a path with more than 80 characters. If you experience issues with IP, Block Designs, or files not being found, please consider moving the project to a location with a shorter path. Alternately consider using the OS subst command to map part of the path to a drive letter.
Current project path is 'C:/Users/clb20123/Documents/rfsoc_quant_amc/boards/RFSoC2x2/rfsoc_quant_amc/rfsoc_quant_amc'
WARNING: [filemgmt 56-3] IP Repository Path: Could not find the directory 'C:/Users/clb20123/Documents/rfsoc_quant_amc/boards/RFSoC2x2/ip'.
INFO: [filemgmt 56-3] Default IP Output Path : Could not find the directory 'C:/Users/clb20123/Documents/rfsoc_quant_amc/boards/RFSoC2x2/rfsoc_quant_amc/rfsoc_quant_amc/rfsoc_quant_amc.gen/sources_1'.
Scanning sources...
Finished scanning sources
open_project: Time (s): cpu = 00:00:08 ; elapsed = 00:00:08 . Memory (MB): peak = 606.086 ; gain = 200.680

WARNING: [Vivado 12-818] No files matched './rfsoc_quant_amc/rfsoc_quant_amc.srcs/sources_1/bd/block_design/block_design.bd'
INFO: [Project 1-1716] Could not find the wrapper file ./rfsoc_quant_amc/rfsoc_quant_amc.srcs/sources_1/bd/block_design/hdl/block_design_wrapper.vhd, checking in project .gen location instead.
INFO: [Common 17-206] Exiting Vivado at Tue Mar 18 10:54:50 2025...
ERROR: [BD::TCL 103-2041] This script was generated using Vivado <2020.1> and is being run in <2024.1> of Vivado. Please run the script in Vivado <2020.1> then open the design in Vivado <2024.1>. Upgrade the design by running "Tools => Report => Report IP Status...", then run write_bd_tcl to create an updated script.
ERROR: [Vivado 12-172] File or Directory './rfsoc_quant_amc/rfsoc_quant_amc.srcs/sources_1/bd/block_design/hdl/block_design_wrapper.vhd' does not exist
make.EXE: *** [makefile:10: block_design] Error 1
ambiguous command name "make": make_bd_intf_pins_external make_bd_pins_external make_diff_pair_ports make_wrapper
open_project C:/Users/clb20123/Documents/FO-RFSoC-4YP/2x2_files/PLEASE/PLEASE.xpr
Scanning sources...
Finished scanning sources
INFO: [IP_Flow 19-234] Refreshing IP repositories
INFO: [IP_Flow 19-1700] Loaded user IP repository 'c:/Users/clb20123/Documents/FO-RFSoC-4YP/RFX_files/demod_16_bit/netlist/ip'.
INFO: [IP_Flow 19-1700] Loaded user IP repository 'c:/Users/clb20123/Documents/FO-RFSoC-4YP/RFX_files/16_bit_modulate/netlist/ip'.
INFO: [IP_Flow 19-2313] Loaded Vivado IP repository 'D:/Xilinx/Vivado/2024.1/data/ip'.
open_project: Time (s): cpu = 00:00:14 ; elapsed = 00:00:19 . Memory (MB): peak = 1993.762 ; gain = 0.000
open_bd_design {C:/Users/clb20123/Documents/FO-RFSoC-4YP/2x2_files/PLEASE/PLEASE.srcs/sources_1/bd/PYNQ_Design/PYNQ_Design.bd}
Reading block design file <C:/Users/clb20123/Documents/FO-RFSoC-4YP/2x2_files/PLEASE/PLEASE.srcs/sources_1/bd/PYNQ_Design/PYNQ_Design.bd>...
Adding component instance block -- xilinx.com:ip:zynq_ultra_ps_e:3.5 - zynq_ultra_ps_e_0
Adding component instance block -- xilinx.com:ip:usp_rf_data_converter:2.6 - usp_rf_data_converter_0
INFO: Ultrascale+ RF Data Converter instance: Clock port 'adc0_clk' frequency is set to 64000000
INFO: Ultrascale+ RF Data Converter instance: Clock port 'dac0_clk' frequency is set to 128000000
Adding component instance block -- xilinx.com:ip:proc_sys_reset:5.0 - rst_ps8_0_96M
Adding component instance block -- xilinx.com:ip:axi_interconnect:2.1 - ps8_0_axi_periph
Adding component instance block -- xilinx.com:ip:axi_crossbar:2.1 - xbar
Adding component instance block -- xilinx.com:ip:axi_dwidth_converter:2.1 - auto_ds
Adding component instance block -- xilinx.com:ip:axi_protocol_converter:2.1 - auto_pc
Adding component instance block -- xilinx.com:ip:axi_clock_converter:2.1 - auto_cc
Adding component instance block -- xilinx.com:ip:axi_clock_converter:2.1 - auto_cc
Adding component instance block -- xilinx.com:ip:smartconnect:1.0 - axi_smc
Adding component instance block -- User_Company:VMC:DUT_rec:1.0 - DUT_rec_0
Adding component instance block -- xilinx.com:ip:proc_sys_reset:5.0 - proc_sys_reset_0
Adding component instance block -- xilinx.com:ip:system_ila:1.1 - system_ila_1
Adding component instance block -- xilinx.com:ip:axi_dma:7.1 - axi_dma_rx
Adding component instance block -- xilinx.com:ip:clk_wiz:6.0 - clk_wiz_0
Adding component instance block -- xilinx.com:ip:xlconstant:1.1 - xlconstant_1
Adding component instance block -- User_Company:VMC:DUT_data_in:1.0 - DUT_data_in_0
Adding component instance block -- xilinx.com:ip:xlconstant:1.1 - xlconstant_0
Adding component instance block -- xilinx.com:ip:axi_dma:7.1 - axi_dma_tx
WARNING: [BD 41-1282] Parameter 'HAS_BURST' is not defined on '/TX/axi_dma_tx/M_AXIS_MM2S'. Parameter ignored.
WARNING: [BD 41-1282] Parameter 'HAS_BURST' is not defined on '/TX/axi_dma_tx/M_AXIS_MM2S'. Parameter ignored.
Adding component instance block -- xilinx.com:ip:proc_sys_reset:5.0 - proc_sys_reset_1
Adding component instance block -- xilinx.com:ip:smartconnect:1.0 - axi_smc_1
Adding component instance block -- xilinx.com:ip:system_ila:1.1 - system_ila_0
Excluding slave segment /zynq_ultra_ps_e_0/SAXIGP2/HP0_LPS_OCM from address space /RX/axi_dma_rx/Data_S2MM.
Excluding slave segment /zynq_ultra_ps_e_0/SAXIGP4/HP2_DDR_HIGH from address space /TX/axi_dma_tx/Data_MM2S.
Excluding slave segment /zynq_ultra_ps_e_0/SAXIGP4/HP2_LPS_OCM from address space /TX/axi_dma_tx/Data_MM2S.
Successfully read diagram <PYNQ_Design> from block design file <C:/Users/clb20123/Documents/FO-RFSoC-4YP/2x2_files/PLEASE/PLEASE.srcs/sources_1/bd/PYNQ_Design/PYNQ_Design.bd>
open_bd_design: Time (s): cpu = 00:00:13 ; elapsed = 00:00:15 . Memory (MB): peak = 1993.762 ; gain = 0.000
update_compile_order -fileset sources_1
close_bd_design [get_bd_designs PYNQ_Design]
Wrote  : <C:/Users/clb20123/Documents/FO-RFSoC-4YP/2x2_files/PLEASE/PLEASE.srcs/sources_1/bd/PYNQ_Design/ui/bd_becc52b1.ui> 
close_project
cd
cd Documents/rfsoc_quant_amc/rfsoc_quant_amc/boards/RFSoC2x2/rfsoc_quant_amc/
ls
WARNING: [Common 17-259] Unknown Tcl command 'ls' sending command to the OS shell for execution. It is recommended to use 'exec' to send the command to the OS shell.
assets
bitstream
block_design.tcl
constraints.xdc
drivers
make_bitstream.tcl
make_block_design.tcl
make_project.tcl
makefile
notebooks
README.md
results
rfsoc_quant_amc
vivado.jou
vivado.log
vivado_11896.backup.jou
vivado_11896.backup.log
vivado_12024.backup.jou
vivado_12024.backup.log
vivado_12914.backup.jou
vivado_12914.backup.log
cd rfsoc_quant_amc/
ls
WARNING: [Common 17-259] Unknown Tcl command 'ls' sending command to the OS shell for execution. It is recommended to use 'exec' to send the command to the OS shell.
rfsoc_quant_amc.cache
rfsoc_quant_amc.hbs
rfsoc_quant_amc.hw
rfsoc_quant_amc.ip_user_files
rfsoc_quant_amc.srcs
rfsoc_quant_amc.xpr
open_project
ERROR: [Common 17-163] Missing value for option 'file', please type 'open_project -help' for usage info.
open_project rfsoc_quant_amc.xpr
INFO: [ProjectBase 1-489] The host OS only allows 260 characters in a normal path. The project is stored in a path with more than 80 characters. If you experience issues with IP, Block Designs, or files not being found, please consider moving the project to a location with a shorter path. Alternately consider using the OS subst command to map part of the path to a drive letter.
Current project path is 'C:/Users/clb20123/Documents/rfsoc_quant_amc/rfsoc_quant_amc/boards/RFSoC2x2/rfsoc_quant_amc/rfsoc_quant_amc'
INFO: [Project 1-313] Project file moved from '/home/andy/Documents/Projects/fraser/rfsoc_quant_amc/boards/RFSoC2x2/rfsoc_quant_amc/rfsoc_quant_amc' since last save.
Scanning sources...
Finished scanning sources
INFO: [IP_Flow 19-234] Refreshing IP repositories
INFO: [IP_Flow 19-1700] Loaded user IP repository 'c:/Users/clb20123/Documents/rfsoc_quant_amc/rfsoc_quant_amc/boards/ip'.
INFO: [IP_Flow 19-2313] Loaded Vivado IP repository 'D:/Xilinx/Vivado/2024.1/data/ip'.
WARNING: [BD 41-1661] One or more IPs have been locked in the design 'block_design.bd'. Please run report_ip_status for more details and recommendations on how to fix this issue.
List of locked IPs:
block_design_auto_cc_2
block_design_xbar_1
block_design_adc0_clk_wiz_0
block_design_auto_cc_1
block_design_auto_cc_9
block_design_proc_sys_reset_dac_0
block_design_xbar_0
block_design_axis_broadcaster_0_0
block_design_auto_ds_0
block_design_auto_cc_3
block_design_auto_pc_0
block_design_auto_cc_0
block_design_auto_cc_4
block_design_auto_cc_5
block_design_ps8_0_axi_periph_0
block_design_axi_smc_0
block_design_auto_ds_1
block_design_fir_interp_8_real_0
block_design_axis_broadcaster_0_1
block_design_axis_clock_converter_0_0
block_design_axis_broadcaster_1_0
block_design_axis_clock_converter_1_0
block_design_axis_combiner_0_0
block_design_axis_clock_converter_2_0
block_design_axis_clock_converter_pkt_0
block_design_axis_data_fifo_0_0
block_design_rst_clk_wiz_8M_0
block_design_axis_data_fifo_1_0
block_design_axis_data_fifo_2_0
block_design_fir_decim_4_imag_0
block_design_fir_decim_8_imag_0
block_design_fir_interp_4_imag_0
block_design_rx_dma_2_0
block_design_fir_decim_4_real_0
block_design_fir_interp_8_imag_0
block_design_fir_decim_8_real_0
block_design_rx_dma_0_0
block_design_rx_dma_1_0
block_design_rx_dma_pkt_0
block_design_rst_adc0_clk_wiz_128M_0
block_design_system_ila_1_0
block_design_rst_ps8_0_299M_0
block_design_rst_ps8_0_99M_0
block_design_system_ila_0_0
block_design_axi_smc_1
block_design_axis_combiner_0_1
block_design_fir_interp_4_real_0
block_design_auto_pc_1
block_design_auto_cc_6
block_design_auto_cc_7
block_design_auto_cc_8
block_design_tx_dma_0
block_design_auto_cc_10
block_design_usp_rf_data_converter_0_0
block_design_ps8_0_axi_periph_1_0
block_design_xlconstant_0_0
block_design_zynq_ultra_ps_e_0_0

INFO: [Project 1-230] Project 'rfsoc_quant_amc.xpr' upgraded for this version of Vivado.
open_project: Time (s): cpu = 00:00:19 ; elapsed = 00:00:25 . Memory (MB): peak = 2000.195 ; gain = 0.000
rfsoc_quant_amc
update_compile_order -fileset sources_1
open_bd_design {C:/Users/clb20123/Documents/rfsoc_quant_amc/rfsoc_quant_amc/boards/RFSoC2x2/rfsoc_quant_amc/rfsoc_quant_amc/rfsoc_quant_amc.srcs/sources_1/bd/block_design/block_design.bd}
Reading block design file <C:/Users/clb20123/Documents/rfsoc_quant_amc/rfsoc_quant_amc/boards/RFSoC2x2/rfsoc_quant_amc/rfsoc_quant_amc/rfsoc_quant_amc.srcs/sources_1/bd/block_design/block_design.bd>...
Adding component instance block -- xilinx.com:ip:clk_wiz:6.0 - adc0_clk_wiz
Adding component instance block -- xilinx.com:ip:proc_sys_reset:5.0 - proc_sys_reset_dac
Adding component instance block -- xilinx.com:ip:axi_interconnect:2.1 - ps8_0_axi_periph
Adding component instance block -- xilinx.com:ip:axi_crossbar:2.1 - xbar
Adding component instance block -- xilinx.com:ip:axi_dwidth_converter:2.1 - auto_ds
Adding component instance block -- xilinx.com:ip:axi_protocol_converter:2.1 - auto_pc
Adding component instance block -- xilinx.com:ip:axi_clock_converter:2.1 - auto_cc
Adding component instance block -- xilinx.com:ip:axi_clock_converter:2.1 - auto_cc
Adding component instance block -- xilinx.com:ip:axi_clock_converter:2.1 - auto_cc
Adding component instance block -- xilinx.com:ip:axi_clock_converter:2.1 - auto_cc
Adding component instance block -- xilinx.com:ip:axi_clock_converter:2.1 - auto_cc
Adding component instance block -- xilinx.com:ip:axi_clock_converter:2.1 - auto_cc
Adding component instance block -- user.org:ip:Interleave_IQ:1.0 - Interleave_IQ
Adding component instance block -- user.org:ip:amc_cnn_16w16a:1.1 - amc_cnn_16w16a
Adding component instance block -- user.org:ip:amc_cnn_4w16a:1.0 - amc_cnn_4w_16a
Adding component instance block -- user.org:ip:amc_cnn_8w16a:1.0 - amc_cnn_8w16a
Adding component instance block -- xilinx.com:ip:smartconnect:1.0 - axi_smc
Adding component instance block -- xilinx.com:ip:axis_broadcaster:1.1 - axis_broadcaster_0
Adding component instance block -- xilinx.com:ip:axis_broadcaster:1.1 - axis_broadcaster_1
Adding component instance block -- xilinx.com:ip:axis_clock_converter:1.1 - axis_clock_converter_0
Adding component instance block -- xilinx.com:ip:axis_clock_converter:1.1 - axis_clock_converter_1
Adding component instance block -- xilinx.com:ip:axis_clock_converter:1.1 - axis_clock_converter_2
Adding component instance block -- xilinx.com:ip:axis_clock_converter:1.1 - axis_clock_converter_pkt
Adding component instance block -- xilinx.com:ip:axis_combiner:1.1 - axis_combiner_0
Adding component instance block -- xilinx.com:ip:axis_data_fifo:2.0 - axis_data_fifo_0
Adding component instance block -- xilinx.com:ip:axis_data_fifo:2.0 - axis_data_fifo_1
Adding component instance block -- xilinx.com:ip:axis_data_fifo:2.0 - axis_data_fifo_2
Adding component instance block -- user.org:ip:DMAController:3.0 - dma_controller_0
Adding component instance block -- user.org:ip:DMAController:3.0 - dma_controller_1
Adding component instance block -- user.org:ip:DMAController:3.0 - dma_controller_2
Adding component instance block -- xilinx.com:ip:fir_compiler:7.2 - fir_decim_4_imag
Adding component instance block -- xilinx.com:ip:fir_compiler:7.2 - fir_decim_8_imag
Adding component instance block -- xilinx.com:ip:fir_compiler:7.2 - fir_decim_4_real
Adding component instance block -- xilinx.com:ip:fir_compiler:7.2 - fir_decim_8_real
Adding component instance block -- user.org:ip:packet_generator:1.1 - packet_generator
Adding component instance block -- xilinx.com:ip:axi_dma:7.1 - rx_dma_0
Adding component instance block -- xilinx.com:ip:axi_dma:7.1 - rx_dma_1
Adding component instance block -- xilinx.com:ip:axi_dma:7.1 - rx_dma_2
Adding component instance block -- xilinx.com:ip:axi_dma:7.1 - rx_dma_pkt
Adding component instance block -- xilinx.com:ip:proc_sys_reset:5.0 - rst_adc0_clk_wiz_128M
Adding component instance block -- xilinx.com:ip:proc_sys_reset:5.0 - rst_clk_wiz_8M
Adding component instance block -- xilinx.com:ip:proc_sys_reset:5.0 - rst_ps8_0_299M
Adding component instance block -- xilinx.com:ip:proc_sys_reset:5.0 - rst_ps8_0_99M
Adding component instance block -- xilinx.com:ip:system_ila:1.1 - system_ila_0
Adding component instance block -- xilinx.com:ip:system_ila:1.1 - system_ila_1
Adding component instance block -- xilinx.com:ip:smartconnect:1.0 - axi_smc
Adding component instance block -- xilinx.com:ip:axis_broadcaster:1.1 - axis_broadcaster_0
Adding component instance block -- xilinx.com:ip:axis_combiner:1.1 - axis_combiner_0
Adding component instance block -- user.org:ip:cyclicBufferMultirate:1.0 - cyclic_buf
Adding component instance block -- xilinx.com:ip:fir_compiler:7.2 - fir_interp_4_imag
Adding component instance block -- xilinx.com:ip:fir_compiler:7.2 - fir_interp_4_real
Adding component instance block -- xilinx.com:ip:fir_compiler:7.2 - fir_interp_8_imag
Adding component instance block -- xilinx.com:ip:fir_compiler:7.2 - fir_interp_8_real
Adding component instance block -- xilinx.com:ip:axi_interconnect:2.1 - ps8_0_axi_periph_1
Adding component instance block -- xilinx.com:ip:axi_crossbar:2.1 - xbar
Adding component instance block -- xilinx.com:ip:axi_dwidth_converter:2.1 - auto_ds
Adding component instance block -- xilinx.com:ip:axi_protocol_converter:2.1 - auto_pc
Adding component instance block -- xilinx.com:ip:axi_clock_converter:2.1 - auto_cc
Adding component instance block -- xilinx.com:ip:axi_clock_converter:2.1 - auto_cc
Adding component instance block -- xilinx.com:ip:axi_clock_converter:2.1 - auto_cc
Adding component instance block -- xilinx.com:ip:axi_clock_converter:2.1 - auto_cc
Adding component instance block -- xilinx.com:ip:axi_clock_converter:2.1 - auto_cc
Adding component instance block -- xilinx.com:ip:axi_dma:7.1 - tx_dma
Adding component instance block -- xilinx.com:ip:usp_rf_data_converter:2.3 - usp_rf_data_converter_0
Adding component instance block -- xilinx.com:ip:xlconstant:1.1 - xlconstant_0
Adding component instance block -- xilinx.com:ip:zynq_ultra_ps_e:3.3 - zynq_ultra_ps_e_0
Excluding slave segment /zynq_ultra_ps_e_0/SAXIGP3/HP1_DDR_HIGH from address space /receiver/rx_dma_0/Data_S2MM.
Excluding slave segment /zynq_ultra_ps_e_0/SAXIGP3/HP1_DDR_HIGH from address space /receiver/rx_dma_0/Data_S2MM.
Excluding slave segment /zynq_ultra_ps_e_0/SAXIGP3/HP1_LPS_OCM from address space /receiver/rx_dma_0/Data_S2MM.
Excluding slave segment /zynq_ultra_ps_e_0/SAXIGP3/HP1_LPS_OCM from address space /receiver/rx_dma_0/Data_S2MM.
Excluding slave segment /zynq_ultra_ps_e_0/SAXIGP3/HP1_LPS_OCM from address space /receiver/rx_dma_1/Data_S2MM.
Excluding slave segment /zynq_ultra_ps_e_0/SAXIGP3/HP1_LPS_OCM from address space /receiver/rx_dma_2/Data_S2MM.
Excluding slave segment /zynq_ultra_ps_e_0/SAXIGP3/HP1_DDR_HIGH from address space /receiver/rx_dma_pkt/Data_S2MM.
Excluding slave segment /zynq_ultra_ps_e_0/SAXIGP3/HP1_DDR_HIGH from address space /receiver/rx_dma_pkt/Data_S2MM.
Excluding slave segment /zynq_ultra_ps_e_0/SAXIGP3/HP1_LPS_OCM from address space /receiver/rx_dma_pkt/Data_S2MM.
Excluding slave segment /zynq_ultra_ps_e_0/SAXIGP3/HP1_LPS_OCM from address space /receiver/rx_dma_pkt/Data_S2MM.
Excluding slave segment /zynq_ultra_ps_e_0/SAXIGP3/HP1_LPS_OCM from address space /receiver/rx_dma_pkt/Data_S2MM.
Excluding slave segment /zynq_ultra_ps_e_0/SAXIGP4/HP2_LPS_OCM from address space /transmitter/tx_dma/Data_MM2S.
Successfully read diagram <block_design> from block design file <C:/Users/clb20123/Documents/rfsoc_quant_amc/rfsoc_quant_amc/boards/RFSoC2x2/rfsoc_quant_amc/rfsoc_quant_amc/rfsoc_quant_amc.srcs/sources_1/bd/block_design/block_design.bd>
report_ip_status -name ip_status 
upgrade_ip [get_ips  {block_design_axi_smc_1 block_design_axis_broadcaster_0_0 block_design_axis_broadcaster_0_1 block_design_ps8_0_axi_periph_1_0 block_design_fir_decim_8_real_0 block_design_axi_smc_0 block_design_fir_interp_8_imag_0 block_design_axis_combiner_0_0 block_design_axis_broadcaster_1_0 block_design_rst_ps8_0_99M_0 block_design_tx_dma_0 block_design_axis_clock_converter_pkt_0 block_design_fir_interp_4_real_0 block_design_axis_clock_converter_2_0 block_design_ps8_0_axi_periph_0 block_design_zynq_ultra_ps_e_0_0 block_design_axis_clock_converter_1_0 block_design_axis_data_fifo_0_0 block_design_rx_dma_pkt_0 block_design_rx_dma_0_0 block_design_axis_combiner_0_1 block_design_fir_decim_8_imag_0 block_design_rst_clk_wiz_8M_0 block_design_system_ila_0_0 block_design_axis_data_fifo_2_0 block_design_fir_decim_4_imag_0 block_design_rst_adc0_clk_wiz_128M_0 block_design_axis_clock_converter_0_0 block_design_fir_decim_4_real_0 block_design_rst_ps8_0_299M_0 block_design_rx_dma_1_0 block_design_rx_dma_2_0 block_design_fir_interp_8_real_0 block_design_system_ila_1_0 block_design_adc0_clk_wiz_0 block_design_proc_sys_reset_dac_0 block_design_fir_interp_4_imag_0 block_design_axis_data_fifo_1_0 block_design_xlconstant_0_0 block_design_usp_rf_data_converter_0_0}] -log ip_upgrade.log
Upgrading 'C:/Users/clb20123/Documents/rfsoc_quant_amc/rfsoc_quant_amc/boards/RFSoC2x2/rfsoc_quant_amc/rfsoc_quant_amc/rfsoc_quant_amc.srcs/sources_1/bd/block_design/block_design.bd'
INFO: [Device 21-403] Loading part xczu28dr-ffvg1517-2-e
INFO: [IP_Flow 19-3422] Upgraded block_design_adc0_clk_wiz_0 (Clocking Wizard 6.0) from revision 5 to revision 14
INFO: [IP_Flow 19-3422] Upgraded block_design_axi_smc_0 (AXI SmartConnect 1.0) from revision 13 to revision 23
Excluding slave segment /zynq_ultra_ps_e_0/SAXIGP3/HP1_DDR_HIGH from address space /receiver/rx_dma_0/Data_S2MM.
Excluding slave segment /zynq_ultra_ps_e_0/SAXIGP3/HP1_DDR_HIGH from address space /receiver/rx_dma_pkt/Data_S2MM.
Excluding slave segment /zynq_ultra_ps_e_0/SAXIGP3/HP1_DDR_HIGH from address space /receiver/rx_dma_0/Data_S2MM.
Excluding slave segment /zynq_ultra_ps_e_0/SAXIGP3/HP1_DDR_HIGH from address space /receiver/rx_dma_pkt/Data_S2MM.
Excluding slave segment /zynq_ultra_ps_e_0/SAXIGP3/HP1_LPS_OCM from address space /receiver/rx_dma_0/Data_S2MM.
Excluding slave segment /zynq_ultra_ps_e_0/SAXIGP3/HP1_LPS_OCM from address space /receiver/rx_dma_1/Data_S2MM.
Excluding slave segment /zynq_ultra_ps_e_0/SAXIGP3/HP1_LPS_OCM from address space /receiver/rx_dma_2/Data_S2MM.
Excluding slave segment /zynq_ultra_ps_e_0/SAXIGP3/HP1_LPS_OCM from address space /receiver/rx_dma_pkt/Data_S2MM.
Excluding slave segment /zynq_ultra_ps_e_0/SAXIGP3/HP1_LPS_OCM from address space /receiver/rx_dma_0/Data_S2MM.
Excluding slave segment /zynq_ultra_ps_e_0/SAXIGP3/HP1_LPS_OCM from address space /receiver/rx_dma_pkt/Data_S2MM.
Excluding slave segment /zynq_ultra_ps_e_0/SAXIGP3/HP1_LPS_OCM from address space /receiver/rx_dma_pkt/Data_S2MM.
INFO: [IP_Flow 19-3422] Upgraded block_design_axi_smc_1 (AXI SmartConnect 1.0) from revision 13 to revision 23
Excluding slave segment /zynq_ultra_ps_e_0/SAXIGP4/HP2_LPS_OCM from address space /transmitter/tx_dma/Data_MM2S.
INFO: [IP_Flow 19-3422] Upgraded block_design_axis_broadcaster_0_0 (AXI4-Stream Broadcaster 1.1) from revision 20 to revision 30
INFO: [IP_Flow 19-3422] Upgraded block_design_axis_broadcaster_0_1 (AXI4-Stream Broadcaster 1.1) from revision 20 to revision 30
INFO: [IP_Flow 19-3422] Upgraded block_design_axis_broadcaster_1_0 (AXI4-Stream Broadcaster 1.1) from revision 20 to revision 30
INFO: [IP_Flow 19-3422] Upgraded block_design_axis_clock_converter_0_0 (AXI4-Stream Clock Converter 1.1) from revision 22 to revision 32
INFO: [IP_Flow 19-3422] Upgraded block_design_axis_clock_converter_1_0 (AXI4-Stream Clock Converter 1.1) from revision 22 to revision 32
INFO: [IP_Flow 19-3422] Upgraded block_design_axis_clock_converter_2_0 (AXI4-Stream Clock Converter 1.1) from revision 22 to revision 32
INFO: [IP_Flow 19-3422] Upgraded block_design_axis_clock_converter_pkt_0 (AXI4-Stream Clock Converter 1.1) from revision 22 to revision 32
INFO: [IP_Flow 19-3422] Upgraded block_design_axis_combiner_0_0 (AXI4-Stream Combiner 1.1) from revision 19 to revision 29
INFO: [IP_Flow 19-3422] Upgraded block_design_axis_combiner_0_1 (AXI4-Stream Combiner 1.1) from revision 19 to revision 29
INFO: [IP_Flow 19-3422] Upgraded block_design_axis_data_fifo_0_0 (AXI4-Stream Data FIFO 2.0) from revision 3 to revision 13
INFO: [IP_Flow 19-3422] Upgraded block_design_axis_data_fifo_1_0 (AXI4-Stream Data FIFO 2.0) from revision 3 to revision 13
INFO: [IP_Flow 19-3422] Upgraded block_design_axis_data_fifo_2_0 (AXI4-Stream Data FIFO 2.0) from revision 3 to revision 13
INFO: [IP_Flow 19-3422] Upgraded block_design_fir_decim_4_imag_0 (FIR Compiler 7.2) from revision 14 to revision 22
INFO: [IP_Flow 19-3422] Upgraded block_design_fir_decim_4_real_0 (FIR Compiler 7.2) from revision 14 to revision 22
INFO: [IP_Flow 19-3422] Upgraded block_design_fir_decim_8_imag_0 (FIR Compiler 7.2) from revision 14 to revision 22
INFO: [IP_Flow 19-3422] Upgraded block_design_fir_decim_8_real_0 (FIR Compiler 7.2) from revision 14 to revision 22
INFO: [IP_Flow 19-3422] Upgraded block_design_fir_interp_4_imag_0 (FIR Compiler 7.2) from revision 14 to revision 22
INFO: [IP_Flow 19-3422] Upgraded block_design_fir_interp_4_real_0 (FIR Compiler 7.2) from revision 14 to revision 22
INFO: [IP_Flow 19-3422] Upgraded block_design_fir_interp_8_imag_0 (FIR Compiler 7.2) from revision 14 to revision 22
INFO: [IP_Flow 19-3422] Upgraded block_design_fir_interp_8_real_0 (FIR Compiler 7.2) from revision 14 to revision 22
INFO: [IP_Flow 19-3422] Upgraded block_design_proc_sys_reset_dac_0 (Processor System Reset 5.0) from revision 13 to revision 15
INFO: [IP_Flow 19-3422] Upgraded block_design_ps8_0_axi_periph_0 (AXI Interconnect 2.1) from revision 22 to revision 32
INFO: [IP_Flow 19-3422] Upgraded block_design_ps8_0_axi_periph_1_0 (AXI Interconnect 2.1) from revision 22 to revision 32
INFO: [IP_Flow 19-3422] Upgraded block_design_rst_adc0_clk_wiz_128M_0 (Processor System Reset 5.0) from revision 13 to revision 15
INFO: [IP_Flow 19-3422] Upgraded block_design_rst_clk_wiz_8M_0 (Processor System Reset 5.0) from revision 13 to revision 15
INFO: [IP_Flow 19-3422] Upgraded block_design_rst_ps8_0_299M_0 (Processor System Reset 5.0) from revision 13 to revision 15
INFO: [IP_Flow 19-3422] Upgraded block_design_rst_ps8_0_99M_0 (Processor System Reset 5.0) from revision 13 to revision 15
INFO: [IP_Flow 19-3422] Upgraded block_design_rx_dma_0_0 (AXI Direct Memory Access 7.1) from revision 22 to revision 32
Excluding slave segment /zynq_ultra_ps_e_0/SAXIGP3/HP1_DDR_HIGH from address space /receiver/rx_dma_0/Data_S2MM.
Excluding slave segment /zynq_ultra_ps_e_0/SAXIGP3/HP1_DDR_HIGH from address space /receiver/rx_dma_0/Data_S2MM.
Excluding slave segment /zynq_ultra_ps_e_0/SAXIGP3/HP1_LPS_OCM from address space /receiver/rx_dma_0/Data_S2MM.
Excluding slave segment /zynq_ultra_ps_e_0/SAXIGP3/HP1_LPS_OCM from address space /receiver/rx_dma_0/Data_S2MM.
INFO: [IP_Flow 19-3422] Upgraded block_design_rx_dma_1_0 (AXI Direct Memory Access 7.1) from revision 22 to revision 32
Excluding slave segment /zynq_ultra_ps_e_0/SAXIGP3/HP1_LPS_OCM from address space /receiver/rx_dma_1/Data_S2MM.
INFO: [IP_Flow 19-3422] Upgraded block_design_rx_dma_2_0 (AXI Direct Memory Access 7.1) from revision 22 to revision 32
Excluding slave segment /zynq_ultra_ps_e_0/SAXIGP3/HP1_LPS_OCM from address space /receiver/rx_dma_2/Data_S2MM.
INFO: [IP_Flow 19-3422] Upgraded block_design_rx_dma_pkt_0 (AXI Direct Memory Access 7.1) from revision 22 to revision 32
Excluding slave segment /zynq_ultra_ps_e_0/SAXIGP3/HP1_DDR_HIGH from address space /receiver/rx_dma_pkt/Data_S2MM.
Excluding slave segment /zynq_ultra_ps_e_0/SAXIGP3/HP1_DDR_HIGH from address space /receiver/rx_dma_pkt/Data_S2MM.
Excluding slave segment /zynq_ultra_ps_e_0/SAXIGP3/HP1_LPS_OCM from address space /receiver/rx_dma_pkt/Data_S2MM.
Excluding slave segment /zynq_ultra_ps_e_0/SAXIGP3/HP1_LPS_OCM from address space /receiver/rx_dma_pkt/Data_S2MM.
Excluding slave segment /zynq_ultra_ps_e_0/SAXIGP3/HP1_LPS_OCM from address space /receiver/rx_dma_pkt/Data_S2MM.
ipx::get_ipfiles: Time (s): cpu = 00:00:01 ; elapsed = 00:00:08 . Memory (MB): peak = 3563.074 ; gain = 12.789
WARNING: [IP_Flow 19-3374] An attempt to modify the value of disabled parameter 'C_BRAM_CNT' from '0.0' to '24' has been ignored for IP 'block_design_system_ila_0_0'
INFO: [IP_Flow 19-3422] Upgraded block_design_system_ila_0_0 (System ILA 1.1) from revision 7 to revision 17
WARNING: [IP_Flow 19-3374] An attempt to modify the value of disabled parameter 'C_BRAM_CNT' from '0.0' to '6' has been ignored for IP 'block_design_system_ila_1_0'
INFO: [IP_Flow 19-3422] Upgraded block_design_system_ila_1_0 (System ILA 1.1) from revision 7 to revision 17
INFO: [IP_Flow 19-3422] Upgraded block_design_tx_dma_0 (AXI Direct Memory Access 7.1) from revision 22 to revision 32
Excluding slave segment /zynq_ultra_ps_e_0/SAXIGP4/HP2_LPS_OCM from address space /transmitter/tx_dma/Data_MM2S.
WARNING: [IP_Flow 19-1721] During upgrade of 'block_design_usp_rf_data_converter_0_0':
Version 2.5 is a minor revision.

WARNING: [IP_Flow 19-3501] Upgraded block_design_usp_rf_data_converter_0_0 from Zynq Ultrascale+ RF Data Converter 2.3 to Zynq Ultrascale+ RF Data Converter 2.6, with warnings. Please review the message log.
INFO: Ultrascale+ RF Data Converter instance: Clock port 'adc0_clk' frequency is set to 64000000
INFO: Ultrascale+ RF Data Converter instance: Clock port 'dac0_clk' frequency is set to 128000000
INFO: Ultrascale+ RF Data Converter instance: Clock port 'adc0_clk' frequency is set to 64000000
INFO: Ultrascale+ RF Data Converter instance: Clock port 'dac0_clk' frequency is set to 128000000
INFO: [IP_Flow 19-3422] Upgraded block_design_xlconstant_0_0 (Constant 1.1) from revision 7 to revision 9
Board is 
INFO: [PSU-0] Address Range of DDR (0x7ff00000 to 0x7fffffff) is reserved by PMU for internal purpose.
INFO: [PSU-1]  DP_AUDIO clock source: RPLL is also being used by other peripheral clocks. Their outputs may get impacted if any driver changes DP_AUDIO PLL source to support runtime audio change 
INFO: [IP_Flow 19-1972] Upgraded block_design_zynq_ultra_ps_e_0_0 from Zynq UltraScale+ MPSoC 3.3 to Zynq UltraScale+ MPSoC 3.5
Excluding slave segment /zynq_ultra_ps_e_0/SAXIGP3/HP1_DDR_HIGH from address space /receiver/rx_dma_0/Data_S2MM.
Excluding slave segment /zynq_ultra_ps_e_0/SAXIGP3/HP1_DDR_HIGH from address space /receiver/rx_dma_pkt/Data_S2MM.
Excluding slave segment /zynq_ultra_ps_e_0/SAXIGP3/HP1_DDR_HIGH from address space /receiver/rx_dma_0/Data_S2MM.
Excluding slave segment /zynq_ultra_ps_e_0/SAXIGP3/HP1_DDR_HIGH from address space /receiver/rx_dma_pkt/Data_S2MM.
Excluding slave segment /zynq_ultra_ps_e_0/SAXIGP3/HP1_LPS_OCM from address space /receiver/rx_dma_0/Data_S2MM.
Excluding slave segment /zynq_ultra_ps_e_0/SAXIGP3/HP1_LPS_OCM from address space /receiver/rx_dma_1/Data_S2MM.
Excluding slave segment /zynq_ultra_ps_e_0/SAXIGP3/HP1_LPS_OCM from address space /receiver/rx_dma_2/Data_S2MM.
Excluding slave segment /zynq_ultra_ps_e_0/SAXIGP3/HP1_LPS_OCM from address space /receiver/rx_dma_pkt/Data_S2MM.
Excluding slave segment /zynq_ultra_ps_e_0/SAXIGP3/HP1_LPS_OCM from address space /receiver/rx_dma_0/Data_S2MM.
Excluding slave segment /zynq_ultra_ps_e_0/SAXIGP3/HP1_LPS_OCM from address space /receiver/rx_dma_pkt/Data_S2MM.
Excluding slave segment /zynq_ultra_ps_e_0/SAXIGP3/HP1_LPS_OCM from address space /receiver/rx_dma_pkt/Data_S2MM.
Excluding slave segment /zynq_ultra_ps_e_0/SAXIGP4/HP2_LPS_OCM from address space /transmitter/tx_dma/Data_MM2S.
CRITICAL WARNING: [Coretcl 2-1279] The upgrade of 'block_design_system_ila_0_0' has identified issues that may require user intervention. Please review the upgrade log 'c:/Users/clb20123/Documents/rfsoc_quant_amc/rfsoc_quant_amc/boards/RFSoC2x2/rfsoc_quant_amc/rfsoc_quant_amc/ip_upgrade.log', and verify that the upgraded IP is correctly configured.
CRITICAL WARNING: [Coretcl 2-1279] The upgrade of 'block_design_system_ila_1_0' has identified issues that may require user intervention. Please review the upgrade log 'c:/Users/clb20123/Documents/rfsoc_quant_amc/rfsoc_quant_amc/boards/RFSoC2x2/rfsoc_quant_amc/rfsoc_quant_amc/ip_upgrade.log', and verify that the upgraded IP is correctly configured.
Wrote  : <C:\Users\clb20123\Documents\rfsoc_quant_amc\rfsoc_quant_amc\boards\RFSoC2x2\rfsoc_quant_amc\rfsoc_quant_amc\rfsoc_quant_amc.srcs\sources_1\bd\block_design\block_design.bd> 
Wrote  : <C:/Users/clb20123/Documents/rfsoc_quant_amc/rfsoc_quant_amc/boards/RFSoC2x2/rfsoc_quant_amc/rfsoc_quant_amc/rfsoc_quant_amc.srcs/sources_1/bd/block_design/ui/bd_e2aa6730.ui> 
INFO: [Coretcl 2-1525] Wrote upgrade log to 'C:/Users/clb20123/Documents/rfsoc_quant_amc/rfsoc_quant_amc/boards/RFSoC2x2/rfsoc_quant_amc/rfsoc_quant_amc/ip_upgrade.log'.
upgrade_ip: Time (s): cpu = 00:01:12 ; elapsed = 00:01:36 . Memory (MB): peak = 3782.043 ; gain = 1781.848
export_ip_user_files -of_objects [get_ips {block_design_axi_smc_1 block_design_axis_broadcaster_0_0 block_design_axis_broadcaster_0_1 block_design_ps8_0_axi_periph_1_0 block_design_fir_decim_8_real_0 block_design_axi_smc_0 block_design_fir_interp_8_imag_0 block_design_axis_combiner_0_0 block_design_axis_broadcaster_1_0 block_design_rst_ps8_0_99M_0 block_design_tx_dma_0 block_design_axis_clock_converter_pkt_0 block_design_fir_interp_4_real_0 block_design_axis_clock_converter_2_0 block_design_ps8_0_axi_periph_0 block_design_zynq_ultra_ps_e_0_0 block_design_axis_clock_converter_1_0 block_design_axis_data_fifo_0_0 block_design_rx_dma_pkt_0 block_design_rx_dma_0_0 block_design_axis_combiner_0_1 block_design_fir_decim_8_imag_0 block_design_rst_clk_wiz_8M_0 block_design_system_ila_0_0 block_design_axis_data_fifo_2_0 block_design_fir_decim_4_imag_0 block_design_rst_adc0_clk_wiz_128M_0 block_design_axis_clock_converter_0_0 block_design_fir_decim_4_real_0 block_design_rst_ps8_0_299M_0 block_design_rx_dma_1_0 block_design_rx_dma_2_0 block_design_fir_interp_8_real_0 block_design_system_ila_1_0 block_design_adc0_clk_wiz_0 block_design_proc_sys_reset_dac_0 block_design_fir_interp_4_imag_0 block_design_axis_data_fifo_1_0 block_design_xlconstant_0_0 block_design_usp_rf_data_converter_0_0}] -no_script -sync -force -quiet
startgroup
endgroup
INFO: [PSU-1]  DP_AUDIO clock source: RPLL is also being used by other peripheral clocks. Their outputs may get impacted if any driver changes DP_AUDIO PLL source to support runtime audio change 
WARNING: [IP_Flow 19-474] Invalid Parameter 'Component_Name'
INFO: [PSU-1]  DP_AUDIO clock source: RPLL is also being used by other peripheral clocks. Their outputs may get impacted if any driver changes DP_AUDIO PLL source to support runtime audio change 
startgroup
set_property CONFIG.PSU__FPGA_PL1_ENABLE {0} [get_bd_cells zynq_ultra_ps_e_0]
INFO: [PSU-1]  DP_AUDIO clock source: RPLL is also being used by other peripheral clocks. Their outputs may get impacted if any driver changes DP_AUDIO PLL source to support runtime audio change 
WARNING: [BD 41-1684] Pin /zynq_ultra_ps_e_0/pl_clk1 is now disabled. All connections to this pin have been removed. 
endgroup
delete_bd_objs [get_bd_cells rst_ps8_0_299M]
set_property  ip_repo_paths  {c:/Users/clb20123/Documents/rfsoc_quant_amc/rfsoc_quant_amc/boards/ip c:/Users/clb20123/Documents/FO-RFSoC-4YP/RFX_files/demod_16_bit/netlist/ip} [current_project]
update_ip_catalog
INFO: [IP_Flow 19-234] Refreshing IP repositories
INFO: [IP_Flow 19-1700] Loaded user IP repository 'c:/Users/clb20123/Documents/rfsoc_quant_amc/rfsoc_quant_amc/boards/ip'.
INFO: [IP_Flow 19-1700] Loaded user IP repository 'c:/Users/clb20123/Documents/FO-RFSoC-4YP/RFX_files/demod_16_bit/netlist/ip'.
set_property  ip_repo_paths  {c:/Users/clb20123/Documents/rfsoc_quant_amc/rfsoc_quant_amc/boards/ip c:/Users/clb20123/Documents/FO-RFSoC-4YP/RFX_files/demod_16_bit/netlist/ip c:/Users/clb20123/Documents/FO-RFSoC-4YP/RFX_files/16_bit_modulate/netlist/ip} [current_project]
update_ip_catalog
INFO: [IP_Flow 19-234] Refreshing IP repositories
INFO: [IP_Flow 19-1700] Loaded user IP repository 'c:/Users/clb20123/Documents/rfsoc_quant_amc/rfsoc_quant_amc/boards/ip'.
INFO: [IP_Flow 19-1700] Loaded user IP repository 'c:/Users/clb20123/Documents/FO-RFSoC-4YP/RFX_files/demod_16_bit/netlist/ip'.
INFO: [IP_Flow 19-1700] Loaded user IP repository 'c:/Users/clb20123/Documents/FO-RFSoC-4YP/RFX_files/16_bit_modulate/netlist/ip'.
delete_bd_objs [get_bd_intf_nets Conn] [get_bd_intf_nets transmitter_M00_AXI] [get_bd_intf_nets rfdc_dac_real] [get_bd_intf_nets transmitter_M02_AXI] [get_bd_intf_nets transmitter_M03_AXI] [get_bd_intf_nets transmitter_M04_AXI] [get_bd_intf_nets zynq_ultra_ps_e_0_M_AXI_HPM1_FPD] [get_bd_intf_nets rfdc_dac_imag] [get_bd_intf_nets pre_duc_real] [get_bd_intf_nets pre_duc_imag] [get_bd_cells transmitter]
delete_bd_objs [get_bd_intf_nets ps8_0_axi_periph_M00_AXI] [get_bd_intf_nets amc_cnn_out] [get_bd_intf_nets ps8_0_axi_periph_M06_AXI] [get_bd_intf_nets axis_fifo_out] [get_bd_intf_nets receiver_M00_AXI] [get_bd_intf_nets broadcast_pkt] [get_bd_intf_nets broadcast_amc] [get_bd_intf_nets axis_combiner] [get_bd_intf_nets combiner_imag] [get_bd_intf_nets ps8_0_axi_periph_M07_AXI] [get_bd_nets receiver_validConv2] [get_bd_nets receiver_sampleNum1] [get_bd_intf_nets ps8_0_axi_periph_M03_AXI] [get_bd_intf_nets ps8_0_axi_periph_M04_AXI] [get_bd_intf_nets ps8_0_axi_periph_M08_AXI] [get_bd_intf_nets ps8_0_axi_periph_M09_AXI] [get_bd_intf_nets dma_controller_out] [get_bd_intf_nets combiner_real] [get_bd_intf_nets ps8_0_axi_periph_M05_AXI] [get_bd_intf_nets ps8_0_axi_periph_M01_AXI] [get_bd_nets receiver_validDense1] [get_bd_nets receiver_validInput] [get_bd_nets receiver_validConv1] [get_bd_cells receiver]
delete_bd_objs [get_bd_intf_nets rfdc_real] [get_bd_intf_nets rfdc_imag] [get_bd_cells system_ila_0]
delete_bd_objs [get_bd_intf_nets ps8_0_axi_periph_M02_AXI] [get_bd_intf_nets zynq_ultra_ps_e_0_M_AXI_HPM0_FPD] [get_bd_nets S00_ARESETN_1] [get_bd_cells ps8_0_axi_periph]
save_bd_design
WARNING: [BD 41-597] NET <zynq_ultra_ps_e_0_pl_clk1> has no source
Wrote  : <C:\Users\clb20123\Documents\rfsoc_quant_amc\rfsoc_quant_amc\boards\RFSoC2x2\rfsoc_quant_amc\rfsoc_quant_amc\rfsoc_quant_amc.srcs\sources_1\bd\block_design\block_design.bd> 
Wrote  : <C:/Users/clb20123/Documents/rfsoc_quant_amc/rfsoc_quant_amc/boards/RFSoC2x2/rfsoc_quant_amc/rfsoc_quant_amc/rfsoc_quant_amc.srcs/sources_1/bd/block_design/ui/bd_e2aa6730.ui> 
exit
INFO: [Common 17-206] Exiting Vivado at Tue Mar 18 13:57:11 2025...
