#-----------------------------------------------------------
# Vivado v2024.1 (64-bit)
# SW Build 5076996 on Wed May 22 18:37:14 MDT 2024
# IP Build 5075265 on Wed May 22 21:45:21 MDT 2024
# SharedData Build 5076995 on Wed May 22 18:29:18 MDT 2024
# Start of session at: Wed Mar 26 19:44:13 2025
# Process ID: 14656
# Current directory: C:/Users/clb20123/Documents/FO-RFSoC-4YP/2x2_files/PLEASE
# Command line: vivado.exe -gui_launcher_event rodinguilauncherevent18556 C:\Users\clb20123\Documents\FO-RFSoC-4YP\2x2_files\PLEASE\PLEASE.xpr
# Log file: C:/Users/clb20123/Documents/FO-RFSoC-4YP/2x2_files/PLEASE/vivado.log
# Journal file: C:/Users/clb20123/Documents/FO-RFSoC-4YP/2x2_files/PLEASE\vivado.jou
# Running On        :EEE-R446-01
# Platform          :Windows Server 2016 or Windows 10
# Operating System  :19045
# Processor Detail  :13th Gen Intel(R) Core(TM) i5-13500
# CPU Frequency     :2496 MHz
# CPU Physical cores:14
# CPU Logical cores :20
# Host memory       :16833 MB
# Swap memory       :2998 MB
# Total Virtual     :19831 MB
# Available Virtual :10462 MB
#-----------------------------------------------------------
start_gui
open_project C:/Users/clb20123/Documents/FO-RFSoC-4YP/2x2_files/PLEASE/PLEASE.xpr
Scanning sources...
Finished scanning sources
INFO: [IP_Flow 19-234] Refreshing IP repositories
INFO: [IP_Flow 19-1700] Loaded user IP repository 'c:/Users/clb20123/Documents/FO-RFSoC-4YP/RFX_files/16_bit_modulate/netlist/ip'.
INFO: [IP_Flow 19-1700] Loaded user IP repository 'c:/Users/clb20123/Documents/FO-RFSoC-4YP/RFX_files/demod_16_bit'.
INFO: [IP_Flow 19-2313] Loaded Vivado IP repository 'C:/Xilinx/Vivado/2024.1/data/ip'.
WARNING: [IP_Flow 19-1663] Duplicate IP found for 'User_Company:VMC:DUT:1.0'. The one found in IP location 'c:/Users/clb20123/Documents/FO-RFSoC-4YP/RFX_files/demod_16_bit/netlist/ip/16_bit_demod/src/ip' will take precedence over the same IP in locations: 
   c:/Users/clb20123/Documents/FO-RFSoC-4YP/RFX_files/16_bit_modulate/netlist/ip
   c:/Users/clb20123/Documents/FO-RFSoC-4YP/RFX_files/demod_16_bit/netlist/ip/DUT/src/ip
WARNING: [Board 49-26] cannot add Board Part xilinx.com:vek280_es:part0:1.0 available at C:/Xilinx/Vivado/2024.1/data/xhub/boards/XilinxBoardStore/boards/Xilinx/vek280/es/rev_a/1.0/board.xml as part xcve2802-vsvh1760-2lp-e-s-es1 specified in board_part file is either invalid or not available
WARNING: [Board 49-26] cannot add Board Part xilinx.com:vek280_es:part0:1.1 available at C:/Xilinx/Vivado/2024.1/data/xhub/boards/XilinxBoardStore/boards/Xilinx/vek280/es/rev_a/1.1/board.xml as part xcve2802-vsvh1760-2lp-e-s-es1 specified in board_part file is either invalid or not available
WARNING: [Board 49-26] cannot add Board Part xilinx.com:vek280_es_revb:part0:1.0 available at C:/Xilinx/Vivado/2024.1/data/xhub/boards/XilinxBoardStore/boards/Xilinx/vek280/es/rev_b/1.0/board.xml as part xcve2802-vsvh1760-2mp-e-s-es1 specified in board_part file is either invalid or not available
WARNING: [Board 49-26] cannot add Board Part xilinx.com:vek280_es_revb:part0:1.1 available at C:/Xilinx/Vivado/2024.1/data/xhub/boards/XilinxBoardStore/boards/Xilinx/vek280/es/rev_b/1.1/board.xml as part xcve2802-vsvh1760-2mp-e-s-es1 specified in board_part file is either invalid or not available
WARNING: [Board 49-26] cannot add Board Part xilinx.com:vhk158_es:part0:1.0 available at C:/Xilinx/Vivado/2024.1/data/xhub/boards/XilinxBoardStore/boards/Xilinx/vhk158/es/1.0/board.xml as part xcvh1582-vsva3697-2mp-e-s-es1 specified in board_part file is either invalid or not available
WARNING: [Board 49-26] cannot add Board Part xilinx.com:vhk158_es:part0:1.1 available at C:/Xilinx/Vivado/2024.1/data/xhub/boards/XilinxBoardStore/boards/Xilinx/vhk158/es/1.1/board.xml as part xcvh1582-vsva3697-2mp-e-s-es1 specified in board_part file is either invalid or not available
WARNING: [Board 49-26] cannot add Board Part xilinx.com:zcu208ld:part0:2.0 available at C:/Xilinx/Vivado/2024.1/data/xhub/boards/XilinxBoardStore/boards/Xilinx/zcu208ld/production/2.0/board.xml as part xczu58dr-fsvg1517-2-i specified in board_part file is either invalid or not available
WARNING: [Board 49-26] cannot add Board Part xilinx.com:zcu216ld:part0:2.0 available at C:/Xilinx/Vivado/2024.1/data/xhub/boards/XilinxBoardStore/boards/Xilinx/zcu216ld/production/2.0/board.xml as part xczu59dr-ffvf1760-2-i specified in board_part file is either invalid or not available
WARNING: [Board 49-26] cannot add Board Part xilinx.com:zcu670ld:part0:1.0 available at C:/Xilinx/Vivado/2024.1/data/xhub/boards/XilinxBoardStore/boards/Xilinx/zcu670ld/1.0/board.xml as part xczu57dr-fsve1156-2-i specified in board_part file is either invalid or not available
WARNING: [BD 41-1661] One or more IPs have been locked in the design 'PYNQ_Design.bd'. Please run report_ip_status for more details and recommendations on how to fix this issue.
List of locked IPs:
PYNQ_Design_Receiver_0_0
PYNQ_Design_clk_wiz_0_0
PYNQ_Design_rst_ps8_0_96M_1
PYNQ_Design_Data_generation_0_0
PYNQ_Design_axi_smc_1_0
PYNQ_Design_axi_smc_2
PYNQ_Design_proc_sys_reset_0_0
PYNQ_Design_proc_sys_reset_1_0

WARNING: [IP_Flow 19-2162] IP 'DUT_data_in_0' is locked:
* IP definition 'DUT_data_in (1.0)' for IP 'DUT_data_in_0' (customized with software release 2024.1) was not found in the IP Catalog.
WARNING: [IP_Flow 19-2162] IP 'DUT_rec_0' is locked:
* IP definition 'DUT_rec (1.0)' for IP 'DUT_rec_0' (customized with software release 2024.1) was not found in the IP Catalog.
open_project: Time (s): cpu = 00:00:28 ; elapsed = 00:00:40 . Memory (MB): peak = 1871.223 ; gain = 664.832
update_compile_order -fileset sources_1
open_bd_design {C:/Users/clb20123/Documents/FO-RFSoC-4YP/2x2_files/PLEASE/PLEASE.srcs/sources_1/bd/PYNQ_Design/PYNQ_Design.bd}
Reading block design file <C:/Users/clb20123/Documents/FO-RFSoC-4YP/2x2_files/PLEASE/PLEASE.srcs/sources_1/bd/PYNQ_Design/PYNQ_Design.bd>...
Adding component instance block -- xilinx.com:ip:usp_rf_data_converter:2.6 - RFDC
INFO: Ultrascale+ RF Data Converter instance: Clock port 'adc0_clk' frequency is set to 64000000
INFO: Ultrascale+ RF Data Converter instance: Clock port 'dac0_clk' frequency is set to 128000000
Adding component instance block -- xilinx.com:ip:proc_sys_reset:5.0 - rst_ps8_0_96M
Adding component instance block -- xilinx.com:ip:axi_interconnect:2.1 - ps8_0_axi_periph
Adding component instance block -- xilinx.com:ip:axi_crossbar:2.1 - xbar
Adding component instance block -- xilinx.com:ip:axi_dwidth_converter:2.1 - auto_ds
Adding component instance block -- xilinx.com:ip:axi_protocol_converter:2.1 - auto_pc
Adding component instance block -- xilinx.com:ip:axi_clock_converter:2.1 - auto_cc
Adding component instance block -- xilinx.com:ip:axi_clock_converter:2.1 - auto_cc
Adding component instance block -- xilinx.com:ip:smartconnect:1.0 - axi_smc
Adding component instance block -- xilinx.com:ip:proc_sys_reset:5.0 - proc_sys_reset_0
Adding component instance block -- xilinx.com:ip:system_ila:1.1 - RX_ILA
Adding component instance block -- xilinx.com:ip:axi_dma:7.1 - axi_dma_rx
Adding component instance block -- xilinx.com:ip:clk_wiz:6.0 - clk_wiz_0
Adding component instance block -- xilinx.com:ip:xlconstant:1.1 - xlconstant_1
Adding component instance block -- User_Company:VMC:Receiver:1.0 - Receiver_0
Adding component instance block -- xilinx.com:ip:xlconstant:1.1 - xlconstant_0
Adding component instance block -- xilinx.com:ip:axi_dma:7.1 - axi_dma_tx
WARNING: [BD 41-1282] Parameter 'HAS_BURST' is not defined on '/TX/axi_dma_tx/M_AXIS_MM2S'. Parameter ignored.
WARNING: [BD 41-1282] Parameter 'HAS_BURST' is not defined on '/TX/axi_dma_tx/M_AXIS_MM2S'. Parameter ignored.
Adding component instance block -- xilinx.com:ip:proc_sys_reset:5.0 - proc_sys_reset_1
Adding component instance block -- xilinx.com:ip:smartconnect:1.0 - axi_smc_1
Adding component instance block -- xilinx.com:ip:system_ila:1.1 - TX_ILA
Adding component instance block -- User_Company:VMC:Data_generation:1.0 - Data_generation_0
Adding component instance block -- xilinx.com:ip:xlconstant:1.1 - LMK_Reset
Adding component instance block -- xilinx.com:ip:zynq_ultra_ps_e:3.5 - PS
Successfully read diagram <PYNQ_Design> from block design file <C:/Users/clb20123/Documents/FO-RFSoC-4YP/2x2_files/PLEASE/PLEASE.srcs/sources_1/bd/PYNQ_Design/PYNQ_Design.bd>
open_bd_design: Time (s): cpu = 00:00:05 ; elapsed = 00:00:05 . Memory (MB): peak = 1912.137 ; gain = 34.941
set_property  ip_repo_paths  c:/Users/clb20123/Documents/FO-RFSoC-4YP/RFX_files/16_bit_modulate/netlist/ip [current_project]
update_ip_catalog
INFO: [IP_Flow 19-234] Refreshing IP repositories
INFO: [IP_Flow 19-1700] Loaded user IP repository 'c:/Users/clb20123/Documents/FO-RFSoC-4YP/RFX_files/16_bit_modulate/netlist/ip'.
update_ip_catalog -rebuild
INFO: [IP_Flow 19-234] Refreshing IP repositories
INFO: [IP_Flow 19-1700] Loaded user IP repository 'c:/Users/clb20123/Documents/FO-RFSoC-4YP/RFX_files/16_bit_modulate/netlist/ip'.
set_property  ip_repo_paths  {} [current_project]
update_ip_catalog
INFO: [IP_Flow 19-234] Refreshing IP repositories
INFO: [IP_Flow 19-1704] No user IP repositories specified
update_ip_catalog -rebuild
INFO: [IP_Flow 19-234] Refreshing IP repositories
INFO: [IP_Flow 19-1704] No user IP repositories specified
set_property  ip_repo_paths  C:/Users/clb20123/Documents/FO-RFSoC-4YP/RFX_files/16_bit_modulate [current_project]
update_ip_catalog
INFO: [IP_Flow 19-234] Refreshing IP repositories
INFO: [IP_Flow 19-1700] Loaded user IP repository 'c:/Users/clb20123/Documents/FO-RFSoC-4YP/RFX_files/16_bit_modulate'.
ipx::edit_ip_in_project -upgrade true -name DUT_v1_0_project -directory C:/Users/clb20123/Documents/FO-RFSoC-4YP/2x2_files/PLEASE/PLEASE.tmp/DUT_v1_0_project c:/Users/clb20123/Documents/FO-RFSoC-4YP/RFX_files/16_bit_modulate/netlist/ip/component.xml
INFO: [ProjectBase 1-489] The host OS only allows 260 characters in a normal path. The project is stored in a path with more than 80 characters. If you experience issues with IP, Block Designs, or files not being found, please consider moving the project to a location with a shorter path. Alternately consider using the OS subst command to map part of the path to a drive letter.
Current project path is 'c:/users/clb20123/documents/fo-rfsoc-4yp/2x2_files/please/please.tmp/dut_v1_0_project'
INFO: [IP_Flow 19-234] Refreshing IP repositories
INFO: [IP_Flow 19-1704] No user IP repositories specified
INFO: [IP_Flow 19-2313] Loaded Vivado IP repository 'C:/Xilinx/Vivado/2024.1/data/ip'.
WARNING: [Board 49-26] cannot add Board Part xilinx.com:vek280_es:part0:1.0 available at C:/Xilinx/Vivado/2024.1/data/xhub/boards/XilinxBoardStore/boards/Xilinx/vek280/es/rev_a/1.0/board.xml as part xcve2802-vsvh1760-2lp-e-s-es1 specified in board_part file is either invalid or not available
WARNING: [Board 49-26] cannot add Board Part xilinx.com:vek280_es:part0:1.1 available at C:/Xilinx/Vivado/2024.1/data/xhub/boards/XilinxBoardStore/boards/Xilinx/vek280/es/rev_a/1.1/board.xml as part xcve2802-vsvh1760-2lp-e-s-es1 specified in board_part file is either invalid or not available
WARNING: [Board 49-26] cannot add Board Part xilinx.com:vek280_es_revb:part0:1.0 available at C:/Xilinx/Vivado/2024.1/data/xhub/boards/XilinxBoardStore/boards/Xilinx/vek280/es/rev_b/1.0/board.xml as part xcve2802-vsvh1760-2mp-e-s-es1 specified in board_part file is either invalid or not available
WARNING: [Board 49-26] cannot add Board Part xilinx.com:vek280_es_revb:part0:1.1 available at C:/Xilinx/Vivado/2024.1/data/xhub/boards/XilinxBoardStore/boards/Xilinx/vek280/es/rev_b/1.1/board.xml as part xcve2802-vsvh1760-2mp-e-s-es1 specified in board_part file is either invalid or not available
WARNING: [Board 49-26] cannot add Board Part xilinx.com:vhk158_es:part0:1.0 available at C:/Xilinx/Vivado/2024.1/data/xhub/boards/XilinxBoardStore/boards/Xilinx/vhk158/es/1.0/board.xml as part xcvh1582-vsva3697-2mp-e-s-es1 specified in board_part file is either invalid or not available
WARNING: [Board 49-26] cannot add Board Part xilinx.com:vhk158_es:part0:1.1 available at C:/Xilinx/Vivado/2024.1/data/xhub/boards/XilinxBoardStore/boards/Xilinx/vhk158/es/1.1/board.xml as part xcvh1582-vsva3697-2mp-e-s-es1 specified in board_part file is either invalid or not available
WARNING: [Board 49-26] cannot add Board Part xilinx.com:zcu208ld:part0:2.0 available at C:/Xilinx/Vivado/2024.1/data/xhub/boards/XilinxBoardStore/boards/Xilinx/zcu208ld/production/2.0/board.xml as part xczu58dr-fsvg1517-2-i specified in board_part file is either invalid or not available
WARNING: [Board 49-26] cannot add Board Part xilinx.com:zcu216ld:part0:2.0 available at C:/Xilinx/Vivado/2024.1/data/xhub/boards/XilinxBoardStore/boards/Xilinx/zcu216ld/production/2.0/board.xml as part xczu59dr-ffvf1760-2-i specified in board_part file is either invalid or not available
WARNING: [Board 49-26] cannot add Board Part xilinx.com:zcu670ld:part0:1.0 available at C:/Xilinx/Vivado/2024.1/data/xhub/boards/XilinxBoardStore/boards/Xilinx/zcu670ld/1.0/board.xml as part xczu57dr-fsve1156-2-i specified in board_part file is either invalid or not available
INFO: [IP_Flow 19-234] Refreshing IP repositories
INFO: [IP_Flow 19-1700] Loaded user IP repository 'c:/Users/clb20123/Documents/FO-RFSoC-4YP/RFX_files/16_bit_modulate'.
INFO: [IP_Flow 19-795] Syncing license key meta-data
update_compile_order -fileset sources_1
set_property name DataGen [ipx::current_core]
set_property display_name DataGen [ipx::current_core]
set_property previous_version_for_upgrade User_Company:VMC:DUT:1.0 [ipx::current_core]
set_property core_revision 1 [ipx::current_core]
ipx::create_xgui_files [ipx::current_core]
ipx::update_checksums [ipx::current_core]
ipx::check_integrity [ipx::current_core]
WARNING: [IP_Flow 19-11770] Clock interface 'clk' has no FREQ_HZ parameter.
INFO: [IP_Flow 19-2181] Payment is not required for this core.
WARNING: [IP_Flow 19-2187] The Product Guide file is missing.
INFO: [Ipptcl 7-1486] check_integrity: Integrity check passed.
ipx::save_core [ipx::current_core]
ipx::move_temp_component_back -component [ipx::current_core]
close_project -delete
update_ip_catalog -rebuild -repo_path c:/Users/clb20123/Documents/FO-RFSoC-4YP/RFX_files/16_bit_modulate
INFO: [IP_Flow 19-725] Reloaded user IP repository 'c:/Users/clb20123/Documents/FO-RFSoC-4YP/RFX_files/16_bit_modulate'
set_property  ip_repo_paths  {c:/Users/clb20123/Documents/FO-RFSoC-4YP/RFX_files/16_bit_modulate C:/Users/clb20123/Documents/FO-RFSoC-4YP/RFX_files/demod_16_bit} [current_project]
update_ip_catalog
INFO: [IP_Flow 19-234] Refreshing IP repositories
INFO: [IP_Flow 19-1700] Loaded user IP repository 'c:/Users/clb20123/Documents/FO-RFSoC-4YP/RFX_files/16_bit_modulate'.
INFO: [IP_Flow 19-1700] Loaded user IP repository 'c:/Users/clb20123/Documents/FO-RFSoC-4YP/RFX_files/demod_16_bit'.
WARNING: [IP_Flow 19-1663] Duplicate IP found for 'User_Company:VMC:DUT:1.0'. The one found in IP location 'c:/Users/clb20123/Documents/FO-RFSoC-4YP/RFX_files/demod_16_bit/netlist/ip/16_bit_demod/src/ip' will take precedence over the same IP in location c:/Users/clb20123/Documents/FO-RFSoC-4YP/RFX_files/demod_16_bit/netlist/ip/DUT/src/ip
ipx::edit_ip_in_project -upgrade true -name DUT_v1_0_project -directory C:/Users/clb20123/Documents/FO-RFSoC-4YP/2x2_files/PLEASE/PLEASE.tmp/DUT_v1_0_project c:/Users/clb20123/Documents/FO-RFSoC-4YP/RFX_files/demod_16_bit/netlist/ip/16_bit_demod/src/ip/component.xml
INFO: [ProjectBase 1-489] The host OS only allows 260 characters in a normal path. The project is stored in a path with more than 80 characters. If you experience issues with IP, Block Designs, or files not being found, please consider moving the project to a location with a shorter path. Alternately consider using the OS subst command to map part of the path to a drive letter.
Current project path is 'c:/users/clb20123/documents/fo-rfsoc-4yp/2x2_files/please/please.tmp/dut_v1_0_project'
INFO: [IP_Flow 19-234] Refreshing IP repositories
INFO: [IP_Flow 19-1704] No user IP repositories specified
INFO: [IP_Flow 19-2313] Loaded Vivado IP repository 'C:/Xilinx/Vivado/2024.1/data/ip'.
WARNING: [Board 49-26] cannot add Board Part xilinx.com:vek280_es:part0:1.0 available at C:/Xilinx/Vivado/2024.1/data/xhub/boards/XilinxBoardStore/boards/Xilinx/vek280/es/rev_a/1.0/board.xml as part xcve2802-vsvh1760-2lp-e-s-es1 specified in board_part file is either invalid or not available
WARNING: [Board 49-26] cannot add Board Part xilinx.com:vek280_es:part0:1.1 available at C:/Xilinx/Vivado/2024.1/data/xhub/boards/XilinxBoardStore/boards/Xilinx/vek280/es/rev_a/1.1/board.xml as part xcve2802-vsvh1760-2lp-e-s-es1 specified in board_part file is either invalid or not available
WARNING: [Board 49-26] cannot add Board Part xilinx.com:vek280_es_revb:part0:1.0 available at C:/Xilinx/Vivado/2024.1/data/xhub/boards/XilinxBoardStore/boards/Xilinx/vek280/es/rev_b/1.0/board.xml as part xcve2802-vsvh1760-2mp-e-s-es1 specified in board_part file is either invalid or not available
WARNING: [Board 49-26] cannot add Board Part xilinx.com:vek280_es_revb:part0:1.1 available at C:/Xilinx/Vivado/2024.1/data/xhub/boards/XilinxBoardStore/boards/Xilinx/vek280/es/rev_b/1.1/board.xml as part xcve2802-vsvh1760-2mp-e-s-es1 specified in board_part file is either invalid or not available
WARNING: [Board 49-26] cannot add Board Part xilinx.com:vhk158_es:part0:1.0 available at C:/Xilinx/Vivado/2024.1/data/xhub/boards/XilinxBoardStore/boards/Xilinx/vhk158/es/1.0/board.xml as part xcvh1582-vsva3697-2mp-e-s-es1 specified in board_part file is either invalid or not available
WARNING: [Board 49-26] cannot add Board Part xilinx.com:vhk158_es:part0:1.1 available at C:/Xilinx/Vivado/2024.1/data/xhub/boards/XilinxBoardStore/boards/Xilinx/vhk158/es/1.1/board.xml as part xcvh1582-vsva3697-2mp-e-s-es1 specified in board_part file is either invalid or not available
WARNING: [Board 49-26] cannot add Board Part xilinx.com:zcu208ld:part0:2.0 available at C:/Xilinx/Vivado/2024.1/data/xhub/boards/XilinxBoardStore/boards/Xilinx/zcu208ld/production/2.0/board.xml as part xczu58dr-fsvg1517-2-i specified in board_part file is either invalid or not available
WARNING: [Board 49-26] cannot add Board Part xilinx.com:zcu216ld:part0:2.0 available at C:/Xilinx/Vivado/2024.1/data/xhub/boards/XilinxBoardStore/boards/Xilinx/zcu216ld/production/2.0/board.xml as part xczu59dr-ffvf1760-2-i specified in board_part file is either invalid or not available
WARNING: [Board 49-26] cannot add Board Part xilinx.com:zcu670ld:part0:1.0 available at C:/Xilinx/Vivado/2024.1/data/xhub/boards/XilinxBoardStore/boards/Xilinx/zcu670ld/1.0/board.xml as part xczu57dr-fsve1156-2-i specified in board_part file is either invalid or not available
INFO: [IP_Flow 19-234] Refreshing IP repositories
INFO: [IP_Flow 19-1700] Loaded user IP repository 'c:/Users/clb20123/Documents/FO-RFSoC-4YP/RFX_files/16_bit_modulate'.
INFO: [IP_Flow 19-1700] Loaded user IP repository 'c:/Users/clb20123/Documents/FO-RFSoC-4YP/RFX_files/demod_16_bit'.
WARNING: [IP_Flow 19-1663] Duplicate IP found for 'User_Company:VMC:DUT:1.0'. The one found in IP location 'c:/Users/clb20123/Documents/FO-RFSoC-4YP/RFX_files/demod_16_bit/netlist/ip/16_bit_demod/src/ip' will take precedence over the same IP in location c:/Users/clb20123/Documents/FO-RFSoC-4YP/RFX_files/demod_16_bit/netlist/ip/DUT/src/ip
INFO: [IP_Flow 19-795] Syncing license key meta-data
can't use empty string as operand of "/"
update_compile_order -fileset sources_1
set_property name Receiver [ipx::current_core]
set_property display_name Receiver [ipx::current_core]
set_property previous_version_for_upgrade User_Company:VMC:DUT:1.0 [ipx::current_core]
set_property core_revision 1 [ipx::current_core]
ipx::create_xgui_files [ipx::current_core]
ipx::update_checksums [ipx::current_core]
ipx::check_integrity [ipx::current_core]
WARNING: [IP_Flow 19-11770] Clock interface 'clk' has no FREQ_HZ parameter.
INFO: [IP_Flow 19-2181] Payment is not required for this core.
WARNING: [IP_Flow 19-2187] The Product Guide file is missing.
INFO: [Ipptcl 7-1486] check_integrity: Integrity check passed.
ipx::save_core [ipx::current_core]
ipx::move_temp_component_back -component [ipx::current_core]
close_project -delete
update_ip_catalog -rebuild -repo_path c:/Users/clb20123/Documents/FO-RFSoC-4YP/RFX_files/demod_16_bit
INFO: [IP_Flow 19-725] Reloaded user IP repository 'c:/Users/clb20123/Documents/FO-RFSoC-4YP/RFX_files/demod_16_bit'
startgroup
create_bd_cell -type ip -vlnv User_Company:VMC:Receiver:1.0 RX/Receiver_1
endgroup
disconnect_bd_intf_net [get_bd_intf_net RX/usp_rf_data_converter_0_m00_axis] [get_bd_intf_pins RX/Receiver_0/s_axis]
connect_bd_intf_net [get_bd_intf_pins RX/SLOT_1_AXIS] [get_bd_intf_pins RX/Receiver_1/s_axis]
connect_bd_net [get_bd_pins RX/Receiver_1/clk] [get_bd_pins RX/clk_wiz_0/clk_out1]
connect_bd_net [get_bd_pins RX/Receiver_1/step_size] [get_bd_pins RX/xlconstant_1/dout]
disconnect_bd_intf_net [get_bd_intf_net RX/DUT_0_m_axis] [get_bd_intf_pins RX/Receiver_0/m_axis]
connect_bd_intf_net [get_bd_intf_pins RX/Receiver_1/m_axis] [get_bd_intf_pins RX/axi_dma_rx/S_AXIS_S2MM]
delete_bd_objs [get_bd_cells RX/Receiver_0]
regenerate_bd_layout -hierarchy [get_bd_cells RX]
startgroup
set_property CONFIG.CONST_VAL {40} [get_bd_cells RX/xlconstant_1]
endgroup
startgroup
create_bd_cell -type ip -vlnv User_Company:VMC:DataGen:1.0 TX/DataGen_0
endgroup
disconnect_bd_intf_net [get_bd_intf_net TX/axi_dma_M_AXIS_MM2S] [get_bd_intf_pins TX/Data_generation_0/s_axis]
connect_bd_intf_net [get_bd_intf_pins TX/DataGen_0/s_axis] [get_bd_intf_pins TX/axi_dma_tx/M_AXIS_MM2S]
disconnect_bd_intf_net [get_bd_intf_net TX/DUT_data_in_0_m_axis] [get_bd_intf_pins TX/Data_generation_0/m_axis]
connect_bd_intf_net [get_bd_intf_pins TX/SLOT_1_AXIS] [get_bd_intf_pins TX/DataGen_0/m_axis]
connect_bd_net [get_bd_pins TX/DataGen_0/mux_en] [get_bd_pins TX/xlconstant_0/dout]
connect_bd_net [get_bd_pins TX/m_axi_mm2s_aclk] [get_bd_pins TX/DataGen_0/clk]
delete_bd_objs [get_bd_cells TX/Data_generation_0]
regenerate_bd_layout -hierarchy [get_bd_cells TX]
assign_bd_address
INFO: [BD 41-3093] Triggering Legacy Auto Assign Algorithm
Slave segment '/PS/SAXIGP2/HP0_DDR_LOW' is being assigned into address space '/RX/axi_dma_rx/Data_S2MM' at <0x0000_0000 [ 2G ]>.
Slave segment '/PS/SAXIGP3/HP1_DDR_LOW' is being assigned into address space '/TX/axi_dma_tx/Data_MM2S' at <0x0000_0000 [ 2G ]>.
Slave segment '/PS/SAXIGP2/HP0_LPS_OCM' is being assigned into address space '/RX/axi_dma_rx/Data_S2MM' at <0xFF00_0000 [ 16M ]>.
WARNING: [BD 41-1051] Slave segment '/PS/SAXIGP2/HP0_LPS_OCM' with 'register' usage does not match address space '/RX/axi_dma_rx/Data_S2MM' with 'memory' usage so will be excluded from this address space. Please use the 'include_bd_addr_seg' command to override this precaution if required.
Excluding slave segment /PS/SAXIGP2/HP0_LPS_OCM from address space /RX/axi_dma_rx/Data_S2MM.
Slave segment '/PS/SAXIGP3/HP1_LPS_OCM' is being assigned into address space '/TX/axi_dma_tx/Data_MM2S' at <0xFF00_0000 [ 16M ]>.
WARNING: [BD 41-1051] Slave segment '/PS/SAXIGP3/HP1_LPS_OCM' with 'register' usage does not match address space '/TX/axi_dma_tx/Data_MM2S' with 'memory' usage so will be excluded from this address space. Please use the 'include_bd_addr_seg' command to override this precaution if required.
Excluding slave segment /PS/SAXIGP3/HP1_LPS_OCM from address space /TX/axi_dma_tx/Data_MM2S.
Slave segment '/RFDC/s_axi/Reg' is being assigned into address space '/PS/Data' at <0x8000_0000 [ 256K ]>.
Slave segment '/RX/axi_dma_rx/S_AXI_LITE/Reg' is being assigned into address space '/PS/Data' at <0x8004_0000 [ 64K ]>.
Slave segment '/TX/axi_dma_tx/S_AXI_LITE/Reg' is being assigned into address space '/PS/Data' at <0x8005_0000 [ 64K ]>.
validate_bd_design
ERROR: [BD 5-336] This command cannot be run, as the BD-design is locked. Locked reason(s):
* Block design contains locked IPs. Please run report_ip_status for more details and recommendations on how to fix this issue. 
List of locked IPs: 
PYNQ_Design_clk_wiz_0_0
PYNQ_Design_rst_ps8_0_96M_1
PYNQ_Design_axi_smc_1_0
PYNQ_Design_axi_smc_2
PYNQ_Design_proc_sys_reset_0_0
PYNQ_Design_proc_sys_reset_1_0

ERROR: [Common 17-39] 'validate_bd_design' failed due to earlier errors.
save_bd_design
Wrote  : <C:\Users\clb20123\Documents\FO-RFSoC-4YP\2x2_files\PLEASE\PLEASE.srcs\sources_1\bd\PYNQ_Design\PYNQ_Design.bd> 
Wrote  : <C:/Users/clb20123/Documents/FO-RFSoC-4YP/2x2_files/PLEASE/PLEASE.srcs/sources_1/bd/PYNQ_Design/ui/bd_becc52b1.ui> 
Wrote  : <C:/Users/clb20123/Documents/FO-RFSoC-4YP/2x2_files/PLEASE/PLEASE.srcs/sources_1/bd/PYNQ_Design/ui/bd_d13e1eb7.ui> 
Wrote  : <C:/Users/clb20123/Documents/FO-RFSoC-4YP/2x2_files/PLEASE/PLEASE.srcs/sources_1/bd/PYNQ_Design/ui/bd_d1401f35.ui> 
exit
INFO: [Common 17-206] Exiting Vivado at Wed Mar 26 19:49:38 2025...
