#-----------------------------------------------------------
# Vivado v2024.1 (64-bit)
# SW Build 5076996 on Wed May 22 18:37:14 MDT 2024
# IP Build 5075265 on Wed May 22 21:45:21 MDT 2024
# SharedData Build 5076995 on Wed May 22 18:29:18 MDT 2024
# Start of session at: Fri Mar 14 14:42:18 2025
# Process ID: 7516
# Current directory: C:/Users/clb20123/Documents/FO-RFSoC-4YP/2x2_files/PLEASE
# Command line: vivado.exe -gui_launcher_event rodinguilauncherevent9152 C:\Users\clb20123\Documents\FO-RFSoC-4YP\2x2_files\PLEASE\PLEASE.xpr
# Log file: C:/Users/clb20123/Documents/FO-RFSoC-4YP/2x2_files/PLEASE/vivado.log
# Journal file: C:/Users/clb20123/Documents/FO-RFSoC-4YP/2x2_files/PLEASE\vivado.jou
# Running On        :EEE-R343-01
# Platform          :Windows Server 2016 or Windows 10
# Operating System  :19045
# Processor Detail  :Intel(R) Core(TM) i5-6500 CPU @ 3.20GHz
# CPU Frequency     :3192 MHz
# CPU Physical cores:4
# CPU Logical cores :4
# Host memory       :17060 MB
# Swap memory       :2550 MB
# Total Virtual     :19610 MB
# Available Virtual :12060 MB
#-----------------------------------------------------------
start_gui
open_project C:/Users/clb20123/Documents/FO-RFSoC-4YP/2x2_files/PLEASE/PLEASE.xpr
update_compile_order -fileset sources_1
open_bd_design {C:/Users/clb20123/Documents/FO-RFSoC-4YP/2x2_files/PLEASE/PLEASE.srcs/sources_1/bd/PYNQ_Design/PYNQ_Design.bd}
launch_runs impl_1 -to_step write_bitstream -jobs 4
wait_on_run impl_1
reset_run synth_1
launch_runs impl_1 -to_step write_bitstream -jobs 4
wait_on_run impl_1
open_run impl_1
close_design
write_bd_tcl -force C:/Users/clb20123/Documents/FO-RFSoC-4YP/2x2_files/PLEASE/PYNQ_Design.tcl
write_hw_platform -fixed -include_bit -force -file C:/Users/clb20123/Documents/FO-RFSoC-4YP/2x2_files/PLEASE/PYNQ_Design_wrapper.xsa
open_hw_manager
open_bd_design {C:/Users/clb20123/Documents/FO-RFSoC-4YP/2x2_files/PLEASE/PLEASE.srcs/sources_1/bd/PYNQ_Design/PYNQ_Design.bd}
connect_hw_server -allow_non_jtag
open_hw_target
set_property PROGRAM.FILE {C:/Users/clb20123/Documents/FO-RFSoC-4YP/2x2_files/PLEASE/PLEASE.runs/impl_1/PYNQ_Design_wrapper.bit} [get_hw_devices xczu28dr_0]
set_property PROBES.FILE {C:/Users/clb20123/Documents/FO-RFSoC-4YP/2x2_files/PLEASE/PLEASE.runs/impl_1/PYNQ_Design_wrapper.ltx} [get_hw_devices xczu28dr_0]
set_property FULL_PROBES.FILE {C:/Users/clb20123/Documents/FO-RFSoC-4YP/2x2_files/PLEASE/PLEASE.runs/impl_1/PYNQ_Design_wrapper.ltx} [get_hw_devices xczu28dr_0]
current_hw_device [get_hw_devices xczu28dr_0]
refresh_hw_device [lindex [get_hw_devices xczu28dr_0] 0]
current_hw_device [get_hw_devices arm_dap_1]
refresh_hw_device -update_hw_probes false [lindex [get_hw_devices arm_dap_1] 0]
current_hw_device [get_hw_devices xczu28dr_0]
refresh_hw_device [lindex [get_hw_devices xczu28dr_0] 0]
open_bd_design {C:/Users/clb20123/Documents/FO-RFSoC-4YP/2x2_files/PLEASE/PLEASE.srcs/sources_1/bd/PYNQ_Design/PYNQ_Design.bd}
validate_bd_design -force
validate_bd_design -force
open_run impl_1
report_cdc
open_bd_design {C:/Users/clb20123/Documents/FO-RFSoC-4YP/2x2_files/PLEASE/PLEASE.srcs/sources_1/bd/PYNQ_Design/PYNQ_Design.bd}
startgroup
create_bd_cell -type ip -vlnv xilinx.com:ip:xpm_cdc_gen:1.0 xpm_cdc_gen_0
endgroup
validate_bd_design
set_property location {4 951 -164} [get_bd_cells xpm_cdc_gen_0]
open_bd_design {C:/Users/clb20123/Documents/FO-RFSoC-4YP/2x2_files/PLEASE/PLEASE.srcs/sources_1/bd/PYNQ_Design/PYNQ_Design.bd}
regenerate_bd_layout
open_bd_design {C:/Users/clb20123/Documents/FO-RFSoC-4YP/2x2_files/PLEASE/PLEASE.srcs/sources_1/bd/PYNQ_Design/PYNQ_Design.bd}
startgroup
create_bd_cell -type ip -vlnv xilinx.com:ip:axi_dma:7.1 axi_dma_0
endgroup
set_property location {7 2670 1170} [get_bd_cells axi_dma_0]
set_property location {8.5 4172 981} [get_bd_cells axi_dma_0]
set_property -dict [list CONFIG.c_m_axi_s2mm_data_width.VALUE_SRC PROPAGATED CONFIG.c_s_axis_s2mm_tdata_width.VALUE_SRC PROPAGATED] [get_bd_cells axi_dma_0]
set_property -dict [list \
  CONFIG.c_addr_width {64} \
  CONFIG.c_include_mm2s {0} \
  CONFIG.c_include_sg {0} \
  CONFIG.c_s2mm_burst_size {256} \
  CONFIG.c_sg_length_width {26} \
] [get_bd_cells axi_dma_0]
set_property location {8 3543 1248} [get_bd_cells axi_dma_0]
disconnect_bd_intf_net [get_bd_intf_net DUT_rec_0_m_axis] [get_bd_intf_pins DUT_rec_0/m_axis]
connect_bd_intf_net [get_bd_intf_pins DUT_rec_0/m_axis] [get_bd_intf_pins axi_dma_0/S_AXIS_S2MM]
connect_bd_net [get_bd_pins axi_dma_0/s_axi_lite_aclk] [get_bd_pins clk_wiz_0/clk_out1]
connect_bd_net [get_bd_pins axi_dma_0/m_axi_s2mm_aclk] [get_bd_pins clk_wiz_0/clk_out1]
connect_bd_net [get_bd_pins proc_sys_reset_0/peripheral_aresetn] [get_bd_pins axi_dma_0/axi_resetn]
delete_bd_objs [get_bd_intf_nets zynq_ultra_ps_e_0_M_AXI_HPM0_LPD] [get_bd_intf_nets ps8_0_axi_periph_M00_AXI] [get_bd_intf_nets ps8_0_axi_periph_M01_AXI] [get_bd_intf_nets zynq_ultra_ps_e_0_M_AXI_HPM1_FPD] [get_bd_cells ps8_0_axi_periph]
startgroup
set_property CONFIG.PSU__USE__M_AXI_GP1 {0} [get_bd_cells zynq_ultra_ps_e_0]
endgroup
startgroup
set_property CONFIG.c_include_s2mm {0} [get_bd_cells axi_dma]
delete_bd_objs [get_bd_intf_nets axi_dma_M_AXI_S2MM]
endgroup
startgroup
apply_bd_automation -rule xilinx.com:bd_rule:axi4 -config { Clk_master {/zynq_ultra_ps_e_0/pl_clk0 (99 MHz)} Clk_slave {/zynq_ultra_ps_e_0/pl_clk0 (99 MHz)} Clk_xbar {/zynq_ultra_ps_e_0/pl_clk0 (99 MHz)} Master {/zynq_ultra_ps_e_0/M_AXI_HPM0_FPD} Slave {/axi_dma/S_AXI_LITE} ddr_seg {Auto} intc_ip {New AXI Interconnect} master_apm {0}}  [get_bd_intf_pins axi_dma/S_AXI_LITE]
apply_bd_automation -rule xilinx.com:bd_rule:axi4 -config { Clk_master {/clk_wiz_0/clk_out1 (128 MHz)} Clk_slave {/usp_rf_data_converter_0/clk_dac0 (128 MHz)} Clk_xbar {/clk_wiz_0/clk_out1 (128 MHz)} Master {/axi_dma_0/M_AXI_S2MM} Slave {/zynq_ultra_ps_e_0/S_AXI_HPC0_FPD} ddr_seg {Auto} intc_ip {/axi_smc} master_apm {0}}  [get_bd_intf_pins axi_dma_0/M_AXI_S2MM]
apply_bd_automation -rule xilinx.com:bd_rule:axi4 -config { Clk_master {/zynq_ultra_ps_e_0/pl_clk0 (99 MHz)} Clk_slave {/clk_wiz_0/clk_out1 (128 MHz)} Clk_xbar {Auto} Master {/zynq_ultra_ps_e_0/M_AXI_HPM0_FPD} Slave {/axi_dma_0/S_AXI_LITE} ddr_seg {Auto} intc_ip {New AXI Interconnect} master_apm {0}}  [get_bd_intf_pins axi_dma_0/S_AXI_LITE]
apply_bd_automation -rule xilinx.com:bd_rule:axi4 -config { Clk_master {/zynq_ultra_ps_e_0/pl_clk0 (99 MHz)} Clk_slave {/usp_rf_data_converter_0/clk_dac0 (128 MHz)} Clk_xbar {Auto} Master {/zynq_ultra_ps_e_0/M_AXI_HPM0_FPD} Slave {/usp_rf_data_converter_0/s_axi} ddr_seg {Auto} intc_ip {New AXI Interconnect} master_apm {0}}  [get_bd_intf_pins usp_rf_data_converter_0/s_axi]
endgroup
regenerate_bd_layout
set_property name axi_dma_tx [get_bd_cells axi_dma]
set_property name axi_dma_rx [get_bd_cells axi_dma_0]
delete_bd_objs [get_bd_intf_nets DUT_rec_0_m_axis]
set_property HDL_ATTRIBUTE.DEBUG true [get_bd_intf_nets {DUT_rec_0_m_axis1}]
apply_bd_automation -rule xilinx.com:bd_rule:debug -dict [list \
                                                          [get_bd_intf_nets DUT_rec_0_m_axis1] {AXIS_SIGNALS "Data and Trigger" CLK_SRC "/clk_wiz_0/clk_out1" SYSTEM_ILA "Auto" APC_EN "0" } \
                                                         ]
delete_bd_objs [get_bd_cells xpm_cdc_gen_0]
regenerate_bd_layout
disconnect_bd_net /zynq_ultra_ps_e_0_pl_clk0 [get_bd_pins axi_dma_tx/s_axi_lite_aclk]
connect_bd_net [get_bd_pins axi_dma_tx/s_axi_lite_aclk] [get_bd_pins usp_rf_data_converter_0/clk_dac0]
disconnect_bd_net /rst_ps8_0_96M_peripheral_aresetn [get_bd_pins axi_dma_tx/axi_resetn]
connect_bd_net [get_bd_pins axi_dma_tx/axi_resetn] [get_bd_pins proc_sys_reset_1/peripheral_aresetn]
undo
connect_bd_net [get_bd_pins axi_dma_tx/axi_resetn] [get_bd_pins proc_sys_reset_1/peripheral_aresetn]
startgroup
set_property -dict [list \
  CONFIG.PSU__USE__S_AXI_GP0 {0} \
  CONFIG.PSU__USE__S_AXI_GP2 {1} \
  CONFIG.PSU__USE__S_AXI_GP4 {1} \
] [get_bd_cells zynq_ultra_ps_e_0]
delete_bd_objs [get_bd_intf_nets axi_smc_M00_AXI]
endgroup
delete_bd_objs [get_bd_intf_nets axi_dma_0_M_AXI_S2MM] [get_bd_intf_nets axi_dma_M_AXI_MM2S] [get_bd_cells axi_smc]
connect_bd_net [get_bd_pins zynq_ultra_ps_e_0/saxihp0_fpd_aclk] [get_bd_pins usp_rf_data_converter_0/clk_dac0]
connect_bd_net [get_bd_pins zynq_ultra_ps_e_0/saxihp2_fpd_aclk] [get_bd_pins clk_wiz_0/clk_out1]
save_bd_design
startgroup
apply_bd_automation -rule xilinx.com:bd_rule:axi4 -config { Clk_master {/clk_wiz_0/clk_out1 (128 MHz)} Clk_slave {/usp_rf_data_converter_0/clk_dac0 (128 MHz)} Clk_xbar {/clk_wiz_0/clk_out1 (128 MHz)} Master {/axi_dma_rx/M_AXI_S2MM} Slave {/zynq_ultra_ps_e_0/S_AXI_HP0_FPD} ddr_seg {Auto} intc_ip {New AXI SmartConnect} master_apm {0}}  [get_bd_intf_pins zynq_ultra_ps_e_0/S_AXI_HP0_FPD]
apply_bd_automation -rule xilinx.com:bd_rule:axi4 -config { Clk_master {/usp_rf_data_converter_0/clk_dac0 (128 MHz)} Clk_slave {/clk_wiz_0/clk_out1 (128 MHz)} Clk_xbar {/usp_rf_data_converter_0/clk_dac0 (128 MHz)} Master {/axi_dma_tx/M_AXI_MM2S} Slave {/zynq_ultra_ps_e_0/S_AXI_HP2_FPD} ddr_seg {Auto} intc_ip {New AXI SmartConnect} master_apm {0}}  [get_bd_intf_pins zynq_ultra_ps_e_0/S_AXI_HP2_FPD]
endgroup
regenerate_bd_layout
save_bd_design
validate_bd_design
startgroup
disconnect_bd_net /rst_ps8_0_96M_peripheral_aresetn [get_bd_pins ps8_0_axi_periph/M00_ARESETN]
disconnect_bd_net /zynq_ultra_ps_e_0_pl_clk0 [get_bd_pins ps8_0_axi_periph/M00_ACLK]
endgroup
connect_bd_net [get_bd_pins ps8_0_axi_periph/M00_ACLK] [get_bd_pins usp_rf_data_converter_0/clk_dac0]
connect_bd_net [get_bd_pins ps8_0_axi_periph/M00_ARESETN] [get_bd_pins proc_sys_reset_1/peripheral_aresetn]
save_bd_design
startgroup
set_property -dict [list CONFIG.c_m_axi_s2mm_data_width.VALUE_SRC USER CONFIG.c_s_axis_s2mm_tdata_width.VALUE_SRC USER] [get_bd_cells axi_dma_rx]
set_property -dict [list \
  CONFIG.c_m_axi_s2mm_data_width {128} \
  CONFIG.c_s_axis_s2mm_tdata_width {64} \
] [get_bd_cells axi_dma_rx]
endgroup
startgroup
set_property CONFIG.c_s_axis_s2mm_tdata_width {16} [get_bd_cells axi_dma_rx]
endgroup
save_bd_design
validate_bd_design
save_bd_design
disconnect_bd_net /clk_wiz_0_clk_out1 [get_bd_pins axi_smc_1/aclk1]
connect_bd_net [get_bd_pins axi_smc_1/aclk1] [get_bd_pins usp_rf_data_converter_0/clk_dac0]
startgroup
set_property CONFIG.NUM_CLKS {1} [get_bd_cells axi_smc_1]
endgroup
startgroup
set_property CONFIG.NUM_CLKS {1} [get_bd_cells axi_smc]
endgroup
save_bd_design
group_bd_cells RX [get_bd_cells axi_smc] [get_bd_cells DUT_rec_0] [get_bd_cells proc_sys_reset_0] [get_bd_cells system_ila_1] [get_bd_cells axi_dma_rx] [get_bd_cells clk_wiz_0] [get_bd_cells xlconstant_1]
group_bd_cells TX [get_bd_cells DUT_data_in_0] [get_bd_cells xlconstant_0] [get_bd_cells axi_dma_tx] [get_bd_cells proc_sys_reset_1] [get_bd_cells axi_smc_1] [get_bd_cells system_ila_0]
regenerate_bd_layout
save_bd_design
validate_bd_design
disconnect_bd_net /usp_rf_data_converter_0_clk_dac0 [get_bd_pins zynq_ultra_ps_e_0/saxihp0_fpd_aclk]
disconnect_bd_net /clk_wiz_0_clk_out1 [get_bd_pins zynq_ultra_ps_e_0/saxihp2_fpd_aclk]
connect_bd_net [get_bd_pins zynq_ultra_ps_e_0/saxihp0_fpd_aclk] [get_bd_pins usp_rf_data_converter_0/clk_adc0]
connect_bd_net [get_bd_pins zynq_ultra_ps_e_0/saxihp2_fpd_aclk] [get_bd_pins usp_rf_data_converter_0/clk_dac0]
save_bd_design
validate_bd_design
disconnect_bd_net /usp_rf_data_converter_0_clk_adc0 [get_bd_pins zynq_ultra_ps_e_0/saxihp0_fpd_aclk]
connect_bd_net [get_bd_pins zynq_ultra_ps_e_0/saxihp0_fpd_aclk] [get_bd_pins RX/clk_out1]
save_bd_design
validate_bd_design
regenerate_bd_layout
save_bd_design
reset_run synth_1
launch_runs impl_1 -to_step write_bitstream -jobs 4
wait_on_run impl_1
refresh_design
close_design
open_bd_design {C:/Users/clb20123/Documents/FO-RFSoC-4YP/2x2_files/PLEASE/PLEASE.srcs/sources_1/bd/PYNQ_Design/PYNQ_Design.bd}
write_bd_tcl -force C:/Users/clb20123/Documents/FO-RFSoC-4YP/2x2_files/PLEASE/PYNQ_Design.tcl
write_hw_platform -fixed -include_bit -force -file C:/Users/clb20123/Documents/FO-RFSoC-4YP/2x2_files/PLEASE/PYNQ_Design_wrapper.xsa
disconnect_bd_net /usp_rf_data_converter_0_clk_dac0 [get_bd_pins usp_rf_data_converter_0/s_axi_aclk]
connect_bd_net [get_bd_pins usp_rf_data_converter_0/s_axi_aclk] [get_bd_pins zynq_ultra_ps_e_0/pl_clk0]
validate_bd_design
disconnect_bd_net /usp_rf_data_converter_0_clk_dac0 [get_bd_pins ps8_0_axi_periph/M02_ACLK]
connect_bd_net [get_bd_pins ps8_0_axi_periph/M02_ACLK] [get_bd_pins zynq_ultra_ps_e_0/pl_clk0]
disconnect_bd_net /proc_sys_reset_1_peripheral_aresetn [get_bd_pins usp_rf_data_converter_0/s_axi_aresetn]
connect_bd_net [get_bd_pins usp_rf_data_converter_0/s_axi_aresetn] [get_bd_pins rst_ps8_0_96M/peripheral_aresetn]
disconnect_bd_net /proc_sys_reset_1_peripheral_aresetn [get_bd_pins ps8_0_axi_periph/M02_ARESETN]
connect_bd_net [get_bd_pins ps8_0_axi_periph/M02_ARESETN] [get_bd_pins rst_ps8_0_96M/peripheral_aresetn]
validate_bd_design
validate_bd_design -force
regenerate_bd_layout
regenerate_bd_layout
save_bd_design
reset_run synth_1
launch_runs impl_1 -to_step write_bitstream -jobs 4
wait_on_run impl_1
open_run impl_1
close_design
write_bd_tcl -force C:/Users/clb20123/Documents/FO-RFSoC-4YP/2x2_files/PLEASE/PYNQ_Design.tcl
write_hw_platform -fixed -include_bit -force -file C:/Users/clb20123/Documents/FO-RFSoC-4YP/2x2_files/PLEASE/PYNQ_Design_wrapper.xsa
open_run impl_1
open_bd_design {C:/Users/clb20123/Documents/FO-RFSoC-4YP/2x2_files/PLEASE/PLEASE.srcs/sources_1/bd/PYNQ_Design/PYNQ_Design.bd}
validate_bd_design -force
open_bd_design {C:/Users/clb20123/Documents/FO-RFSoC-4YP/2x2_files/PLEASE/PLEASE.srcs/sources_1/bd/PYNQ_Design/PYNQ_Design.bd}
startgroup
set_property CONFIG.PRIM_SOURCE {Single_ended_clock_capable_pin} [get_bd_cells RX/clk_wiz_0]
endgroup
open_bd_design {C:/Users/clb20123/Documents/FO-RFSoC-4YP/2x2_files/PLEASE/PLEASE.srcs/sources_1/bd/PYNQ_Design/PYNQ_Design.bd}
