#-----------------------------------------------------------
# Vivado v2024.1 (64-bit)
# SW Build 5076996 on Wed May 22 18:37:14 MDT 2024
# IP Build 5075265 on Wed May 22 21:45:21 MDT 2024
# SharedData Build 5076995 on Wed May 22 18:29:18 MDT 2024
# Start of session at: Mon Mar 24 18:44:12 2025
# Process ID: 5184
# Current directory: C:/Users/clb20123/Documents/FO-RFSoC-4YP/2x2_files/PLEASE
# Command line: vivado.exe -gui_launcher_event rodinguilauncherevent18712 C:\Users\clb20123\Documents\FO-RFSoC-4YP\2x2_files\PLEASE\PLEASE.xpr
# Log file: C:/Users/clb20123/Documents/FO-RFSoC-4YP/2x2_files/PLEASE/vivado.log
# Journal file: C:/Users/clb20123/Documents/FO-RFSoC-4YP/2x2_files/PLEASE\vivado.jou
# Running On        :EEE-R446-02
# Platform          :Windows Server 2016 or Windows 10
# Operating System  :19045
# Processor Detail  :13th Gen Intel(R) Core(TM) i5-13500
# CPU Frequency     :2496 MHz
# CPU Physical cores:14
# CPU Logical cores :20
# Host memory       :16833 MB
# Swap memory       :2550 MB
# Total Virtual     :19383 MB
# Available Virtual :11076 MB
#-----------------------------------------------------------
start_gui
open_project C:/Users/clb20123/Documents/FO-RFSoC-4YP/2x2_files/PLEASE/PLEASE.xpr
Scanning sources...
Finished scanning sources
INFO: [IP_Flow 19-234] Refreshing IP repositories
INFO: [IP_Flow 19-1700] Loaded user IP repository 'c:/Users/clb20123/Documents/FO-RFSoC-4YP/RFX_files/16_bit_modulate/netlist/ip'.
INFO: [IP_Flow 19-1700] Loaded user IP repository 'c:/Users/clb20123/Documents/FO-RFSoC-4YP/RFX_files/demod_16_bit'.
INFO: [IP_Flow 19-2313] Loaded Vivado IP repository 'C:/Xilinx/Vivado/2024.1/data/ip'.
WARNING: [IP_Flow 19-1663] Duplicate IP found for 'User_Company:VMC:DUT:1.0'. The one found in IP location 'c:/Users/clb20123/Documents/FO-RFSoC-4YP/RFX_files/demod_16_bit/netlist/ip/16_bit_demod/src/ip' will take precedence over the same IP in location c:/Users/clb20123/Documents/FO-RFSoC-4YP/RFX_files/demod_16_bit/netlist/ip/DUT/src/ip
WARNING: [BD 41-1661] One or more IPs have been locked in the design 'PYNQ_Design.bd'. Please run report_ip_status for more details and recommendations on how to fix this issue.
List of locked IPs:
PYNQ_Design_proc_sys_reset_1_0
PYNQ_Design_zynq_ultra_ps_e_0_0
PYNQ_Design_clk_wiz_0_0
PYNQ_Design_rst_ps8_0_96M_1
PYNQ_Design_axi_smc_1_0
PYNQ_Design_axi_smc_2
PYNQ_Design_proc_sys_reset_0_0

WARNING: [IP_Flow 19-2162] IP 'DUT_rec_0' is locked:
* IP definition 'DUT_rec (1.0)' for IP 'DUT_rec_0' (customized with software release 2024.1) was not found in the IP Catalog.
open_project: Time (s): cpu = 00:00:22 ; elapsed = 00:00:32 . Memory (MB): peak = 1688.133 ; gain = 480.074
update_compile_order -fileset sources_1
open_bd_design {C:/Users/clb20123/Documents/FO-RFSoC-4YP/2x2_files/PLEASE/PLEASE.srcs/sources_1/bd/PYNQ_Design/PYNQ_Design.bd}
Reading block design file <C:/Users/clb20123/Documents/FO-RFSoC-4YP/2x2_files/PLEASE/PLEASE.srcs/sources_1/bd/PYNQ_Design/PYNQ_Design.bd>...
Adding component instance block -- xilinx.com:ip:zynq_ultra_ps_e:3.5 - zynq_ultra_ps_e_0
Adding component instance block -- xilinx.com:ip:usp_rf_data_converter:2.6 - usp_rf_data_converter_0
INFO: Ultrascale+ RF Data Converter instance: Clock port 'adc0_clk' frequency is set to 64000000
INFO: Ultrascale+ RF Data Converter instance: Clock port 'dac0_clk' frequency is set to 128000000
Adding component instance block -- xilinx.com:ip:proc_sys_reset:5.0 - rst_ps8_0_96M
Adding component instance block -- xilinx.com:ip:axi_interconnect:2.1 - ps8_0_axi_periph
Adding component instance block -- xilinx.com:ip:axi_crossbar:2.1 - xbar
Adding component instance block -- xilinx.com:ip:axi_dwidth_converter:2.1 - auto_ds
Adding component instance block -- xilinx.com:ip:axi_protocol_converter:2.1 - auto_pc
Adding component instance block -- xilinx.com:ip:axi_clock_converter:2.1 - auto_cc
Adding component instance block -- xilinx.com:ip:axi_clock_converter:2.1 - auto_cc
Adding component instance block -- xilinx.com:ip:smartconnect:1.0 - axi_smc
Adding component instance block -- xilinx.com:ip:proc_sys_reset:5.0 - proc_sys_reset_0
Adding component instance block -- xilinx.com:ip:system_ila:1.1 - RX_ILA
Adding component instance block -- xilinx.com:ip:axi_dma:7.1 - axi_dma_rx
Adding component instance block -- xilinx.com:ip:clk_wiz:6.0 - clk_wiz_0
Adding component instance block -- xilinx.com:ip:xlconstant:1.1 - xlconstant_1
Adding component instance block -- User_Company:VMC:DUT:1.0 - DUT_0
Adding component instance block -- User_Company:VMC:DUT_data_in:1.0 - DUT_data_in_0
Adding component instance block -- xilinx.com:ip:xlconstant:1.1 - xlconstant_0
Adding component instance block -- xilinx.com:ip:axi_dma:7.1 - axi_dma_tx
Adding component instance block -- xilinx.com:ip:proc_sys_reset:5.0 - proc_sys_reset_1
Adding component instance block -- xilinx.com:ip:smartconnect:1.0 - axi_smc_1
Adding component instance block -- xilinx.com:ip:system_ila:1.1 - TX_ILA
Adding component instance block -- xilinx.com:ip:xlconstant:1.1 - xlconstant_0
Excluding slave segment /zynq_ultra_ps_e_0/SAXIGP2/HP0_LPS_OCM from address space /RX/axi_dma_rx/Data_S2MM.
Excluding slave segment /zynq_ultra_ps_e_0/SAXIGP4/HP2_DDR_HIGH from address space /TX/axi_dma_tx/Data_MM2S.
Excluding slave segment /zynq_ultra_ps_e_0/SAXIGP4/HP2_LPS_OCM from address space /TX/axi_dma_tx/Data_MM2S.
Successfully read diagram <PYNQ_Design> from block design file <C:/Users/clb20123/Documents/FO-RFSoC-4YP/2x2_files/PLEASE/PLEASE.srcs/sources_1/bd/PYNQ_Design/PYNQ_Design.bd>
WARNING: [Board 49-26] cannot add Board Part xilinx.com:vek280_es:part0:1.0 available at C:/Xilinx/Vivado/2024.1/data/xhub/boards/XilinxBoardStore/boards/Xilinx/vek280/es/rev_a/1.0/board.xml as part xcve2802-vsvh1760-2lp-e-s-es1 specified in board_part file is either invalid or not available
WARNING: [Board 49-26] cannot add Board Part xilinx.com:vek280_es:part0:1.1 available at C:/Xilinx/Vivado/2024.1/data/xhub/boards/XilinxBoardStore/boards/Xilinx/vek280/es/rev_a/1.1/board.xml as part xcve2802-vsvh1760-2lp-e-s-es1 specified in board_part file is either invalid or not available
WARNING: [Board 49-26] cannot add Board Part xilinx.com:vek280_es_revb:part0:1.0 available at C:/Xilinx/Vivado/2024.1/data/xhub/boards/XilinxBoardStore/boards/Xilinx/vek280/es/rev_b/1.0/board.xml as part xcve2802-vsvh1760-2mp-e-s-es1 specified in board_part file is either invalid or not available
WARNING: [Board 49-26] cannot add Board Part xilinx.com:vek280_es_revb:part0:1.1 available at C:/Xilinx/Vivado/2024.1/data/xhub/boards/XilinxBoardStore/boards/Xilinx/vek280/es/rev_b/1.1/board.xml as part xcve2802-vsvh1760-2mp-e-s-es1 specified in board_part file is either invalid or not available
WARNING: [Board 49-26] cannot add Board Part xilinx.com:vhk158_es:part0:1.0 available at C:/Xilinx/Vivado/2024.1/data/xhub/boards/XilinxBoardStore/boards/Xilinx/vhk158/es/1.0/board.xml as part xcvh1582-vsva3697-2mp-e-s-es1 specified in board_part file is either invalid or not available
WARNING: [Board 49-26] cannot add Board Part xilinx.com:vhk158_es:part0:1.1 available at C:/Xilinx/Vivado/2024.1/data/xhub/boards/XilinxBoardStore/boards/Xilinx/vhk158/es/1.1/board.xml as part xcvh1582-vsva3697-2mp-e-s-es1 specified in board_part file is either invalid or not available
WARNING: [Board 49-26] cannot add Board Part xilinx.com:zcu208ld:part0:2.0 available at C:/Xilinx/Vivado/2024.1/data/xhub/boards/XilinxBoardStore/boards/Xilinx/zcu208ld/production/2.0/board.xml as part xczu58dr-fsvg1517-2-i specified in board_part file is either invalid or not available
WARNING: [Board 49-26] cannot add Board Part xilinx.com:zcu216ld:part0:2.0 available at C:/Xilinx/Vivado/2024.1/data/xhub/boards/XilinxBoardStore/boards/Xilinx/zcu216ld/production/2.0/board.xml as part xczu59dr-ffvf1760-2-i specified in board_part file is either invalid or not available
WARNING: [Board 49-26] cannot add Board Part xilinx.com:zcu670ld:part0:1.0 available at C:/Xilinx/Vivado/2024.1/data/xhub/boards/XilinxBoardStore/boards/Xilinx/zcu670ld/1.0/board.xml as part xczu57dr-fsve1156-2-i specified in board_part file is either invalid or not available
set_property location {404 629} [get_bd_intf_ports adc0_clk]
set_property location {1107 625} [get_bd_intf_ports adc0_clk]
set_property location {1903 713} [get_bd_intf_ports adc0_clk]
set_property location {-43 637} [get_bd_intf_ports adc0_clk]
set_property location {-16 644} [get_bd_intf_ports dac0_clk]
set_property location {-18 656} [get_bd_intf_ports dac0_clk]
set_property location {-20 674} [get_bd_intf_ports dac0_clk]
regenerate_bd_layout
set_property screensize {359 214} [get_bd_cells TX]
set_property screensize {321 210} [get_bd_cells RX]
set_property screensize {343 252} [get_bd_cells RX]
set_property screensize {329 596} [get_bd_cells ps8_0_axi_periph]
set_property screensize {831 308} [get_bd_cells zynq_ultra_ps_e_0]
regenerate_bd_layout
set_property location {3 1255 494} [get_bd_cells TX]
set_property location {3 1433 800} [get_bd_cells RX]
set_property screensize {580 372} [get_bd_cells rst_ps8_0_96M]
set_property location {1.5 670 483} [get_bd_cells rst_ps8_0_96M]
regenerate_bd_layout
undo
INFO: [Common 17-17] undo 'regenerate_bd_layout'
undo
INFO: [Common 17-17] undo 'set_property location {1.5 670 483} [get_bd_cells rst_ps8_0_96M]'
undo
INFO: [Common 17-17] undo 'set_property screensize {580 372} [get_bd_cells rst_ps8_0_96M]'
undo
INFO: [Common 17-17] undo 'set_property location {3 1433 800} [get_bd_cells RX]'
undo
INFO: [Common 17-17] undo 'set_property location {3 1255 494} [get_bd_cells TX]'
undo
INFO: [Common 17-17] undo 'regenerate_bd_layout'
undo
INFO: [Common 17-17] undo 'set_property screensize {831 308} [get_bd_cells zynq_ultra_ps_e_0]'
undo
INFO: [Common 17-17] undo 'set_property screensize {329 596} [get_bd_cells ps8_0_axi_periph]'
undo
INFO: [Common 17-17] undo 'set_property screensize {343 252} [get_bd_cells RX]'
undo
INFO: [Common 17-17] undo 'set_property screensize {321 210} [get_bd_cells RX]'
undo
INFO: [Common 17-17] undo 'set_property screensize {359 214} [get_bd_cells TX]'
set_property location {2138 933} [get_bd_intf_ports adc0_clk]
set_property location {2165 959} [get_bd_intf_ports dac0_clk]
set_property location {2188 914} [get_bd_intf_ports vin0_01]
set_property location {2116 941} [get_bd_intf_ports sysref_in]
set_property location {2211 941} [get_bd_intf_ports sysref_in]
set_property location {2183 940} [get_bd_intf_ports vin0_01]
set_property location {2200 939} [get_bd_intf_ports sysref_in]
delete_bd_objs [get_bd_intf_nets adc0_clk_1]
connect_bd_intf_net [get_bd_intf_ports adc0_clk] [get_bd_intf_pins usp_rf_data_converter_0/adc0_clk]
set_property location {3 1467 418} [get_bd_cells TX]
set_property location {3 1318 713} [get_bd_cells RX]
set_property location {2 1383 867} [get_bd_cells TX]
set_property location {2 1367 441} [get_bd_cells RX]
set_property location {2 1365 611} [get_bd_cells TX]
set_property location {2 1405 815} [get_bd_cells TX]
set_property location {2 1396 654} [get_bd_cells RX]
set_property location {2 1316 481} [get_bd_cells rst_ps8_0_96M]
set_property location {2 2144 682} [get_bd_cells usp_rf_data_converter_0]
set_property location {3 2455 760} [get_bd_cells usp_rf_data_converter_0]
set_property location {2 2029 818} [get_bd_cells TX]
set_property location {2 2040 559} [get_bd_cells RX]
set_property location {1 1450 245} [get_bd_cells zynq_ultra_ps_e_0]
set_property location {3 2468 249} [get_bd_cells ps8_0_axi_periph]
set_property location {2 1991 239} [get_bd_cells zynq_ultra_ps_e_0]
set_property location {2919 46} [get_bd_ports lmk_reset]
set_property location {2 2088 867} [get_bd_cells TX]
set_property location {2 2088 708} [get_bd_cells RX]
set_property location {2 2126 500} [get_bd_cells rst_ps8_0_96M]
set_property location {3009 738} [get_bd_intf_ports vout00]
set_property location {2202 1041} [get_bd_intf_ports sysref_in]
set_property location {2204 1049} [get_bd_intf_ports sysref_in]
set_property location {2327 1071} [get_bd_intf_ports sysref_in]
set_property location {2326 969} [get_bd_intf_ports sysref_in]
set_property location {2979 942} [get_bd_intf_ports sysref_in]
set_property location {2959 926} [get_bd_intf_ports sysref_in]
set_property location {2982 966} [get_bd_intf_ports vin0_01]
set_property location {2970 1014} [get_bd_intf_ports dac0_clk]
set_property location {2983 1042} [get_bd_intf_ports adc0_clk]
set_property location {2967 1014} [get_bd_intf_ports dac0_clk]
set_property location {2967 991} [get_bd_intf_ports vin0_01]
set_property location {2967 973} [get_bd_intf_ports sysref_in]
set_property location {2960 1028} [get_bd_intf_ports adc0_clk]
set_property name RFDC [get_bd_cells usp_rf_data_converter_0]
set_property name PS [get_bd_cells zynq_ultra_ps_e_0]
set_property name reset [get_bd_cells rst_ps8_0_96M]
undo
INFO: [Common 17-17] undo 'set_property name reset [get_bd_cells rst_ps8_0_96M]'
set_property name LMK_Reset [get_bd_cells xlconstant_0]
startgroup
create_bd_cell -type ip -vlnv xilinx.com:ip:zynq_ultra_ps_e:3.5 zynq_ultra_ps_e_0
endgroup
set_property location {1.5 1120 498} [get_bd_cells zynq_ultra_ps_e_0]
WARNING: [IP_Flow 19-474] Invalid Parameter 'Component_Name'
set_property -dict [list \
  CONFIG.PSU__USE__S_AXI_GP0 {1} \
  CONFIG.PSU__USE__S_AXI_GP1 {1} \
] [get_bd_cells zynq_ultra_ps_e_0]
INFO: [PSU-1]  DP_AUDIO clock source: RPLL is also being used by other peripheral clocks. Their outputs may get impacted if any driver changes DP_AUDIO PLL source to support runtime audio change 
WARNING: [PSU-2]  DP_VIDEO clock source: DPLL is also being used by other peripheral clocks. Their outputs may get impacted if any driver changes DP_VIDEO PLL source to support runtime resolution change 
INFO: [PSU-1]  DP_AUDIO clock source: RPLL is also being used by other peripheral clocks. Their outputs may get impacted if any driver changes DP_AUDIO PLL source to support runtime audio change 
WARNING: [PSU-2]  DP_VIDEO clock source: DPLL is also being used by other peripheral clocks. Their outputs may get impacted if any driver changes DP_VIDEO PLL source to support runtime resolution change 
WARNING: [IP_Flow 19-474] Invalid Parameter 'Component_Name'
disconnect_bd_net /zynq_ultra_ps_e_0_pl_clk0 [get_bd_pins PS/pl_clk0]
connect_bd_net [get_bd_pins zynq_ultra_ps_e_0/pl_clk0] [get_bd_pins rst_ps8_0_96M/slowest_sync_clk]
connect_bd_net [get_bd_pins zynq_ultra_ps_e_0/maxihpm0_lpd_aclk] [get_bd_pins zynq_ultra_ps_e_0/pl_clk0]
disconnect_bd_net /zynq_ultra_ps_e_0_pl_clk0 [get_bd_pins PS/maxihpm0_fpd_aclk]
delete_bd_objs [get_bd_intf_nets axi_smc_1_M00_AXI]
connect_bd_intf_net -boundary_type upper [get_bd_intf_pins TX/M00_AXI] [get_bd_intf_pins zynq_ultra_ps_e_0/S_AXI_HPC1_FPD]
WARNING: [IP_Flow 19-474] Invalid Parameter 'Component_Name'
startgroup
set_property -dict [list \
  CONFIG.PSU__USE__S_AXI_GP0 {0} \
  CONFIG.PSU__USE__S_AXI_GP1 {0} \
  CONFIG.PSU__USE__S_AXI_GP2 {1} \
  CONFIG.PSU__USE__S_AXI_GP3 {1} \
] [get_bd_cells zynq_ultra_ps_e_0]
delete_bd_objs [get_bd_intf_nets TX_M00_AXI]
endgroup
connect_bd_intf_net [get_bd_intf_pins zynq_ultra_ps_e_0/S_AXI_HP1_FPD] -boundary_type upper [get_bd_intf_pins TX/M00_AXI]
delete_bd_objs [get_bd_intf_nets axi_smc_M00_AXI]
connect_bd_intf_net -boundary_type upper [get_bd_intf_pins RX/M00_AXI] [get_bd_intf_pins zynq_ultra_ps_e_0/S_AXI_HP0_FPD]
disconnect_bd_net /usp_rf_data_converter_0_clk_dac0 [get_bd_pins PS/saxihp2_fpd_aclk]
connect_bd_net [get_bd_pins zynq_ultra_ps_e_0/saxihp0_fpd_aclk] [get_bd_pins RFDC/clk_dac0]
disconnect_bd_net /usp_rf_data_converter_0_clk_dac0 [get_bd_pins zynq_ultra_ps_e_0/saxihp0_fpd_aclk]
connect_bd_net [get_bd_pins zynq_ultra_ps_e_0/saxihp0_fpd_aclk] [get_bd_pins RX/clk_out1]
disconnect_bd_net /clk_wiz_0_clk_out1 [get_bd_pins PS/saxihp0_fpd_aclk]
connect_bd_net [get_bd_pins zynq_ultra_ps_e_0/saxihp1_fpd_aclk] [get_bd_pins RFDC/clk_dac0]
delete_bd_objs [get_bd_intf_nets zynq_ultra_ps_e_0_M_AXI_HPM0_FPD]
connect_bd_intf_net [get_bd_intf_pins zynq_ultra_ps_e_0/M_AXI_HPM0_LPD] -boundary_type upper [get_bd_intf_pins ps8_0_axi_periph/S00_AXI]
disconnect_bd_net /zynq_ultra_ps_e_0_pl_resetn0 [get_bd_pins PS/pl_resetn0]
connect_bd_net [get_bd_pins zynq_ultra_ps_e_0/pl_resetn0] [get_bd_pins rst_ps8_0_96M/ext_reset_in]
undo
INFO: [Common 17-17] undo 'connect_bd_net [get_bd_pins zynq_ultra_ps_e_0/pl_resetn0] [get_bd_pins rst_ps8_0_96M/ext_reset_in]'
undo
INFO: [Common 17-17] undo 'disconnect_bd_net /zynq_ultra_ps_e_0_pl_resetn0 [get_bd_pins PS/pl_resetn0]'
redo
INFO: [Common 17-16] redo 'disconnect_bd_net /zynq_ultra_ps_e_0_pl_resetn0 [get_bd_pins PS/pl_resetn0]'
connect_bd_net [get_bd_pins zynq_ultra_ps_e_0/pl_resetn0] [get_bd_pins rst_ps8_0_96M/ext_reset_in]
delete_bd_objs [get_bd_cells PS]
set_property name PS_0 [get_bd_cells zynq_ultra_ps_e_0]
set_property name PS [get_bd_cells PS_0]
set_property location {2 1981 303} [get_bd_cells PS]
set_property location {1 2142 387} [get_bd_cells PS]
set_property location {1 2108 181} [get_bd_cells PS]
set_property location {1 2102 397} [get_bd_cells rst_ps8_0_96M]
set_property location {1 2093 661} [get_bd_cells RX]
set_property screensize {331 140} [get_bd_cells TX]
set_property screensize {372 146} [get_bd_cells TX]
set_property screensize {344 134} [get_bd_cells RX]
set_property screensize {369 136} [get_bd_cells RX]
set_property screensize {388 144} [get_bd_cells RX]
set_property location {1 2080 830} [get_bd_cells TX]
set_property screensize {382 136} [get_bd_cells RX]
write_bd_layout -format pdf -orientation portrait -force C:/Users/clb20123/Documents/FO-RFSoC-4YP/2x2_files/PYNQ_Design.pdf
C:/Users/clb20123/Documents/FO-RFSoC-4YP/2x2_files/PYNQ_Design.pdf
save_bd_design
Wrote  : <C:\Users\clb20123\Documents\FO-RFSoC-4YP\2x2_files\PLEASE\PLEASE.srcs\sources_1\bd\PYNQ_Design\PYNQ_Design.bd> 
Wrote  : <C:/Users/clb20123/Documents/FO-RFSoC-4YP/2x2_files/PLEASE/PLEASE.srcs/sources_1/bd/PYNQ_Design/ui/bd_becc52b1.ui> 
set_property location {1 2080 421} [get_bd_cells rst_ps8_0_96M]
set_property location {1 2128 228} [get_bd_cells PS]
set_property location {2 2737 285} [get_bd_cells ps8_0_axi_periph]
set_property location {2 2734 295} [get_bd_cells ps8_0_axi_periph]
set_property location {2 2727 305} [get_bd_cells ps8_0_axi_periph]
set_property location {2 2735 306} [get_bd_cells ps8_0_axi_periph]
set_property location {2 2738 629} [get_bd_cells RFDC]
set_property location {2 2741 702} [get_bd_cells RFDC]
set_property location {2 2735 719} [get_bd_cells RFDC]
write_bd_layout -format pdf -orientation portrait -force C:/Users/clb20123/Documents/FO-RFSoC-4YP/2x2_files/PYNQ_Design.pdf
C:/Users/clb20123/Documents/FO-RFSoC-4YP/2x2_files/PYNQ_Design.pdf
exit
INFO: [Common 17-206] Exiting Vivado at Mon Mar 24 19:01:36 2025...
