#-----------------------------------------------------------
# Vivado v2024.1 (64-bit)
# SW Build 5076996 on Wed May 22 18:37:14 MDT 2024
# IP Build 5075265 on Wed May 22 21:45:21 MDT 2024
# SharedData Build 5076995 on Wed May 22 18:29:18 MDT 2024
# Start of session at: Thu Mar 13 14:05:01 2025
# Process ID: 4492
# Current directory: C:/Users/clb20123/Documents/FO-RFSoC-4YP/2x2_files/PLEASE
# Command line: vivado.exe -gui_launcher_event rodinguilauncherevent10092 C:\Users\clb20123\Documents\FO-RFSoC-4YP\2x2_files\PLEASE\PLEASE.xpr
# Log file: C:/Users/clb20123/Documents/FO-RFSoC-4YP/2x2_files/PLEASE/vivado.log
# Journal file: C:/Users/clb20123/Documents/FO-RFSoC-4YP/2x2_files/PLEASE\vivado.jou
# Running On        :EEE-R343-01
# Platform          :Windows Server 2016 or Windows 10
# Operating System  :19045
# Processor Detail  :Intel(R) Core(TM) i5-6500 CPU @ 3.20GHz
# CPU Frequency     :3192 MHz
# CPU Physical cores:4
# CPU Logical cores :4
# Host memory       :17060 MB
# Swap memory       :2550 MB
# Total Virtual     :19610 MB
# Available Virtual :11706 MB
#-----------------------------------------------------------
start_gui
open_project C:/Users/clb20123/Documents/FO-RFSoC-4YP/2x2_files/PLEASE/PLEASE.xpr
WARNING: [Board 49-26] cannot add Board Part xilinx.com:vek280_es:part0:1.0 available at D:/Xilinx/Vivado/2024.1/data/xhub/boards/XilinxBoardStore/boards/Xilinx/vek280/es/rev_a/1.0/board.xml as part xcve2802-vsvh1760-2lp-e-s-es1 specified in board_part file is either invalid or not available
WARNING: [Board 49-26] cannot add Board Part xilinx.com:vek280_es:part0:1.1 available at D:/Xilinx/Vivado/2024.1/data/xhub/boards/XilinxBoardStore/boards/Xilinx/vek280/es/rev_a/1.1/board.xml as part xcve2802-vsvh1760-2lp-e-s-es1 specified in board_part file is either invalid or not available
WARNING: [Board 49-26] cannot add Board Part xilinx.com:vek280_es_revb:part0:1.0 available at D:/Xilinx/Vivado/2024.1/data/xhub/boards/XilinxBoardStore/boards/Xilinx/vek280/es/rev_b/1.0/board.xml as part xcve2802-vsvh1760-2mp-e-s-es1 specified in board_part file is either invalid or not available
WARNING: [Board 49-26] cannot add Board Part xilinx.com:vek280_es_revb:part0:1.1 available at D:/Xilinx/Vivado/2024.1/data/xhub/boards/XilinxBoardStore/boards/Xilinx/vek280/es/rev_b/1.1/board.xml as part xcve2802-vsvh1760-2mp-e-s-es1 specified in board_part file is either invalid or not available
WARNING: [Board 49-26] cannot add Board Part xilinx.com:vhk158_es:part0:1.0 available at D:/Xilinx/Vivado/2024.1/data/xhub/boards/XilinxBoardStore/boards/Xilinx/vhk158/es/1.0/board.xml as part xcvh1582-vsva3697-2mp-e-s-es1 specified in board_part file is either invalid or not available
WARNING: [Board 49-26] cannot add Board Part xilinx.com:vhk158_es:part0:1.1 available at D:/Xilinx/Vivado/2024.1/data/xhub/boards/XilinxBoardStore/boards/Xilinx/vhk158/es/1.1/board.xml as part xcvh1582-vsva3697-2mp-e-s-es1 specified in board_part file is either invalid or not available
WARNING: [Board 49-26] cannot add Board Part xilinx.com:zcu208ld:part0:2.0 available at D:/Xilinx/Vivado/2024.1/data/xhub/boards/XilinxBoardStore/boards/Xilinx/zcu208ld/production/2.0/board.xml as part xczu58dr-fsvg1517-2-i specified in board_part file is either invalid or not available
WARNING: [Board 49-26] cannot add Board Part xilinx.com:zcu216ld:part0:2.0 available at D:/Xilinx/Vivado/2024.1/data/xhub/boards/XilinxBoardStore/boards/Xilinx/zcu216ld/production/2.0/board.xml as part xczu59dr-ffvf1760-2-i specified in board_part file is either invalid or not available
WARNING: [Board 49-26] cannot add Board Part xilinx.com:zcu670ld:part0:1.0 available at D:/Xilinx/Vivado/2024.1/data/xhub/boards/XilinxBoardStore/boards/Xilinx/zcu670ld/1.0/board.xml as part xczu57dr-fsve1156-2-i specified in board_part file is either invalid or not available
Scanning sources...
Finished scanning sources
INFO: [IP_Flow 19-234] Refreshing IP repositories
INFO: [IP_Flow 19-1700] Loaded user IP repository 'c:/Users/clb20123/Documents/FO-RFSoC-4YP/RFX_files/demod_16_bit/netlist/ip'.
INFO: [IP_Flow 19-1700] Loaded user IP repository 'c:/Users/clb20123/Documents/FO-RFSoC-4YP/RFX_files/16_bit_modulate/netlist/ip'.
INFO: [IP_Flow 19-2313] Loaded Vivado IP repository 'D:/Xilinx/Vivado/2024.1/data/ip'.
WARNING: [IP_Flow 19-2162] IP 'DUT_0' is locked:
* IP definition 'DUT (1.0)' for IP 'DUT_0' (customized with software release 2024.1) has a different revision in the IP Catalog.
WARNING: [IP_Flow 19-2162] IP 'DUT_1' is locked:
* IP definition 'DUT (1.0)' for IP 'DUT_1' (customized with software release 2024.1) has a different revision in the IP Catalog.
WARNING: [IP_Flow 19-2162] IP 'DUT_data_gen_0' is locked:
* IP definition 'DUT_data_gen (1.0)' for IP 'DUT_data_gen_0' (customized with software release 2024.1) was not found in the IP Catalog.
WARNING: [IP_Flow 19-2162] IP 'DUT_2' is locked:
* IP definition 'DUT (1.0)' for IP 'DUT_2' (customized with software release 2024.1) has a different revision in the IP Catalog.
open_project: Time (s): cpu = 00:00:44 ; elapsed = 00:00:46 . Memory (MB): peak = 1760.090 ; gain = 593.699
update_compile_order -fileset sources_1
open_bd_design {C:/Users/clb20123/Documents/FO-RFSoC-4YP/2x2_files/PLEASE/PLEASE.srcs/sources_1/bd/PYNQ_Design/PYNQ_Design.bd}
Reading block design file <C:/Users/clb20123/Documents/FO-RFSoC-4YP/2x2_files/PLEASE/PLEASE.srcs/sources_1/bd/PYNQ_Design/PYNQ_Design.bd>...
Adding component instance block -- User_Company:VMC:DUT_data_in:1.0 - DUT_data_in_0
Adding component instance block -- xilinx.com:ip:zynq_ultra_ps_e:3.5 - zynq_ultra_ps_e_0
Adding component instance block -- xilinx.com:ip:usp_rf_data_converter:2.6 - usp_rf_data_converter_0
INFO: Ultrascale+ RF Data Converter instance: Clock port 'adc0_clk' frequency is set to 64000000
INFO: Ultrascale+ RF Data Converter instance: Clock port 'dac0_clk' frequency is set to 128000000
Adding component instance block -- xilinx.com:ip:xlconstant:1.1 - xlconstant_0
Adding component instance block -- xilinx.com:ip:xlconstant:1.1 - xlconstant_1
Adding component instance block -- User_Company:VMC:DUT_rec:1.0 - DUT_rec_0
Adding component instance block -- xilinx.com:ip:axi_dma:7.1 - axi_dma
Adding component instance block -- xilinx.com:ip:smartconnect:1.0 - axi_smc
Adding component instance block -- xilinx.com:ip:proc_sys_reset:5.0 - rst_ps8_0_96M
Adding component instance block -- xilinx.com:ip:axi_interconnect:2.1 - ps8_0_axi_periph
Adding component instance block -- xilinx.com:ip:axi_crossbar:2.1 - xbar
Adding component instance block -- xilinx.com:ip:axi_protocol_converter:2.1 - auto_pc
Adding component instance block -- xilinx.com:ip:axi_clock_converter:2.1 - auto_cc
Adding component instance block -- xilinx.com:ip:clk_wiz:6.0 - clk_wiz_0
Adding component instance block -- xilinx.com:ip:proc_sys_reset:5.0 - proc_sys_reset_0
Adding component instance block -- xilinx.com:ip:proc_sys_reset:5.0 - proc_sys_reset_1
Adding component instance block -- xilinx.com:ip:system_ila:1.1 - system_ila_0
Adding component instance block -- xilinx.com:ip:system_ila:1.1 - system_ila_1
Excluding slave segment /zynq_ultra_ps_e_0/SAXIGP0/HPC0_LPS_OCM from address space /axi_dma/Data_MM2S.
Excluding slave segment /zynq_ultra_ps_e_0/SAXIGP0/HPC0_LPS_OCM from address space /axi_dma/Data_S2MM.
Successfully read diagram <PYNQ_Design> from block design file <C:/Users/clb20123/Documents/FO-RFSoC-4YP/2x2_files/PLEASE/PLEASE.srcs/sources_1/bd/PYNQ_Design/PYNQ_Design.bd>
open_bd_design: Time (s): cpu = 00:00:07 ; elapsed = 00:00:10 . Memory (MB): peak = 1823.781 ; gain = 44.836
INFO: [Device 21-403] Loading part xczu28dr-ffvg1517-2-e
startgroup
set_property CONFIG.PRIM_SOURCE {Global_buffer} [get_bd_cells clk_wiz_0]
endgroup
open_run impl_1
Netlist sorting complete. Time (s): cpu = 00:00:01 ; elapsed = 00:00:01 . Memory (MB): peak = 3395.758 ; gain = 0.000
INFO: [Netlist 29-17] Analyzing 495 Unisim elements for replacement
INFO: [Netlist 29-28] Unisim Transformation completed in 2 CPU seconds
INFO: [Project 1-479] Netlist was created with Vivado 2024.1
INFO: [Project 1-570] Preparing netlist for logic optimization
Read ShapeDB Complete: Time (s): cpu = 00:00:00 ; elapsed = 00:00:00.194 . Memory (MB): peak = 3582.891 ; gain = 9.582
INFO: [Timing 38-478] Restoring timing data from binary archive.
INFO: [Timing 38-479] Binary timing data restore complete.
INFO: [Project 1-856] Restoring constraints from binary archive.
INFO: [Project 1-853] Binary constraint restore complete.
INFO: [Designutils 20-5722] Start Reading Physical Databases.
Reading placement.
Read Netlist Cache: Time (s): cpu = 00:00:00 ; elapsed = 00:00:00.040 . Memory (MB): peak = 4146.453 ; gain = 0.000
Reading placer database...
Read Device Cache: Time (s): cpu = 00:00:00 ; elapsed = 00:00:00.059 . Memory (MB): peak = 4146.453 ; gain = 0.000
Read PlaceDB: Time (s): cpu = 00:00:04 ; elapsed = 00:00:04 . Memory (MB): peak = 4177.992 ; gain = 31.539
Read PulsedLatchDB: Time (s): cpu = 00:00:00 ; elapsed = 00:00:00 . Memory (MB): peak = 4177.992 ; gain = 0.000
Reading routing.
Read RouteStorage: Time (s): cpu = 00:00:01 ; elapsed = 00:00:00.410 . Memory (MB): peak = 4222.316 ; gain = 44.324
Read Physdb Files: Time (s): cpu = 00:00:05 ; elapsed = 00:00:04 . Memory (MB): peak = 4222.316 ; gain = 75.863
Restored from archive | CPU: 5.000000 secs | Memory: 0.000000 MB |
Finished XDEF File Restore: Time (s): cpu = 00:00:05 ; elapsed = 00:00:04 . Memory (MB): peak = 4222.316 ; gain = 75.863
Netlist sorting complete. Time (s): cpu = 00:00:00 ; elapsed = 00:00:00.021 . Memory (MB): peak = 4222.316 ; gain = 0.000
INFO: [Project 1-111] Unisim Transformation Summary:
  A total of 546 instances were transformed.
  CFGLUT5 => CFGLUT5 (SRL16E, SRLC32E): 152 instances
  DSP48E2 => DSP48E2 (DSP_ALU, DSP_A_B_DATA, DSP_C_DATA, DSP_MULTIPLIER, DSP_M_DATA, DSP_OUTPUT, DSP_PREADD, DSP_PREADD_DATA): 53 instances
  RAM16X1D => RAM32X1D (RAMD32(x2)): 1 instance 
  RAM32M => RAM32M (RAMD32(x6), RAMS32(x2)): 1 instance 
  RAM32M16 => RAM32M16 (RAMD32(x14), RAMS32(x2)): 75 instances
  RAM32X1D => RAM32X1D (RAMD32(x2)): 4 instances
  SRLC32E => SRL16E: 260 instances

open_run: Time (s): cpu = 00:00:55 ; elapsed = 00:00:59 . Memory (MB): peak = 4386.688 ; gain = 1087.652
open_report: Time (s): cpu = 00:00:20 ; elapsed = 00:00:08 . Memory (MB): peak = 5209.156 ; gain = 529.191
WARNING: [Timing 38-436] There are set_bus_skew constraint(s) in this design. Please run report_bus_skew to ensure that bus skew requirements are met.
report_cdc
INFO: [Timing 38-91] UpdateTimingParams: No interconnect No Cell Dly, Speed grade: -2, Temperature grade: E, Delay Type: max.
INFO: [Timing 38-191] Multithreading enabled for timing update using a maximum of 2 CPUs
INFO: [Timing 38-314] The report_cdc command only analyzes and reports clock domain crossing paths where clocks have been defined on both source and destination sides. Ports with no input delay constraint are skipped. Please run check_timing to verify there are no missing clock definitions in your design, nor any unconstrained input port.
Copyright 1986-2022 Xilinx, Inc. All Rights Reserved. Copyright 2022-2024 Advanced Micro Devices, Inc. All Rights Reserved.
--------------------------------------------------------------------------------------------------------------------------------------------------
| Tool Version      : Vivado v.2024.1 (win64) Build 5076996 Wed May 22 18:37:14 MDT 2024
| Date              : Thu Mar 13 14:13:36 2025
| Host              : EEE-R343-01 running 64-bit major release  (build 9200)
| Command           : report_cdc
| Design            : PYNQ_Design_wrapper
| Device            : xczu28dr-ffvg1517
| Speed File        : -2  PRODUCTION 1.30 05-03-2022
| Design State      : Routed
| Temperature Grade : E
--------------------------------------------------------------------------------------------------------------------------------------------------

CDC Report

Severity  Source Clock                                                                                         Destination Clock                                                                                    CDC Type                 Exceptions               Endpoints  Safe  Unsafe  Unknown  No ASYNC_REG  
--------  ---------------------------------------------------------------------------------------------------  ---------------------------------------------------------------------------------------------------  -----------------------  -----------------------  ---------  ----  ------  -------  ------------  
Warning   RFADC0_CLK                                                                                           RFDAC0_CLK                                                                                           No Common Primary Clock  False Path                       8     8       0        0             0  
Warning   RFADC1_CLK                                                                                           RFDAC0_CLK                                                                                           No Common Primary Clock  False Path                       8     8       0        0             0  
Warning   RFADC2_CLK                                                                                           RFDAC0_CLK                                                                                           No Common Primary Clock  False Path                       8     8       0        0             0  
Warning   RFADC3_CLK                                                                                           RFDAC0_CLK                                                                                           No Common Primary Clock  False Path                       8     8       0        0             0  
Warning   RFDAC1_CLK                                                                                           RFDAC0_CLK                                                                                           No Common Primary Clock  False Path                       8     8       0        0             0  
Warning   clk_out1_PYNQ_Design_clk_wiz_0_0_2                                                                   RFDAC0_CLK                                                                                           No Common Primary Clock  Max Delay Datapath Only        439   439       0        0             0  
Warning   RFDAC0_CLK                                                                                           clk_out1_PYNQ_Design_clk_wiz_0_0_2                                                                   No Common Primary Clock  Max Delay Datapath Only        302   302       0        0             0  
Warning   dbg_hub/inst/BSCANID.u_xsdbm_id/SWITCH_N_EXT_BSCAN.bscan_inst/SERIES7_BSCAN.bscan_inst/INTERNAL_TCK  clk_out1_PYNQ_Design_clk_wiz_0_0_2                                                                   No Common Primary Clock  Max Delay Datapath Only         11    11       0        0             0  
Warning   clk_out1_PYNQ_Design_clk_wiz_0_0_2                                                                   dbg_hub/inst/BSCANID.u_xsdbm_id/SWITCH_N_EXT_BSCAN.bscan_inst/SERIES7_BSCAN.bscan_inst/INTERNAL_TCK  No Common Primary Clock  Max Delay Datapath Only          4     4       0        0             0  
Info      clk_pl_0                                                                                             RFDAC0_CLK                                                                                           No Common Primary Clock  Max Delay Datapath Only         12    12       0        0             0  
Info      clk_pl_0                                                                                             clk_out1_PYNQ_Design_clk_wiz_0_0_2                                                                   No Common Primary Clock  Max Delay Datapath Only          9     9       0        0             0  
Info      RFDAC0_CLK                                                                                           clk_pl_0                                                                                             No Common Primary Clock  Max Delay Datapath Only         10    10       0        0             0  
Info      clk_out1_PYNQ_Design_clk_wiz_0_0_2                                                                   clk_pl_0                                                                                             No Common Primary Clock  Max Delay Datapath Only          5     5       0        0             0  

open_bd_design {C:/Users/clb20123/Documents/FO-RFSoC-4YP/2x2_files/PLEASE/PLEASE.srcs/sources_1/bd/PYNQ_Design/PYNQ_Design.bd}
delete_bd_objs [get_bd_nets zynq_ultra_ps_e_0_pl_clk0]
undo
INFO: [Common 17-17] undo 'delete_bd_objs [get_bd_nets zynq_ultra_ps_e_0_pl_clk0]'
disconnect_bd_net /zynq_ultra_ps_e_0_pl_clk0 [get_bd_pins zynq_ultra_ps_e_0/maxihpm0_lpd_aclk]
disconnect_bd_net /clk_wiz_0_clk_out1 [get_bd_pins zynq_ultra_ps_e_0/saxihpc0_fpd_aclk]
connect_bd_net [get_bd_pins zynq_ultra_ps_e_0/maxihpm0_lpd_aclk] [get_bd_pins zynq_ultra_ps_e_0/pl_clk0]
connect_bd_net [get_bd_pins zynq_ultra_ps_e_0/saxihpc0_fpd_aclk] [get_bd_pins zynq_ultra_ps_e_0/pl_clk0]
validate_bd_design
WARNING: [BD 41-1629] Slave segment </zynq_ultra_ps_e_0/SAXIGP0/HPC0_LPS_OCM> is excluded from all addressing paths.
WARNING: [BD 41-1781] Updates have been made to one or more nets/interface connections marked for debug.
Debug nets, which are already connected to any ILA IP core in the block-design, will be automatically available for debug in Hardware Manager.
For unconnected Debug nets, please open synthesized design and use 'Set Up Debug' wizard to insert, modify or delete Debug Cores. 
Excluding slave segment /zynq_ultra_ps_e_0/SAXIGP0/HPC0_LPS_OCM from address space /axi_dma/Data_MM2S.
Excluding slave segment /zynq_ultra_ps_e_0/SAXIGP0/HPC0_LPS_OCM from address space /axi_dma/Data_S2MM.
CRITICAL WARNING: [xilinx.com:ip:smartconnect:1.0-1] PYNQ_Design_axi_smc_1: The device(s) attached to /M00_AXI do not share a common clock domain with this smartconnect instance. Modify the clock domain values of the attached device(s) or re-customize this AXI SmartConnect instance to add a new clock pin and connect it to the same clock source of the IP attached to /M00_AXI to prevent further clock DRC violations.
CRITICAL WARNING: [xilinx.com:ip:smartconnect:1.0-1] PYNQ_Design_axi_smc_1: The device(s) attached to /M00_AXI do not share a common clock frequency with this smartconnect instance. Modify the clock frequency values of the attached device(s) or re-customize this AXI SmartConnect instance to add a new clock pin and connect it to the same clock source of the IP attached to /M00_AXI to prevent further clock DRC violations.
INFO: [BD 5-943] Reserving offset range <0x0000_0000 [ 2G ]> from slave interface '/axi_smc/S00_AXI' to master interface '/axi_smc/M00_AXI'. This will be used by smartconnect on path for routing.
INFO: [BD 5-943] Reserving offset range <0x0000_0000 [ 2G ]> from slave interface '/axi_smc/S01_AXI' to master interface '/axi_smc/M00_AXI'. This will be used by smartconnect on path for routing.
INFO: [xilinx.com:ip:smartconnect:1.0-1] PYNQ_Design_axi_smc_1: SmartConnect PYNQ_Design_axi_smc_1 is in High-performance Mode.
INFO: [xilinx.com:ip:axi_dma:7.1-14] /axi_dma 
                    ##########################################################################################
                    Clocks connected to AXI DMA are not same. Configuring AXI DMA in ASYNC mode ..........
                    ##########################################################################################
INFO: [xilinx.com:ip:clk_wiz:6.0-1] /clk_wiz_0 clk_wiz propagate
ERROR: [BD 41-237] Bus Interface property FREQ_HZ does not match between /zynq_ultra_ps_e_0/S_AXI_HPC0_FPD(96968727) and /axi_smc/M00_AXI(128000000)
ERROR: [BD 41-237] Bus Interface property CLK_DOMAIN does not match between /zynq_ultra_ps_e_0/S_AXI_HPC0_FPD(PYNQ_Design_zynq_ultra_ps_e_0_0_pl_clk0) and /axi_smc/M00_AXI(PYNQ_Design_usp_rf_data_converter_0_0_clk_dac0)
CRITICAL WARNING: [BD 41-237] Bus Interface property TDATA_NUM_BYTES does not match between /DUT_data_in_0/s_axis(0) and /axi_dma/M_AXIS_MM2S(4)
WARNING: [BD 41-237] Bus Interface property AWUSER_WIDTH does not match between /ps8_0_axi_periph/s00_couplers/auto_pc/S_AXI(0) and /zynq_ultra_ps_e_0/M_AXI_HPM0_LPD(16)
WARNING: [BD 41-237] Bus Interface property ARUSER_WIDTH does not match between /ps8_0_axi_periph/s00_couplers/auto_pc/S_AXI(0) and /zynq_ultra_ps_e_0/M_AXI_HPM0_LPD(16)
WARNING: [BD 41-237] Bus Interface property LAYERED_METADATA does not match between /DUT_rec_0/s_axis(xilinx.com:interface:datatypes:1.0 {TDATA {datatype {name {attribs {resolve_type immediate dependency {} format string minimum {} maximum {}} value {}} bitwidth {attribs {resolve_type immediate dependency {} format long minimum {} maximum {}} value 16} bitoffset {attribs {resolve_type immediate dependency {} format long minimum {} maximum {}} value 0} real {fixed {fractwidth {attribs {resolve_type immediate dependency {} format long minimum {} maximum {}} value 0} signed {attribs {resolve_type immediate dependency {} format bool minimum {} maximum {}} value false}}}}}}) and /usp_rf_data_converter_0/m00_axis(undef)
WARNING: [BD 41-237] Bus Interface property LAYERED_METADATA does not match between /DUT_data_in_0/s_axis(xilinx.com:interface:datatypes:1.0 {TDATA {datatype {name {attribs {resolve_type immediate dependency {} format string minimum {} maximum {}} value {}} bitwidth {attribs {resolve_type immediate dependency {} format long minimum {} maximum {}} value 1} bitoffset {attribs {resolve_type immediate dependency {} format long minimum {} maximum {}} value 0} real {fixed {fractwidth {attribs {resolve_type immediate dependency {} format long minimum {} maximum {}} value 0} signed {attribs {resolve_type immediate dependency {} format bool minimum {} maximum {}} value false}}}}}}) and /axi_dma/M_AXIS_MM2S(undef)
WARNING: [BD 41-237] Bus Interface property AWUSER_WIDTH does not match between /zynq_ultra_ps_e_0/S_AXI_HPC0_FPD(1) and /axi_smc/M00_AXI(0)
WARNING: [BD 41-237] Bus Interface property ARUSER_WIDTH does not match between /zynq_ultra_ps_e_0/S_AXI_HPC0_FPD(1) and /axi_smc/M00_AXI(0)
validate_bd_design: Time (s): cpu = 00:00:23 ; elapsed = 00:00:27 . Memory (MB): peak = 5341.938 ; gain = 97.367
ERROR: [Common 17-39] 'validate_bd_design' failed due to earlier errors.
WARNING: [IP_Flow 19-474] Invalid Parameter 'Component_Name'
startgroup
set_property CONFIG.PSU__CRL_APB__PL0_REF_CTRL__FREQMHZ {128} [get_bd_cells zynq_ultra_ps_e_0]
endgroup
validate_bd_design
WARNING: [BD 41-1629] Slave segment </zynq_ultra_ps_e_0/SAXIGP0/HPC0_LPS_OCM> is excluded from all addressing paths.
WARNING: [BD 41-1781] Updates have been made to one or more nets/interface connections marked for debug.
Debug nets, which are already connected to any ILA IP core in the block-design, will be automatically available for debug in Hardware Manager.
For unconnected Debug nets, please open synthesized design and use 'Set Up Debug' wizard to insert, modify or delete Debug Cores. 
Excluding slave segment /zynq_ultra_ps_e_0/SAXIGP0/HPC0_LPS_OCM from address space /axi_dma/Data_MM2S.
Excluding slave segment /zynq_ultra_ps_e_0/SAXIGP0/HPC0_LPS_OCM from address space /axi_dma/Data_S2MM.
CRITICAL WARNING: [xilinx.com:ip:smartconnect:1.0-1] PYNQ_Design_axi_smc_1: The device(s) attached to /M00_AXI do not share a common clock domain with this smartconnect instance. Modify the clock domain values of the attached device(s) or re-customize this AXI SmartConnect instance to add a new clock pin and connect it to the same clock source of the IP attached to /M00_AXI to prevent further clock DRC violations.
CRITICAL WARNING: [xilinx.com:ip:smartconnect:1.0-1] PYNQ_Design_axi_smc_1: The device(s) attached to /M00_AXI do not share a common clock frequency with this smartconnect instance. Modify the clock frequency values of the attached device(s) or re-customize this AXI SmartConnect instance to add a new clock pin and connect it to the same clock source of the IP attached to /M00_AXI to prevent further clock DRC violations.
INFO: [BD 5-943] Reserving offset range <0x0000_0000 [ 2G ]> from slave interface '/axi_smc/S00_AXI' to master interface '/axi_smc/M00_AXI'. This will be used by smartconnect on path for routing.
INFO: [BD 5-943] Reserving offset range <0x0000_0000 [ 2G ]> from slave interface '/axi_smc/S01_AXI' to master interface '/axi_smc/M00_AXI'. This will be used by smartconnect on path for routing.
INFO: [xilinx.com:ip:smartconnect:1.0-1] PYNQ_Design_axi_smc_1: SmartConnect PYNQ_Design_axi_smc_1 is in High-performance Mode.
INFO: [xilinx.com:ip:axi_dma:7.1-14] /axi_dma 
                    ##########################################################################################
                    Clocks connected to AXI DMA are not same. Configuring AXI DMA in ASYNC mode ..........
                    ##########################################################################################
INFO: [xilinx.com:ip:clk_wiz:6.0-1] /clk_wiz_0 clk_wiz propagate
ERROR: [BD 41-237] Bus Interface property FREQ_HZ does not match between /zynq_ultra_ps_e_0/S_AXI_HPC0_FPD(118517334) and /axi_smc/M00_AXI(128000000)
ERROR: [BD 41-237] Bus Interface property CLK_DOMAIN does not match between /zynq_ultra_ps_e_0/S_AXI_HPC0_FPD(PYNQ_Design_zynq_ultra_ps_e_0_0_pl_clk0) and /axi_smc/M00_AXI(PYNQ_Design_usp_rf_data_converter_0_0_clk_dac0)
CRITICAL WARNING: [BD 41-237] Bus Interface property TDATA_NUM_BYTES does not match between /DUT_data_in_0/s_axis(0) and /axi_dma/M_AXIS_MM2S(4)
WARNING: [BD 41-237] Bus Interface property AWUSER_WIDTH does not match between /ps8_0_axi_periph/s00_couplers/auto_pc/S_AXI(0) and /zynq_ultra_ps_e_0/M_AXI_HPM0_LPD(16)
WARNING: [BD 41-237] Bus Interface property ARUSER_WIDTH does not match between /ps8_0_axi_periph/s00_couplers/auto_pc/S_AXI(0) and /zynq_ultra_ps_e_0/M_AXI_HPM0_LPD(16)
WARNING: [BD 41-237] Bus Interface property LAYERED_METADATA does not match between /DUT_rec_0/s_axis(xilinx.com:interface:datatypes:1.0 {TDATA {datatype {name {attribs {resolve_type immediate dependency {} format string minimum {} maximum {}} value {}} bitwidth {attribs {resolve_type immediate dependency {} format long minimum {} maximum {}} value 16} bitoffset {attribs {resolve_type immediate dependency {} format long minimum {} maximum {}} value 0} real {fixed {fractwidth {attribs {resolve_type immediate dependency {} format long minimum {} maximum {}} value 0} signed {attribs {resolve_type immediate dependency {} format bool minimum {} maximum {}} value false}}}}}}) and /usp_rf_data_converter_0/m00_axis(undef)
WARNING: [BD 41-237] Bus Interface property LAYERED_METADATA does not match between /DUT_data_in_0/s_axis(xilinx.com:interface:datatypes:1.0 {TDATA {datatype {name {attribs {resolve_type immediate dependency {} format string minimum {} maximum {}} value {}} bitwidth {attribs {resolve_type immediate dependency {} format long minimum {} maximum {}} value 1} bitoffset {attribs {resolve_type immediate dependency {} format long minimum {} maximum {}} value 0} real {fixed {fractwidth {attribs {resolve_type immediate dependency {} format long minimum {} maximum {}} value 0} signed {attribs {resolve_type immediate dependency {} format bool minimum {} maximum {}} value false}}}}}}) and /axi_dma/M_AXIS_MM2S(undef)
WARNING: [BD 41-237] Bus Interface property AWUSER_WIDTH does not match between /zynq_ultra_ps_e_0/S_AXI_HPC0_FPD(1) and /axi_smc/M00_AXI(0)
WARNING: [BD 41-237] Bus Interface property ARUSER_WIDTH does not match between /zynq_ultra_ps_e_0/S_AXI_HPC0_FPD(1) and /axi_smc/M00_AXI(0)
validate_bd_design: Time (s): cpu = 00:00:22 ; elapsed = 00:00:22 . Memory (MB): peak = 5531.410 ; gain = 123.570
ERROR: [Common 17-39] 'validate_bd_design' failed due to earlier errors.
disconnect_bd_net /zynq_ultra_ps_e_0_pl_clk0 [get_bd_pins zynq_ultra_ps_e_0/maxihpm0_lpd_aclk]
connect_bd_net [get_bd_pins zynq_ultra_ps_e_0/maxihpm0_lpd_aclk] [get_bd_pins usp_rf_data_converter_0/clk_dac0]
validate_bd_design
WARNING: [BD 41-1629] Slave segment </zynq_ultra_ps_e_0/SAXIGP0/HPC0_LPS_OCM> is excluded from all addressing paths.
CRITICAL WARNING: [BD 41-1363] The clock pins '/ps8_0_axi_periph/S00_ACLK' (interface '/ps8_0_axi_periph/S00_AXI') and '/zynq_ultra_ps_e_0/maxihpm0_lpd_aclk' (interface '/zynq_ultra_ps_e_0/M_AXI_HPM0_LPD') must be connected to the same source 
WARNING: [BD 41-1781] Updates have been made to one or more nets/interface connections marked for debug.
Debug nets, which are already connected to any ILA IP core in the block-design, will be automatically available for debug in Hardware Manager.
For unconnected Debug nets, please open synthesized design and use 'Set Up Debug' wizard to insert, modify or delete Debug Cores. 
Excluding slave segment /zynq_ultra_ps_e_0/SAXIGP0/HPC0_LPS_OCM from address space /axi_dma/Data_MM2S.
Excluding slave segment /zynq_ultra_ps_e_0/SAXIGP0/HPC0_LPS_OCM from address space /axi_dma/Data_S2MM.
CRITICAL WARNING: [xilinx.com:ip:smartconnect:1.0-1] PYNQ_Design_axi_smc_1: The device(s) attached to /M00_AXI do not share a common clock domain with this smartconnect instance. Modify the clock domain values of the attached device(s) or re-customize this AXI SmartConnect instance to add a new clock pin and connect it to the same clock source of the IP attached to /M00_AXI to prevent further clock DRC violations.
CRITICAL WARNING: [xilinx.com:ip:smartconnect:1.0-1] PYNQ_Design_axi_smc_1: The device(s) attached to /M00_AXI do not share a common clock frequency with this smartconnect instance. Modify the clock frequency values of the attached device(s) or re-customize this AXI SmartConnect instance to add a new clock pin and connect it to the same clock source of the IP attached to /M00_AXI to prevent further clock DRC violations.
INFO: [BD 5-943] Reserving offset range <0x0000_0000 [ 2G ]> from slave interface '/axi_smc/S00_AXI' to master interface '/axi_smc/M00_AXI'. This will be used by smartconnect on path for routing.
INFO: [BD 5-943] Reserving offset range <0x0000_0000 [ 2G ]> from slave interface '/axi_smc/S01_AXI' to master interface '/axi_smc/M00_AXI'. This will be used by smartconnect on path for routing.
INFO: [xilinx.com:ip:smartconnect:1.0-1] PYNQ_Design_axi_smc_1: SmartConnect PYNQ_Design_axi_smc_1 is in High-performance Mode.
INFO: [xilinx.com:ip:axi_dma:7.1-14] /axi_dma 
                    ##########################################################################################
                    Clocks connected to AXI DMA are not same. Configuring AXI DMA in ASYNC mode ..........
                    ##########################################################################################
INFO: [xilinx.com:ip:clk_wiz:6.0-1] /clk_wiz_0 clk_wiz propagate
ERROR: [BD 41-237] Bus Interface property FREQ_HZ does not match between /ps8_0_axi_periph/s00_couplers/auto_pc/S_AXI(118517334) and /zynq_ultra_ps_e_0/M_AXI_HPM0_LPD(128000000)
ERROR: [BD 41-237] Bus Interface property CLK_DOMAIN does not match between /ps8_0_axi_periph/s00_couplers/auto_pc/S_AXI(PYNQ_Design_zynq_ultra_ps_e_0_0_pl_clk0) and /zynq_ultra_ps_e_0/M_AXI_HPM0_LPD(PYNQ_Design_usp_rf_data_converter_0_0_clk_dac0)
ERROR: [BD 41-237] Bus Interface property FREQ_HZ does not match between /zynq_ultra_ps_e_0/S_AXI_HPC0_FPD(118517334) and /axi_smc/M00_AXI(128000000)
ERROR: [BD 41-237] Bus Interface property CLK_DOMAIN does not match between /zynq_ultra_ps_e_0/S_AXI_HPC0_FPD(PYNQ_Design_zynq_ultra_ps_e_0_0_pl_clk0) and /axi_smc/M00_AXI(PYNQ_Design_usp_rf_data_converter_0_0_clk_dac0)
CRITICAL WARNING: [BD 41-237] Bus Interface property TDATA_NUM_BYTES does not match between /DUT_data_in_0/s_axis(0) and /axi_dma/M_AXIS_MM2S(4)
WARNING: [BD 41-237] Bus Interface property AWUSER_WIDTH does not match between /ps8_0_axi_periph/s00_couplers/auto_pc/S_AXI(0) and /zynq_ultra_ps_e_0/M_AXI_HPM0_LPD(16)
WARNING: [BD 41-237] Bus Interface property ARUSER_WIDTH does not match between /ps8_0_axi_periph/s00_couplers/auto_pc/S_AXI(0) and /zynq_ultra_ps_e_0/M_AXI_HPM0_LPD(16)
WARNING: [BD 41-237] Bus Interface property LAYERED_METADATA does not match between /DUT_rec_0/s_axis(xilinx.com:interface:datatypes:1.0 {TDATA {datatype {name {attribs {resolve_type immediate dependency {} format string minimum {} maximum {}} value {}} bitwidth {attribs {resolve_type immediate dependency {} format long minimum {} maximum {}} value 16} bitoffset {attribs {resolve_type immediate dependency {} format long minimum {} maximum {}} value 0} real {fixed {fractwidth {attribs {resolve_type immediate dependency {} format long minimum {} maximum {}} value 0} signed {attribs {resolve_type immediate dependency {} format bool minimum {} maximum {}} value false}}}}}}) and /usp_rf_data_converter_0/m00_axis(undef)
WARNING: [BD 41-237] Bus Interface property LAYERED_METADATA does not match between /DUT_data_in_0/s_axis(xilinx.com:interface:datatypes:1.0 {TDATA {datatype {name {attribs {resolve_type immediate dependency {} format string minimum {} maximum {}} value {}} bitwidth {attribs {resolve_type immediate dependency {} format long minimum {} maximum {}} value 1} bitoffset {attribs {resolve_type immediate dependency {} format long minimum {} maximum {}} value 0} real {fixed {fractwidth {attribs {resolve_type immediate dependency {} format long minimum {} maximum {}} value 0} signed {attribs {resolve_type immediate dependency {} format bool minimum {} maximum {}} value false}}}}}}) and /axi_dma/M_AXIS_MM2S(undef)
WARNING: [BD 41-237] Bus Interface property AWUSER_WIDTH does not match between /zynq_ultra_ps_e_0/S_AXI_HPC0_FPD(1) and /axi_smc/M00_AXI(0)
WARNING: [BD 41-237] Bus Interface property ARUSER_WIDTH does not match between /zynq_ultra_ps_e_0/S_AXI_HPC0_FPD(1) and /axi_smc/M00_AXI(0)
validate_bd_design: Time (s): cpu = 00:00:16 ; elapsed = 00:00:16 . Memory (MB): peak = 5531.770 ; gain = 0.105
ERROR: [Common 17-39] 'validate_bd_design' failed due to earlier errors.
save_bd_design
Wrote  : <C:\Users\clb20123\Documents\FO-RFSoC-4YP\2x2_files\PLEASE\PLEASE.srcs\sources_1\bd\PYNQ_Design\PYNQ_Design.bd> 
Wrote  : <C:/Users/clb20123/Documents/FO-RFSoC-4YP/2x2_files/PLEASE/PLEASE.srcs/sources_1/bd/PYNQ_Design/ui/bd_becc52b1.ui> 
save_bd_design: Time (s): cpu = 00:00:08 ; elapsed = 00:00:08 . Memory (MB): peak = 5531.770 ; gain = 0.000
exit
INFO: [Common 17-206] Exiting Vivado at Thu Mar 13 14:26:57 2025...
