#-----------------------------------------------------------
# Vivado v2024.1 (64-bit)
# SW Build 5076996 on Wed May 22 18:37:14 MDT 2024
# IP Build 5075265 on Wed May 22 21:45:21 MDT 2024
# SharedData Build 5076995 on Wed May 22 18:29:18 MDT 2024
# Start of session at: Thu Mar 27 12:32:28 2025
# Process ID: 11088
# Current directory: C:/Users/clb20123/Documents/FO-RFSoC-4YP/2x2_files/PLEASE
# Command line: vivado.exe -gui_launcher_event rodinguilauncherevent10924 C:\Users\clb20123\Documents\FO-RFSoC-4YP\2x2_files\PLEASE\PLEASE.xpr
# Log file: C:/Users/clb20123/Documents/FO-RFSoC-4YP/2x2_files/PLEASE/vivado.log
# Journal file: C:/Users/clb20123/Documents/FO-RFSoC-4YP/2x2_files/PLEASE\vivado.jou
# Running On        :EEE-R343-01
# Platform          :Windows Server 2016 or Windows 10
# Operating System  :19045
# Processor Detail  :Intel(R) Core(TM) i5-6500 CPU @ 3.20GHz
# CPU Frequency     :3192 MHz
# CPU Physical cores:4
# CPU Logical cores :4
# Host memory       :17060 MB
# Swap memory       :2550 MB
# Total Virtual     :19610 MB
# Available Virtual :14106 MB
#-----------------------------------------------------------
start_gui
open_project C:/Users/clb20123/Documents/FO-RFSoC-4YP/2x2_files/PLEASE/PLEASE.xpr
open_bd_design {C:/Users/clb20123/Documents/FO-RFSoC-4YP/2x2_files/PLEASE/PLEASE.srcs/sources_1/bd/PYNQ_Design/PYNQ_Design.bd}
update_compile_order -fileset sources_1
report_ip_status -name ip_status 
upgrade_ip [get_ips  {PYNQ_Design_proc_sys_reset_1_0 PYNQ_Design_axi_smc_2 PYNQ_Design_rst_ps8_0_96M_1 PYNQ_Design_proc_sys_reset_0_0 PYNQ_Design_axi_smc_1_0 PYNQ_Design_clk_wiz_0_0}] -log ip_upgrade.log
export_ip_user_files -of_objects [get_ips {PYNQ_Design_proc_sys_reset_1_0 PYNQ_Design_axi_smc_2 PYNQ_Design_rst_ps8_0_96M_1 PYNQ_Design_proc_sys_reset_0_0 PYNQ_Design_axi_smc_1_0 PYNQ_Design_clk_wiz_0_0}] -no_script -sync -force -quiet
connect_bd_net [get_bd_pins ps8_0_axi_periph/M03_ACLK] [get_bd_pins RX/clk_wiz_0/clk_out1]
connect_bd_net [get_bd_pins ps8_0_axi_periph/M03_ARESETN] [get_bd_pins RX/proc_sys_reset_0/peripheral_aresetn]
connect_bd_net [get_bd_pins ps8_0_axi_periph/M04_ACLK] [get_bd_pins RFDC/clk_dac0]
connect_bd_net [get_bd_pins ps8_0_axi_periph/M04_ARESETN] [get_bd_pins TX/proc_sys_reset_1/peripheral_aresetn]
validate_bd_design
set_property location {2 2695 287} [get_bd_cells ps8_0_axi_periph]
set_property location {2 2696 288} [get_bd_cells ps8_0_axi_periph]
set_property location {2 2696 279} [get_bd_cells ps8_0_axi_periph]
set_property location {2 2689 273} [get_bd_cells ps8_0_axi_periph]
set_property location {2 2691 260} [get_bd_cells ps8_0_axi_periph]
set_property location {2 2692 274} [get_bd_cells ps8_0_axi_periph]
validate_bd_design -force
save_bd_design
reset_run synth_1
launch_runs impl_1 -to_step write_bitstream -jobs 4
wait_on_run impl_1
open_run impl_1
report_utilization -name utilization_1
close_design
set_property location {2 2684 469} [get_bd_cells LMK_Reset]
write_bd_layout -format pdf -orientation portrait -force C:/Users/clb20123/Documents/FO-RFSoC-4YP/2x2_files/PYNQ_Design.pdf
write_bd_tcl -force C:/Users/clb20123/Documents/FO-RFSoC-4YP/2x2_files/PLEASE/PYNQ_Design.tcl
