#-----------------------------------------------------------
# Vivado v2024.1 (64-bit)
# SW Build 5076996 on Wed May 22 18:37:14 MDT 2024
# IP Build 5075265 on Wed May 22 21:45:21 MDT 2024
# SharedData Build 5076995 on Wed May 22 18:29:18 MDT 2024
# Start of session at: Mon Mar  3 18:58:59 2025
# Process ID: 9968
# Current directory: C:/Users/clb20123/Documents/FO-RFSoC-4YP/2x2_files/PLEASE
# Command line: vivado.exe -gui_launcher_event rodinguilauncherevent10080 C:\Users\clb20123\Documents\FO-RFSoC-4YP\2x2_files\PLEASE\PLEASE.xpr
# Log file: C:/Users/clb20123/Documents/FO-RFSoC-4YP/2x2_files/PLEASE/vivado.log
# Journal file: C:/Users/clb20123/Documents/FO-RFSoC-4YP/2x2_files/PLEASE\vivado.jou
# Running On        :EEE-R446-02
# Platform          :Windows Server 2016 or Windows 10
# Operating System  :19045
# Processor Detail  :13th Gen Intel(R) Core(TM) i5-13500
# CPU Frequency     :2496 MHz
# CPU Physical cores:14
# CPU Logical cores :20
# Host memory       :16833 MB
# Swap memory       :39508 MB
# Total Virtual     :56341 MB
# Available Virtual :47215 MB
#-----------------------------------------------------------
start_gui
open_project C:/Users/clb20123/Documents/FO-RFSoC-4YP/2x2_files/PLEASE/PLEASE.xpr
INFO: [filemgmt 56-3] Default IP Output Path : Could not find the directory 'C:/Users/clb20123/Documents/FO-RFSoC-4YP/2x2_files/PLEASE/PLEASE.gen/sources_1'.
Scanning sources...
Finished scanning sources
INFO: [IP_Flow 19-234] Refreshing IP repositories
INFO: [IP_Flow 19-1700] Loaded user IP repository 'c:/Users/clb20123/Documents/FO-RFSoC-4YP/RFX_files/demod_enable/netlist/ip'.
INFO: [IP_Flow 19-1700] Loaded user IP repository 'c:/Users/clb20123/Documents/FO-RFSoC-4YP/RFX_files/mod_enable/netlist/ip'.
INFO: [IP_Flow 19-2313] Loaded Vivado IP repository 'C:/Xilinx/Vivado/2024.1/data/ip'.
open_project: Time (s): cpu = 00:00:16 ; elapsed = 00:00:11 . Memory (MB): peak = 1614.574 ; gain = 402.391
WARNING: [Board 49-26] cannot add Board Part xilinx.com:vek280_es:part0:1.0 available at C:/Xilinx/Vivado/2024.1/data/xhub/boards/XilinxBoardStore/boards/Xilinx/vek280/es/rev_a/1.0/board.xml as part xcve2802-vsvh1760-2lp-e-s-es1 specified in board_part file is either invalid or not available
WARNING: [Board 49-26] cannot add Board Part xilinx.com:vek280_es:part0:1.1 available at C:/Xilinx/Vivado/2024.1/data/xhub/boards/XilinxBoardStore/boards/Xilinx/vek280/es/rev_a/1.1/board.xml as part xcve2802-vsvh1760-2lp-e-s-es1 specified in board_part file is either invalid or not available
WARNING: [Board 49-26] cannot add Board Part xilinx.com:vek280_es_revb:part0:1.0 available at C:/Xilinx/Vivado/2024.1/data/xhub/boards/XilinxBoardStore/boards/Xilinx/vek280/es/rev_b/1.0/board.xml as part xcve2802-vsvh1760-2mp-e-s-es1 specified in board_part file is either invalid or not available
WARNING: [Board 49-26] cannot add Board Part xilinx.com:vek280_es_revb:part0:1.1 available at C:/Xilinx/Vivado/2024.1/data/xhub/boards/XilinxBoardStore/boards/Xilinx/vek280/es/rev_b/1.1/board.xml as part xcve2802-vsvh1760-2mp-e-s-es1 specified in board_part file is either invalid or not available
WARNING: [Board 49-26] cannot add Board Part xilinx.com:vhk158_es:part0:1.0 available at C:/Xilinx/Vivado/2024.1/data/xhub/boards/XilinxBoardStore/boards/Xilinx/vhk158/es/1.0/board.xml as part xcvh1582-vsva3697-2mp-e-s-es1 specified in board_part file is either invalid or not available
WARNING: [Board 49-26] cannot add Board Part xilinx.com:vhk158_es:part0:1.1 available at C:/Xilinx/Vivado/2024.1/data/xhub/boards/XilinxBoardStore/boards/Xilinx/vhk158/es/1.1/board.xml as part xcvh1582-vsva3697-2mp-e-s-es1 specified in board_part file is either invalid or not available
WARNING: [Board 49-26] cannot add Board Part xilinx.com:zcu208ld:part0:2.0 available at C:/Xilinx/Vivado/2024.1/data/xhub/boards/XilinxBoardStore/boards/Xilinx/zcu208ld/production/2.0/board.xml as part xczu58dr-fsvg1517-2-i specified in board_part file is either invalid or not available
WARNING: [Board 49-26] cannot add Board Part xilinx.com:zcu216ld:part0:2.0 available at C:/Xilinx/Vivado/2024.1/data/xhub/boards/XilinxBoardStore/boards/Xilinx/zcu216ld/production/2.0/board.xml as part xczu59dr-ffvf1760-2-i specified in board_part file is either invalid or not available
WARNING: [Board 49-26] cannot add Board Part xilinx.com:zcu670ld:part0:1.0 available at C:/Xilinx/Vivado/2024.1/data/xhub/boards/XilinxBoardStore/boards/Xilinx/zcu670ld/1.0/board.xml as part xczu57dr-fsve1156-2-i specified in board_part file is either invalid or not available
update_compile_order -fileset sources_1
open_bd_design {C:/Users/clb20123/Documents/FO-RFSoC-4YP/2x2_files/PLEASE/PLEASE.srcs/sources_1/bd/PYNQ_Design/PYNQ_Design.bd}
Reading block design file <C:/Users/clb20123/Documents/FO-RFSoC-4YP/2x2_files/PLEASE/PLEASE.srcs/sources_1/bd/PYNQ_Design/PYNQ_Design.bd>...
Successfully read diagram <PYNQ_Design> from block design file <C:/Users/clb20123/Documents/FO-RFSoC-4YP/2x2_files/PLEASE/PLEASE.srcs/sources_1/bd/PYNQ_Design/PYNQ_Design.bd>
ipx::edit_ip_in_project -upgrade true -name DUT_v1_0_project -directory C:/Users/clb20123/Documents/FO-RFSoC-4YP/2x2_files/PLEASE/PLEASE.tmp/DUT_v1_0_project c:/Users/clb20123/Documents/FO-RFSoC-4YP/RFX_files/demod_enable/netlist/ip/DUT/src/ip/component.xml
INFO: [ProjectBase 1-489] The host OS only allows 260 characters in a normal path. The project is stored in a path with more than 80 characters. If you experience issues with IP, Block Designs, or files not being found, please consider moving the project to a location with a shorter path. Alternately consider using the OS subst command to map part of the path to a drive letter.
Current project path is 'c:/users/clb20123/documents/fo-rfsoc-4yp/2x2_files/please/please.tmp/dut_v1_0_project'
INFO: [IP_Flow 19-234] Refreshing IP repositories
INFO: [IP_Flow 19-1704] No user IP repositories specified
INFO: [IP_Flow 19-2313] Loaded Vivado IP repository 'C:/Xilinx/Vivado/2024.1/data/ip'.
WARNING: [Board 49-26] cannot add Board Part xilinx.com:vek280_es:part0:1.0 available at C:/Xilinx/Vivado/2024.1/data/xhub/boards/XilinxBoardStore/boards/Xilinx/vek280/es/rev_a/1.0/board.xml as part xcve2802-vsvh1760-2lp-e-s-es1 specified in board_part file is either invalid or not available
WARNING: [Board 49-26] cannot add Board Part xilinx.com:vek280_es:part0:1.1 available at C:/Xilinx/Vivado/2024.1/data/xhub/boards/XilinxBoardStore/boards/Xilinx/vek280/es/rev_a/1.1/board.xml as part xcve2802-vsvh1760-2lp-e-s-es1 specified in board_part file is either invalid or not available
WARNING: [Board 49-26] cannot add Board Part xilinx.com:vek280_es_revb:part0:1.0 available at C:/Xilinx/Vivado/2024.1/data/xhub/boards/XilinxBoardStore/boards/Xilinx/vek280/es/rev_b/1.0/board.xml as part xcve2802-vsvh1760-2mp-e-s-es1 specified in board_part file is either invalid or not available
WARNING: [Board 49-26] cannot add Board Part xilinx.com:vek280_es_revb:part0:1.1 available at C:/Xilinx/Vivado/2024.1/data/xhub/boards/XilinxBoardStore/boards/Xilinx/vek280/es/rev_b/1.1/board.xml as part xcve2802-vsvh1760-2mp-e-s-es1 specified in board_part file is either invalid or not available
WARNING: [Board 49-26] cannot add Board Part xilinx.com:vhk158_es:part0:1.0 available at C:/Xilinx/Vivado/2024.1/data/xhub/boards/XilinxBoardStore/boards/Xilinx/vhk158/es/1.0/board.xml as part xcvh1582-vsva3697-2mp-e-s-es1 specified in board_part file is either invalid or not available
WARNING: [Board 49-26] cannot add Board Part xilinx.com:vhk158_es:part0:1.1 available at C:/Xilinx/Vivado/2024.1/data/xhub/boards/XilinxBoardStore/boards/Xilinx/vhk158/es/1.1/board.xml as part xcvh1582-vsva3697-2mp-e-s-es1 specified in board_part file is either invalid or not available
WARNING: [Board 49-26] cannot add Board Part xilinx.com:zcu208ld:part0:2.0 available at C:/Xilinx/Vivado/2024.1/data/xhub/boards/XilinxBoardStore/boards/Xilinx/zcu208ld/production/2.0/board.xml as part xczu58dr-fsvg1517-2-i specified in board_part file is either invalid or not available
WARNING: [Board 49-26] cannot add Board Part xilinx.com:zcu216ld:part0:2.0 available at C:/Xilinx/Vivado/2024.1/data/xhub/boards/XilinxBoardStore/boards/Xilinx/zcu216ld/production/2.0/board.xml as part xczu59dr-ffvf1760-2-i specified in board_part file is either invalid or not available
WARNING: [Board 49-26] cannot add Board Part xilinx.com:zcu670ld:part0:1.0 available at C:/Xilinx/Vivado/2024.1/data/xhub/boards/XilinxBoardStore/boards/Xilinx/zcu670ld/1.0/board.xml as part xczu57dr-fsve1156-2-i specified in board_part file is either invalid or not available
INFO: [IP_Flow 19-234] Refreshing IP repositories
INFO: [IP_Flow 19-1700] Loaded user IP repository 'c:/Users/clb20123/Documents/FO-RFSoC-4YP/RFX_files/demod_enable/netlist/ip'.
INFO: [IP_Flow 19-1700] Loaded user IP repository 'c:/Users/clb20123/Documents/FO-RFSoC-4YP/RFX_files/mod_enable/netlist/ip'.
INFO: [IP_Flow 19-795] Syncing license key meta-data
can't use empty string as operand of "/"
update_compile_order -fileset sources_1
set_property name DUT_rec [ipx::current_core]
ipx::update_checksums [ipx::current_core]
ipx::save_core [ipx::current_core]
set_property display_name DUT_rec [ipx::current_core]
close_project
set_property  ip_repo_paths  c:/Users/clb20123/Documents/FO-RFSoC-4YP/RFX_files/mod_enable/netlist/ip [current_project]
update_ip_catalog
INFO: [IP_Flow 19-234] Refreshing IP repositories
INFO: [IP_Flow 19-1700] Loaded user IP repository 'c:/Users/clb20123/Documents/FO-RFSoC-4YP/RFX_files/mod_enable/netlist/ip'.
update_ip_catalog -rebuild
INFO: [IP_Flow 19-234] Refreshing IP repositories
INFO: [IP_Flow 19-1700] Loaded user IP repository 'c:/Users/clb20123/Documents/FO-RFSoC-4YP/RFX_files/mod_enable/netlist/ip'.
set_property  ip_repo_paths  {c:/Users/clb20123/Documents/FO-RFSoC-4YP/RFX_files/mod_enable/netlist/ip C:/Users/clb20123/Documents/FO-RFSoC-4YP/RFX_files/demod_enable/netlist/ip} [current_project]
update_ip_catalog
INFO: [IP_Flow 19-234] Refreshing IP repositories
INFO: [IP_Flow 19-1700] Loaded user IP repository 'c:/Users/clb20123/Documents/FO-RFSoC-4YP/RFX_files/mod_enable/netlist/ip'.
INFO: [IP_Flow 19-1700] Loaded user IP repository 'c:/Users/clb20123/Documents/FO-RFSoC-4YP/RFX_files/demod_enable/netlist/ip'.
ipx::edit_ip_in_project -upgrade true -name DUT_rec_v1_0_project -directory C:/Users/clb20123/Documents/FO-RFSoC-4YP/2x2_files/PLEASE/PLEASE.tmp/DUT_rec_v1_0_project c:/Users/clb20123/Documents/FO-RFSoC-4YP/RFX_files/demod_enable/netlist/ip/DUT/src/ip/component.xml
INFO: [ProjectBase 1-489] The host OS only allows 260 characters in a normal path. The project is stored in a path with more than 80 characters. If you experience issues with IP, Block Designs, or files not being found, please consider moving the project to a location with a shorter path. Alternately consider using the OS subst command to map part of the path to a drive letter.
Current project path is 'c:/users/clb20123/documents/fo-rfsoc-4yp/2x2_files/please/please.tmp/dut_rec_v1_0_project'
INFO: [IP_Flow 19-234] Refreshing IP repositories
INFO: [IP_Flow 19-1704] No user IP repositories specified
INFO: [IP_Flow 19-2313] Loaded Vivado IP repository 'C:/Xilinx/Vivado/2024.1/data/ip'.
WARNING: [Board 49-26] cannot add Board Part xilinx.com:vek280_es:part0:1.0 available at C:/Xilinx/Vivado/2024.1/data/xhub/boards/XilinxBoardStore/boards/Xilinx/vek280/es/rev_a/1.0/board.xml as part xcve2802-vsvh1760-2lp-e-s-es1 specified in board_part file is either invalid or not available
WARNING: [Board 49-26] cannot add Board Part xilinx.com:vek280_es:part0:1.1 available at C:/Xilinx/Vivado/2024.1/data/xhub/boards/XilinxBoardStore/boards/Xilinx/vek280/es/rev_a/1.1/board.xml as part xcve2802-vsvh1760-2lp-e-s-es1 specified in board_part file is either invalid or not available
WARNING: [Board 49-26] cannot add Board Part xilinx.com:vek280_es_revb:part0:1.0 available at C:/Xilinx/Vivado/2024.1/data/xhub/boards/XilinxBoardStore/boards/Xilinx/vek280/es/rev_b/1.0/board.xml as part xcve2802-vsvh1760-2mp-e-s-es1 specified in board_part file is either invalid or not available
WARNING: [Board 49-26] cannot add Board Part xilinx.com:vek280_es_revb:part0:1.1 available at C:/Xilinx/Vivado/2024.1/data/xhub/boards/XilinxBoardStore/boards/Xilinx/vek280/es/rev_b/1.1/board.xml as part xcve2802-vsvh1760-2mp-e-s-es1 specified in board_part file is either invalid or not available
WARNING: [Board 49-26] cannot add Board Part xilinx.com:vhk158_es:part0:1.0 available at C:/Xilinx/Vivado/2024.1/data/xhub/boards/XilinxBoardStore/boards/Xilinx/vhk158/es/1.0/board.xml as part xcvh1582-vsva3697-2mp-e-s-es1 specified in board_part file is either invalid or not available
WARNING: [Board 49-26] cannot add Board Part xilinx.com:vhk158_es:part0:1.1 available at C:/Xilinx/Vivado/2024.1/data/xhub/boards/XilinxBoardStore/boards/Xilinx/vhk158/es/1.1/board.xml as part xcvh1582-vsva3697-2mp-e-s-es1 specified in board_part file is either invalid or not available
WARNING: [Board 49-26] cannot add Board Part xilinx.com:zcu208ld:part0:2.0 available at C:/Xilinx/Vivado/2024.1/data/xhub/boards/XilinxBoardStore/boards/Xilinx/zcu208ld/production/2.0/board.xml as part xczu58dr-fsvg1517-2-i specified in board_part file is either invalid or not available
WARNING: [Board 49-26] cannot add Board Part xilinx.com:zcu216ld:part0:2.0 available at C:/Xilinx/Vivado/2024.1/data/xhub/boards/XilinxBoardStore/boards/Xilinx/zcu216ld/production/2.0/board.xml as part xczu59dr-ffvf1760-2-i specified in board_part file is either invalid or not available
WARNING: [Board 49-26] cannot add Board Part xilinx.com:zcu670ld:part0:1.0 available at C:/Xilinx/Vivado/2024.1/data/xhub/boards/XilinxBoardStore/boards/Xilinx/zcu670ld/1.0/board.xml as part xczu57dr-fsve1156-2-i specified in board_part file is either invalid or not available
INFO: [IP_Flow 19-234] Refreshing IP repositories
INFO: [IP_Flow 19-1700] Loaded user IP repository 'c:/Users/clb20123/Documents/FO-RFSoC-4YP/RFX_files/mod_enable/netlist/ip'.
INFO: [IP_Flow 19-1700] Loaded user IP repository 'c:/Users/clb20123/Documents/FO-RFSoC-4YP/RFX_files/demod_enable/netlist/ip'.
INFO: [IP_Flow 19-795] Syncing license key meta-data
can't use empty string as operand of "/"
update_compile_order -fileset sources_1
set_property display_name DUT_rec [ipx::current_core]
set_property core_revision 371931202 [ipx::current_core]
ipx::update_source_project_archive -component [ipx::current_core]
ipx::create_xgui_files [ipx::current_core]
ipx::update_checksums [ipx::current_core]
ipx::check_integrity [ipx::current_core]
WARNING: [IP_Flow 19-11770] Clock interface 'clk' has no FREQ_HZ parameter.
INFO: [IP_Flow 19-2181] Payment is not required for this core.
WARNING: [IP_Flow 19-2187] The Product Guide file is missing.
INFO: [Ipptcl 7-1486] check_integrity: Integrity check passed.
ipx::save_core [ipx::current_core]
ipx::move_temp_component_back -component [ipx::current_core]
close_project -delete
update_ip_catalog -rebuild -repo_path c:/Users/clb20123/Documents/FO-RFSoC-4YP/RFX_files/demod_enable/netlist/ip
INFO: [IP_Flow 19-725] Reloaded user IP repository 'c:/Users/clb20123/Documents/FO-RFSoC-4YP/RFX_files/demod_enable/netlist/ip'
startgroup
create_bd_cell -type ip -vlnv User_Company:VMC:DUT_data_in:1.0 DUT_data_in_0
endgroup
startgroup
create_bd_cell -type ip -vlnv User_Company:VMC:DUT_rec:1.0 DUT_rec_0
endgroup
startgroup
create_bd_cell -type ip -vlnv xilinx.com:ip:zynq_ultra_ps_e:3.5 zynq_ultra_ps_e_0
endgroup
startgroup
create_bd_cell -type ip -vlnv xilinx.com:ip:usp_rf_data_converter:2.6 usp_rf_data_converter_0
INFO: Ultrascale+ RF Data Converter instance: Clock port 'adc0_clk' frequency is set to 15625000
endgroup
WARNING: [IP_Flow 19-474] Invalid Parameter 'Component_Name'
set_property CONFIG.PSU__USE__S_AXI_GP0 {1} [get_bd_cells zynq_ultra_ps_e_0]
set_property location {2 437 -299} [get_bd_cells DUT_data_in_0]
apply_bd_automation -rule xilinx.com:bd_rule:axi4_s2mm -config {Dest_Intf "/zynq_ultra_ps_e_0/S_AXI_HPC0_FPD" Bridge_IP "New AXI DMA (High/Medium frequency transfer)" Conn_m_axis "1" Clk_Stream "Auto" Clk_MM "Auto" }  [get_bd_intf_pins DUT_data_in_0/s_axis]
Slave segment '/zynq_ultra_ps_e_0/SAXIGP0/HPC0_DDR_LOW' is being assigned into address space '/axi_dma/Data_S2MM' at <0x0000_0000 [ 2G ]>.
Slave segment '/zynq_ultra_ps_e_0/SAXIGP0/HPC0_LPS_OCM' is being assigned into address space '/axi_dma/Data_S2MM' at <0xFF00_0000 [ 16M ]>.
WARNING: [BD 41-1051] Slave segment '/zynq_ultra_ps_e_0/SAXIGP0/HPC0_LPS_OCM' with 'register' usage does not match address space '/axi_dma/Data_S2MM' with 'memory' usage so will be excluded from this address space. Please use the 'include_bd_addr_seg' command to override this precaution if required.
Excluding slave segment /zynq_ultra_ps_e_0/SAXIGP0/HPC0_LPS_OCM from address space /axi_dma/Data_S2MM.
INFO: [BD 41-3093] Triggering Legacy Auto Assign Algorithm
Slave segment '/zynq_ultra_ps_e_0/SAXIGP0/HPC0_DDR_LOW' is being assigned into address space '/axi_dma/Data_MM2S' at <0x0000_0000 [ 2G ]>.
Slave segment '/zynq_ultra_ps_e_0/SAXIGP0/HPC0_LPS_OCM' is being assigned into address space '/axi_dma/Data_MM2S' at <0xFF00_0000 [ 16M ]>.
WARNING: [BD 41-1051] Slave segment '/zynq_ultra_ps_e_0/SAXIGP0/HPC0_LPS_OCM' with 'register' usage does not match address space '/axi_dma/Data_MM2S' with 'memory' usage so will be excluded from this address space. Please use the 'include_bd_addr_seg' command to override this precaution if required.
Excluding slave segment /zynq_ultra_ps_e_0/SAXIGP0/HPC0_LPS_OCM from address space /axi_dma/Data_MM2S.
delete_bd_objs [get_bd_intf_nets DUT_data_in_0_m_axis]
set_property CONFIG.DAC_Slice00_Enable {true} [get_bd_cells usp_rf_data_converter_0]
INFO: Ultrascale+ RF Data Converter instance: Clock port 'adc0_clk' frequency is set to 15625000
INFO: Ultrascale+ RF Data Converter instance: Clock port 'dac0_clk' frequency is set to 50000000
connect_bd_intf_net [get_bd_intf_pins DUT_data_in_0/m_axis] [get_bd_intf_pins usp_rf_data_converter_0/s00_axis]
set_property location {2 461 -760} [get_bd_cells usp_rf_data_converter_0]
connect_bd_intf_net [get_bd_intf_pins usp_rf_data_converter_0/m00_axis] [get_bd_intf_pins DUT_rec_0/s_axis]
connect_bd_intf_net [get_bd_intf_pins DUT_rec_0/m_axis] [get_bd_intf_pins axi_dma/S_AXIS_S2MM]
startgroup
apply_bd_automation -rule xilinx.com:bd_rule:axi4 -config { Clk_master {Auto} Clk_slave {Auto} Clk_xbar {Auto} Master {/zynq_ultra_ps_e_0/M_AXI_HPM0_LPD} Slave {/axi_dma/S_AXI_LITE} ddr_seg {Auto} intc_ip {New AXI Interconnect} master_apm {0}}  [get_bd_intf_pins axi_dma/S_AXI_LITE]
Slave segment '/axi_dma/S_AXI_LITE/Reg' is being assigned into address space '/zynq_ultra_ps_e_0/Data' at <0x8000_0000 [ 64K ]>.
apply_bd_automation -rule xilinx.com:bd_rule:clkrst -config { Clk {/zynq_ultra_ps_e_0/pl_clk0 (96 MHz)} Freq {96} Ref_Clk0 {} Ref_Clk1 {} Ref_Clk2 {}}  [get_bd_pins DUT_rec_0/clk]
INFO: [BD 5-455] Automation on '/usp_rf_data_converter_0/m0_axis_aclk' will not be run, since it is obsolete due to previously run automations
apply_bd_automation -rule xilinx.com:bd_rule:clkrst -config { Clk {/zynq_ultra_ps_e_0/pl_clk0 (96 MHz)} Freq {96} Ref_Clk0 {} Ref_Clk1 {} Ref_Clk2 {}}  [get_bd_pins usp_rf_data_converter_0/s0_axis_aclk]
apply_bd_automation -rule xilinx.com:bd_rule:axi4 -config { Clk_master {Auto} Clk_slave {Auto} Clk_xbar {Auto} Master {/zynq_ultra_ps_e_0/M_AXI_HPM0_LPD} Slave {/usp_rf_data_converter_0/s_axi} ddr_seg {Auto} intc_ip {New AXI Interconnect} master_apm {0}}  [get_bd_intf_pins usp_rf_data_converter_0/s_axi]
Slave segment '/usp_rf_data_converter_0/s_axi/Reg' is being assigned into address space '/zynq_ultra_ps_e_0/Data' at <0x8004_0000 [ 256K ]>.
endgroup
apply_bd_automation -rule xilinx.com:bd_rule:rf_converter_usp -config {ADC0_AXIS_SOURCE "Custom" DAC0_AXIS_SOURCE "Custom" }  [get_bd_cells usp_rf_data_converter_0]
regenerate_bd_layout
startgroup
create_bd_cell -type ip -vlnv xilinx.com:ip:xlconstant:1.1 xlconstant_0
endgroup
copy_bd_objs /  [get_bd_cells {xlconstant_0}]
set_property location {1 62 91} [get_bd_cells xlconstant_1]
set_property -dict [list \
  CONFIG.CONST_VAL {63} \
  CONFIG.CONST_WIDTH {16} \
] [get_bd_cells xlconstant_1]
connect_bd_net [get_bd_pins xlconstant_1/dout] [get_bd_pins DUT_rec_0/step_size]
set_property location {5 1444 90} [get_bd_cells xlconstant_0]
connect_bd_net [get_bd_pins xlconstant_0/dout] [get_bd_pins DUT_data_in_0/mux_en]
validate_bd_design
WARNING: [BD 41-1629] Slave segment </zynq_ultra_ps_e_0/SAXIGP0/HPC0_LPS_OCM> is excluded from all addressing paths.
Excluding slave segment /zynq_ultra_ps_e_0/SAXIGP0/HPC0_LPS_OCM from address space /axi_dma/Data_MM2S.
Excluding slave segment /zynq_ultra_ps_e_0/SAXIGP0/HPC0_LPS_OCM from address space /axi_dma/Data_S2MM.
INFO: [BD 5-943] Reserving offset range <0x0000_0000 [ 2G ]> from slave interface '/axi_smc/S00_AXI' to master interface '/axi_smc/M00_AXI'. This will be used by smartconnect on path for routing.
INFO: [BD 5-943] Reserving offset range <0x0000_0000 [ 2G ]> from slave interface '/axi_smc/S01_AXI' to master interface '/axi_smc/M00_AXI'. This will be used by smartconnect on path for routing.
INFO: [xilinx.com:ip:smartconnect:1.0-1] PYNQ_Design_axi_smc_0: SmartConnect PYNQ_Design_axi_smc_0 is in High-performance Mode.
CRITICAL WARNING: [BD 41-237] Bus Interface property TDATA_NUM_BYTES does not match between /usp_rf_data_converter_0/s00_axis(32) and /DUT_data_in_0/m_axis(4)
CRITICAL WARNING: [BD 41-237] Bus Interface property TDATA_NUM_BYTES does not match between /DUT_rec_0/s_axis(4) and /usp_rf_data_converter_0/m00_axis(16)
CRITICAL WARNING: [BD 41-237] Bus Interface property TDATA_NUM_BYTES does not match between /DUT_data_in_0/s_axis(0) and /axi_dma/M_AXIS_MM2S(4)
WARNING: [BD 41-237] Bus Interface property AWUSER_WIDTH does not match between /ps8_0_axi_periph/s00_couplers/auto_pc/S_AXI(0) and /zynq_ultra_ps_e_0/M_AXI_HPM0_LPD(16)
WARNING: [BD 41-237] Bus Interface property ARUSER_WIDTH does not match between /ps8_0_axi_periph/s00_couplers/auto_pc/S_AXI(0) and /zynq_ultra_ps_e_0/M_AXI_HPM0_LPD(16)
WARNING: [BD 41-237] Bus Interface property LAYERED_METADATA does not match between /DUT_rec_0/s_axis(xilinx.com:interface:datatypes:1.0 {TDATA {datatype {name {attribs {resolve_type immediate dependency {} format string minimum {} maximum {}} value {}} bitwidth {attribs {resolve_type immediate dependency {} format long minimum {} maximum {}} value 32} bitoffset {attribs {resolve_type immediate dependency {} format long minimum {} maximum {}} value 0} real {fixed {fractwidth {attribs {resolve_type immediate dependency {} format long minimum {} maximum {}} value 0} signed {attribs {resolve_type immediate dependency {} format bool minimum {} maximum {}} value false}}}}}}) and /usp_rf_data_converter_0/m00_axis(undef)
WARNING: [BD 41-237] Bus Interface property LAYERED_METADATA does not match between /DUT_data_in_0/s_axis(xilinx.com:interface:datatypes:1.0 {TDATA {datatype {name {attribs {resolve_type immediate dependency {} format string minimum {} maximum {}} value {}} bitwidth {attribs {resolve_type immediate dependency {} format long minimum {} maximum {}} value 1} bitoffset {attribs {resolve_type immediate dependency {} format long minimum {} maximum {}} value 0} real {fixed {fractwidth {attribs {resolve_type immediate dependency {} format long minimum {} maximum {}} value 0} signed {attribs {resolve_type immediate dependency {} format bool minimum {} maximum {}} value false}}}}}}) and /axi_dma/M_AXIS_MM2S(undef)
WARNING: [BD 41-237] Bus Interface property AWUSER_WIDTH does not match between /zynq_ultra_ps_e_0/S_AXI_HPC0_FPD(1) and /axi_smc/M00_AXI(0)
WARNING: [BD 41-237] Bus Interface property ARUSER_WIDTH does not match between /zynq_ultra_ps_e_0/S_AXI_HPC0_FPD(1) and /axi_smc/M00_AXI(0)
validate_bd_design: Time (s): cpu = 00:00:07 ; elapsed = 00:00:07 . Memory (MB): peak = 2150.824 ; gain = 111.051
regenerate_bd_layout
open_bd_design {C:/Users/clb20123/Documents/FO-RFSoC-4YP/2x2_files/PLEASE/PLEASE.srcs/sources_1/bd/PYNQ_Design/PYNQ_Design.bd}
generate_target all [get_files  C:/Users/clb20123/Documents/FO-RFSoC-4YP/2x2_files/PLEASE/PLEASE.srcs/sources_1/bd/PYNQ_Design/PYNQ_Design.bd]
INFO: [BD 41-1662] The design 'PYNQ_Design.bd' is already validated. Therefore parameter propagation will not be re-run.
Wrote  : <C:\Users\clb20123\Documents\FO-RFSoC-4YP\2x2_files\PLEASE\PLEASE.srcs\sources_1\bd\PYNQ_Design\PYNQ_Design.bd> 
Wrote  : <C:/Users/clb20123/Documents/FO-RFSoC-4YP/2x2_files/PLEASE/PLEASE.srcs/sources_1/bd/PYNQ_Design/ui/bd_becc52b1.ui> 
WARNING: [BD 41-2384] Width mismatch when connecting pin: '/DUT_data_in_0/s_axis_tdata'(1) to pin: '/axi_dma/m_axis_mm2s_tdata'(32) - Only lower order bits will be connected.
WARNING: [BD 41-2384] Width mismatch when connecting pin: '/usp_rf_data_converter_0/s00_axis_tdata'(256) to pin: '/DUT_data_in_0/m_axis_tdata'(32) - Only lower order bits will be connected.
WARNING: [BD 41-2384] Width mismatch when connecting pin: '/DUT_rec_0/s_axis_tdata'(32) to pin: '/usp_rf_data_converter_0/m00_axis_tdata'(128) - Only lower order bits will be connected.
VHDL Output written to : c:/Users/clb20123/Documents/FO-RFSoC-4YP/2x2_files/PLEASE/PLEASE.gen/sources_1/bd/PYNQ_Design/synth/PYNQ_Design.vhd
WARNING: [BD 41-2384] Width mismatch when connecting pin: '/DUT_data_in_0/s_axis_tdata'(1) to pin: '/axi_dma/m_axis_mm2s_tdata'(32) - Only lower order bits will be connected.
WARNING: [BD 41-2384] Width mismatch when connecting pin: '/usp_rf_data_converter_0/s00_axis_tdata'(256) to pin: '/DUT_data_in_0/m_axis_tdata'(32) - Only lower order bits will be connected.
WARNING: [BD 41-2384] Width mismatch when connecting pin: '/DUT_rec_0/s_axis_tdata'(32) to pin: '/usp_rf_data_converter_0/m00_axis_tdata'(128) - Only lower order bits will be connected.
VHDL Output written to : c:/Users/clb20123/Documents/FO-RFSoC-4YP/2x2_files/PLEASE/PLEASE.gen/sources_1/bd/PYNQ_Design/sim/PYNQ_Design.vhd
VHDL Output written to : c:/Users/clb20123/Documents/FO-RFSoC-4YP/2x2_files/PLEASE/PLEASE.gen/sources_1/bd/PYNQ_Design/hdl/PYNQ_Design_wrapper.vhd
INFO: [IP_Flow 19-3420] Updated dut_fifo_generator_i0 to use current project options
INFO: [IP_Flow 19-3420] Updated dut_fifo_generator_i1 to use current project options
INFO: [IP_Flow 19-3420] Updated dut_mult_gen_v12_0_i0 to use current project options
INFO: [BD 41-1029] Generation completed for the IP Integrator block DUT_data_in_0 .
can't use empty string as operand of "/"
INFO: [IP_Flow 19-3420] Updated dut_fifo_generator_i0 to use current project options
INFO: [IP_Flow 19-3420] Updated dut_fifo_generator_i1 to use current project options
INFO: [IP_Flow 19-3420] Updated dut_fir_compiler_v7_2_i0 to use current project options
INFO: [IP_Flow 19-3420] Updated dut_mult_gen_v12_0_i0 to use current project options
INFO: [BD 41-1029] Generation completed for the IP Integrator block DUT_rec_0 .
INFO: [xilinx.com:ip:zynq_ultra_ps_e:3.5-0] PYNQ_Design_zynq_ultra_ps_e_0_0: 
Changes in your design (including the PCW configuration settings) are not automatically exported from Vivado to Amd's SDK, Petalinux or Yocto.
This is by design to avoid disrupting existing embedded development efforts. To have any changes of your design taking effect in the embedded software flow please export your
design by going through Vivado's main menu, click on File, then Export finally select Export Hardware, please ensure you click on the Include BitStream option.
The auto-generated HDF file is all you need to import in Amd's SDK, Petalinux or Yocto for your changes to be reflected in the Embedded Software Flow.
For more information, please consult PG201, section: Exporting PCW Settings to Embedded Software Flows
INFO: [PSU-0] Address Range of DDR (0x7ff00000 to 0x7fffffff) is reserved by PMU for internal purpose.
INFO: [IP_Flow 19-5611] Unable to find an associated reset port for the interface 'M_AXI_HPM0_LPD'. A default connection has been created.
INFO: [IP_Flow 19-5611] Unable to find an associated reset port for the interface 'S_AXI_HPC0_FPD'. A default connection has been created.
INFO: [BD 41-1029] Generation completed for the IP Integrator block zynq_ultra_ps_e_0 .
INFO: [BD 41-1029] Generation completed for the IP Integrator block usp_rf_data_converter_0 .
INFO: [BD 41-1029] Generation completed for the IP Integrator block axi_dma .
Exporting to file c:/Users/clb20123/Documents/FO-RFSoC-4YP/2x2_files/PLEASE/PLEASE.gen/sources_1/bd/PYNQ_Design/ip/PYNQ_Design_axi_smc_0/bd_0/hw_handoff/PYNQ_Design_axi_smc_0.hwh
Generated Hardware Definition File c:/Users/clb20123/Documents/FO-RFSoC-4YP/2x2_files/PLEASE/PLEASE.gen/sources_1/bd/PYNQ_Design/ip/PYNQ_Design_axi_smc_0/bd_0/synth/PYNQ_Design_axi_smc_0.hwdef
INFO: [BD 41-1029] Generation completed for the IP Integrator block axi_smc .
INFO: [BD 41-1029] Generation completed for the IP Integrator block rst_ps8_0_96M .
INFO: [BD 41-1029] Generation completed for the IP Integrator block ps8_0_axi_periph/xbar .
WARNING: [IP_Flow 19-4994] Overwriting existing constraint file 'c:/Users/clb20123/Documents/FO-RFSoC-4YP/2x2_files/PLEASE/PLEASE.gen/sources_1/bd/PYNQ_Design/ip/PYNQ_Design_auto_pc_0/PYNQ_Design_auto_pc_0_ooc.xdc'
INFO: [BD 41-1029] Generation completed for the IP Integrator block ps8_0_axi_periph/s00_couplers/auto_pc .
INFO: [BD 41-1029] Generation completed for the IP Integrator block xlconstant_0 .
INFO: [BD 41-1029] Generation completed for the IP Integrator block xlconstant_1 .
Exporting to file c:/Users/clb20123/Documents/FO-RFSoC-4YP/2x2_files/PLEASE/PLEASE.gen/sources_1/bd/PYNQ_Design/hw_handoff/PYNQ_Design.hwh
Generated Hardware Definition File c:/Users/clb20123/Documents/FO-RFSoC-4YP/2x2_files/PLEASE/PLEASE.gen/sources_1/bd/PYNQ_Design/synth/PYNQ_Design.hwdef
generate_target: Time (s): cpu = 00:00:37 ; elapsed = 00:00:48 . Memory (MB): peak = 2578.105 ; gain = 427.281
catch { config_ip_cache -export [get_ips -all PYNQ_Design_DUT_data_in_0_0] }
INFO: [IP_Flow 19-6924] IPCACHE: Running cache check for IP inst: PYNQ_Design_DUT_data_in_0_0
catch { config_ip_cache -export [get_ips -all PYNQ_Design_DUT_rec_0_0] }
INFO: [IP_Flow 19-6924] IPCACHE: Running cache check for IP inst: PYNQ_Design_DUT_rec_0_0
catch { config_ip_cache -export [get_ips -all PYNQ_Design_zynq_ultra_ps_e_0_0] }
INFO: [IP_Flow 19-6924] IPCACHE: Running cache check for IP inst: PYNQ_Design_zynq_ultra_ps_e_0_0
catch { config_ip_cache -export [get_ips -all PYNQ_Design_usp_rf_data_converter_0_0] }
INFO: [IP_Flow 19-6924] IPCACHE: Running cache check for IP inst: PYNQ_Design_usp_rf_data_converter_0_0
catch { config_ip_cache -export [get_ips -all PYNQ_Design_axi_dma_0] }
INFO: [IP_Flow 19-6924] IPCACHE: Running cache check for IP inst: PYNQ_Design_axi_dma_0
catch { config_ip_cache -export [get_ips -all PYNQ_Design_axi_smc_0] }
INFO: [IP_Flow 19-6924] IPCACHE: Running cache check for IP inst: PYNQ_Design_axi_smc_0
catch { config_ip_cache -export [get_ips -all PYNQ_Design_rst_ps8_0_96M_0] }
INFO: [IP_Flow 19-6924] IPCACHE: Running cache check for IP inst: PYNQ_Design_rst_ps8_0_96M_0
catch { config_ip_cache -export [get_ips -all PYNQ_Design_xbar_0] }
INFO: [IP_Flow 19-6924] IPCACHE: Running cache check for IP inst: PYNQ_Design_xbar_0
catch { config_ip_cache -export [get_ips -all PYNQ_Design_auto_pc_0] }
INFO: [IP_Flow 19-6924] IPCACHE: Running cache check for IP inst: PYNQ_Design_auto_pc_0
export_ip_user_files -of_objects [get_files C:/Users/clb20123/Documents/FO-RFSoC-4YP/2x2_files/PLEASE/PLEASE.srcs/sources_1/bd/PYNQ_Design/PYNQ_Design.bd] -no_script -sync -force -quiet
create_ip_run [get_files -of_objects [get_fileset sources_1] C:/Users/clb20123/Documents/FO-RFSoC-4YP/2x2_files/PLEASE/PLEASE.srcs/sources_1/bd/PYNQ_Design/PYNQ_Design.bd]
launch_runs PYNQ_Design_DUT_data_in_0_0_synth_1 PYNQ_Design_DUT_rec_0_0_synth_1 PYNQ_Design_auto_pc_0_synth_1 PYNQ_Design_axi_dma_0_synth_1 PYNQ_Design_axi_smc_0_synth_1 PYNQ_Design_rst_ps8_0_96M_0_synth_1 PYNQ_Design_usp_rf_data_converter_0_0_synth_1 PYNQ_Design_xbar_0_synth_1 PYNQ_Design_zynq_ultra_ps_e_0_0_synth_1 -jobs 20
INFO: [IP_Flow 19-6924] IPCACHE: Running cache check for IP inst: PYNQ_Design_DUT_data_in_0_0
INFO: [IP_Flow 19-6924] IPCACHE: Running cache check for IP inst: PYNQ_Design_DUT_rec_0_0
INFO: [IP_Flow 19-6924] IPCACHE: Running cache check for IP inst: PYNQ_Design_auto_pc_0
INFO: [IP_Flow 19-6924] IPCACHE: Running cache check for IP inst: PYNQ_Design_axi_dma_0
INFO: [IP_Flow 19-6924] IPCACHE: Running cache check for IP inst: PYNQ_Design_axi_smc_0
INFO: [IP_Flow 19-6924] IPCACHE: Running cache check for IP inst: PYNQ_Design_rst_ps8_0_96M_0
INFO: [IP_Flow 19-6924] IPCACHE: Running cache check for IP inst: PYNQ_Design_usp_rf_data_converter_0_0
INFO: [IP_Flow 19-6924] IPCACHE: Running cache check for IP inst: PYNQ_Design_xbar_0
INFO: [IP_Flow 19-6924] IPCACHE: Running cache check for IP inst: PYNQ_Design_zynq_ultra_ps_e_0_0
[Mon Mar  3 19:05:55 2025] Launched PYNQ_Design_DUT_data_in_0_0_synth_1, PYNQ_Design_DUT_rec_0_0_synth_1, PYNQ_Design_auto_pc_0_synth_1, PYNQ_Design_axi_dma_0_synth_1, PYNQ_Design_axi_smc_0_synth_1, PYNQ_Design_rst_ps8_0_96M_0_synth_1, PYNQ_Design_usp_rf_data_converter_0_0_synth_1, PYNQ_Design_xbar_0_synth_1, PYNQ_Design_zynq_ultra_ps_e_0_0_synth_1...
Run output will be captured here:
PYNQ_Design_DUT_data_in_0_0_synth_1: C:/Users/clb20123/Documents/FO-RFSoC-4YP/2x2_files/PLEASE/PLEASE.runs/PYNQ_Design_DUT_data_in_0_0_synth_1/runme.log
PYNQ_Design_DUT_rec_0_0_synth_1: C:/Users/clb20123/Documents/FO-RFSoC-4YP/2x2_files/PLEASE/PLEASE.runs/PYNQ_Design_DUT_rec_0_0_synth_1/runme.log
PYNQ_Design_auto_pc_0_synth_1: C:/Users/clb20123/Documents/FO-RFSoC-4YP/2x2_files/PLEASE/PLEASE.runs/PYNQ_Design_auto_pc_0_synth_1/runme.log
PYNQ_Design_axi_dma_0_synth_1: C:/Users/clb20123/Documents/FO-RFSoC-4YP/2x2_files/PLEASE/PLEASE.runs/PYNQ_Design_axi_dma_0_synth_1/runme.log
PYNQ_Design_axi_smc_0_synth_1: C:/Users/clb20123/Documents/FO-RFSoC-4YP/2x2_files/PLEASE/PLEASE.runs/PYNQ_Design_axi_smc_0_synth_1/runme.log
PYNQ_Design_rst_ps8_0_96M_0_synth_1: C:/Users/clb20123/Documents/FO-RFSoC-4YP/2x2_files/PLEASE/PLEASE.runs/PYNQ_Design_rst_ps8_0_96M_0_synth_1/runme.log
PYNQ_Design_usp_rf_data_converter_0_0_synth_1: C:/Users/clb20123/Documents/FO-RFSoC-4YP/2x2_files/PLEASE/PLEASE.runs/PYNQ_Design_usp_rf_data_converter_0_0_synth_1/runme.log
PYNQ_Design_xbar_0_synth_1: C:/Users/clb20123/Documents/FO-RFSoC-4YP/2x2_files/PLEASE/PLEASE.runs/PYNQ_Design_xbar_0_synth_1/runme.log
PYNQ_Design_zynq_ultra_ps_e_0_0_synth_1: C:/Users/clb20123/Documents/FO-RFSoC-4YP/2x2_files/PLEASE/PLEASE.runs/PYNQ_Design_zynq_ultra_ps_e_0_0_synth_1/runme.log
export_simulation -of_objects [get_files C:/Users/clb20123/Documents/FO-RFSoC-4YP/2x2_files/PLEASE/PLEASE.srcs/sources_1/bd/PYNQ_Design/PYNQ_Design.bd] -directory C:/Users/clb20123/Documents/FO-RFSoC-4YP/2x2_files/PLEASE/PLEASE.ip_user_files/sim_scripts -ip_user_files_dir C:/Users/clb20123/Documents/FO-RFSoC-4YP/2x2_files/PLEASE/PLEASE.ip_user_files -ipstatic_source_dir C:/Users/clb20123/Documents/FO-RFSoC-4YP/2x2_files/PLEASE/PLEASE.ip_user_files/ipstatic -lib_map_path [list {modelsim=C:/Users/clb20123/Documents/FO-RFSoC-4YP/2x2_files/PLEASE/PLEASE.cache/compile_simlib/modelsim} {questa=C:/Users/clb20123/Documents/FO-RFSoC-4YP/2x2_files/PLEASE/PLEASE.cache/compile_simlib/questa} {riviera=C:/Users/clb20123/Documents/FO-RFSoC-4YP/2x2_files/PLEASE/PLEASE.cache/compile_simlib/riviera} {activehdl=C:/Users/clb20123/Documents/FO-RFSoC-4YP/2x2_files/PLEASE/PLEASE.cache/compile_simlib/activehdl}] -use_ip_compiled_libs -force -quiet
set_property location {3 722 655} [get_bd_cells usp_rf_data_converter_0]
set_property location {2 539 47} [get_bd_cells zynq_ultra_ps_e_0]
set_property location {3 845 26} [get_bd_cells ps8_0_axi_periph]
set_property location {4 1205 218} [get_bd_cells DUT_data_in_0]
regenerate_bd_layout
regenerate_bd_layout -routing
regenerate_bd_layout
set_property location {3 682 118} [get_bd_cells zynq_ultra_ps_e_0]
set_property location {1.5 160 295} [get_bd_cells DUT_rec_0]
set_property location {2.5 997 274} [get_bd_cells axi_smc]
set_property location {3 1018 299} [get_bd_cells axi_smc]
set_property location {3.5 1398 281} [get_bd_cells DUT_data_in_0]
set_property location {5 1633 367} [get_bd_cells usp_rf_data_converter_0]
regenerate_bd_layout -routing
set_property location {3 1247 109} [get_bd_cells ps8_0_axi_periph]
set_property location {2 750 464} [get_bd_cells usp_rf_data_converter_0]
regenerate_bd_layout -routing
make_wrapper -files [get_files C:/Users/clb20123/Documents/FO-RFSoC-4YP/2x2_files/PLEASE/PLEASE.srcs/sources_1/bd/PYNQ_Design/PYNQ_Design.bd] -top
add_files -norecurse c:/Users/clb20123/Documents/FO-RFSoC-4YP/2x2_files/PLEASE/PLEASE.gen/sources_1/bd/PYNQ_Design/hdl/PYNQ_Design_wrapper.vhd
launch_runs impl_1 -to_step write_bitstream -jobs 20
[Mon Mar  3 19:10:31 2025] Launched synth_1...
Run output will be captured here: C:/Users/clb20123/Documents/FO-RFSoC-4YP/2x2_files/PLEASE/PLEASE.runs/synth_1/runme.log
[Mon Mar  3 19:10:31 2025] Launched impl_1...
Run output will be captured here: C:/Users/clb20123/Documents/FO-RFSoC-4YP/2x2_files/PLEASE/PLEASE.runs/impl_1/runme.log
set_property location {1 166 305} [get_bd_cells DUT_rec_0]
set_property location {1 168 299} [get_bd_cells DUT_rec_0]
set_property location {1 168 296} [get_bd_cells DUT_rec_0]
set_property location {1 173 293} [get_bd_cells DUT_rec_0]
set_property location {132 481} [get_bd_intf_ports vin0_01]
undo
INFO: [Common 17-17] undo 'set_property location {132 481} [get_bd_intf_ports vin0_01]'
set_property location {199 516} [get_bd_intf_ports sysref_in]
set_property location {171 509} [get_bd_intf_ports sysref_in]
undo
INFO: [Common 17-17] undo 'set_property location {171 509} [get_bd_intf_ports sysref_in]'
undo
INFO: [Common 17-17] undo 'set_property location {199 516} [get_bd_intf_ports sysref_in]'
set_property location {-7 449} [get_bd_intf_ports vin0_01]
set_property location {151 462} [get_bd_intf_ports vin0_01]
set_property location {433 506} [get_bd_intf_ports vin0_01]
set_property location {-80 499} [get_bd_intf_ports vin0_01]
set_property location {-53 488} [get_bd_intf_ports vin0_01]
set_property location {-57 467} [get_bd_intf_ports dac0_clk]
set_property location {-57 440} [get_bd_intf_ports adc0_clk]
set_property location {-53 453} [get_bd_intf_ports adc0_clk]
set_property location {-51 506} [get_bd_intf_ports sysref_in]
set_property location {4 1464 331} [get_bd_cells DUT_data_in_0]
set_property location {1651 472} [get_bd_intf_ports vout00]
set_property location {1910 469} [get_bd_intf_ports vout00]
write_bd_layout -format pdf -orientation portrait -scope visible C:/Users/clb20123/Documents/FO-RFSoC-4YP/RFX_files/demod_enable/netlist/ip/PYNQ_Design.pdf
C:/Users/clb20123/Documents/FO-RFSoC-4YP/RFX_files/demod_enable/netlist/ip/PYNQ_Design.pdf
open_run impl_1
INFO: [Device 21-403] Loading part xczu28dr-ffvg1517-2-e
Netlist sorting complete. Time (s): cpu = 00:00:01 ; elapsed = 00:00:00.594 . Memory (MB): peak = 3388.668 ; gain = 0.000
INFO: [Netlist 29-17] Analyzing 220 Unisim elements for replacement
INFO: [Netlist 29-28] Unisim Transformation completed in 0 CPU seconds
INFO: [Project 1-479] Netlist was created with Vivado 2024.1
INFO: [Project 1-570] Preparing netlist for logic optimization
Read ShapeDB Complete: Time (s): cpu = 00:00:00 ; elapsed = 00:00:00.067 . Memory (MB): peak = 3558.145 ; gain = 8.754
INFO: [Timing 38-478] Restoring timing data from binary archive.
INFO: [Timing 38-479] Binary timing data restore complete.
INFO: [Project 1-856] Restoring constraints from binary archive.
INFO: [Project 1-853] Binary constraint restore complete.
INFO: [Designutils 20-5722] Start Reading Physical Databases.
Reading placement.
Read Netlist Cache: Time (s): cpu = 00:00:01 ; elapsed = 00:00:00.014 . Memory (MB): peak = 4012.238 ; gain = 0.000
Reading placer database...
Read Device Cache: Time (s): cpu = 00:00:00 ; elapsed = 00:00:00.032 . Memory (MB): peak = 4012.238 ; gain = 0.000
Read PlaceDB: Time (s): cpu = 00:00:01 ; elapsed = 00:00:01 . Memory (MB): peak = 4030.414 ; gain = 18.176
Read PulsedLatchDB: Time (s): cpu = 00:00:00 ; elapsed = 00:00:00 . Memory (MB): peak = 4030.414 ; gain = 0.000
Reading routing.
Read RouteStorage: Time (s): cpu = 00:00:05 ; elapsed = 00:00:04 . Memory (MB): peak = 4357.562 ; gain = 327.148
Read Physdb Files: Time (s): cpu = 00:00:07 ; elapsed = 00:00:06 . Memory (MB): peak = 4357.562 ; gain = 345.324
Restored from archive | CPU: 8.000000 secs | Memory: 0.000000 MB |
Finished XDEF File Restore: Time (s): cpu = 00:00:07 ; elapsed = 00:00:06 . Memory (MB): peak = 4357.562 ; gain = 345.324
Netlist sorting complete. Time (s): cpu = 00:00:00 ; elapsed = 00:00:00.008 . Memory (MB): peak = 4357.562 ; gain = 0.000
INFO: [Project 1-111] Unisim Transformation Summary:
  A total of 118 instances were transformed.
  DSP48E2 => DSP48E2 (DSP_ALU, DSP_A_B_DATA, DSP_C_DATA, DSP_MULTIPLIER, DSP_M_DATA, DSP_OUTPUT, DSP_PREADD, DSP_PREADD_DATA): 39 instances
  RAM16X1D => RAM32X1D (RAMD32(x2)): 1 instance 
  RAM32M => RAM32M (RAMD32(x6), RAMS32(x2)): 1 instance 
  RAM32M16 => RAM32M16 (RAMD32(x14), RAMS32(x2)): 73 instances
  SRLC32E => SRL16E: 4 instances

open_run: Time (s): cpu = 00:00:31 ; elapsed = 00:00:30 . Memory (MB): peak = 4785.754 ; gain = 2207.648
close_design
set_property location {1.5 220 291} [get_bd_cells DUT_rec_0]
set_property location {1.5 290 294} [get_bd_cells DUT_rec_0]
set_property location {2 582 284} [get_bd_cells axi_dma]
set_property location {2 565 291} [get_bd_cells axi_dma]
set_property location {2 797 -82} [get_bd_cells zynq_ultra_ps_e_0]
set_property location {2 890 112} [get_bd_cells ps8_0_axi_periph]
regenerate_bd_layout -routing
set_property location {1.5 283 260} [get_bd_cells ps8_0_axi_periph]
set_property location {3 595 263} [get_bd_cells ps8_0_axi_periph]
set_property location {1.5 198 445} [get_bd_cells DUT_rec_0]
set_property location {1 219 418} [get_bd_cells DUT_rec_0]
set_property location {1 217 422} [get_bd_cells DUT_rec_0]
set_property location {1 213 426} [get_bd_cells DUT_rec_0]
set_property location {5 1579 695} [get_bd_cells usp_rf_data_converter_0]
set_property location {3 651 123} [get_bd_cells zynq_ultra_ps_e_0]
set_property location {4 1173 169} [get_bd_cells ps8_0_axi_periph]
set_property location {3 414 655} [get_bd_cells usp_rf_data_converter_0]
set_property location {4 1135 631} [get_bd_cells DUT_data_in_0]
set_property location {1438 627} [get_bd_intf_ports vout00]
set_property location {-326 715} [get_bd_intf_ports vout00]
regenerate_bd_layout -routing
set_property location {-21 649} [get_bd_intf_ports dac0_clk]
regenerate_bd_layout -routing
set_property location {3 1110 557} [get_bd_cells xlconstant_0]
set_property location {3 885 553} [get_bd_cells xlconstant_0]
regenerate_bd_layout -routing
close_bd_design [get_bd_designs PYNQ_Design]
Wrote  : <C:/Users/clb20123/Documents/FO-RFSoC-4YP/2x2_files/PLEASE/PLEASE.srcs/sources_1/bd/PYNQ_Design/ui/bd_becc52b1.ui> 
open_bd_design {C:/Users/clb20123/Documents/FO-RFSoC-4YP/2x2_files/PLEASE/PLEASE.srcs/sources_1/bd/PYNQ_Design/PYNQ_Design.bd}
Reading block design file <C:/Users/clb20123/Documents/FO-RFSoC-4YP/2x2_files/PLEASE/PLEASE.srcs/sources_1/bd/PYNQ_Design/PYNQ_Design.bd>...
Adding component instance block -- User_Company:VMC:DUT_data_in:1.0 - DUT_data_in_0
Adding component instance block -- User_Company:VMC:DUT_rec:1.0 - DUT_rec_0
Adding component instance block -- xilinx.com:ip:zynq_ultra_ps_e:3.5 - zynq_ultra_ps_e_0
Adding component instance block -- xilinx.com:ip:usp_rf_data_converter:2.6 - usp_rf_data_converter_0
INFO: Ultrascale+ RF Data Converter instance: Clock port 'adc0_clk' frequency is set to 15625000
INFO: Ultrascale+ RF Data Converter instance: Clock port 'dac0_clk' frequency is set to 50000000
Adding component instance block -- xilinx.com:ip:axi_dma:7.1 - axi_dma
Adding component instance block -- xilinx.com:ip:smartconnect:1.0 - axi_smc
Adding component instance block -- xilinx.com:ip:proc_sys_reset:5.0 - rst_ps8_0_96M
Adding component instance block -- xilinx.com:ip:axi_interconnect:2.1 - ps8_0_axi_periph
Adding component instance block -- xilinx.com:ip:axi_crossbar:2.1 - xbar
Adding component instance block -- xilinx.com:ip:axi_protocol_converter:2.1 - auto_pc
Adding component instance block -- xilinx.com:ip:xlconstant:1.1 - xlconstant_0
Adding component instance block -- xilinx.com:ip:xlconstant:1.1 - xlconstant_1
Excluding slave segment /zynq_ultra_ps_e_0/SAXIGP0/HPC0_LPS_OCM from address space /axi_dma/Data_MM2S.
Excluding slave segment /zynq_ultra_ps_e_0/SAXIGP0/HPC0_LPS_OCM from address space /axi_dma/Data_S2MM.
Successfully read diagram <PYNQ_Design> from block design file <C:/Users/clb20123/Documents/FO-RFSoC-4YP/2x2_files/PLEASE/PLEASE.srcs/sources_1/bd/PYNQ_Design/PYNQ_Design.bd>
write_bd_tcl -force C:/Users/clb20123/Documents/FO-RFSoC-4YP/2x2_files/PLEASE/PYNQ_Design.tcl
WARNING: [BD 41-2937] The design that will be created by this Tcl script contains the following user IPs:
/DUT_data_in_0, /DUT_rec_0
Please add the following user repository(s):
c:/Users/clb20123/Documents/FO-RFSoC-4YP/RFX_files/mod_enable/netlist/ip
c:/Users/clb20123/Documents/FO-RFSoC-4YP/RFX_files/demod_enable/netlist/ip
before sourcing this Tcl script or use write_project_tcl.
INFO: [BD 5-148] Tcl file written out <C:/Users/clb20123/Documents/FO-RFSoC-4YP/2x2_files/PLEASE/PYNQ_Design.tcl>.

write_hw_platform -fixed -include_bit -force -file C:/Users/clb20123/Documents/FO-RFSoC-4YP/2x2_files/PLEASE/PYNQ_Design_wrapper.xsa
INFO: [Project 1-1918] Creating Hardware Platform: C:/Users/clb20123/Documents/FO-RFSoC-4YP/2x2_files/PLEASE/PYNQ_Design_wrapper.xsa ...
INFO: [Project 1-1943] The Hardware Platform can be used for Hardware
INFO: [Project 1-1941] Successfully created Hardware Platform: C:/Users/clb20123/Documents/FO-RFSoC-4YP/2x2_files/PLEASE/PYNQ_Design_wrapper.xsa
INFO: [Hsi 55-2053] elapsed time for repository (C:/Xilinx/Vivado/2024.1/data/embeddedsw) loading 1 seconds
write_hw_platform: Time (s): cpu = 00:00:06 ; elapsed = 00:00:08 . Memory (MB): peak = 5207.137 ; gain = 0.000
exit
INFO: [Common 17-206] Exiting Vivado at Mon Mar  3 19:24:26 2025...
